
> @flashbots/simple-arbitrage@0.1.2 start
> npx ts-node --project tsconfig.json src/index.ts

0x0841BD0B734E4F5853f0dD8d7Ea041c241fb0Da6
Batch :  0
0x553990F2CBA90272390f62C5BDb1681fFc899675
Batch :  0
0x01bF7C66c6BD861915CdaaE475042d3c4BaE16A7
Batch :  0
0x3CD1C46068dAEa5Ebb0d3f55F6915B10648062B8
Batch :  0
0xc35DADB65012eC5796536bD9864eD8773aBc74C4
Batch :  0
0xcA143Ce32Fe78f1f7019d7d551a6402fC5350c73
Batch :  0
0xBCfCcbde45cE874adCB698cC183deBcF17952812
Batch :  0
Wednesday, 01/26/2022, 09:42:38
Batch :  1000
Batch :  1000
Batch :  1000
Batch :  1000
Batch :  2000
Batch :  1000
Batch :  2000
Batch :  1000
Batch :  3000
Batch :  2000
Batch :  2000
Batch :  3000
Batch :  3000
Batch :  4000
Batch :  4000
Batch :  5000
Batch :  6000
Batch :  5000
Batch :  7000
Batch :  6000
Batch :  8000
Batch :  9000
Batch :  7000
Batch :  10000
Batch :  11000
Batch :  8000
Batch :  9000
Batch :  10000
Batch :  12000
Batch :  13000
Batch :  14000
Batch :  15000
Batch :  16000
Batch :  11000
Batch :  17000
Batch :  12000
Batch :  18000
Batch :  19000
Batch :  13000
Batch :  20000
Batch :  14000
Batch :  21000
Batch :  15000
Batch :  22000
Batch :  16000
Batch :  23000
Batch :  24000
Batch :  17000
Batch :  25000
Batch :  26000
Batch :  27000
Batch :  18000
Batch :  28000
Batch :  29000
Batch :  19000
Batch :  20000
Batch :  21000
Batch :  22000
Batch :  23000
Batch :  24000
Batch :  25000
Batch :  26000
Batch :  27000
Batch :  28000
Batch :  29000
{
  '0xe9e7CEA3DedcA5984780Bafc599bD69ADd087D56': [
    UniswappyV2EthPair {
      _marketAddress: '0x51e6D27FA57373d8d4C256231241053a70Cb1d93',
      _tokens: [Array],
      _protocol: '',
      _tokenBalances: [Object]
    },
    UniswappyV2EthPair {
      _marketAddress: '0xE415f82e756027cfCc212D04dD9121A3f7080E8a',
      _tokens: [Array],
      _protocol: '',
      _tokenBalances: [Object]
    },
    UniswappyV2EthPair {
      _marketAddress: '0x559e3D9611E9cB8a77c11335Bdac49621382188B',
      _tokens: [Array],
      _protocol: '',
      _tokenBalances: [Object]
    },
    UniswappyV2EthPair {
      _marketAddress: '0x340192D37d95fB609874B1db6145ED26d1e47744',
      _tokens: [Array],
      _protocol: '',
      _tokenBalances: [Object]
    },
    UniswappyV2EthPair {
      _marketAddress: '0xDc558D64c29721d74C4456CfB4363a6e6660A9Bb',
      _tokens: [Array],
      _protocol: '',
      _tokenBalances: [Object]
    },
    UniswappyV2EthPair {
      _marketAddress: '0x58F876857a02D6762E0101bb5C46A8c1ED44Dc16',
      _tokens: [Array],
      _protocol: '',
      _tokenBalances: [Object]
    },
    UniswappyV2EthPair {
      _marketAddress: '0x1B96B92314C44b159149f7E0303511fB2Fc4774f',
      _tokens: [Array],
      _protocol: '',
      _tokenBalances: [Object]
    }
  ],
  '0x2170Ed0880ac9A755fd29B2688956BD959F933F8': [
    UniswappyV2EthPair {
      _marketAddress: '0xA0C3Ef24414ED9C9B456740128d8E63D016A9e11',
      _tokens: [Array],
      _protocol: '',
      _tokenBalances: [Object]
    },
    UniswappyV2EthPair {
      _marketAddress: '0x91243Da8a660B4aB514df152169ee73e9cef9B4b',
      _tokens: [Array],
      _protocol: '',
      _tokenBalances: [Object]
    },
    UniswappyV2EthPair {
      _marketAddress: '0xa50b9c5DB61C855D5939aa1a66B26Df77745809b',
      _tokens: [Array],
      _protocol: '',
      _tokenBalances: [Object]
    },
    UniswappyV2EthPair {
      _marketAddress: '0x82E8F9e7624fA038DfF4a39960F5197A43fa76aa',
      _tokens: [Array],
      _protocol: '',
      _tokenBalances: [Object]
    },
    UniswappyV2EthPair {
      _marketAddress: '0x6dA1Ffd9D24E1753D2f46CA53146116C7210B3C5',
      _tokens: [Array],
      _protocol: '',
      _tokenBalances: [Object]
    },
    UniswappyV2EthPair {
      _marketAddress: '0x74E4716E431f45807DCF19f284c7aA99F18a4fbc',
      _tokens: [Array],
      _protocol: '',
      _tokenBalances: [Object]
    },
    UniswappyV2EthPair {
      _marketAddress: '0x70D8929d04b60Af4fb9B58713eBcf18765aDE422',
      _tokens: [Array],
      _protocol: '',
      _tokenBalances: [Object]
    }
  ],
  '0x7130d2A12B9BCbFAe4f2634d864A1Ee1Ce3Ead9c': [
    UniswappyV2EthPair {
      _marketAddress: '0x1E1aFE9D9c5f290d8F6996dDB190bd111908A43D',
      _tokens: [Array],
      _protocol: '',
      _tokenBalances: [Object]
    },
    UniswappyV2EthPair {
      _marketAddress: '0x3F3d9E0803B19DD9002C8184Ae3c1C9d09720682',
      _tokens: [Array],
      _protocol: '',
      _tokenBalances: [Object]
    },
    UniswappyV2EthPair {
      _marketAddress: '0x58521373474810915b02FE968D1BCBe35Fc61E09',
      _tokens: [Array],
      _protocol: '',
      _tokenBalances: [Object]
    },
    UniswappyV2EthPair {
      _marketAddress: '0x969f2556F786a576F32AeF6c1D6618f0221Ec70e',
      _tokens: [Array],
      _protocol: '',
      _tokenBalances: [Object]
    },
    UniswappyV2EthPair {
      _marketAddress: '0xA05EEEb2754117A9F9dF75a3D5c0e742Bc422b8c',
      _tokens: [Array],
      _protocol: '',
      _tokenBalances: [Object]
    },
    UniswappyV2EthPair {
      _marketAddress: '0x61EB789d75A95CAa3fF50ed7E47b96c132fEc082',
      _tokens: [Array],
      _protocol: '',
      _tokenBalances: [Object]
    },
    UniswappyV2EthPair {
      _marketAddress: '0x7561EEe90e24F3b348E1087A005F78B4c8453524',
      _tokens: [Array],
      _protocol: '',
      _tokenBalances: [Object]
    }
  ],
  '0x603c7f932ED1fc6575303D8Fb018fDCBb0f39a95': [
    UniswappyV2EthPair {
      _marketAddress: '0xF65C1C0478eFDe3c19b49EcBE7ACc57BB6B1D713',
      _tokens: [Array],
      _protocol: '',
      _tokenBalances: [Object]
    },
    UniswappyV2EthPair {
      _marketAddress: '0x43dCBD44cd7Cc60d5d7b734c6e93676715B52dAB',
      _tokens: [Array],
      _protocol: '',
      _tokenBalances: [Object]
    },
    UniswappyV2EthPair {
      _marketAddress: '0x3322f0B8E3B3B4F41C796A93EAA99ad5B1102b90',
      _tokens: [Array],
      _protocol: '',
      _tokenBalances: [Object]
    },
    UniswappyV2EthPair {
      _marketAddress: '0x5C8A92320674CBc277A6a4228417d3d2C0602B27',
      _tokens: [Array],
      _protocol: '',
      _tokenBalances: [Object]
    },
    UniswappyV2EthPair {
      _marketAddress: '0xF397A390f008dbfC0fE995d9754acd8d137AA8dd',
      _tokens: [Array],
      _protocol: '',
      _tokenBalances: [Object]
    }
  ],
  '0x35e869B7456462b81cdB5e6e42434bD27f3F788c': [
    UniswappyV2EthPair {
      _marketAddress: '0x7be6f6006585F74DE91f599CA5aDB03FABb8224C',
      _tokens: [Array],
      _protocol: '',
      _tokenBalances: [Object]
    },
    UniswappyV2EthPair {
      _marketAddress: '0xB37E1Af98095ad1983944936bC9013Cd8711a3AE',
      _tokens: [Array],
      _protocol: '',
      _tokenBalances: [Object]
    },
    UniswappyV2EthPair {
      _marketAddress: '0x083F8FD2E4ef068e84dB3742B1e8B03a3d8A363A',
      _tokens: [Array],
      _protocol: '',
      _tokenBalances: [Object]
    }
  ],
  '0x130B7c7F88Fb59C714A44c41cf686f49a98778Ab': [
    UniswappyV2EthPair {
      _marketAddress: '0x757d386CEE251F60CB93C32384d789BC9d85fBfc',
      _tokens: [Array],
      _protocol: '',
      _tokenBalances: [Object]
    },
    UniswappyV2EthPair {
      _marketAddress: '0xbE5b2aDb21C73B9b52796BA7993230349fC33532',
      _tokens: [Array],
      _protocol: '',
      _tokenBalances: [Object]
    }
  ],
  '0xbd339459a0245610D02583C3d264779b1cD97d8C': [
    UniswappyV2EthPair {
      _marketAddress: '0x5739784F76E8160E5f656829566Ff3BC9c114Fc7',
      _tokens: [Array],
      _protocol: '',
      _tokenBalances: [Object]
    },
    UniswappyV2EthPair {
      _marketAddress: '0x7d6eB29165C05d1368ecAA60c4058897D5eF285F',
      _tokens: [Array],
      _protocol: '',
      _tokenBalances: [Object]
    }
  ],
  '0x0E09FaBB73Bd3Ade0a17ECC321fD13a19e81cE82': [
    UniswappyV2EthPair {
      _marketAddress: '0x60593Abea55e9Ea9d31c1b6473191cD2475a720D',
      _tokens: [Array],
      _protocol: '',
      _tokenBalances: [Object]
    },
    UniswappyV2EthPair {
      _marketAddress: '0x0bf693a8679eFB36Ac912c147A75e19368A33CDA',
      _tokens: [Array],
      _protocol: '',
      _tokenBalances: [Object]
    },
    UniswappyV2EthPair {
      _marketAddress: '0x65E9CfDBC579856B6354d369AFBFbA2B2a3C7856',
      _tokens: [Array],
      _protocol: '',
      _tokenBalances: [Object]
    },
    UniswappyV2EthPair {
      _marketAddress: '0xA13aFe2DF0fA0bb11F2aeAAAF98aC1D591E108d1',
      _tokens: [Array],
      _protocol: '',
      _tokenBalances: [Object]
    },
    UniswappyV2EthPair {
      _marketAddress: '0x70a164a8eCcee2b7a1873aF71EFdFA82904F937D',
      _tokens: [Array],
      _protocol: '',
      _tokenBalances: [Object]
    },
    UniswappyV2EthPair {
      _marketAddress: '0x0eD7e52944161450477ee417DE9Cd3a859b14fD0',
      _tokens: [Array],
      _protocol: '',
      _tokenBalances: [Object]
    },
    UniswappyV2EthPair {
      _marketAddress: '0xA527a61703D82139F8a06Bc30097cC9CAA2df5A6',
      _tokens: [Array],
      _protocol: '',
      _tokenBalances: [Object]
    }
  ],
  '0xE02dF9e3e622DeBdD69fb838bB799E3F168902c5': [
    UniswappyV2EthPair {
      _marketAddress: '0xc1C7a1D33B34019F82808F64bA07e77512a13d1A',
      _tokens: [Array],
      _protocol: '',
      _tokenBalances: [Object]
    },
    UniswappyV2EthPair {
      _marketAddress: '0x16ACDC2114127Eee1ab2d8c30Bb04C4610ceE8E3',
      _tokens: [Array],
      _protocol: '',
      _tokenBalances: [Object]
    },
    UniswappyV2EthPair {
      _marketAddress: '0xc2Eed0F5a0dc28cfa895084bC0a9B8B8279aE492',
      _tokens: [Array],
      _protocol: '',
      _tokenBalances: [Object]
    },
    UniswappyV2EthPair {
      _marketAddress: '0x2D2824ae840268142F2C6D92495C0BC78898Efde',
      _tokens: [Array],
      _protocol: '',
      _tokenBalances: [Object]
    },
    UniswappyV2EthPair {
      _marketAddress: '0x434c8f02e173a3345fE709c1588Dbd37Db13593D',
      _tokens: [Array],
      _protocol: '',
      _tokenBalances: [Object]
    },
    UniswappyV2EthPair {
      _marketAddress: '0x3Da30727ed0626b78C212e81B37B97A8eF8A25bB',
      _tokens: [Array],
      _protocol: '',
      _tokenBalances: [Object]
    }
  ],
  '0x055daB90880613a556a5ae2903B2682f8A5b8d27': [
    UniswappyV2EthPair {
      _marketAddress: '0xCD30bb8687f7C859AF0d6E4B58A3eeab974A5949',
      _tokens: [Array],
      _protocol: '',
      _tokenBalances: [Object]
    },
    UniswappyV2EthPair {
      _marketAddress: '0x0bFBa67E6C9e3E43ff85Be2e9d6c37d0E84db10A',
      _tokens: [Array],
      _protocol: '',
      _tokenBalances: [Object]
    },
    UniswappyV2EthPair {
      _marketAddress: '0x83995Bc7B6BB42C6bfD3f21db6ca0F7eae352332',
      _tokens: [Array],
      _protocol: '',
      _tokenBalances: [Object]
    }
  ],
  '0x67d012F731c23F0313CEA1186d0121779c77fcFE': [
    UniswappyV2EthPair {
      _marketAddress: '0x717BCc6F9FcBce8343EFB643c6c1FA55FaA3e9c6',
      _tokens: [Array],
      _protocol: '',
      _tokenBalances: [Object]
    },
    UniswappyV2EthPair {
      _marketAddress: '0x2Ba6678004821B75a1B2192305E58d845433f3f7',
      _tokens: [Array],
      _protocol: '',
      _tokenBalances: [Object]
    },
    UniswappyV2EthPair {
      _marketAddress: '0x5CB8C8DE0465D0c22cB949556cD79236fD6fbBe5',
      _tokens: [Array],
      _protocol: '',
      _tokenBalances: [Object]
    }
  ],
  '0xCa3F508B8e4Dd382eE878A314789373D80A5190A': [
    UniswappyV2EthPair {
      _marketAddress: '0xDDd3f9d5Bd347c55D18752c0C2075698EC657750',
      _tokens: [Array],
      _protocol: '',
      _tokenBalances: [Object]
    },
    UniswappyV2EthPair {
      _marketAddress: '0xd3665568474cC090aB6B243333c2A1A3f13a9C7F',
      _tokens: [Array],
      _protocol: '',
      _tokenBalances: [Object]
    },
    UniswappyV2EthPair {
      _marketAddress: '0x666B31fca5A078C0e52C670C53382F1015317f3e',
      _tokens: [Array],
      _protocol: '',
      _tokenBalances: [Object]
    },
    UniswappyV2EthPair {
      _marketAddress: '0x16212706E875D824FcB2CF8E2626ffFb4a389D14',
      _tokens: [Array],
      _protocol: '',
      _tokenBalances: [Object]
    },
    UniswappyV2EthPair {
      _marketAddress: '0x9288B17A6a7042e5612cF7CBf9D7bF0bbD46913B',
      _tokens: [Array],
      _protocol: '',
      _tokenBalances: [Object]
    },
    UniswappyV2EthPair {
      _marketAddress: '0x3f1A9f3D9aaD8bD339eD4853F345d2eF89fbfE0c',
      _tokens: [Array],
      _protocol: '',
      _tokenBalances: [Object]
    },
    UniswappyV2EthPair {
      _marketAddress: '0xd132D2C24F29EE8ABb64a66559d1b7aa627Bd7fD',
      _tokens: [Array],
      _protocol: '',
      _tokenBalances: [Object]
    }
  ],
  '0xf307910A4c7bbc79691fD374889b36d8531B08e3': [
    UniswappyV2EthPair {
      _marketAddress: '0x540Ebc5c92839c300Cb64D8350811AEEE0C2b91D',
      _tokens: [Array],
      _protocol: '',
      _tokenBalances: [Object]
    },
    UniswappyV2EthPair {
      _marketAddress: '0xe88a6525463D6664f865b1a104920fEfE5e97769',
      _tokens: [Array],
      _protocol: '',
      _tokenBalances: [Object]
    },
    UniswappyV2EthPair {
      _marketAddress: '0xa20a6f81BBD59060Da05ac38De1E38adcAaD2bdB',
      _tokens: [Array],
      _protocol: '',
      _tokenBalances: [Object]
    },
    UniswappyV2EthPair {
      _marketAddress: '0x3147F98B8f9C53Acdf8F16332eaD12B592a1a4ae',
      _tokens: [Array],
      _protocol: '',
      _tokenBalances: [Object]
    },
    UniswappyV2EthPair {
      _marketAddress: '0x0378137170DD3467d00a8c3DC5C941Ba3a350a91',
      _tokens: [Array],
      _protocol: '',
      _tokenBalances: [Object]
    }
  ],
  '0xd7bf683cAd197f4f869678cdDC345b38B483d8E4': [
    UniswappyV2EthPair {
      _marketAddress: '0x9A83f902D8142e5C7a38280AD730058F18eC5A6A',
      _tokens: [Array],
      _protocol: '',
      _tokenBalances: [Object]
    },
    UniswappyV2EthPair {
      _marketAddress: '0xC508A27Ccc8E2886a7Bed4bd5B010F222E51275e',
      _tokens: [Array],
      _protocol: '',
      _tokenBalances: [Object]
    },
    UniswappyV2EthPair {
      _marketAddress: '0x9B5eDFf075A740b9beDB5C4B402fDAC85b13cd3d',
      _tokens: [Array],
      _protocol: '',
      _tokenBalances: [Object]
    },
    UniswappyV2EthPair {
      _marketAddress: '0xc77CE36F6ddaF35A47b34f7728D44F92404AC422',
      _tokens: [Array],
      _protocol: '',
      _tokenBalances: [Object]
    }
  ],
  '0x947950BcC74888a40Ffa2593C5798F11Fc9124C4': [
    UniswappyV2EthPair {
      _marketAddress: '0x1D0C3044eBf055986c52D38b19B5369374E6Bc6A',
      _tokens: [Array],
      _protocol: '',
      _tokenBalances: [Object]
    },
    UniswappyV2EthPair {
      _marketAddress: '0x96337674D5545f357BA353aAa6312d614DcF20cC',
      _tokens: [Array],
      _protocol: '',
      _tokenBalances: [Object]
    },
    UniswappyV2EthPair {
      _marketAddress: '0x7fbD09099838dD0b70068f07a9021d69d9b4813a',
      _tokens: [Array],
      _protocol: '',
      _tokenBalances: [Object]
    },
    UniswappyV2EthPair {
      _marketAddress: '0x108f7C653AE9ABDa0dA0Aa4c79D9d91b238688f9',
      _tokens: [Array],
      _protocol: '',
      _tokenBalances: [Object]
    }
  ],
  '0x790Be81C3cA0e53974bE2688cDb954732C9862e1': [
    UniswappyV2EthPair {
      _marketAddress: '0x9758F1A00B8babF336d8D058F1495d7C325865fc',
      _tokens: [Array],
      _protocol: '',
      _tokenBalances: [Object]
    },
    UniswappyV2EthPair {
      _marketAddress: '0xC67546e8e9912c3b9929A8B16dEC982570B837cE',
      _tokens: [Array],
      _protocol: '',
      _tokenBalances: [Object]
    },
    UniswappyV2EthPair {
      _marketAddress: '0x518Dc1d8b48813807908DFfc09558f3b9d56C328',
      _tokens: [Array],
      _protocol: '',
      _tokenBalances: [Object]
    },
    UniswappyV2EthPair {
      _marketAddress: '0x723203E821f1fF2d0e396d5DD2EA390f3C9d42cF',
      _tokens: [Array],
      _protocol: '',
      _tokenBalances: [Object]
    }
  ],
  '0x97a30C692eCe9C317235d48287d23d358170FC40': [
    UniswappyV2EthPair {
      _marketAddress: '0x67a8C4Cd5fd2DAbfaCF9BeCA5dC228819A80C73e',
      _tokens: [Array],
      _protocol: '',
      _tokenBalances: [Object]
    },
    UniswappyV2EthPair {
      _marketAddress: '0x0E2121863FD325A57C3d2b9f2c2B987dAc1Ccb3C',
      _tokens: [Array],
      _protocol: '',
      _tokenBalances: [Object]
    },
    UniswappyV2EthPair {
      _marketAddress: '0x4Bbf3f2eef2485DAc831167dB92D77735946AaCC',
      _tokens: [Array],
      _protocol: '',
      _tokenBalances: [Object]
    }
  ],
  '0x94BaBBE728D9411612Ee41b20241a6FA251b26Ce': [
    UniswappyV2EthPair {
      _marketAddress: '0xD7903933B10504a7C67f191285a6A7E5A233fD3B',
      _tokens: [Array],
      _protocol: '',
      _tokenBalances: [Object]
    },
    UniswappyV2EthPair {
      _marketAddress: '0xB793468047e4a10e4Ba4eEAdD0C32FB4FD823ac0',
      _tokens: [Array],
      _protocol: '',
      _tokenBalances: [Object]
    },
    UniswappyV2EthPair {
      _marketAddress: '0xf124A4EeD8858665af57B0201CB71b69a50E13C7',
      _tokens: [Array],
      _protocol: '',
      _tokenBalances: [Object]
    }
  ],
  '0x8893D5fA71389673C5c4b9b3cb4EE1ba71207556': [
    UniswappyV2EthPair {
      _marketAddress: '0x789fd04BFbC64169104466Ee0d48716E0452Bcf6',
      _tokens: [Array],
      _protocol: '',
      _tokenBalances: [Object]
    },
    UniswappyV2EthPair {
      _marketAddress: '0xdC98456C8b81D8B56d3F971aC9B1ba8db2b1CB11',
      _tokens: [Array],
      _protocol: '',
      _tokenBalances: [Object]
    },
    UniswappyV2EthPair {
      _marketAddress: '0x034C9E6B08c09a6144e0D0E52161338fB105e656',
      _tokens: [Array],
      _protocol: '',
      _tokenBalances: [Object]
    }
  ],
  '0x3092a75ff52b1562fc28C6Ae6e57a06438006CB9': [
    UniswappyV2EthPair {
      _marketAddress: '0xaeBb9C44D5FB7a2A9D4C791a27fd67D96442E743',
      _tokens: [Array],
      _protocol: '',
      _tokenBalances: [Object]
    },
    UniswappyV2EthPair {
      _marketAddress: '0xC080d4e4c6b0e9Fa8f53C7D6750d547D7279395C',
      _tokens: [Array],
      _protocol: '',
      _tokenBalances: [Object]
    }
  ],
  '0xE50Ea25b2BF10d83e47026D3BdcD3633F98AC153': [
    UniswappyV2EthPair {
      _marketAddress: '0x3925f1463fc0f4165DB28551A978520Db7720409',
      _tokens: [Array],
      _protocol: '',
      _tokenBalances: [Object]
    },
    UniswappyV2EthPair {
      _marketAddress: '0xB3407Ee2d0A866C5B822A43453a34E0Ce3A65416',
      _tokens: [Array],
      _protocol: '',
      _tokenBalances: [Object]
    }
  ],
  '0x05B339B0A346bF01f851ddE47a5d485c34FE220c': [
    UniswappyV2EthPair {
      _marketAddress: '0x288EA5437c7aaD045a393cee2F41E548df24d1C8',
      _tokens: [Array],
      _protocol: '',
      _tokenBalances: [Object]
    },
    UniswappyV2EthPair {
      _marketAddress: '0x086024e1dE684e9F2B114B63833a1de903C1603F',
      _tokens: [Array],
      _protocol: '',
      _tokenBalances: [Object]
    },
    UniswappyV2EthPair {
      _marketAddress: '0x73fe18430bfC67F6e47f39984f59E1f2b39f7439',
      _tokens: [Array],
      _protocol: '',
      _tokenBalances: [Object]
    },
    UniswappyV2EthPair {
      _marketAddress: '0xF2C1B1389D6106868EdE7A24dA5C70C2012b1b49',
      _tokens: [Array],
      _protocol: '',
      _tokenBalances: [Object]
    },
    UniswappyV2EthPair {
      _marketAddress: '0xD66AAb62CE2a9Bb6985b8E93b86090B0897c3a8E',
      _tokens: [Array],
      _protocol: '',
      _tokenBalances: [Object]
    }
  ],
  '0x36C0556c2B15aED79F842675Ff030782738eF9e8': [
    UniswappyV2EthPair {
      _marketAddress: '0xf15e04004CD0c5eb05D09E5AfC9fcF43C0c316cC',
      _tokens: [Array],
      _protocol: '',
      _tokenBalances: [Object]
    },
    UniswappyV2EthPair {
      _marketAddress: '0x125ca224D49b717a636A6b2E593d0d2f29c6bF1A',
      _tokens: [Array],
      _protocol: '',
      _tokenBalances: [Object]
    },
    UniswappyV2EthPair {
      _marketAddress: '0xca5a529f3137109ecCd5a239E58A150f651710A2',
      _tokens: [Array],
      _protocol: '',
      _tokenBalances: [Object]
    }
  ],
  '0x8C784C49097Dcc637b93232e15810D53871992BF': [
    UniswappyV2EthPair {
      _marketAddress: '0x45D829229C650D35ffd322c89aD5f5935A79336A',
      _tokens: [Array],
      _protocol: '',
      _tokenBalances: [Object]
    },
    UniswappyV2EthPair {
      _marketAddress: '0xaC3234B906a5469772571408Dc3579df18b1d764',
      _tokens: [Array],
      _protocol: '',
      _tokenBalances: [Object]
    },
    UniswappyV2EthPair {
      _marketAddress: '0x981DB69F2F2F96e0f08D6519BEFDa0B927C22190',
      _tokens: [Array],
      _protocol: '',
      _tokenBalances: [Object]
    }
  ],
  '0xc5A49b4CBe004b6FD55B30Ba1dE6AC360FF9765d': [
    UniswappyV2EthPair {
      _marketAddress: '0xA3f0F63268DF562C71051AC5e81460e857C32c12',
      _tokens: [Array],
      _protocol: '',
      _tokenBalances: [Object]
    },
    UniswappyV2EthPair {
      _marketAddress: '0xB4080e2dF27c1FD771d1F22908208d69A450A445',
      _tokens: [Array],
      _protocol: '',
      _tokenBalances: [Object]
    },
    UniswappyV2EthPair {
      _marketAddress: '0x8eA33733cFc0f605A042830dA2Cd4A2CF0e8031c',
      _tokens: [Array],
      _protocol: '',
      _tokenBalances: [Object]
    },
    UniswappyV2EthPair {
      _marketAddress: '0x59Fe1dcdCD8918fe7B4e76E21f27599d5a1eAADb',
      _tokens: [Array],
      _protocol: '',
      _tokenBalances: [Object]
    },
    UniswappyV2EthPair {
      _marketAddress: '0xa823C74dE2343E922ab24520f29D08390B4e894D',
      _tokens: [Array],
      _protocol: '',
      _tokenBalances: [Object]
    }
  ],
  '0xC1eDCc306E6faab9dA629efCa48670BE4678779D': [
    UniswappyV2EthPair {
      _marketAddress: '0xCD61D7d3c453Aa4b378beBf241B9dd17FaF8040b',
      _tokens: [Array],
      _protocol: '',
      _tokenBalances: [Object]
    },
    UniswappyV2EthPair {
      _marketAddress: '0xFa7e9925213c7fda927ED71014d7B58D7ADdBaA3',
      _tokens: [Array],
      _protocol: '',
      _tokenBalances: [Object]
    },
    UniswappyV2EthPair {
      _marketAddress: '0x7Fb0596bf6C257b84c51D0262cbDC71AD00f1f27',
      _tokens: [Array],
      _protocol: '',
      _tokenBalances: [Object]
    },
    UniswappyV2EthPair {
      _marketAddress: '0xaEc6584c569cBaaD2744b59a20DA44851f9a4D2A',
      _tokens: [Array],
      _protocol: '',
      _tokenBalances: [Object]
    }
  ],
  '0x1366E5a08aa56D02F0cE9bc5e7c34675e206FCEb': [
    UniswappyV2EthPair {
      _marketAddress: '0xa9c7a975477Def32e6c1F45445226DA167Cc2788',
      _tokens: [Array],
      _protocol: '',
      _tokenBalances: [Object]
    },
    UniswappyV2EthPair {
      _marketAddress: '0x6C5e1BFccFfF3BaB88d847f5881637B00e9D5FB3',
      _tokens: [Array],
      _protocol: '',
      _tokenBalances: [Object]
    }
  ],
  '0x56B79dc1A8bCA1F8F34cE426a6Ad57A1d156bc7a': [
    UniswappyV2EthPair {
      _marketAddress: '0xC5929225de284575F90b7163Adf11FFf579116B7',
      _tokens: [Array],
      _protocol: '',
      _tokenBalances: [Object]
    },
    UniswappyV2EthPair {
      _marketAddress: '0x2a4d1F4f84069D21C2102085cA5b6ef925FB4CB6',
      _tokens: [Array],
      _protocol: '',
      _tokenBalances: [Object]
    }
  ],
  '0xE7Cb24F449973D5B3520E5b93D88B405903c75Fb': [
    UniswappyV2EthPair {
      _marketAddress: '0x013cead87E96C30E61777Ed203062B9D375D0985',
      _tokens: [Array],
      _protocol: '',
      _tokenBalances: [Object]
    },
    UniswappyV2EthPair {
      _marketAddress: '0xc0F8c6b70207e3a01B24f2a762C145421af2B610',
      _tokens: [Array],
      _protocol: '',
      _tokenBalances: [Object]
    },
    UniswappyV2EthPair {
      _marketAddress: '0xfE5EFB8d1213fb2f8B9B6864fe7B4aD44bB60F8A',
      _tokens: [Array],
      _protocol: '',
      _tokenBalances: [Object]
    },
    UniswappyV2EthPair {
      _marketAddress: '0x9169a4C8085D1EEcb1374956A3e4c4618c245019',
      _tokens: [Array],
      _protocol: '',
      _tokenBalances: [Object]
    }
  ],
  '0x3C54fB88e1e465e805e41cdc4717c73b9f6A8D19': [
    UniswappyV2EthPair {
      _marketAddress: '0xDd24ED43b191A1bBeB2eedb7625A3F49FaE8E9fF',
      _tokens: [Array],
      _protocol: '',
      _tokenBalances: [Object]
    },
    UniswappyV2EthPair {
      _marketAddress: '0xFd0390B0Cc5FFAD0D4b2b8b715e2353d64b25c01',
      _tokens: [Array],
      _protocol: '',
      _tokenBalances: [Object]
    },
    UniswappyV2EthPair {
      _marketAddress: '0x27D611407F9Fb8CA033A8C270798ECE7740277C8',
      _tokens: [Array],
      _protocol: '',
      _tokenBalances: [Object]
    }
  ],
  '0xc4957a864245AA4373Be1f33ae24E93876b7Dfe1': [
    UniswappyV2EthPair {
      _marketAddress: '0x7aECF50a835a354B95c33B134F75F2e81D8f4465',
      _tokens: [Array],
      _protocol: '',
      _tokenBalances: [Object]
    },
    UniswappyV2EthPair {
      _marketAddress: '0x24bC428812B5F382b6551716c51a75F71F612CC8',
      _tokens: [Array],
      _protocol: '',
      _tokenBalances: [Object]
    }
  ],
  '0xb4A92eDAb7c9Ba94b6637E8052D8bd133EC4221C': [
    UniswappyV2EthPair {
      _marketAddress: '0x28E5587AA680E75AC0080403BEeBed4Ee12A91Cc',
      _tokens: [Array],
      _protocol: '',
      _tokenBalances: [Object]
    },
    UniswappyV2EthPair {
      _marketAddress: '0x99B1BBC4655375276e84d469D877705D022F1E63',
      _tokens: [Array],
      _protocol: '',
      _tokenBalances: [Object]
    },
    UniswappyV2EthPair {
      _marketAddress: '0xcbdCbA53d5de3CB098c8487dcA093ed7a1B37938',
      _tokens: [Array],
      _protocol: '',
      _tokenBalances: [Object]
    },
    UniswappyV2EthPair {
      _marketAddress: '0x8BF4Cc86b4EF2CeC34B345125b7090f856d3703f',
      _tokens: [Array],
      _protocol: '',
      _tokenBalances: [Object]
    },
    UniswappyV2EthPair {
      _marketAddress: '0xe77f6FEEf5ba9019779C2fEBDF788e5c031264F9',
      _tokens: [Array],
      _protocol: '',
      _tokenBalances: [Object]
    }
  ],
  '0x69F27E70E820197A6e495219D9aC34C8C6dA7EeE': [
    UniswappyV2EthPair {
      _marketAddress: '0x64B26332F3585b2De97143e5834063A080d7C652',
      _tokens: [Array],
      _protocol: '',
      _tokenBalances: [Object]
    },
    UniswappyV2EthPair {
      _marketAddress: '0xd056B3f5B91614eA1652E3f7d32530FB59ec2d23',
      _tokens: [Array],
      _protocol: '',
      _tokenBalances: [Object]
    },
    UniswappyV2EthPair {
      _marketAddress: '0x6304Ae062c6bDf3D24Ac86374C7019A025443247',
      _tokens: [Array],
      _protocol: '',
      _tokenBalances: [Object]
    }
  ],
  '0xEf5a48Ed0e42D3efdBc45880d2368e67f4146f5E': [
    UniswappyV2EthPair {
      _marketAddress: '0x1A75eBDAB7d2A2213C0d6957874C4f04a62D06bc',
      _tokens: [Array],
      _protocol: '',
      _tokenBalances: [Object]
    },
    UniswappyV2EthPair {
      _marketAddress: '0x37b323d9e96d19a4B4f8bf502045c94b5362148c',
      _tokens: [Array],
      _protocol: '',
      _tokenBalances: [Object]
    }
  ],
  '0x3EE2200Efb3400fAbB9AacF31297cBdD1d435D47': [
    UniswappyV2EthPair {
      _marketAddress: '0x40d4543887E4170A1A40Cd8dB15A6b297c812Cb1',
      _tokens: [Array],
      _protocol: '',
      _tokenBalances: [Object]
    },
    UniswappyV2EthPair {
      _marketAddress: '0x1F62137AC4B72615A50Ae494B699cEd443eeB3aA',
      _tokens: [Array],
      _protocol: '',
      _tokenBalances: [Object]
    },
    UniswappyV2EthPair {
      _marketAddress: '0xF9ebF0067846bC6D9D830c069DFD81E3826a4644',
      _tokens: [Array],
      _protocol: '',
      _tokenBalances: [Object]
    },
    UniswappyV2EthPair {
      _marketAddress: '0x428daB4F52C5f76b86eD964e03E7c93D02f2E3bB',
      _tokens: [Array],
      _protocol: '',
      _tokenBalances: [Object]
    },
    UniswappyV2EthPair {
      _marketAddress: '0x9af6cA1dDD2057CF57d14CFE3E0Ae14C21f7064F',
      _tokens: [Array],
      _protocol: '',
      _tokenBalances: [Object]
    },
    UniswappyV2EthPair {
      _marketAddress: '0x28415ff2C35b65B9E5c7de82126b4015ab9d031F',
      _tokens: [Array],
      _protocol: '',
      _tokenBalances: [Object]
    },
    UniswappyV2EthPair {
      _marketAddress: '0xBA51D1AB95756ca4eaB8737eCD450cd8F05384cF',
      _tokens: [Array],
      _protocol: '',
      _tokenBalances: [Object]
    }
  ],
  '0xeDa21B525Ac789EaB1a08ef2404dd8505FfB973D': [
    UniswappyV2EthPair {
      _marketAddress: '0xb36DEf5790cc8972Ca1fcEEeA7fD89FC275546Aa',
      _tokens: [Array],
      _protocol: '',
      _tokenBalances: [Object]
    },
    UniswappyV2EthPair {
      _marketAddress: '0xcaC3b7DE7D5c44E8E1048241C7dE29a61b5C3E7d',
      _tokens: [Array],
      _protocol: '',
      _tokenBalances: [Object]
    },
    UniswappyV2EthPair {
      _marketAddress: '0x7b9951A78B2AADF418437eEc6F76F389127348c5',
      _tokens: [Array],
      _protocol: '',
      _tokenBalances: [Object]
    }
  ],
  '0xc4DaA5a9f2B832eD0f9Bc579662883cD53EA9d61': [
    UniswappyV2EthPair {
      _marketAddress: '0xD0e5eC2daB3da67bc256084516c3e34A5eFD4604',
      _tokens: [Array],
      _protocol: '',
      _tokenBalances: [Object]
    },
    UniswappyV2EthPair {
      _marketAddress: '0x7F716e0D20502689e046DAFc0654Bcb590766625',
      _tokens: [Array],
      _protocol: '',
      _tokenBalances: [Object]
    },
    UniswappyV2EthPair {
      _marketAddress: '0xb2eB1b83cA482852e55678e748CBa4CEA010F4DA',
      _tokens: [Array],
      _protocol: '',
      _tokenBalances: [Object]
    }
  ],
  '0x53b3bE80206DFC1E82389ebE656aF2e6f81c6BE6': [
    UniswappyV2EthPair {
      _marketAddress: '0x4d420254FEa86734F4Aeb310acd9b4b3CA43E62c',
      _tokens: [Array],
      _protocol: '',
      _tokenBalances: [Object]
    },
    UniswappyV2EthPair {
      _marketAddress: '0x1Da0B6e9A6EC4Ef53609759affECA3f0196d9F60',
      _tokens: [Array],
      _protocol: '',
      _tokenBalances: [Object]
    },
    UniswappyV2EthPair {
      _marketAddress: '0x6d826708b35889F5380dF4d1C1f538915a288C01',
      _tokens: [Array],
      _protocol: '',
      _tokenBalances: [Object]
    },
    UniswappyV2EthPair {
      _marketAddress: '0xA8099d5C91273F75F6A13F31a8BaF313Ea866C90',
      _tokens: [Array],
      _protocol: '',
      _tokenBalances: [Object]
    }
  ],
  '0x101d82428437127bF1608F699CD651e6Abf9766E': [
    UniswappyV2EthPair {
      _marketAddress: '0x6e425B4fc4Efd070Dc0deF1654a17946C7e6b3C4',
      _tokens: [Array],
      _protocol: '',
      _tokenBalances: [Object]
    },
    UniswappyV2EthPair {
      _marketAddress: '0x1cCb56B2A4A31f7c9Ae9ceD868452e846eEf2BBb',
      _tokens: [Array],
      _protocol: '',
      _tokenBalances: [Object]
    },
    UniswappyV2EthPair {
      _marketAddress: '0xD72AE03Be5ce45bB6FdFE0AA0D81d7eef709dCC3',
      _tokens: [Array],
      _protocol: '',
      _tokenBalances: [Object]
    },
    UniswappyV2EthPair {
      _marketAddress: '0x7c4a3b17b06b8D9dee8450e1E1F624c0fcc154a8',
      _tokens: [Array],
      _protocol: '',
      _tokenBalances: [Object]
    }
  ],
  '0x7B0409A3A3f79bAa284035d48E1DFd581d7d7654': [
    UniswappyV2EthPair {
      _marketAddress: '0xBF34598168b890E1Fd9e845c118A80C4861220FF',
      _tokens: [Array],
      _protocol: '',
      _tokenBalances: [Object]
    },
    UniswappyV2EthPair {
      _marketAddress: '0xeC226FBcDC8dcc79BB2aC55e91e30Ed0b8100E2D',
      _tokens: [Array],
      _protocol: '',
      _tokenBalances: [Object]
    },
    UniswappyV2EthPair {
      _marketAddress: '0x0B3355d415c76DEa6EA35B6CDEbb4DF37f57dcf7',
      _tokens: [Array],
      _protocol: '',
      _tokenBalances: [Object]
    }
  ],
  '0xBA26397cdFF25F0D26E815d218Ef3C77609ae7f1': [
    UniswappyV2EthPair {
      _marketAddress: '0x1ea398a30f0f2a6ce00bEBfe08Fe11cd9Df5Afb6',
      _tokens: [Array],
      _protocol: '',
      _tokenBalances: [Object]
    },
    UniswappyV2EthPair {
      _marketAddress: '0x6a03c70EC13475928e6238bBefD695AA660A1632',
      _tokens: [Array],
      _protocol: '',
      _tokenBalances: [Object]
    }
  ],
  '0x476DA763fb6D22B8465f7886d2d652A428a93984': [
    UniswappyV2EthPair {
      _marketAddress: '0x033776152A2620265ce57551D410be62E3F4091E',
      _tokens: [Array],
      _protocol: '',
      _tokenBalances: [Object]
    },
    UniswappyV2EthPair {
      _marketAddress: '0x517B646D7d823456672E40F035fe12746a910e39',
      _tokens: [Array],
      _protocol: '',
      _tokenBalances: [Object]
    },
    UniswappyV2EthPair {
      _marketAddress: '0x9Effe18dCC4Ac2EF836B3aA82789B7E8848e3A44',
      _tokens: [Array],
      _protocol: '',
      _tokenBalances: [Object]
    },
    UniswappyV2EthPair {
      _marketAddress: '0x5118eAD7A32e4753aB3feF98E4B2C50F3FD3D8fE',
      _tokens: [Array],
      _protocol: '',
      _tokenBalances: [Object]
    },
    UniswappyV2EthPair {
      _marketAddress: '0x2e2dE0d1CF87f16f600E747e1D2F3db0906E1594',
      _tokens: [Array],
      _protocol: '',
      _tokenBalances: [Object]
    },
    UniswappyV2EthPair {
      _marketAddress: '0x3c98b581f755Bd121408b6f640723DBf02D9eBfd',
      _tokens: [Array],
      _protocol: '',
      _tokenBalances: [Object]
    }
  ],
  '0x1b359EC602fedE768f269a1343813df1F38101C2': [
    UniswappyV2EthPair {
      _marketAddress: '0x565D2Ebf5eA0c68A42524AE842765E754E8ad850',
      _tokens: [Array],
      _protocol: '',
      _tokenBalances: [Object]
    },
    UniswappyV2EthPair {
      _marketAddress: '0x4F4FE884Be213b1F2fc92dcdA3E9e05a03b11344',
      _tokens: [Array],
      _protocol: '',
      _tokenBalances: [Object]
    },
    UniswappyV2EthPair {
      _marketAddress: '0xaFd94304EECAc68d8405d3e74DDB9ce64a1Cc1a1',
      _tokens: [Array],
      _protocol: '',
      _tokenBalances: [Object]
    }
  ],
  '0xF94CA0B303e52d68b63626Bed7f680fa4DC3f779': [
    UniswappyV2EthPair {
      _marketAddress: '0x03133995d92e02E6923fBb93C91aDe5b54FEC03E',
      _tokens: [Array],
      _protocol: '',
      _tokenBalances: [Object]
    },
    UniswappyV2EthPair {
      _marketAddress: '0x58269179152b94DC75c3e16Ec68BF7820e4Dcd97',
      _tokens: [Array],
      _protocol: '',
      _tokenBalances: [Object]
    },
    UniswappyV2EthPair {
      _marketAddress: '0xdfF922Cfb89a4195943d21FB46360bA06ef304b3',
      _tokens: [Array],
      _protocol: '',
      _tokenBalances: [Object]
    },
    UniswappyV2EthPair {
      _marketAddress: '0x5EB3B0b362679F509346dB1A4aCF862DAA8247B1',
      _tokens: [Array],
      _protocol: '',
      _tokenBalances: [Object]
    }
  ],
  '0x0491648C910ad2c1aFaab733faF71D30313Df7FC': [
    UniswappyV2EthPair {
      _marketAddress: '0xfb6063f29AF6dcd1fc03A8E221c6D91DEabbE764',
      _tokens: [Array],
      _protocol: '',
      _tokenBalances: [Object]
    },
    UniswappyV2EthPair {
      _marketAddress: '0x6f4530F499f190C94bE3Ce41ebb434f0E47C34F2',
      _tokens: [Array],
      _protocol: '',
      _tokenBalances: [Object]
    },
    UniswappyV2EthPair {
      _marketAddress: '0x848237FB9ad4f690797f994F061aC34A9a864AeC',
      _tokens: [Array],
      _protocol: '',
      _tokenBalances: [Object]
    }
  ],
  '0xd944f1D1e9d5f9Bb90b62f9D45e447D989580782': [
    UniswappyV2EthPair {
      _marketAddress: '0x0D70924695B6Ae496F0A74A36bf79d47307dD519',
      _tokens: [Array],
      _protocol: '',
      _tokenBalances: [Object]
    },
    UniswappyV2EthPair {
      _marketAddress: '0x31698113d3f1316261716e09db387b8636f83685',
      _tokens: [Array],
      _protocol: '',
      _tokenBalances: [Object]
    },
    UniswappyV2EthPair {
      _marketAddress: '0x9293F5C517583470324Fc308A37eb0bd622C353F',
      _tokens: [Array],
      _protocol: '',
      _tokenBalances: [Object]
    }
  ],
  '0x12e34cDf6A031a10FE241864c32fB03a4FDaD739': [
    UniswappyV2EthPair {
      _marketAddress: '0x774284DfcC38aA57089dEe2FAaD12c3433A96aEF',
      _tokens: [Array],
      _protocol: '',
      _tokenBalances: [Object]
    },
    UniswappyV2EthPair {
      _marketAddress: '0x9c2b5AA8C96d0A0A48bB7BFE1B2500b631Af728C',
      _tokens: [Array],
      _protocol: '',
      _tokenBalances: [Object]
    },
    UniswappyV2EthPair {
      _marketAddress: '0xe58598bc1fbE19DbA86c1BFEc4c244A17D2F402e',
      _tokens: [Array],
      _protocol: '',
      _tokenBalances: [Object]
    },
    UniswappyV2EthPair {
      _marketAddress: '0xC1Ff2Ad96473989607439F92C2cdE1686FBf9a3E',
      _tokens: [Array],
      _protocol: '',
      _tokenBalances: [Object]
    },
    UniswappyV2EthPair {
      _marketAddress: '0xEc9Ee317f0039D40883a0aC5bf91bC5dD142E73A',
      _tokens: [Array],
      _protocol: '',
      _tokenBalances: [Object]
    }
  ],
  '0x72c48803afc8fafDf565CE1F64E533018F80f880': [
    UniswappyV2EthPair {
      _marketAddress: '0x119eC8a65c55Db60115AE930A3a044D39b386C98',
      _tokens: [Array],
      _protocol: '',
      _tokenBalances: [Object]
    },
    UniswappyV2EthPair {
      _marketAddress: '0xDdd05eDE1093cb967Ea0F28BB6426541D05A1939',
      _tokens: [Array],
      _protocol: '',
      _tokenBalances: [Object]
    }
  ],
  '0x4354a4F710182966E55EA30CFa807FA1b821a67b': [
    UniswappyV2EthPair {
      _marketAddress: '0xbe3e38918Ca1180f0285fa18c3FA154d0ddE6853',
      _tokens: [Array],
      _protocol: '',
      _tokenBalances: [Object]
    },
    UniswappyV2EthPair {
      _marketAddress: '0x38ed97dDF12d2e09D0ADdaBf5AC2fd0351383609',
      _tokens: [Array],
      _protocol: '',
      _tokenBalances: [Object]
    },
    UniswappyV2EthPair {
      _marketAddress: '0x8CBBFcBC447B0A68f45E2142636CC0624aC8BF79',
      _tokens: [Array],
      _protocol: '',
      _tokenBalances: [Object]
    }
  ],
  '0x627c99cFC6421224a99B88Cec08BA9894253779c': [
    UniswappyV2EthPair {
      _marketAddress: '0x745cB5Db59C27bDB3C96AFBF379fb0cFFad7444B',
      _tokens: [Array],
      _protocol: '',
      _tokenBalances: [Object]
    },
    UniswappyV2EthPair {
      _marketAddress: '0xf839818f6d010B9b7348bb3faE12ace374Af4329',
      _tokens: [Array],
      _protocol: '',
      _tokenBalances: [Object]
    },
    UniswappyV2EthPair {
      _marketAddress: '0x548EdeDD66F3eE891ebFaD3C844d7bd30de015f5',
      _tokens: [Array],
      _protocol: '',
      _tokenBalances: [Object]
    },
    UniswappyV2EthPair {
      _marketAddress: '0x6C7ee09Bc64b586Ae13Be0cb03E8aB0156863D04',
      _tokens: [Array],
      _protocol: '',
      _tokenBalances: [Object]
    },
    UniswappyV2EthPair {
      _marketAddress: '0x0B9cFA87e4A8b4C338B7691B17881969F138C27f',
      _tokens: [Array],
      _protocol: '',
      _tokenBalances: [Object]
    },
    UniswappyV2EthPair {
      _marketAddress: '0x1d0F376C6E4dad4a0a3313736EbEb43BA59A1536',
      _tokens: [Array],
      _protocol: '',
      _tokenBalances: [Object]
    }
  ],
  '0x9f589e3eabe42ebC94A44727b3f3531C0c877809': [
    UniswappyV2EthPair {
      _marketAddress: '0xbfD1F0F4e5C2802D9Fc58DB54E901e841F2695bB',
      _tokens: [Array],
      _protocol: '',
      _tokenBalances: [Object]
    },
    UniswappyV2EthPair {
      _marketAddress: '0x1d810281F70247Ba13eA34872251030B0e1C8265',
      _tokens: [Array],
      _protocol: '',
      _tokenBalances: [Object]
    },
    UniswappyV2EthPair {
      _marketAddress: '0x45f46a82E2678177a79D10a745ee6732dEA13573',
      _tokens: [Array],
      _protocol: '',
      _tokenBalances: [Object]
    },
    UniswappyV2EthPair {
      _marketAddress: '0xFFd4B200d3C77A0B691B5562D804b3bd54294e6e',
      _tokens: [Array],
      _protocol: '',
      _tokenBalances: [Object]
    },
    UniswappyV2EthPair {
      _marketAddress: '0x496a8b716A3A3410B16e71E3c906968CE4488e52',
      _tokens: [Array],
      _protocol: '',
      _tokenBalances: [Object]
    }
  ],
  '0xdBE4CC36D0C19858d8cc7c5030593E9922aC680D': [
    UniswappyV2EthPair {
      _marketAddress: '0x01765Ac81ce50CD640cd0F4ABE061b14884632d7',
      _tokens: [Array],
      _protocol: '',
      _tokenBalances: [Object]
    },
    UniswappyV2EthPair {
      _marketAddress: '0xB24A9641dBcc8Dd6Abc11A6e1FD24135F8b81d07',
      _tokens: [Array],
      _protocol: '',
      _tokenBalances: [Object]
    },
    UniswappyV2EthPair {
      _marketAddress: '0xf4eb56A0abaeA2354542B17ECc9816E3117d69B4',
      _tokens: [Array],
      _protocol: '',
      _tokenBalances: [Object]
    }
  ],
  '0x2F3391AeBE27393aBa0a790aa5E1577fEA0361c2': [
    UniswappyV2EthPair {
      _marketAddress: '0xDB77fa37766DbF0D74bC9f0ad497F7cC887EA322',
      _tokens: [Array],
      _protocol: '',
      _tokenBalances: [Object]
    },
    UniswappyV2EthPair {
      _marketAddress: '0xBd6f0d6dB1EC6b8FA929a094AfC3fa6F2C35CB75',
      _tokens: [Array],
      _protocol: '',
      _tokenBalances: [Object]
    },
    UniswappyV2EthPair {
      _marketAddress: '0xF1beA0bb57Cc3ba4b35718a0506e2D668DDBe966',
      _tokens: [Array],
      _protocol: '',
      _tokenBalances: [Object]
    }
  ],
  '0x2c094F5A7D1146BB93850f629501eB749f6Ed491': [
    UniswappyV2EthPair {
      _marketAddress: '0x8E13CE874f321647DB11F2DD6B1e96699B243108',
      _tokens: [Array],
      _protocol: '',
      _tokenBalances: [Object]
    },
    UniswappyV2EthPair {
      _marketAddress: '0x4480aAf058647021cCAA2c7376279e5b993CCcc5',
      _tokens: [Array],
      _protocol: '',
      _tokenBalances: [Object]
    },
    UniswappyV2EthPair {
      _marketAddress: '0xE38e899cc99ddeA9737e06f0A22046d0CA904D70',
      _tokens: [Array],
      _protocol: '',
      _tokenBalances: [Object]
    }
  ],
  '0xFd7B3A77848f1C2D67E05E54d78d174a0C850335': [
    UniswappyV2EthPair {
      _marketAddress: '0x924D3f2F94618e8Ee837d4C2b8d703F0de12a57e',
      _tokens: [Array],
      _protocol: '',
      _tokenBalances: [Object]
    },
    UniswappyV2EthPair {
      _marketAddress: '0x2C5733c7770FBE7c6827a7a57ac942014aDD10B9',
      _tokens: [Array],
      _protocol: '',
      _tokenBalances: [Object]
    },
    UniswappyV2EthPair {
      _marketAddress: '0x8eA21D0119162808EBFce8Dce4362a8361e8B8F3',
      _tokens: [Array],
      _protocol: '',
      _tokenBalances: [Object]
    }
  ],
  '0xCe57283CE0E7446364e0bc479B5DE5d74b5e0FFC': [
    UniswappyV2EthPair {
      _marketAddress: '0x2Ecc9c483635ae4457c84cE28F1c6069e3e47557',
      _tokens: [Array],
      _protocol: '',
      _tokenBalances: [Object]
    },
    UniswappyV2EthPair {
      _marketAddress: '0xa49A2002cf919f04068fE25EBF5223176d9CCF86',
      _tokens: [Array],
      _protocol: '',
      _tokenBalances: [Object]
    },
    UniswappyV2EthPair {
      _marketAddress: '0x23eB4B4F72711592792a750F546f607E6485Af56',
      _tokens: [Array],
      _protocol: '',
      _tokenBalances: [Object]
    }
  ],
  '0x30E104A187Aa257f92ED497EE73F3b832f6781D1': [
    UniswappyV2EthPair {
      _marketAddress: '0x62dA8add5d869FA81C873Ec6F26801A28e701AAa',
      _tokens: [Array],
      _protocol: '',
      _tokenBalances: [Object]
    },
    UniswappyV2EthPair {
      _marketAddress: '0xDC2CaCb7331f54fBa1e2c1e0b0DED8490E0f849C',
      _tokens: [Array],
      _protocol: '',
      _tokenBalances: [Object]
    },
    UniswappyV2EthPair {
      _marketAddress: '0x3733bE394E474Fc9D95D2Dc18AC909b7fC4CDc9d',
      _tokens: [Array],
      _protocol: '',
      _tokenBalances: [Object]
    }
  ],
  '0xA1928c0D8F83C0bFB7ebE51B412b1FD29A277893': [
    UniswappyV2EthPair {
      _marketAddress: '0x4a5AE9E4F7d2Fa9528f0fa3F7eF67C4c742c3358',
      _tokens: [Array],
      _protocol: '',
      _tokenBalances: [Object]
    },
    UniswappyV2EthPair {
      _marketAddress: '0x0AB22917fA941edCa92A5b7E030C59fbC7D9019a',
      _tokens: [Array],
      _protocol: '',
      _tokenBalances: [Object]
    }
  ],
  '0x4b6000F9163de2E3f0a01eC37E06e1469DBbcE9d': [
    UniswappyV2EthPair {
      _marketAddress: '0x7A8ACAEAfC4Fa051De4EAbff8D1abdD0388aE08a',
      _tokens: [Array],
      _protocol: '',
      _tokenBalances: [Object]
    },
    UniswappyV2EthPair {
      _marketAddress: '0xe12f0F8010f47E28c261E8042d3807c4ac4227B2',
      _tokens: [Array],
      _protocol: '',
      _tokenBalances: [Object]
    }
  ],
  '0x5eF5994fA33FF4eB6c82d51ee1DC145c546065Bd': [
    UniswappyV2EthPair {
      _marketAddress: '0xc64187324684f11B913ca707bc63B80e32E870BC',
      _tokens: [Array],
      _protocol: '',
      _tokenBalances: [Object]
    },
    UniswappyV2EthPair {
      _marketAddress: '0x4cFFDB010B8b90a7f92B84670BcE59331C1467A0',
      _tokens: [Array],
      _protocol: '',
      _tokenBalances: [Object]
    },
    UniswappyV2EthPair {
      _marketAddress: '0x4bE10283b2183032BE35E6537C9737DF5a3F6C4A',
      _tokens: [Array],
      _protocol: '',
      _tokenBalances: [Object]
    }
  ],
  '0xE5904E9816b309d3eD4d061c922f5aa8f3B24C92': [
    UniswappyV2EthPair {
      _marketAddress: '0x68A3596aB39D6d556b7877F38Acf5e85Fd7a099D',
      _tokens: [Array],
      _protocol: '',
      _tokenBalances: [Object]
    },
    UniswappyV2EthPair {
      _marketAddress: '0xc15255582d88aCC3c0101aD6cA19b729e8010996',
      _tokens: [Array],
      _protocol: '',
      _tokenBalances: [Object]
    },
    UniswappyV2EthPair {
      _marketAddress: '0x07c3e0B62A62133eaB8c5e759904350d254B9672',
      _tokens: [Array],
      _protocol: '',
      _tokenBalances: [Object]
    }
  ],
  '0xD5C0caA6C4A873A485B77BB0d3410f06781279A1': [
    UniswappyV2EthPair {
      _marketAddress: '0x5ba3d3184CfeE2C5fd7b9C866909359b4701F7d8',
      _tokens: [Array],
      _protocol: '',
      _tokenBalances: [Object]
    },
    UniswappyV2EthPair {
      _marketAddress: '0x9CCbFc546d55c2C27771d6C1efC2848D70777F39',
      _tokens: [Array],
      _protocol: '',
      _tokenBalances: [Object]
    }
  ],
  '0x89A851764A427f48c21c1557d94458267FE3d372': [
    UniswappyV2EthPair {
      _marketAddress: '0xc21F6824977b5105E43B0D80D146D4a4F083eAf4',
      _tokens: [Array],
      _protocol: '',
      _tokenBalances: [Object]
    },
    UniswappyV2EthPair {
      _marketAddress: '0xECD144c50b9Ff6eD8277e2835CEe6DA2620078Af',
      _tokens: [Array],
      _protocol: '',
      _tokenBalances: [Object]
    },
    UniswappyV2EthPair {
      _marketAddress: '0xdF31fCccF405CD6530c52Ba285D2bDC0f7575A58',
      _tokens: [Array],
      _protocol: '',
      _tokenBalances: [Object]
    },
    UniswappyV2EthPair {
      _marketAddress: '0x0D2837F6DB14D3fd2fBD948CF711F3d811fA6b54',
      _tokens: [Array],
      _protocol: '',
      _tokenBalances: [Object]
    },
    UniswappyV2EthPair {
      _marketAddress: '0xEec1f0e57B8849f7B0eA67aCC91F8b7a38c6F9A6',
      _tokens: [Array],
      _protocol: '',
      _tokenBalances: [Object]
    },
    UniswappyV2EthPair {
      _marketAddress: '0x8999bD4b1581cb8282D25D15950e691Aa416E475',
      _tokens: [Array],
      _protocol: '',
      _tokenBalances: [Object]
    },
    UniswappyV2EthPair {
      _marketAddress: '0x8F76000460a3BC3B10EDA64f95a667Bd6C480201',
      _tokens: [Array],
      _protocol: '',
      _tokenBalances: [Object]
    }
  ],
  '0xAa38420302f6aE39C7A32881A9d806326b1De670': [
    UniswappyV2EthPair {
      _marketAddress: '0x5D8BB5913aB1E4B37B5Df7c379e4E0583CbC8cDD',
      _tokens: [Array],
      _protocol: '',
      _tokenBalances: [Object]
    },
    UniswappyV2EthPair {
      _marketAddress: '0xe9c081Ca140a2D0435679480c0BCdE03268b45cD',
      _tokens: [Array],
      _protocol: '',
      _tokenBalances: [Object]
    }
  ],
  '0x82bbd3DBae09eba3F3B1EA48d0A469140Ed9dfb5': [
    UniswappyV2EthPair {
      _marketAddress: '0x88835C2e95fF0C2df9572658f80889faDEdfC634',
      _tokens: [Array],
      _protocol: '',
      _tokenBalances: [Object]
    },
    UniswappyV2EthPair {
      _marketAddress: '0x7D768a8a3Ec14bf88Cf061b9De34dFA9b5B240c6',
      _tokens: [Array],
      _protocol: '',
      _tokenBalances: [Object]
    }
  ],
  '0xF8A0BF9cF54Bb92F17374d9e9A321E6a111a51bD': [
    UniswappyV2EthPair {
      _marketAddress: '0x092ADA3818DB7FBb8e0A2124Ff218C5125C1CcE6',
      _tokens: [Array],
      _protocol: '',
      _tokenBalances: [Object]
    },
    UniswappyV2EthPair {
      _marketAddress: '0x23E9cbE3E048Ae99e53c6e27f6F0a75024Bc0691',
      _tokens: [Array],
      _protocol: '',
      _tokenBalances: [Object]
    },
    UniswappyV2EthPair {
      _marketAddress: '0x52AaEF46c9F02dBC45Ce3a55ff2B7057f5aB6275',
      _tokens: [Array],
      _protocol: '',
      _tokenBalances: [Object]
    },
    UniswappyV2EthPair {
      _marketAddress: '0x9bDa8bdE8F2F3C5a267a610CD2410cDA69d59a98',
      _tokens: [Array],
      _protocol: '',
      _tokenBalances: [Object]
    },
    UniswappyV2EthPair {
      _marketAddress: '0x4c0B596519964393C5C35aBd552DD847F8f9564B',
      _tokens: [Array],
      _protocol: '',
      _tokenBalances: [Object]
    },
    UniswappyV2EthPair {
      _marketAddress: '0x824eb9faDFb377394430d2744fa7C42916DE3eCe',
      _tokens: [Array],
      _protocol: '',
      _tokenBalances: [Object]
    },
    UniswappyV2EthPair {
      _marketAddress: '0xaeBE45E3a03B734c68e5557AE04BFC76917B4686',
      _tokens: [Array],
      _protocol: '',
      _tokenBalances: [Object]
    }
  ],
  '0x47BEAd2563dCBf3bF2c9407fEa4dC236fAbA485A': [
    UniswappyV2EthPair {
      _marketAddress: '0xF726b3e81FA7166B9C2cFd7eB7fe8CcBcb6B1355',
      _tokens: [Array],
      _protocol: '',
      _tokenBalances: [Object]
    },
    UniswappyV2EthPair {
      _marketAddress: '0x244CB20eFF76c3636C6B0d431aB748D47b326d0c',
      _tokens: [Array],
      _protocol: '',
      _tokenBalances: [Object]
    },
    UniswappyV2EthPair {
      _marketAddress: '0x9D83e79AFc49B56a075A64ca38898EeB6c31340e',
      _tokens: [Array],
      _protocol: '',
      _tokenBalances: [Object]
    },
    UniswappyV2EthPair {
      _marketAddress: '0xD8E2F8b6Db204c405543953Ef6359912FE3A88d6',
      _tokens: [Array],
      _protocol: '',
      _tokenBalances: [Object]
    },
    UniswappyV2EthPair {
      _marketAddress: '0x752E713fB70E3FA1Ac08bCF34485F14A986956c4',
      _tokens: [Array],
      _protocol: '',
      _tokenBalances: [Object]
    }
  ],
  '0x7083609fCE4d1d8Dc0C979AAb8c869Ea2C873402': [
    UniswappyV2EthPair {
      _marketAddress: '0x21CBb561c5d7D70e9E6Cc42136CB22F07552aEef',
      _tokens: [Array],
      _protocol: '',
      _tokenBalances: [Object]
    },
    UniswappyV2EthPair {
      _marketAddress: '0xdA0FEa17F15aD56c1ae218Cf85173ff26862942B',
      _tokens: [Array],
      _protocol: '',
      _tokenBalances: [Object]
    },
    UniswappyV2EthPair {
      _marketAddress: '0x56D68e3645c9A010c7fD5313530b9194Ff66C725',
      _tokens: [Array],
      _protocol: '',
      _tokenBalances: [Object]
    },
    UniswappyV2EthPair {
      _marketAddress: '0xBDaDe5C2C966EE5558d2e0BDd3d9276bEA2c6007',
      _tokens: [Array],
      _protocol: '',
      _tokenBalances: [Object]
    },
    UniswappyV2EthPair {
      _marketAddress: '0x8Bc543A03EdD67eb454174417F55F020D6Fab215',
      _tokens: [Array],
      _protocol: '',
      _tokenBalances: [Object]
    },
    UniswappyV2EthPair {
      _marketAddress: '0xDd5bAd8f8b360d76d12FdA230F8BAF42fe0022CF',
      _tokens: [Array],
      _protocol: '',
      _tokenBalances: [Object]
    },
    UniswappyV2EthPair {
      _marketAddress: '0xbCD62661A6b1DEd703585d3aF7d7649Ef4dcDB5c',
      _tokens: [Array],
      _protocol: '',
      _tokenBalances: [Object]
    }
  ],
  '0x1D2F0da169ceB9fC7B3144628dB156f3F6c60dBE': [
    UniswappyV2EthPair {
      _marketAddress: '0x6f0f18f5fcC1466ec41c8106689e10BeFE68D1c0',
      _tokens: [Array],
      _protocol: '',
      _tokenBalances: [Object]
    },
    UniswappyV2EthPair {
      _marketAddress: '0x36758fe990f05D115c7d0f0adCce17A99CF33525',
      _tokens: [Array],
      _protocol: '',
      _tokenBalances: [Object]
    },
    UniswappyV2EthPair {
      _marketAddress: '0x27fb3ce8c9C7cdca5deeB5E3E486913b97f9D189',
      _tokens: [Array],
      _protocol: '',
      _tokenBalances: [Object]
    },
    UniswappyV2EthPair {
      _marketAddress: '0x3140728926FE90a140b0e9778Cef0A351bbD2E31',
      _tokens: [Array],
      _protocol: '',
      _tokenBalances: [Object]
    },
    UniswappyV2EthPair {
      _marketAddress: '0x03F18135c44C64ebFdCBad8297fe5bDafdBbdd86',
      _tokens: [Array],
      _protocol: '',
      _tokenBalances: [Object]
    },
    UniswappyV2EthPair {
      _marketAddress: '0xC7b4B32A3be2cB6572a1c9959401F832Ce47a6d2',
      _tokens: [Array],
      _protocol: '',
      _tokenBalances: [Object]
    }
  ],
  '0x8d8F82dfB25d0943C06302EeFD5Eb360B011B758': [
    UniswappyV2EthPair {
      _marketAddress: '0xaDdF57A7810816b53d046Cd6D9444EcFEC34b8Eb',
      _tokens: [Array],
      _protocol: '',
      _tokenBalances: [Object]
    },
    UniswappyV2EthPair {
      _marketAddress: '0xA27334F88E9d6759B4388347B843197Aa88d911b',
      _tokens: [Array],
      _protocol: '',
      _tokenBalances: [Object]
    },
    UniswappyV2EthPair {
      _marketAddress: '0x3cb95e14f39b8989FAd866b1e08920F4f33B786B',
      _tokens: [Array],
      _protocol: '',
      _tokenBalances: [Object]
    }
  ],
  '0x6b51231c43B1604815313801dB5E9E614914d6e4': [
    UniswappyV2EthPair {
      _marketAddress: '0x3C7972c325408f3b266eeF6B2Ac6F2eEA84201A9',
      _tokens: [Array],
      _protocol: '',
      _tokenBalances: [Object]
    },
    UniswappyV2EthPair {
      _marketAddress: '0xDccc6406843bb427B4EEA6E9265d9B126dF83C69',
      _tokens: [Array],
      _protocol: '',
      _tokenBalances: [Object]
    },
    UniswappyV2EthPair {
      _marketAddress: '0x591D849595BA76eA4fA61c4F5c86c484D18aBf43',
      _tokens: [Array],
      _protocol: '',
      _tokenBalances: [Object]
    }
  ],
  '0x4623d2FdfAECA3f3Eb105D4854aD328BcA916811': [
    UniswappyV2EthPair {
      _marketAddress: '0x2Dea1Bd82E662F7BF1872e85136D29d9FaBE5C07',
      _tokens: [Array],
      _protocol: '',
      _tokenBalances: [Object]
    },
    UniswappyV2EthPair {
      _marketAddress: '0x2cbb0915d32801f4b80Dd8F078331212Bf9fb355',
      _tokens: [Array],
      _protocol: '',
      _tokenBalances: [Object]
    }
  ],
  '0x6c015277B0f9b8c24B20BD8BbbD29FDb25738A69': [
    UniswappyV2EthPair {
      _marketAddress: '0x904eBD7472AF075f01956dfaB7692Cbe41d0F916',
      _tokens: [Array],
      _protocol: '',
      _tokenBalances: [Object]
    },
    UniswappyV2EthPair {
      _marketAddress: '0x18aD209b01E58370a280cB1eF69CB41005E99AD8',
      _tokens: [Array],
      _protocol: '',
      _tokenBalances: [Object]
    },
    UniswappyV2EthPair {
      _marketAddress: '0x2d36C6e084A48431d0004473560481AEF94401f3',
      _tokens: [Array],
      _protocol: '',
      _tokenBalances: [Object]
    },
    UniswappyV2EthPair {
      _marketAddress: '0xA52603EEcc4Bb617eB45CCebc1B14ca179D69b23',
      _tokens: [Array],
      _protocol: '',
      _tokenBalances: [Object]
    },
    UniswappyV2EthPair {
      _marketAddress: '0xa6E93E55e40639F7337914F2fd09C7Dcd81A1A6C',
      _tokens: [Array],
      _protocol: '',
      _tokenBalances: [Object]
    },
    UniswappyV2EthPair {
      _marketAddress: '0xEfa6c59c83E3F284c6Fa7375160D5E30bc5356f9',
      _tokens: [Array],
      _protocol: '',
      _tokenBalances: [Object]
    },
    UniswappyV2EthPair {
      _marketAddress: '0xF5736906C20059efCD6c0D54dBfEF8B94C04583E',
      _tokens: [Array],
      _protocol: '',
      _tokenBalances: [Object]
    }
  ],
  '0xAD5e8494309D3C42C91e88b4698AcAac1814cCc0': [
    UniswappyV2EthPair {
      _marketAddress: '0x264C208e178d2084C87f7815AAaE56Cb8da85570',
      _tokens: [Array],
      _protocol: '',
      _tokenBalances: [Object]
    },
    UniswappyV2EthPair {
      _marketAddress: '0xb7a76042357FDFC3025ef4051d79b9B2090eB282',
      _tokens: [Array],
      _protocol: '',
      _tokenBalances: [Object]
    },
    UniswappyV2EthPair {
      _marketAddress: '0xF0d352c1B289D45354697137d6fC562598614e00',
      _tokens: [Array],
      _protocol: '',
      _tokenBalances: [Object]
    }
  ],
  '0xa4F93159cE0A4B533b443c74b89967C60A5969F8': [
    UniswappyV2EthPair {
      _marketAddress: '0x1696A65eA693593Ba771b5A7aFC54C8eaf4C20dE',
      _tokens: [Array],
      _protocol: '',
      _tokenBalances: [Object]
    },
    UniswappyV2EthPair {
      _marketAddress: '0xD20f5ddBB4DcCe9C0dB2d4b23b5693706A9a6306',
      _tokens: [Array],
      _protocol: '',
      _tokenBalances: [Object]
    }
  ],
  '0x181dE8C57C4F25eBA9Fd27757BBd11Cc66a55d31': [
    UniswappyV2EthPair {
      _marketAddress: '0xF55b3f52aBABD952A755E9b0866D589ccE998593',
      _tokens: [Array],
      _protocol: '',
      _tokenBalances: [Object]
    },
    UniswappyV2EthPair {
      _marketAddress: '0x11eF845f3e78e0334096d49901F51e7d0d45BE94',
      _tokens: [Array],
      _protocol: '',
      _tokenBalances: [Object]
    },
    UniswappyV2EthPair {
      _marketAddress: '0x5330B001A0C440Dc93E7f8b1BBF0e2D0e15a0f66',
      _tokens: [Array],
      _protocol: '',
      _tokenBalances: [Object]
    },
    UniswappyV2EthPair {
      _marketAddress: '0x67228c371a05eE9F359257C3912a7Afa9B0C36Ae',
      _tokens: [Array],
      _protocol: '',
      _tokenBalances: [Object]
    }
  ],
  '0x233d91A0713155003fc4DcE0AFa871b508B3B715': [
    UniswappyV2EthPair {
      _marketAddress: '0x767dA80885C796650F2a8B27e0a147Fd18Fba917',
      _tokens: [Array],
      _protocol: '',
      _tokenBalances: [Object]
    },
    UniswappyV2EthPair {
      _marketAddress: '0xa1BDc47A4b53472F3795D32F503186a93603784f',
      _tokens: [Array],
      _protocol: '',
      _tokenBalances: [Object]
    },
    UniswappyV2EthPair {
      _marketAddress: '0x8645148dE4E339964bA480AE3478653b5bc6E211',
      _tokens: [Array],
      _protocol: '',
      _tokenBalances: [Object]
    },
    UniswappyV2EthPair {
      _marketAddress: '0x470BC451810B312BBb1256f96B0895D95eA659B1',
      _tokens: [Array],
      _protocol: '',
      _tokenBalances: [Object]
    }
  ],
  '0x28ef9271fc621c9e3BdcBa34Aa409Cf2ec0Dbaf6': [
    UniswappyV2EthPair {
      _marketAddress: '0x854eB6880Dc542DAF0b3caA535D162437F4179E8',
      _tokens: [Array],
      _protocol: '',
      _tokenBalances: [Object]
    },
    UniswappyV2EthPair {
      _marketAddress: '0xC712acbd1EcAba0e58933F5b22b5224edD61768b',
      _tokens: [Array],
      _protocol: '',
      _tokenBalances: [Object]
    }
  ],
  '0xB1dC99060c9C0d963B90354Ef981333e7Aa890f2': [
    UniswappyV2EthPair {
      _marketAddress: '0xd433b56D4468c2C4CEc80E2d331F0B24ECbCfb31',
      _tokens: [Array],
      _protocol: '',
      _tokenBalances: [Object]
    },
    UniswappyV2EthPair {
      _marketAddress: '0x08dF79Ba29e2E586B457E6aEC3A81e03a77BaB48',
      _tokens: [Array],
      _protocol: '',
      _tokenBalances: [Object]
    }
  ],
  '0x8efa59bf5F47c6FE0E97C15cAd12f2Be6BB899a1': [
    UniswappyV2EthPair {
      _marketAddress: '0xb022b1F501C326d58e7b5bAACa91F9c3ACc5E906',
      _tokens: [Array],
      _protocol: '',
      _tokenBalances: [Object]
    },
    UniswappyV2EthPair {
      _marketAddress: '0x1E39cd5f8E7214A8e9E45e441bC7739dA42bc68f',
      _tokens: [Array],
      _protocol: '',
      _tokenBalances: [Object]
    }
  ],
  '0xA8c514D991F59baB02d32b68f04204cB89261c88': [
    UniswappyV2EthPair {
      _marketAddress: '0x4254d1BeDCC154dcB05C3bbB0a454bc08160e2Dc',
      _tokens: [Array],
      _protocol: '',
      _tokenBalances: [Object]
    },
    UniswappyV2EthPair {
      _marketAddress: '0x557eC7D2C51B727E48b70817cBf32B75e0F40012',
      _tokens: [Array],
      _protocol: '',
      _tokenBalances: [Object]
    },
    UniswappyV2EthPair {
      _marketAddress: '0xD727ad40bD4Cd1594f465f8606496cD9bbFca063',
      _tokens: [Array],
      _protocol: '',
      _tokenBalances: [Object]
    },
    UniswappyV2EthPair {
      _marketAddress: '0xa009860E72609692Dd80e07e6681C93832B3ed78',
      _tokens: [Array],
      _protocol: '',
      _tokenBalances: [Object]
    },
    UniswappyV2EthPair {
      _marketAddress: '0x94DFad55C01B5321B8Df5Fa2AcDf74b97C2Ba545',
      _tokens: [Array],
      _protocol: '',
      _tokenBalances: [Object]
    }
  ],
  '0x8AC76a51cc950d9822D68b83fE1Ad97B32Cd580d': [
    UniswappyV2EthPair {
      _marketAddress: '0xd00302278693E5084e2B06A996d1D14aE3467fE6',
      _tokens: [Array],
      _protocol: '',
      _tokenBalances: [Object]
    },
    UniswappyV2EthPair {
      _marketAddress: '0x7466cDA86b204Da97BA2555fd75aD1a1F45164a2',
      _tokens: [Array],
      _protocol: '',
      _tokenBalances: [Object]
    },
    UniswappyV2EthPair {
      _marketAddress: '0xa439f6415A9DCAb607844732a675f76Dc5A0F9B9',
      _tokens: [Array],
      _protocol: '',
      _tokenBalances: [Object]
    },
    UniswappyV2EthPair {
      _marketAddress: '0x8e8bb17Ebc33db8C2f2E89bA32264f6586dc9041',
      _tokens: [Array],
      _protocol: '',
      _tokenBalances: [Object]
    },
    UniswappyV2EthPair {
      _marketAddress: '0xc7632B7b2d768bbb30a404E13E1dE48d1439ec21',
      _tokens: [Array],
      _protocol: '',
      _tokenBalances: [Object]
    },
    UniswappyV2EthPair {
      _marketAddress: '0xd99c7F6C65857AC913a8f880A4cb84032AB2FC5b',
      _tokens: [Array],
      _protocol: '',
      _tokenBalances: [Object]
    },
    UniswappyV2EthPair {
      _marketAddress: '0x30479874f9320A62BcE3bc0e315C920E1D73E278',
      _tokens: [Array],
      _protocol: '',
      _tokenBalances: [Object]
    }
  ],
  '0xee9c5e3258705D85C5ab9ce93c0630244CCA8e73': [
    UniswappyV2EthPair {
      _marketAddress: '0x93bDe35eB00bcA0F47071a4A6eeA2649A2c622F7',
      _tokens: [Array],
      _protocol: '',
      _tokenBalances: [Object]
    },
    UniswappyV2EthPair {
      _marketAddress: '0xA3520Be2bdB472C20023c8D4C29DA2ff25631341',
      _tokens: [Array],
      _protocol: '',
      _tokenBalances: [Object]
    },
    UniswappyV2EthPair {
      _marketAddress: '0x231Be1De2d9493600f86139F89516754EB0C4995',
      _tokens: [Array],
      _protocol: '',
      _tokenBalances: [Object]
    }
  ],
  '0xf4a037785b3AE6C70F9Ed71fA2084B3589CABd46': [
    UniswappyV2EthPair {
      _marketAddress: '0xB0Ed855d390e783E2A7F1fFDbEde5bC7b6cf3DEb',
      _tokens: [Array],
      _protocol: '',
      _tokenBalances: [Object]
    },
    UniswappyV2EthPair {
      _marketAddress: '0xA1F210C767C94862633c7240cC38053Bedcf6eed',
      _tokens: [Array],
      _protocol: '',
      _tokenBalances: [Object]
    }
  ],
  '0x0b2F2e88Ba3E62447E914C38947CCB83e2cE6d01': [
    UniswappyV2EthPair {
      _marketAddress: '0x7e986A73A5dCAc35BeBd9019B78dc31e38a565dD',
      _tokens: [Array],
      _protocol: '',
      _tokenBalances: [Object]
    },
    UniswappyV2EthPair {
      _marketAddress: '0x2614C2B68FFb18611565b28a1D0a12e7eb6B85d0',
      _tokens: [Array],
      _protocol: '',
      _tokenBalances: [Object]
    }
  ],
  '0xf8E026dC4C0860771f691EcFFBbdfe2fa51c77CF': [
    UniswappyV2EthPair {
      _marketAddress: '0x0869AF3dc3ab170A15e56C9f79EC8076Ae19Cc92',
      _tokens: [Array],
      _protocol: '',
      _tokenBalances: [Object]
    },
    UniswappyV2EthPair {
      _marketAddress: '0xa2686f85e85BEF605b39a118b7D099E6EA0c2F4C',
      _tokens: [Array],
      _protocol: '',
      _tokenBalances: [Object]
    },
    UniswappyV2EthPair {
      _marketAddress: '0xAcCeD00820C2F4Ce8c8a6Ad5Ace32dc15B06e961',
      _tokens: [Array],
      _protocol: '',
      _tokenBalances: [Object]
    },
    UniswappyV2EthPair {
      _marketAddress: '0xEcd0aa12A453AE356Aba41f62483EDc35f2290ed',
      _tokens: [Array],
      _protocol: '',
      _tokenBalances: [Object]
    }
  ],
  '0xB0F2939A1c0e43683E5954c9Fe142F7df9F8D967': [
    UniswappyV2EthPair {
      _marketAddress: '0xeF3413E2CC9735D617372C03ed0B3dB9E5b60b06',
      _tokens: [Array],
      _protocol: '',
      _tokenBalances: [Object]
    },
    UniswappyV2EthPair {
      _marketAddress: '0x3766EF5F41cb868Df5396117AbeF9839BD8fAF0E',
      _tokens: [Array],
      _protocol: '',
      _tokenBalances: [Object]
    }
  ],
  '0xf09b7B6bA6dAb7CccC3AE477a174b164c39f4C66': [
    UniswappyV2EthPair {
      _marketAddress: '0xB08D91fb07a8690609d8CFB38472c8B7dbCc0499',
      _tokens: [Array],
      _protocol: '',
      _tokenBalances: [Object]
    },
    UniswappyV2EthPair {
      _marketAddress: '0xc841B3e2D6D84E117a902900257594da9e5d4230',
      _tokens: [Array],
      _protocol: '',
      _tokenBalances: [Object]
    },
    UniswappyV2EthPair {
      _marketAddress: '0xB9c8e4731F961f3A10ddF089830b6d13103659b8',
      _tokens: [Array],
      _protocol: '',
      _tokenBalances: [Object]
    },
    UniswappyV2EthPair {
      _marketAddress: '0x673C3611Bd3FD634ae85E4144E6aAc0705a02c5d',
      _tokens: [Array],
      _protocol: '',
      _tokenBalances: [Object]
    }
  ],
  '0xC227f8EECC481A8e8BAa30A4754B109b81C4DfA4': [
    UniswappyV2EthPair {
      _marketAddress: '0xc0aCaCab94006edE5c2705B65919b6F9573F9866',
      _tokens: [Array],
      _protocol: '',
      _tokenBalances: [Object]
    },
    UniswappyV2EthPair {
      _marketAddress: '0x56E75FE164d37C9D030a8e8d717A24779309BE29',
      _tokens: [Array],
      _protocol: '',
      _tokenBalances: [Object]
    },
    UniswappyV2EthPair {
      _marketAddress: '0x36fdd05bCBA7CBe31bc50Ec0b5fD1Ee43e5d2e11',
      _tokens: [Array],
      _protocol: '',
      _tokenBalances: [Object]
    },
    UniswappyV2EthPair {
      _marketAddress: '0xF2901A77c9B371A5a51618Da0c553a84cbC13b6B',
      _tokens: [Array],
      _protocol: '',
      _tokenBalances: [Object]
    }
  ],
  '0xa184088a740c695E156F91f5cC086a06bb78b827': [
    UniswappyV2EthPair {
      _marketAddress: '0x649A5Ad5135B4bd287e5AcA8d41f4d5e1b52af5C',
      _tokens: [Array],
      _protocol: '',
      _tokenBalances: [Object]
    },
    UniswappyV2EthPair {
      _marketAddress: '0xDF388EF85179b239898DB0f6B9eA44f640042876',
      _tokens: [Array],
      _protocol: '',
      _tokenBalances: [Object]
    },
    UniswappyV2EthPair {
      _marketAddress: '0x8Fc46454591b307bAC09040D4c723C53f1F86ee2',
      _tokens: [Array],
      _protocol: '',
      _tokenBalances: [Object]
    },
    UniswappyV2EthPair {
      _marketAddress: '0xba83E7856fEb485bfeA7b558077b9B138Ef9BF89',
      _tokens: [Array],
      _protocol: '',
      _tokenBalances: [Object]
    },
    UniswappyV2EthPair {
      _marketAddress: '0x5657cada6B6bbEF1DBd77aEDB1A6105cFAb4b836',
      _tokens: [Array],
      _protocol: '',
      _tokenBalances: [Object]
    },
    UniswappyV2EthPair {
      _marketAddress: '0x4d0228EBEB39f6d2f29bA528e2d15Fc9121Ead56',
      _tokens: [Array],
      _protocol: '',
      _tokenBalances: [Object]
    }
  ],
  '0x47C4f3ffc31c135AFC0C157068f6E0eEA90b7dC9': [
    UniswappyV2EthPair {
      _marketAddress: '0x778Ea348b7296fA08A2eF10e98Ed98f8ED88d988',
      _tokens: [Array],
      _protocol: '',
      _tokenBalances: [Object]
    },
    UniswappyV2EthPair {
      _marketAddress: '0xD51EAD52d29154BE587E42105B07855800514771',
      _tokens: [Array],
      _protocol: '',
      _tokenBalances: [Object]
    },
    UniswappyV2EthPair {
      _marketAddress: '0x6FDc4BA6F3C3336c474B1f53C38fe32C2017EDF9',
      _tokens: [Array],
      _protocol: '',
      _tokenBalances: [Object]
    }
  ],
  '0xacFC95585D80Ab62f67A14C566C1b7a49Fe91167': [
    UniswappyV2EthPair {
      _marketAddress: '0x73CDdF4ea34Dbd872f89e98c2866c81929AAFE50',
      _tokens: [Array],
      _protocol: '',
      _tokenBalances: [Object]
    },
    UniswappyV2EthPair {
      _marketAddress: '0xc744D9dccB02293dDBD5B32F3e9f5Ce6132FAF07',
      _tokens: [Array],
      _protocol: '',
      _tokenBalances: [Object]
    },
    UniswappyV2EthPair {
      _marketAddress: '0x39eA0F87193430dba1C3F15cE37688C18a8a0c98',
      _tokens: [Array],
      _protocol: '',
      _tokenBalances: [Object]
    },
    UniswappyV2EthPair {
      _marketAddress: '0x2Aa763656A92ce1e6E560c3EA76b4C5fca7C6C14',
      _tokens: [Array],
      _protocol: '',
      _tokenBalances: [Object]
    },
    UniswappyV2EthPair {
      _marketAddress: '0x93D708BFea03c689F110dBe2E578D5568708F942',
      _tokens: [Array],
      _protocol: '',
      _tokenBalances: [Object]
    }
  ],
  '0xbA2aE424d960c26247Dd6c32edC70B295c744C43': [
    UniswappyV2EthPair {
      _marketAddress: '0xfd1ef328A17A8e8Eeaf7e4Ea1ed8a108E1F2d096',
      _tokens: [Array],
      _protocol: '',
      _tokenBalances: [Object]
    },
    UniswappyV2EthPair {
      _marketAddress: '0x7Ba72879D049b3603704B903cD5c386EC30fC966',
      _tokens: [Array],
      _protocol: '',
      _tokenBalances: [Object]
    },
    UniswappyV2EthPair {
      _marketAddress: '0xb3432500334e8b08f12A66916912456Aad1c78C9',
      _tokens: [Array],
      _protocol: '',
      _tokenBalances: [Object]
    },
    UniswappyV2EthPair {
      _marketAddress: '0x9a307fe3f4057D4552D9EfDf16fE3EA1353ED64c',
      _tokens: [Array],
      _protocol: '',
      _tokenBalances: [Object]
    },
    UniswappyV2EthPair {
      _marketAddress: '0xac109C8025F272414fd9e2faA805a583708A017f',
      _tokens: [Array],
      _protocol: '',
      _tokenBalances: [Object]
    },
    UniswappyV2EthPair {
      _marketAddress: '0x4adB22473E8dBf5EFd0Bf554Ae35d7f3C5178fC5',
      _tokens: [Array],
      _protocol: '',
      _tokenBalances: [Object]
    }
  ],
  '0x4338665CBB7B2485A8855A139b75D5e34AB0DB94': [
    UniswappyV2EthPair {
      _marketAddress: '0x0F12362c017Fe5101c7bBa09390f1CB729f5B318',
      _tokens: [Array],
      _protocol: '',
      _tokenBalances: [Object]
    },
    UniswappyV2EthPair {
      _marketAddress: '0xA8EbEFB6A0c3fA5fe91eFfA29007a16d161a69eC',
      _tokens: [Array],
      _protocol: '',
      _tokenBalances: [Object]
    },
    UniswappyV2EthPair {
      _marketAddress: '0x014A03F7202fC31C4537147CC8060F735BF6243c',
      _tokens: [Array],
      _protocol: '',
      _tokenBalances: [Object]
    },
    UniswappyV2EthPair {
      _marketAddress: '0x71b01eBdDD797c8E9E0b003ea2f4FD207fBF46cC',
      _tokens: [Array],
      _protocol: '',
      _tokenBalances: [Object]
    },
    UniswappyV2EthPair {
      _marketAddress: '0xBc765Fd113c5bDB2ebc25F711191B56bB8690aec',
      _tokens: [Array],
      _protocol: '',
      _tokenBalances: [Object]
    }
  ],
  '0x55d398326f99059fF775485246999027B3197955': [
    UniswappyV2EthPair {
      _marketAddress: '0x83C5b5b309EE8E232Fe9dB217d394e262a71bCC0',
      _tokens: [Array],
      _protocol: '',
      _tokenBalances: [Object]
    },
    UniswappyV2EthPair {
      _marketAddress: '0x4d9F415bb0C31C978E3f0d0bA77239126638875e',
      _tokens: [Array],
      _protocol: '',
      _tokenBalances: [Object]
    },
    UniswappyV2EthPair {
      _marketAddress: '0x9Ec271C041a18aA7beF070A1F196eea1D06Ab7cb',
      _tokens: [Array],
      _protocol: '',
      _tokenBalances: [Object]
    },
    UniswappyV2EthPair {
      _marketAddress: '0x09CB618bf5eF305FadfD2C8fc0C26EeCf8c6D5fd',
      _tokens: [Array],
      _protocol: '',
      _tokenBalances: [Object]
    },
    UniswappyV2EthPair {
      _marketAddress: '0x2905817b020fD35D9d09672946362b62766f0d69',
      _tokens: [Array],
      _protocol: '',
      _tokenBalances: [Object]
    },
    UniswappyV2EthPair {
      _marketAddress: '0x16b9a82891338f9bA80E2D6970FddA79D1eb0daE',
      _tokens: [Array],
      _protocol: '',
      _tokenBalances: [Object]
    },
    UniswappyV2EthPair {
      _marketAddress: '0x20bCC3b8a0091dDac2d0BC30F68E6CBb97de59Cd',
      _tokens: [Array],
      _protocol: '',
      _tokenBalances: [Object]
    }
  ],
  '0x72FEAC4C0887c12db21CEB161533Fd8467469e6b': [
    UniswappyV2EthPair {
      _marketAddress: '0x8330e0814aa1F0dc1A61e4ed73e6d1315c7Ad732',
      _tokens: [Array],
      _protocol: '',
      _tokenBalances: [Object]
    },
    UniswappyV2EthPair {
      _marketAddress: '0x3a6aF09e9a1C51C827f58886dE8ecC1A66fB3031',
      _tokens: [Array],
      _protocol: '',
      _tokenBalances: [Object]
    }
  ],
  '0x472B6493141c5742DDB773a9d0f9C4BC794d57b1': [
    UniswappyV2EthPair {
      _marketAddress: '0x256f8F67b236005119723e545Df03F3d7b5cDEDA',
      _tokens: [Array],
      _protocol: '',
      _tokenBalances: [Object]
    },
    UniswappyV2EthPair {
      _marketAddress: '0x1C5bcB664d541E5b8235cB1Baf5F375e6A2cBfe1',
      _tokens: [Array],
      _protocol: '',
      _tokenBalances: [Object]
    }
  ],
  '0x7475aE39D281820B0064ef6064d91bE17533fdBf': [
    UniswappyV2EthPair {
      _marketAddress: '0xA74aC03289550b2B75fdEDC4083893c0403A9047',
      _tokens: [Array],
      _protocol: '',
      _tokenBalances: [Object]
    },
    UniswappyV2EthPair {
      _marketAddress: '0x026da491363E0730553C3FdD26a2c71290aE7c84',
      _tokens: [Array],
      _protocol: '',
      _tokenBalances: [Object]
    }
  ],
  '0xf2b5aD56167e99F5FD1CB8f6A032eD81722ca40d': [
    UniswappyV2EthPair {
      _marketAddress: '0x0C50aEa30a1e41462a4d71E4e600a2f563Fc756A',
      _tokens: [Array],
      _protocol: '',
      _tokenBalances: [Object]
    },
    UniswappyV2EthPair {
      _marketAddress: '0x5704d3A9966a819E0C346C67F809607a0dE2B41c',
      _tokens: [Array],
      _protocol: '',
      _tokenBalances: [Object]
    },
    UniswappyV2EthPair {
      _marketAddress: '0x50c48852e2CF1eb8d4Ef1ed8271E2f4C286e78e6',
      _tokens: [Array],
      _protocol: '',
      _tokenBalances: [Object]
    }
  ],
  '0x6d63C32fEb6cc5C7C45Cc4F236Cb80A4FD09AD1A': [
    UniswappyV2EthPair {
      _marketAddress: '0x40cf96943E17142Ca87aD5040fb8fF2934E1B5aB',
      _tokens: [Array],
      _protocol: '',
      _tokenBalances: [Object]
    },
    UniswappyV2EthPair {
      _marketAddress: '0x9bE14747D7115ed8D1414C2dFA221DBDAb894002',
      _tokens: [Array],
      _protocol: '',
      _tokenBalances: [Object]
    }
  ],
  '0x547CBE0f0c25085e7015Aa6939b28402EB0CcDAC': [
    UniswappyV2EthPair {
      _marketAddress: '0x53D304b76214F63Ca03626e742F93caf142ACF0e',
      _tokens: [Array],
      _protocol: '',
      _tokenBalances: [Object]
    },
    UniswappyV2EthPair {
      _marketAddress: '0x7F80315c631Ac59d633BCEb27F80d209f7D6C254',
      _tokens: [Array],
      _protocol: '',
      _tokenBalances: [Object]
    },
    UniswappyV2EthPair {
      _marketAddress: '0x9e7963E2597AAbd1426eaA05e7A74984d384db91',
      _tokens: [Array],
      _protocol: '',
      _tokenBalances: [Object]
    },
    UniswappyV2EthPair {
      _marketAddress: '0xB43C3e13b548fdC95a82A293669D2C62e84ddE53',
      _tokens: [Array],
      _protocol: '',
      _tokenBalances: [Object]
    },
    UniswappyV2EthPair {
      _marketAddress: '0x9A0Cf2F3B8F8643F5CC694AfeF7CaF636CCBF209',
      _tokens: [Array],
      _protocol: '',
      _tokenBalances: [Object]
    }
  ],
  '0x1f546aD641B56b86fD9dCEAc473d1C7a357276B7': [
    UniswappyV2EthPair {
      _marketAddress: '0x4eDe3A65FcEdDFE4E8EA4279B684a94739FAC35d',
      _tokens: [Array],
      _protocol: '',
      _tokenBalances: [Object]
    },
    UniswappyV2EthPair {
      _marketAddress: '0xecc11a78490866e0073EbC4a4dCb6F75673C8685',
      _tokens: [Array],
      _protocol: '',
      _tokenBalances: [Object]
    }
  ],
  '0xdA20C8a5c3B1AB48e31ba6e43f0F2830E50218D8': [
    UniswappyV2EthPair {
      _marketAddress: '0x2073df355AbEB7339BE4eA573692dC97f0B6d508',
      _tokens: [Array],
      _protocol: '',
      _tokenBalances: [Object]
    },
    UniswappyV2EthPair {
      _marketAddress: '0xf9a7316281e7681C07397c78482d82fd7f9c4882',
      _tokens: [Array],
      _protocol: '',
      _tokenBalances: [Object]
    },
    UniswappyV2EthPair {
      _marketAddress: '0x36C44B9F655b042cac8daAd4D038B9E22880503b',
      _tokens: [Array],
      _protocol: '',
      _tokenBalances: [Object]
    }
  ],
  '0x0acbb2C3D3826B82B17C09e2Dfa605b5279E0C63': [
    UniswappyV2EthPair {
      _marketAddress: '0xC61044840dD0b825D79914233964C7B21f97c98a',
      _tokens: [Array],
      _protocol: '',
      _tokenBalances: [Object]
    },
    UniswappyV2EthPair {
      _marketAddress: '0xe14cB9aAC0C0c03610fe12aB20D72D8977CD1717',
      _tokens: [Array],
      _protocol: '',
      _tokenBalances: [Object]
    }
  ],
  '0x4f0ed527e8A95ecAA132Af214dFd41F30b361600': [
    UniswappyV2EthPair {
      _marketAddress: '0xD59b4f88Da3b5cfc70CdF9B61c53Df475d4D4f47',
      _tokens: [Array],
      _protocol: '',
      _tokenBalances: [Object]
    },
    UniswappyV2EthPair {
      _marketAddress: '0xE29C99D22f20cf58810C802F3a6849c0d7e526Da',
      _tokens: [Array],
      _protocol: '',
      _tokenBalances: [Object]
    },
    UniswappyV2EthPair {
      _marketAddress: '0x49c83Dcf54E33FdD916319a315dff54FFB7eF8b9',
      _tokens: [Array],
      _protocol: '',
      _tokenBalances: [Object]
    }
  ],
  '0x190b589cf9Fb8DDEabBFeae36a813FFb2A702454': [
    UniswappyV2EthPair {
      _marketAddress: '0x568c9580c77762118F5351eEe274B1E13CB4b784',
      _tokens: [Array],
      _protocol: '',
      _tokenBalances: [Object]
    },
    UniswappyV2EthPair {
      _marketAddress: '0x4288706624e3dD839b069216eB03B8B9819C10d2',
      _tokens: [Array],
      _protocol: '',
      _tokenBalances: [Object]
    },
    UniswappyV2EthPair {
      _marketAddress: '0x74690f829fec83ea424ee1F1654041b2491A7bE9',
      _tokens: [Array],
      _protocol: '',
      _tokenBalances: [Object]
    }
  ],
  '0x050f65BEf6bd15De57462cf75d06BafEB2A59118': [
    UniswappyV2EthPair {
      _marketAddress: '0x7EC2A6f54CEE774b9a642cF83c5134CB3BBc3e5C',
      _tokens: [Array],
      _protocol: '',
      _tokenBalances: [Object]
    },
    UniswappyV2EthPair {
      _marketAddress: '0x9Ad4f2011D55356175909a774D6794143cB28975',
      _tokens: [Array],
      _protocol: '',
      _tokenBalances: [Object]
    },
    UniswappyV2EthPair {
      _marketAddress: '0x4f64775D261e1eE3ED2f24A5e18D8Ca6905A879B',
      _tokens: [Array],
      _protocol: '',
      _tokenBalances: [Object]
    }
  ],
  '0x40De76628d80AB45d7f4d249f68A812ab626EA31': [
    UniswappyV2EthPair {
      _marketAddress: '0xd9aF8d65961d6FD4D3065c651813088fF14125B1',
      _tokens: [Array],
      _protocol: '',
      _tokenBalances: [Object]
    },
    UniswappyV2EthPair {
      _marketAddress: '0x9912F684c041eca3614f4C7423f10A2d990575f9',
      _tokens: [Array],
      _protocol: '',
      _tokenBalances: [Object]
    },
    UniswappyV2EthPair {
      _marketAddress: '0xa1DEd0D9ac0139330adeeE490d551a74aFB8eeDC',
      _tokens: [Array],
      _protocol: '',
      _tokenBalances: [Object]
    }
  ],
  '0x64322cC606D6Cd60078432C1D9A76b5957a46Bf5': [
    UniswappyV2EthPair {
      _marketAddress: '0x21ea9915b6DFdcAE756B3Ec4d361641b39a80417',
      _tokens: [Array],
      _protocol: '',
      _tokenBalances: [Object]
    },
    UniswappyV2EthPair {
      _marketAddress: '0x2D5Ab229A8f91E14D97C535c058F7Fc83754475D',
      _tokens: [Array],
      _protocol: '',
      _tokenBalances: [Object]
    }
  ],
  '0x53A61eab81463803a269118d5e41b4AF26969Af6': [
    UniswappyV2EthPair {
      _marketAddress: '0xC2c0A476d05797c03c2e062441CFC6c30102ff0d',
      _tokens: [Array],
      _protocol: '',
      _tokenBalances: [Object]
    },
    UniswappyV2EthPair {
      _marketAddress: '0x21e34fF0A48950c742551D66AFAb4679DF7E29F4',
      _tokens: [Array],
      _protocol: '',
      _tokenBalances: [Object]
    },
    UniswappyV2EthPair {
      _marketAddress: '0x4D1942052f801603e32fbBd52109d6fC65A78bDC',
      _tokens: [Array],
      _protocol: '',
      _tokenBalances: [Object]
    }
  ],
  '0xc3C3c0C5b1AEF3e4d95c6631d220d506A70FA4fA': [
    UniswappyV2EthPair {
      _marketAddress: '0x3ce9f42ae58a2529Ff20854755abc2584E8Fc6FD',
      _tokens: [Array],
      _protocol: '',
      _tokenBalances: [Object]
    },
    UniswappyV2EthPair {
      _marketAddress: '0x4dfb1cc3d1e0CC43F74B24502a2D04807A7813e3',
      _tokens: [Array],
      _protocol: '',
      _tokenBalances: [Object]
    },
    UniswappyV2EthPair {
      _marketAddress: '0x6D2C3b9F00D4d776032E62B406C3e429552e68c9',
      _tokens: [Array],
      _protocol: '',
      _tokenBalances: [Object]
    }
  ],
  '0x2090c8295769791ab7A3CF1CC6e0AA19F35e441A': [
    UniswappyV2EthPair {
      _marketAddress: '0xEbbb0237Fc97B8E8FC141F7Db821f7B6Cc1d30e5',
      _tokens: [Array],
      _protocol: '',
      _tokenBalances: [Object]
    },
    UniswappyV2EthPair {
      _marketAddress: '0x4613442C3AB1542b54C721D661F5044843099E39',
      _tokens: [Array],
      _protocol: '',
      _tokenBalances: [Object]
    },
    UniswappyV2EthPair {
      _marketAddress: '0x3763A3263CEaca5e7Cc1Bc22A43920bAd9f743Cd',
      _tokens: [Array],
      _protocol: '',
      _tokenBalances: [Object]
    }
  ],
  '0x449160503D19A4e0Bd7D5EEf49E9C653b52e27b8': [
    UniswappyV2EthPair {
      _marketAddress: '0xE3DECA7E244a96cFe04C70bd969484983b8e97a6',
      _tokens: [Array],
      _protocol: '',
      _tokenBalances: [Object]
    },
    UniswappyV2EthPair {
      _marketAddress: '0xD5B62d929E524d8307045Aa19713C761a6515cA7',
      _tokens: [Array],
      _protocol: '',
      _tokenBalances: [Object]
    },
    UniswappyV2EthPair {
      _marketAddress: '0x6F672d01267aB2010e28aE359fD46E401A3FB840',
      _tokens: [Array],
      _protocol: '',
      _tokenBalances: [Object]
    },
    UniswappyV2EthPair {
      _marketAddress: '0x6eb6cf47b17361884b9d80Ca01F54693369F0603',
      _tokens: [Array],
      _protocol: '',
      _tokenBalances: [Object]
    }
  ],
  '0xcc2E12a9b5b75360c6FBf23B584c275D52cDdb0E': [
    UniswappyV2EthPair {
      _marketAddress: '0x656f1081715e0b9986446C35EFB6B4b66199CC0A',
      _tokens: [Array],
      _protocol: '',
      _tokenBalances: [Object]
    },
    UniswappyV2EthPair {
      _marketAddress: '0x30Ab038F63eC4F20744490a1a3aF066a8074aED2',
      _tokens: [Array],
      _protocol: '',
      _tokenBalances: [Object]
    },
    UniswappyV2EthPair {
      _marketAddress: '0x74d2a66650bbd8027Fd1F4A3454a16D75A05cc14',
      _tokens: [Array],
      _protocol: '',
      _tokenBalances: [Object]
    }
  ],
  '0xdC5A820A4b37521B00B69a9b069553A463a89d85': [
    UniswappyV2EthPair {
      _marketAddress: '0xbe989fD7C8952F8b306Bf39FF22b8b3B0909cD89',
      _tokens: [Array],
      _protocol: '',
      _tokenBalances: [Object]
    },
    UniswappyV2EthPair {
      _marketAddress: '0x50404068408ad54bc1436afE33cE54E5B1de4E59',
      _tokens: [Array],
      _protocol: '',
      _tokenBalances: [Object]
    }
  ],
  '0xAA20E8Cb61299df2357561C2AC2e1172bC68bc25': [
    UniswappyV2EthPair {
      _marketAddress: '0xE4A6Dd2c1B4fF2f4E325AC77F1A638Df8452304c',
      _tokens: [Array],
      _protocol: '',
      _tokenBalances: [Object]
    },
    UniswappyV2EthPair {
      _marketAddress: '0x19DfBAfDf7f160E9bCcb92248a537899E332e42b',
      _tokens: [Array],
      _protocol: '',
      _tokenBalances: [Object]
    }
  ],
  '0xe10B2fd29a9Ccd02bC5909Ea22e86E313946d4F5': [
    UniswappyV2EthPair {
      _marketAddress: '0xD4E12cDFdb6779Fa93259B6D4a9E059693E83D51',
      _tokens: [Array],
      _protocol: '',
      _tokenBalances: [Object]
    },
    UniswappyV2EthPair {
      _marketAddress: '0xa0F9dDe671c8c89CCC01592666b784E482558EAf',
      _tokens: [Array],
      _protocol: '',
      _tokenBalances: [Object]
    },
    UniswappyV2EthPair {
      _marketAddress: '0xF20Db464a7058f2af21252f0Ae4156E8EF059373',
      _tokens: [Array],
      _protocol: '',
      _tokenBalances: [Object]
    },
    UniswappyV2EthPair {
      _marketAddress: '0xa11722f278F881f14B382d8Ee96978f36f5444e8',
      _tokens: [Array],
      _protocol: '',
      _tokenBalances: [Object]
    }
  ],
  '0xB78f9104fA46a66E7CD4adf7C201F3229f626e37': [
    UniswappyV2EthPair {
      _marketAddress: '0xc4bd1E3466b90E831b6eb69a7C7b77d2393EBF2C',
      _tokens: [Array],
      _protocol: '',
      _tokenBalances: [Object]
    },
    UniswappyV2EthPair {
      _marketAddress: '0x0D31f210B72443581832cae0abf57f5c6A4FD4Fd',
      _tokens: [Array],
      _protocol: '',
      _tokenBalances: [Object]
    }
  ],
  '0x7A9f28EB62C791422Aa23CeAE1dA9C847cBeC9b0': [
    UniswappyV2EthPair {
      _marketAddress: '0xa00A91fBB39051e2a6368424A93895c3f1F2290b',
      _tokens: [Array],
      _protocol: '',
      _tokenBalances: [Object]
    },
    UniswappyV2EthPair {
      _marketAddress: '0x74F898BFf7E3Bc0F412592A9AD29c8b394170405',
      _tokens: [Array],
      _protocol: '',
      _tokenBalances: [Object]
    },
    UniswappyV2EthPair {
      _marketAddress: '0x5da9DabB9434c4ea29ac8CD8c2DE7Ae0934F2c46',
      _tokens: [Array],
      _protocol: '',
      _tokenBalances: [Object]
    },
    UniswappyV2EthPair {
      _marketAddress: '0x13321AcfF4A27f3d2bcA64b8bEaC6e5FdAAAf12C',
      _tokens: [Array],
      _protocol: '',
      _tokenBalances: [Object]
    },
    UniswappyV2EthPair {
      _marketAddress: '0xdC6C130299E53ACD2CC2D291fa10552CA2198a6b',
      _tokens: [Array],
      _protocol: '',
      _tokenBalances: [Object]
    }
  ],
  '0xFF749E976358791a3799262B8FccedF8D0888563': [
    UniswappyV2EthPair {
      _marketAddress: '0x6f355035d47cd5B31769975d07F94C4eaE7f3A9f',
      _tokens: [Array],
      _protocol: '',
      _tokenBalances: [Object]
    },
    UniswappyV2EthPair {
      _marketAddress: '0x1710e228Ac69bD144984BD5c49577FD3C2D90170',
      _tokens: [Array],
      _protocol: '',
      _tokenBalances: [Object]
    },
    UniswappyV2EthPair {
      _marketAddress: '0x1517F7F1700D50e92D8eDD455996D1DC6C11Be35',
      _tokens: [Array],
      _protocol: '',
      _tokenBalances: [Object]
    }
  ],
  '0x564158C32c99c846286944862104297F1A36776e': [
    UniswappyV2EthPair {
      _marketAddress: '0xCff4A0483C03245eB1D094Ef77B72bA264090135',
      _tokens: [Array],
      _protocol: '',
      _tokenBalances: [Object]
    },
    UniswappyV2EthPair {
      _marketAddress: '0xcEFD64808032e6Bb0494351Ae5b66855DA58725B',
      _tokens: [Array],
      _protocol: '',
      _tokenBalances: [Object]
    }
  ],
  '0xa9c41A46a6B3531d28d5c32F6633dd2fF05dFB90': [
    UniswappyV2EthPair {
      _marketAddress: '0xf40D7e12c4C6FFE54A086536F0c32f8dbd0aBe7D',
      _tokens: [Array],
      _protocol: '',
      _tokenBalances: [Object]
    },
    UniswappyV2EthPair {
      _marketAddress: '0xC75630C60F0f4e1B88b644AF354355674446eaE7',
      _tokens: [Array],
      _protocol: '',
      _tokenBalances: [Object]
    },
    UniswappyV2EthPair {
      _marketAddress: '0xECBB5f6b9184f09CD3724945494137259662Dcf0',
      _tokens: [Array],
      _protocol: '',
      _tokenBalances: [Object]
    },
    UniswappyV2EthPair {
      _marketAddress: '0xcDBA99c211ACf4D24E16Ee0d7E836091C733e3CB',
      _tokens: [Array],
      _protocol: '',
      _tokenBalances: [Object]
    },
    UniswappyV2EthPair {
      _marketAddress: '0x547A355E70cd1F8CAF531B950905aF751dBEF5E6',
      _tokens: [Array],
      _protocol: '',
      _tokenBalances: [Object]
    }
  ],
  '0xB7a9bDD179BF16F4b7c4b0d7EF07BBCb62B29A2D': [
    UniswappyV2EthPair {
      _marketAddress: '0xABDB560Be46B370C3F8aDA45943208b4A74D57d0',
      _tokens: [Array],
      _protocol: '',
      _tokenBalances: [Object]
    },
    UniswappyV2EthPair {
      _marketAddress: '0xfc90B9AF7EF391425e3Bc76c2f64D527843A1F64',
      _tokens: [Array],
      _protocol: '',
      _tokenBalances: [Object]
    }
  ],
  '0xD8aE48cE7634fd2E5D0C6C6af01870eDb64E2122': [
    UniswappyV2EthPair {
      _marketAddress: '0x28931058FcAAB05FD8c4a9187dAB0F68118bEa60',
      _tokens: [Array],
      _protocol: '',
      _tokenBalances: [Object]
    },
    UniswappyV2EthPair {
      _marketAddress: '0x4934AA2180F1C36363b0442055b087343C447149',
      _tokens: [Array],
      _protocol: '',
      _tokenBalances: [Object]
    }
  ],
  '0x0dda00Bf79050EFb5ceb270A93777800A6D21aEA': [
    UniswappyV2EthPair {
      _marketAddress: '0x56E353DEB38697E740A50002d58aB2CEDc41F79e',
      _tokens: [Array],
      _protocol: '',
      _tokenBalances: [Object]
    },
    UniswappyV2EthPair {
      _marketAddress: '0xB6A4fD0de09B244Ed7180cE0Fb40Bc783a90D8c6',
      _tokens: [Array],
      _protocol: '',
      _tokenBalances: [Object]
    },
    UniswappyV2EthPair {
      _marketAddress: '0xc9D7E641318EfAA4b7d68F40b7876d6320404422',
      _tokens: [Array],
      _protocol: '',
      _tokenBalances: [Object]
    },
    UniswappyV2EthPair {
      _marketAddress: '0x1D1de5cD3A0210240574acb46BA8F1fbB1BD563B',
      _tokens: [Array],
      _protocol: '',
      _tokenBalances: [Object]
    }
  ],
  '0x1AdE17B4B38B472B5259BbC938618226dF7b5Ca8': [
    UniswappyV2EthPair {
      _marketAddress: '0x12A57860D9782E8Dd5664835f340FcB71576694F',
      _tokens: [Array],
      _protocol: '',
      _tokenBalances: [Object]
    },
    UniswappyV2EthPair {
      _marketAddress: '0xDa59a0f741Dd0a90A1EE4323a79332D41c2a3136',
      _tokens: [Array],
      _protocol: '',
      _tokenBalances: [Object]
    },
    UniswappyV2EthPair {
      _marketAddress: '0xEC98d210db14A995eE3dD896bB59B8BA85055d6C',
      _tokens: [Array],
      _protocol: '',
      _tokenBalances: [Object]
    }
  ],
  '0x148c560A9CE8A9D7F869aa97EFA2C2aa623927C9': [
    UniswappyV2EthPair {
      _marketAddress: '0x477D55B43b6e35A2a5a095b3765F9c952829E384',
      _tokens: [Array],
      _protocol: '',
      _tokenBalances: [Object]
    },
    UniswappyV2EthPair {
      _marketAddress: '0xd90d617EBB88b102a65bef406980C775aB571200',
      _tokens: [Array],
      _protocol: '',
      _tokenBalances: [Object]
    }
  ],
  '0x8F0528cE5eF7B51152A59745bEfDD91D97091d2F': [
    UniswappyV2EthPair {
      _marketAddress: '0xe04e034280e86AEe84278b624D27a0670FCf3691',
      _tokens: [Array],
      _protocol: '',
      _tokenBalances: [Object]
    },
    UniswappyV2EthPair {
      _marketAddress: '0x13b1178e6B156e82bC0bc6c268A836506b3C1861',
      _tokens: [Array],
      _protocol: '',
      _tokenBalances: [Object]
    },
    UniswappyV2EthPair {
      _marketAddress: '0x252cD65b1D17C4b5b4e2efc7DC5453c84D227461',
      _tokens: [Array],
      _protocol: '',
      _tokenBalances: [Object]
    },
    UniswappyV2EthPair {
      _marketAddress: '0xFC5f84f3DF06c50836040709bf8176CcA018FAf6',
      _tokens: [Array],
      _protocol: '',
      _tokenBalances: [Object]
    },
    UniswappyV2EthPair {
      _marketAddress: '0x1099C2E6Ed6ebA95099c205b599B409305783E43',
      _tokens: [Array],
      _protocol: '',
      _tokenBalances: [Object]
    },
    UniswappyV2EthPair {
      _marketAddress: '0xF3CE6Aac24980E6B657926dfC79502Ae414d3083',
      _tokens: [Array],
      _protocol: '',
      _tokenBalances: [Object]
    }
  ],
  '0x7AC64008FA000BfDc4494e0BfCC9F4efF3d51d2a': [
    UniswappyV2EthPair {
      _marketAddress: '0xA71E27F80d0b781316764DE67FC2Bb59F5fFD571',
      _tokens: [Array],
      _protocol: '',
      _tokenBalances: [Object]
    },
    UniswappyV2EthPair {
      _marketAddress: '0xdB44C35Cd6C378eB9e593d4c7243118064172fb2',
      _tokens: [Array],
      _protocol: '',
      _tokenBalances: [Object]
    }
  ],
  '0x52CE071Bd9b1C4B00A0b92D298c512478CaD67e8': [
    UniswappyV2EthPair {
      _marketAddress: '0xb4c0c621B2eDfE6C22585ebAC56b0e634907B8A7',
      _tokens: [Array],
      _protocol: '',
      _tokenBalances: [Object]
    },
    UniswappyV2EthPair {
      _marketAddress: '0xc89C40C5E716850a8EC6B67Ef5d6080adbB19d33',
      _tokens: [Array],
      _protocol: '',
      _tokenBalances: [Object]
    },
    UniswappyV2EthPair {
      _marketAddress: '0x6398F936B423AdaAD3a58B2eb3683f826C717bD8',
      _tokens: [Array],
      _protocol: '',
      _tokenBalances: [Object]
    }
  ],
  '0x3d6545b08693daE087E957cb1180ee38B9e3c25E': [
    UniswappyV2EthPair {
      _marketAddress: '0xDd6C7A955C72B3FFD546d8dadBf7669528d8F785',
      _tokens: [Array],
      _protocol: '',
      _tokenBalances: [Object]
    },
    UniswappyV2EthPair {
      _marketAddress: '0x4d2d10B785BF000Dfd19e92cE2D2aE79E119b956',
      _tokens: [Array],
      _protocol: '',
      _tokenBalances: [Object]
    }
  ],
  '0xfb6115445Bff7b52FeB98650C87f44907E58f802': [
    UniswappyV2EthPair {
      _marketAddress: '0xf13e007e181A8F57eD3a4D4CcE0A9ff9E7241CEf',
      _tokens: [Array],
      _protocol: '',
      _tokenBalances: [Object]
    },
    UniswappyV2EthPair {
      _marketAddress: '0x51E0c0559D62092D1b1ff78F8b28dd87d26a0a28',
      _tokens: [Array],
      _protocol: '',
      _tokenBalances: [Object]
    },
    UniswappyV2EthPair {
      _marketAddress: '0xC5dd96e3a43EAf6ed104c4f4FC995ce5cCB08d88',
      _tokens: [Array],
      _protocol: '',
      _tokenBalances: [Object]
    }
  ],
  '0xCC42724C6683B7E57334c4E856f4c9965ED682bD': [
    UniswappyV2EthPair {
      _marketAddress: '0x29A4A3D77c010CE100A45831BF7e798f0f0B325D',
      _tokens: [Array],
      _protocol: '',
      _tokenBalances: [Object]
    },
    UniswappyV2EthPair {
      _marketAddress: '0x133bea1856AB21AeA0F9aB47cE8bcbBF87dA61fe',
      _tokens: [Array],
      _protocol: '',
      _tokenBalances: [Object]
    },
    UniswappyV2EthPair {
      _marketAddress: '0x5AcB99428a29092555dCDc00e4565B05272a3B2B',
      _tokens: [Array],
      _protocol: '',
      _tokenBalances: [Object]
    },
    UniswappyV2EthPair {
      _marketAddress: '0xd5D471141435f609CdB9Fe6c4D0e532Dbd40E7b4',
      _tokens: [Array],
      _protocol: '',
      _tokenBalances: [Object]
    }
  ],
  '0xC34Ae91312A3c3F9420691922040a5DEe1698E52': [
    UniswappyV2EthPair {
      _marketAddress: '0x8f8A3784970e1897A3C969460Ebf6AA8033E66d1',
      _tokens: [Array],
      _protocol: '',
      _tokenBalances: [Object]
    },
    UniswappyV2EthPair {
      _marketAddress: '0xE39779401d6e77dDCBdDce2CB7667Da44CC8A9B4',
      _tokens: [Array],
      _protocol: '',
      _tokenBalances: [Object]
    }
  ],
  '0xAD29AbB318791D579433D831ed122aFeAf29dcfe': [
    UniswappyV2EthPair {
      _marketAddress: '0x47A0B7bA18Bb80E4888ca2576c2d34BE290772a6',
      _tokens: [Array],
      _protocol: '',
      _tokenBalances: [Object]
    },
    UniswappyV2EthPair {
      _marketAddress: '0xAa4F94Af8F952009c0fEe10E3566c57469f673f2',
      _tokens: [Array],
      _protocol: '',
      _tokenBalances: [Object]
    }
  ],
  '0xf5128928f85F16bD67C1E02DdD1b47A71d17aDF5': [
    UniswappyV2EthPair {
      _marketAddress: '0x5c60Efc9b169aCe846f185eFbb1a77efEA2dbE3C',
      _tokens: [Array],
      _protocol: '',
      _tokenBalances: [Object]
    },
    UniswappyV2EthPair {
      _marketAddress: '0xbe759bE1D8ef5cf84D7cdA3E5e6D5c3e9C72656A',
      _tokens: [Array],
      _protocol: '',
      _tokenBalances: [Object]
    },
    UniswappyV2EthPair {
      _marketAddress: '0xA643E30C957ca5A1E176Da169a1Be7afdc1bdA16',
      _tokens: [Array],
      _protocol: '',
      _tokenBalances: [Object]
    },
    UniswappyV2EthPair {
      _marketAddress: '0x37E195Ad182b653DdDe0b7742fa137Cc2F52f8B1',
      _tokens: [Array],
      _protocol: '',
      _tokenBalances: [Object]
    }
  ],
  '0x8fcCF105f275706ae59798e5f8a80179606c176f': [
    UniswappyV2EthPair {
      _marketAddress: '0x262d0C4C1ab183CC8F1683355a237D806eF3aDd3',
      _tokens: [Array],
      _protocol: '',
      _tokenBalances: [Object]
    },
    UniswappyV2EthPair {
      _marketAddress: '0x0C25b0843699b53cc188445Ef450f7C0CEF094F2',
      _tokens: [Array],
      _protocol: '',
      _tokenBalances: [Object]
    },
    UniswappyV2EthPair {
      _marketAddress: '0x7ECB73f9aDd809246D48eC176481012Ca7C51535',
      _tokens: [Array],
      _protocol: '',
      _tokenBalances: [Object]
    }
  ],
  '0xAe9269f27437f0fcBC232d39Ec814844a51d6b8f': [
    UniswappyV2EthPair {
      _marketAddress: '0xF2d7590Cb86Bea32193293D1bC9DFFaf379C3642',
      _tokens: [Array],
      _protocol: '',
      _tokenBalances: [Object]
    },
    UniswappyV2EthPair {
      _marketAddress: '0x44a998f6fe96736aE09868e1BFd57b7df502F3Ae',
      _tokens: [Array],
      _protocol: '',
      _tokenBalances: [Object]
    },
    UniswappyV2EthPair {
      _marketAddress: '0xD26B667d8BFD3ba0598d0f02eeA08A17a1B47F04',
      _tokens: [Array],
      _protocol: '',
      _tokenBalances: [Object]
    },
    UniswappyV2EthPair {
      _marketAddress: '0x24A101d8b5eCDf45a3D457f18841B71a4057b8ba',
      _tokens: [Array],
      _protocol: '',
      _tokenBalances: [Object]
    },
    UniswappyV2EthPair {
      _marketAddress: '0x064D7C54e7B1342fCD925868513cCd18f768eCc2',
      _tokens: [Array],
      _protocol: '',
      _tokenBalances: [Object]
    },
    UniswappyV2EthPair {
      _marketAddress: '0x65C1178a1C7C1c2ACd498c158fd42A86d80c061D',
      _tokens: [Array],
      _protocol: '',
      _tokenBalances: [Object]
    },
    UniswappyV2EthPair {
      _marketAddress: '0xd937FB9E6e47F3805981453BFB277a49FFfE04D7',
      _tokens: [Array],
      _protocol: '',
      _tokenBalances: [Object]
    }
  ],
  '0x42F6f551ae042cBe50C739158b4f0CAC0Edb9096': [
    UniswappyV2EthPair {
      _marketAddress: '0x876Ba49c4F438643Ab33F871e14a54CBb897Df49',
      _tokens: [Array],
      _protocol: '',
      _tokenBalances: [Object]
    },
    UniswappyV2EthPair {
      _marketAddress: '0xE482249Cd295C0d1e9D2baAEE71e66de21024C68',
      _tokens: [Array],
      _protocol: '',
      _tokenBalances: [Object]
    },
    UniswappyV2EthPair {
      _marketAddress: '0x5a805994a2E30aC710e7376ccc0211285bD4dD92',
      _tokens: [Array],
      _protocol: '',
      _tokenBalances: [Object]
    }
  ],
  '0x68E374F856bF25468D365E539b700b648Bf94B67': [
    UniswappyV2EthPair {
      _marketAddress: '0xEd4F0a2119714D2f26571d6832Eafd8ADbd14F87',
      _tokens: [Array],
      _protocol: '',
      _tokenBalances: [Object]
    },
    UniswappyV2EthPair {
      _marketAddress: '0x569d6247C418E8D70d3f9e0fBb55437f380AfaE1',
      _tokens: [Array],
      _protocol: '',
      _tokenBalances: [Object]
    },
    UniswappyV2EthPair {
      _marketAddress: '0x648425063F97C26CA99e95100653638D924Ec112',
      _tokens: [Array],
      _protocol: '',
      _tokenBalances: [Object]
    },
    UniswappyV2EthPair {
      _marketAddress: '0x5a26eB7C9c72140d01039Eb172Dcb8ec98D071bd',
      _tokens: [Array],
      _protocol: '',
      _tokenBalances: [Object]
    }
  ],
  '0xB9d2487ef11FF7948533309cb4464C74Facb1882': [
    UniswappyV2EthPair {
      _marketAddress: '0x38e5737769142796BaFB3Ed7fc079166Ffaa406c',
      _tokens: [Array],
      _protocol: '',
      _tokenBalances: [Object]
    },
    UniswappyV2EthPair {
      _marketAddress: '0x73b98365c23138c1D308388372A3173184c42FB5',
      _tokens: [Array],
      _protocol: '',
      _tokenBalances: [Object]
    }
  ],
  '0x636015E62b9dE78D164a48454BaD727Ea3640a60': [
    UniswappyV2EthPair {
      _marketAddress: '0x3a60F8Bd425F0DBa84a7446be09A95e5979Db9B7',
      _tokens: [Array],
      _protocol: '',
      _tokenBalances: [Object]
    },
    UniswappyV2EthPair {
      _marketAddress: '0x5119656EE05fE0dFD31dE13BC9ce890BCb10dD8C',
      _tokens: [Array],
      _protocol: '',
      _tokenBalances: [Object]
    },
    UniswappyV2EthPair {
      _marketAddress: '0x0a80A3419bdb4Cccc2c08963BE7434d35ddBcF40',
      _tokens: [Array],
      _protocol: '',
      _tokenBalances: [Object]
    }
  ],
  '0x7bb362962F2a4E2089466C79566572B37CFc5D78': [
    UniswappyV2EthPair {
      _marketAddress: '0x43376C6a3c3c58c29499f12433621D73afFBD325',
      _tokens: [Array],
      _protocol: '',
      _tokenBalances: [Object]
    },
    UniswappyV2EthPair {
      _marketAddress: '0xd590737A1471211Ab79983DBdde9a5B6405C72e2',
      _tokens: [Array],
      _protocol: '',
      _tokenBalances: [Object]
    },
    UniswappyV2EthPair {
      _marketAddress: '0x2967dF636f4fdaf2BF2502d2FD7e5b1981D97738',
      _tokens: [Array],
      _protocol: '',
      _tokenBalances: [Object]
    }
  ],
  '0x1CE0c2827e2eF14D5C4f29a091d735A204794041': [
    UniswappyV2EthPair {
      _marketAddress: '0x40aFc7CBd0Dc2bE5860F0035b717d20Afb4827b2',
      _tokens: [Array],
      _protocol: '',
      _tokenBalances: [Object]
    },
    UniswappyV2EthPair {
      _marketAddress: '0x151268db1579ebC5306D4aAa5DCC627646E6986F',
      _tokens: [Array],
      _protocol: '',
      _tokenBalances: [Object]
    },
    UniswappyV2EthPair {
      _marketAddress: '0x4FF5CB0a42B17f722A0BF5eaD34E3C540Fd80F14',
      _tokens: [Array],
      _protocol: '',
      _tokenBalances: [Object]
    }
  ],
  '0x1Fa4a73a3F0133f0025378af00236f3aBDEE5D63': [
    UniswappyV2EthPair {
      _marketAddress: '0xB75724635A6cDa850f08b578F23a568CeDba099D',
      _tokens: [Array],
      _protocol: '',
      _tokenBalances: [Object]
    },
    UniswappyV2EthPair {
      _marketAddress: '0x9191B027C26d44b86177E64f992cf4DCd1F4E0eF',
      _tokens: [Array],
      _protocol: '',
      _tokenBalances: [Object]
    }
  ],
  '0x1Ba42e5193dfA8B03D15dd1B86a3113bbBEF8Eeb': [
    UniswappyV2EthPair {
      _marketAddress: '0x2B2C771e44aF4C6f858598308e05FB89b23f11cE',
      _tokens: [Array],
      _protocol: '',
      _tokenBalances: [Object]
    },
    UniswappyV2EthPair {
      _marketAddress: '0x44a8b38Ddc2C7d30C9F93FCa2895Aa8C1B74f7b9',
      _tokens: [Array],
      _protocol: '',
      _tokenBalances: [Object]
    },
    UniswappyV2EthPair {
      _marketAddress: '0xFCB75A61c89634b38983Ee366810804a4d760D0e',
      _tokens: [Array],
      _protocol: '',
      _tokenBalances: [Object]
    },
    UniswappyV2EthPair {
      _marketAddress: '0xA912Db2099FB358639614E72350073ebF5996C9a',
      _tokens: [Array],
      _protocol: '',
      _tokenBalances: [Object]
    }
  ],
  '0xAdBAF88B39D37Dc68775eD1541F1bf83A5A45feB': [
    UniswappyV2EthPair {
      _marketAddress: '0xaCfDCF0486ADC2421aAc3FFc0923b9c56FAEBC47',
      _tokens: [Array],
      _protocol: '',
      _tokenBalances: [Object]
    },
    UniswappyV2EthPair {
      _marketAddress: '0xa4B19fBcD1a6040AD8542dBeF5d9D5Eb3Ed7ef11',
      _tokens: [Array],
      _protocol: '',
      _tokenBalances: [Object]
    },
    UniswappyV2EthPair {
      _marketAddress: '0x9c9a038d2bc316b00B474Cfc7AC82ED03c1D1b75',
      _tokens: [Array],
      _protocol: '',
      _tokenBalances: [Object]
    }
  ],
  '0x9Ac983826058b8a9C7Aa1C9171441191232E8404': [
    UniswappyV2EthPair {
      _marketAddress: '0x8b1F1F28a8CcbaA8a8Bc1582921ECe97Ce99d9e1',
      _tokens: [Array],
      _protocol: '',
      _tokenBalances: [Object]
    },
    UniswappyV2EthPair {
      _marketAddress: '0x7B3AD5a6CE260Fd9389361502c138644744991fB',
      _tokens: [Array],
      _protocol: '',
      _tokenBalances: [Object]
    }
  ],
  '0x935a544Bf5816E3A7C13DB2EFe3009Ffda0aCdA2': [
    UniswappyV2EthPair {
      _marketAddress: '0x015f807d0186f7e62810D0C597A23CB19Ff57E4d',
      _tokens: [Array],
      _protocol: '',
      _tokenBalances: [Object]
    },
    UniswappyV2EthPair {
      _marketAddress: '0xC1A93b9910692c672D431D2048F130ab567Df792',
      _tokens: [Array],
      _protocol: '',
      _tokenBalances: [Object]
    }
  ],
  '0x3c037C4c2296f280bB318D725D0b454B76c199b9': [
    UniswappyV2EthPair {
      _marketAddress: '0x11916CDFF6e4A8643aaFd5Ac1AF920d03C707D19',
      _tokens: [Array],
      _protocol: '',
      _tokenBalances: [Object]
    },
    UniswappyV2EthPair {
      _marketAddress: '0x7c8cA82D99D10b59f98B2CfC3F7CB462Cc143443',
      _tokens: [Array],
      _protocol: '',
      _tokenBalances: [Object]
    }
  ],
  '0xfe2e25952E6C8f5c6847E1249a5ff368235f6Db5': [
    UniswappyV2EthPair {
      _marketAddress: '0x7F24df1A718Af253105b6fCE1287Bf8839588524',
      _tokens: [Array],
      _protocol: '',
      _tokenBalances: [Object]
    },
    UniswappyV2EthPair {
      _marketAddress: '0xA4744117180007513aC4c930a7a8b1762d42FA40',
      _tokens: [Array],
      _protocol: '',
      _tokenBalances: [Object]
    }
  ],
  '0x569170e3E86f851aF8b67053DC7Fdd9891B67C61': [
    UniswappyV2EthPair {
      _marketAddress: '0x12044db8fCB770E22D7c34225010e637fdf3687B',
      _tokens: [Array],
      _protocol: '',
      _tokenBalances: [Object]
    },
    UniswappyV2EthPair {
      _marketAddress: '0xeC96bAAa871466911fbBCbA3Ff4C4F7C99Ffb911',
      _tokens: [Array],
      _protocol: '',
      _tokenBalances: [Object]
    }
  ],
  '0x787732f27D18495494cea3792ed7946BbCFF8db2': [
    UniswappyV2EthPair {
      _marketAddress: '0x186A2d0A8c455731245dcCf58244b700B8CAfd87',
      _tokens: [Array],
      _protocol: '',
      _tokenBalances: [Object]
    },
    UniswappyV2EthPair {
      _marketAddress: '0xBA923f76C33261a5B565F6Aa0c9F6981Bd8F5070',
      _tokens: [Array],
      _protocol: '',
      _tokenBalances: [Object]
    }
  ],
  '0xcbcCf14B051947BDcd1E20b77015208a1AD5EA25': [
    UniswappyV2EthPair {
      _marketAddress: '0x045a013Ab4D5A8F306649B52a78Cfaebb6074FE9',
      _tokens: [Array],
      _protocol: '',
      _tokenBalances: [Object]
    },
    UniswappyV2EthPair {
      _marketAddress: '0x60Af57410e95A0fC88f82885eE0a53Fd7015C3AD',
      _tokens: [Array],
      _protocol: '',
      _tokenBalances: [Object]
    }
  ],
  '0xC7aCc4a606B53E2C25C89d4d8be0fD40b5228cb6': [
    UniswappyV2EthPair {
      _marketAddress: '0x4fAdc33377cC5a766F5529AABE069d931c884d35',
      _tokens: [Array],
      _protocol: '',
      _tokenBalances: [Object]
    },
    UniswappyV2EthPair {
      _marketAddress: '0x6B81Fb89f223ED003FB1B6F703BEa847067Ef58c',
      _tokens: [Array],
      _protocol: '',
      _tokenBalances: [Object]
    },
    UniswappyV2EthPair {
      _marketAddress: '0xb7Ba1cF49aDeeCbABd40D41400D1F05A27C8b675',
      _tokens: [Array],
      _protocol: '',
      _tokenBalances: [Object]
    }
  ],
  '0xB1CeD2e320E3f4C8e3511B1DC59203303493F382': [
    UniswappyV2EthPair {
      _marketAddress: '0xe6de19Ae48969aF0a6f78271e41D3CE47580eaFB',
      _tokens: [Array],
      _protocol: '',
      _tokenBalances: [Object]
    },
    UniswappyV2EthPair {
      _marketAddress: '0xB02Aea08608baC2C42714F95231045CD19F7D48f',
      _tokens: [Array],
      _protocol: '',
      _tokenBalances: [Object]
    },
    UniswappyV2EthPair {
      _marketAddress: '0xC183FCc9e1fab3ffDE97231C1Bdfbc0b9190b8B4',
      _tokens: [Array],
      _protocol: '',
      _tokenBalances: [Object]
    }
  ],
  '0x4dfAD9A4cBa318EFC53743b803588B113f8A84Bd': [
    UniswappyV2EthPair {
      _marketAddress: '0x2045A9Cc7Ca9f8b69c3c59DCf27b3E2BC1669d43',
      _tokens: [Array],
      _protocol: '',
      _tokenBalances: [Object]
    },
    UniswappyV2EthPair {
      _marketAddress: '0x134FbaB51fB18418277fD7d2fbb846383C1E6222',
      _tokens: [Array],
      _protocol: '',
      _tokenBalances: [Object]
    }
  ],
  '0xF34C85f1D6fbDb7EBF3a7262C7f6Db6B669662fD': [
    UniswappyV2EthPair {
      _marketAddress: '0xc04182f160B36a720311AbfD3F26e7faA6290902',
      _tokens: [Array],
      _protocol: '',
      _tokenBalances: [Object]
    },
    UniswappyV2EthPair {
      _marketAddress: '0x0C1538C9A226E7633B862770EfAd1C8fF1921731',
      _tokens: [Array],
      _protocol: '',
      _tokenBalances: [Object]
    },
    UniswappyV2EthPair {
      _marketAddress: '0xeFc5a2E48134A51EEBbbded07E604E3DF63200c3',
      _tokens: [Array],
      _protocol: '',
      _tokenBalances: [Object]
    }
  ],
  '0x0110fF9e7E4028a5337F07841437B92d5bf53762': [
    UniswappyV2EthPair {
      _marketAddress: '0xFBCF83D97d7d4C2A46b0D661f7303d82f871F00F',
      _tokens: [Array],
      _protocol: '',
      _tokenBalances: [Object]
    },
    UniswappyV2EthPair {
      _marketAddress: '0xEE84bc551Ef95518572EdDFBc5e5222937C8b97e',
      _tokens: [Array],
      _protocol: '',
      _tokenBalances: [Object]
    },
    UniswappyV2EthPair {
      _marketAddress: '0xE1BD982AFea7FbA7A5B875e0a226cc38c7E9A7F2',
      _tokens: [Array],
      _protocol: '',
      _tokenBalances: [Object]
    }
  ],
  '0xAFa4f3D72f0803B50C99663B3E90806d9D290770': [
    UniswappyV2EthPair {
      _marketAddress: '0x80419da1CC3aeFB64016dBb435D8A83e16bEcF04',
      _tokens: [Array],
      _protocol: '',
      _tokenBalances: [Object]
    },
    UniswappyV2EthPair {
      _marketAddress: '0xdA6D6a313D9617570423950A5B3b4f3744C68f28',
      _tokens: [Array],
      _protocol: '',
      _tokenBalances: [Object]
    },
    UniswappyV2EthPair {
      _marketAddress: '0x30C0bD773A147C49fEBC7fb91a5bf9326cAa3B60',
      _tokens: [Array],
      _protocol: '',
      _tokenBalances: [Object]
    },
    UniswappyV2EthPair {
      _marketAddress: '0x6E2722f9B17c3b1d330e94230b1845629781F74e',
      _tokens: [Array],
      _protocol: '',
      _tokenBalances: [Object]
    },
    UniswappyV2EthPair {
      _marketAddress: '0x50011A0C3D1218d415c6BC87E84B78E8c428868c',
      _tokens: [Array],
      _protocol: '',
      _tokenBalances: [Object]
    }
  ],
  '0xAF83F292fcED83032f52ced45ef7DBDdb586441a': [
    UniswappyV2EthPair {
      _marketAddress: '0x9fC885b1ddDaC249f946C31Ef49e58f38f8bF1B7',
      _tokens: [Array],
      _protocol: '',
      _tokenBalances: [Object]
    },
    UniswappyV2EthPair {
      _marketAddress: '0x1Bd0CB5AeFad455E0adEd591f0F29d0fB394D950',
      _tokens: [Array],
      _protocol: '',
      _tokenBalances: [Object]
    }
  ],
  '0xC7Bc24c4C18F8251D31611114d0e7B5F5ef76762': [
    UniswappyV2EthPair {
      _marketAddress: '0x629b6cfd088B3aE0e9AF534aE8093701d64FEa7d',
      _tokens: [Array],
      _protocol: '',
      _tokenBalances: [Object]
    },
    UniswappyV2EthPair {
      _marketAddress: '0x4570B9E5748A9D4139350B830dad56c94DE6b763',
      _tokens: [Array],
      _protocol: '',
      _tokenBalances: [Object]
    }
  ],
  '0xD0660cD418a64a1d44E9214ad8e459324D8157f1': [
    UniswappyV2EthPair {
      _marketAddress: '0xc0307A3dD0D303be8894B5Cd9F85803948776918',
      _tokens: [Array],
      _protocol: '',
      _tokenBalances: [Object]
    },
    UniswappyV2EthPair {
      _marketAddress: '0x5F987b51e63BCB0dFC85Ec633F5dCE6bA31E8A8F',
      _tokens: [Array],
      _protocol: '',
      _tokenBalances: [Object]
    }
  ],
  '0xa206C8924c9FE86F9Eb2b68A7290e4aFB40EC321': [
    UniswappyV2EthPair {
      _marketAddress: '0x07F4E7b6Ea7633D058F889F05B3d6A77abC2AF29',
      _tokens: [Array],
      _protocol: '',
      _tokenBalances: [Object]
    },
    UniswappyV2EthPair {
      _marketAddress: '0x99797Dc92289e585e9c113a5Db5d85baDE685368',
      _tokens: [Array],
      _protocol: '',
      _tokenBalances: [Object]
    },
    UniswappyV2EthPair {
      _marketAddress: '0x0eF9251C0dFAd775df9f0495a9b52062327A3d17',
      _tokens: [Array],
      _protocol: '',
      _tokenBalances: [Object]
    },
    UniswappyV2EthPair {
      _marketAddress: '0x1EFC40c28BE4C302f2043C194cbDCc8527d1d59d',
      _tokens: [Array],
      _protocol: '',
      _tokenBalances: [Object]
    }
  ],
  '0xA55BB91dE33B4abdf3aC64913D98A55ad84Dc3A8': [
    UniswappyV2EthPair {
      _marketAddress: '0xE56AD10b568Bf6C956C9d0c9CE961197E149d6c1',
      _tokens: [Array],
      _protocol: '',
      _tokenBalances: [Object]
    },
    UniswappyV2EthPair {
      _marketAddress: '0x7661CEFF798a2E925B68134Ed288d99f920B9093',
      _tokens: [Array],
      _protocol: '',
      _tokenBalances: [Object]
    },
    UniswappyV2EthPair {
      _marketAddress: '0x4C8A7E8486CfF833A319B86A3E8490cb016e35e1',
      _tokens: [Array],
      _protocol: '',
      _tokenBalances: [Object]
    }
  ],
  '0x3B4443F97B37A6Ef864c3f0f1632E366B4f1d20f': [
    UniswappyV2EthPair {
      _marketAddress: '0xE27da3e574C116fB6443a298fCd69F3C67708702',
      _tokens: [Array],
      _protocol: '',
      _tokenBalances: [Object]
    },
    UniswappyV2EthPair {
      _marketAddress: '0x95770E7D6570ea866fcDAB974550F4d6Cd16CB12',
      _tokens: [Array],
      _protocol: '',
      _tokenBalances: [Object]
    }
  ],
  '0x85EAC5Ac2F758618dFa09bDbe0cf174e7d574D5B': [
    UniswappyV2EthPair {
      _marketAddress: '0x572c6fC33BE8dC8fB46eDE71749A97b649843Ade',
      _tokens: [Array],
      _protocol: '',
      _tokenBalances: [Object]
    },
    UniswappyV2EthPair {
      _marketAddress: '0x00e9aB63B37F23d24e65C761ba6ce5320cD4577A',
      _tokens: [Array],
      _protocol: '',
      _tokenBalances: [Object]
    }
  ],
  '0x371Bb8628296aD841406ea97868D3D61e26101EA': [
    UniswappyV2EthPair {
      _marketAddress: '0xbe9FA7b1cA3E5a1Cba961Ac95d81CE835EBDFFb2',
      _tokens: [Array],
      _protocol: '',
      _tokenBalances: [Object]
    },
    UniswappyV2EthPair {
      _marketAddress: '0x59bf375b7750C485B494BDEADa721022D4d19945',
      _tokens: [Array],
      _protocol: '',
      _tokenBalances: [Object]
    },
    UniswappyV2EthPair {
      _marketAddress: '0x7f8b7f325cC93D34D52D737cfC62A3f2c8B1d0b7',
      _tokens: [Array],
      _protocol: '',
      _tokenBalances: [Object]
    }
  ],
  '0xD7B729ef857Aa773f47D37088A1181bB3fbF0099': [
    UniswappyV2EthPair {
      _marketAddress: '0x8A756F5463601CcBA946b5c723A166B8b777f30f',
      _tokens: [Array],
      _protocol: '',
      _tokenBalances: [Object]
    },
    UniswappyV2EthPair {
      _marketAddress: '0x20e989380BE42f92F52A436Dfd3fF7fd91938f34',
      _tokens: [Array],
      _protocol: '',
      _tokenBalances: [Object]
    },
    UniswappyV2EthPair {
      _marketAddress: '0xD423fDe466315D45fB0da457dF28D5EEB92be580',
      _tokens: [Array],
      _protocol: '',
      _tokenBalances: [Object]
    },
    UniswappyV2EthPair {
      _marketAddress: '0x1490c68d0d5e3E7C9d53299824c9bB816639AA66',
      _tokens: [Array],
      _protocol: '',
      _tokenBalances: [Object]
    }
  ],
  '0xB2d8eA63b0d103258E42B2f7114e005CE3FE2C65': [
    UniswappyV2EthPair {
      _marketAddress: '0x9478a0A72594f0d4e3333d4D59f937444758B126',
      _tokens: [Array],
      _protocol: '',
      _tokenBalances: [Object]
    },
    UniswappyV2EthPair {
      _marketAddress: '0x1fAf0b63B19311075028F034dDb26F2d0501D8A6',
      _tokens: [Array],
      _protocol: '',
      _tokenBalances: [Object]
    }
  ],
  '0xdFC3829b127761a3218bFceE7fc92e1232c9D116': [
    UniswappyV2EthPair {
      _marketAddress: '0x0A96394DFC481A77623d8fB39fb1af5Aee132C38',
      _tokens: [Array],
      _protocol: '',
      _tokenBalances: [Object]
    },
    UniswappyV2EthPair {
      _marketAddress: '0xE0Dfa87D84671e6C8073c4ac752894093214F825',
      _tokens: [Array],
      _protocol: '',
      _tokenBalances: [Object]
    }
  ],
  '0x9a319b959e33369C5eaA494a770117eE3e585318': [
    UniswappyV2EthPair {
      _marketAddress: '0x6e29F009449756226FEE327AC195837a144229b6',
      _tokens: [Array],
      _protocol: '',
      _tokenBalances: [Object]
    },
    UniswappyV2EthPair {
      _marketAddress: '0x75E7E177Ae68BaD3ffB8519c2c389C1f8E017B5E',
      _tokens: [Array],
      _protocol: '',
      _tokenBalances: [Object]
    },
    UniswappyV2EthPair {
      _marketAddress: '0x0716725d78081A9E0E1Ff81516f5415b399e274D',
      _tokens: [Array],
      _protocol: '',
      _tokenBalances: [Object]
    },
    UniswappyV2EthPair {
      _marketAddress: '0x2033DAD709f65f065749b964066d3311b52AE16B',
      _tokens: [Array],
      _protocol: '',
      _tokenBalances: [Object]
    }
  ],
  '0x111111111117dC0aa78b770fA6A738034120C302': [
    UniswappyV2EthPair {
      _marketAddress: '0xC1D321b1F53b70F4489bf65bbF8e767C99B869C7',
      _tokens: [Array],
      _protocol: '',
      _tokenBalances: [Object]
    },
    UniswappyV2EthPair {
      _marketAddress: '0x95983aDA2734DdeAf5A547a2Be365292531aB48e',
      _tokens: [Array],
      _protocol: '',
      _tokenBalances: [Object]
    },
    UniswappyV2EthPair {
      _marketAddress: '0xC601D8b9BBA170e8f5bcEB52827C0d5ba89CBed1',
      _tokens: [Array],
      _protocol: '',
      _tokenBalances: [Object]
    },
    UniswappyV2EthPair {
      _marketAddress: '0xdC9f43c77316f5B4915678d213eF514711FE03e6',
      _tokens: [Array],
      _protocol: '',
      _tokenBalances: [Object]
    },
    UniswappyV2EthPair {
      _marketAddress: '0x38B22083c11538ffD534938ed5fba408a6568552',
      _tokens: [Array],
      _protocol: '',
      _tokenBalances: [Object]
    },
    UniswappyV2EthPair {
      _marketAddress: '0x0355d5d4648dC27d65D45016fE895D1C9cd25C41',
      _tokens: [Array],
      _protocol: '',
      _tokenBalances: [Object]
    }
  ],
  '0x5f0Da599BB2ccCfcf6Fdfd7D81743B6020864350': [
    UniswappyV2EthPair {
      _marketAddress: '0xD59695F6ee5590DD5D9514eE62B60cEe0c35f87d',
      _tokens: [Array],
      _protocol: '',
      _tokenBalances: [Object]
    },
    UniswappyV2EthPair {
      _marketAddress: '0xd446A0fac0ABd96797EfD1B7fa2243223Ee5eDc6',
      _tokens: [Array],
      _protocol: '',
      _tokenBalances: [Object]
    }
  ],
  '0xC1e75BC2c0553aFEfdF346BaB43A8D0b22518a9c': [
    UniswappyV2EthPair {
      _marketAddress: '0x793c762df422AAC3F6115B61324A313829C06d51',
      _tokens: [Array],
      _protocol: '',
      _tokenBalances: [Object]
    },
    UniswappyV2EthPair {
      _marketAddress: '0x2E970467BDc9Cdc1FC3f52e844E3CF7e67B40A45',
      _tokens: [Array],
      _protocol: '',
      _tokenBalances: [Object]
    }
  ],
  '0x83e1b3C62B5CD8ffd4cC0C8E818EEAE865c6Cabd': [
    UniswappyV2EthPair {
      _marketAddress: '0xb562fad8801Ad66B2Ac8e57Df7f0931937D8E1d6',
      _tokens: [Array],
      _protocol: '',
      _tokenBalances: [Object]
    },
    UniswappyV2EthPair {
      _marketAddress: '0x5c512D8FE4BA33B5Eb924dB6aFf7b43dc086538f',
      _tokens: [Array],
      _protocol: '',
      _tokenBalances: [Object]
    },
    UniswappyV2EthPair {
      _marketAddress: '0x5102269967d85280f3b4b78a1F7aB24cac7695ed',
      _tokens: [Array],
      _protocol: '',
      _tokenBalances: [Object]
    }
  ],
  '0xa47d87704d8fdE73A19eaB2A2343947aE8537b02': [
    UniswappyV2EthPair {
      _marketAddress: '0xa12a078f62cc1b02e00db33e66cc7dA8717759dA',
      _tokens: [Array],
      _protocol: '',
      _tokenBalances: [Object]
    },
    UniswappyV2EthPair {
      _marketAddress: '0xE511554D2532A31DFc2387085626465428C78cc9',
      _tokens: [Array],
      _protocol: '',
      _tokenBalances: [Object]
    },
    UniswappyV2EthPair {
      _marketAddress: '0x1Fe9b1D9dCE31c74D92a0d61Ba59f993330Af9cD',
      _tokens: [Array],
      _protocol: '',
      _tokenBalances: [Object]
    }
  ],
  '0x41F30aE2B5260bd9558D9B18E0Be77D2B7A0CED9': [
    UniswappyV2EthPair {
      _marketAddress: '0xA61b032a352bE57fA95010d0c76ef33c3dccc5a7',
      _tokens: [Array],
      _protocol: '',
      _tokenBalances: [Object]
    },
    UniswappyV2EthPair {
      _marketAddress: '0xb42A43e9c23f642F2FaC41dEd5F537C3516B4522',
      _tokens: [Array],
      _protocol: '',
      _tokenBalances: [Object]
    }
  ],
  '0x4090e535F2e251F5F88518998B18b54d26B3b07c': [
    UniswappyV2EthPair {
      _marketAddress: '0xFEaf192c2662E5700bDa860c58d2686d9cc12Ec8',
      _tokens: [Array],
      _protocol: '',
      _tokenBalances: [Object]
    },
    UniswappyV2EthPair {
      _marketAddress: '0x687efea126216159b628Fd3F5B7dE996C6cd42D6',
      _tokens: [Array],
      _protocol: '',
      _tokenBalances: [Object]
    },
    UniswappyV2EthPair {
      _marketAddress: '0xc9299FE3656d2d1BE9F5f05D046c33b88BB762cA',
      _tokens: [Array],
      _protocol: '',
      _tokenBalances: [Object]
    }
  ],
  '0x4949604f1Bc919e446E4de989721C4F5824FeDca': [
    UniswappyV2EthPair {
      _marketAddress: '0xe6D7Ca5376C8c20ee76D4c9167C28a8c8f767578',
      _tokens: [Array],
      _protocol: '',
      _tokenBalances: [Object]
    },
    UniswappyV2EthPair {
      _marketAddress: '0xf487c84a6c615740351F30f995F6E38393973BEF',
      _tokens: [Array],
      _protocol: '',
      _tokenBalances: [Object]
    }
  ],
  '0x2859e4544C4bB03966803b044A93563Bd2D0DD4D': [
    UniswappyV2EthPair {
      _marketAddress: '0xC0AFB6078981629F7eAe4f2ae93b6DBEA9D7a7e9',
      _tokens: [Array],
      _protocol: '',
      _tokenBalances: [Object]
    },
    UniswappyV2EthPair {
      _marketAddress: '0xc592F85794d80D8C048dF047E7091F74747D9B72',
      _tokens: [Array],
      _protocol: '',
      _tokenBalances: [Object]
    },
    UniswappyV2EthPair {
      _marketAddress: '0x9084E4850CDF7B2C06b3fb3eEa173228D5Cf2A4a',
      _tokens: [Array],
      _protocol: '',
      _tokenBalances: [Object]
    }
  ],
  '0x37A9357B0d575d419595Cb56974fb89729E737de': [
    UniswappyV2EthPair {
      _marketAddress: '0x3d0633d5fE3dF8981870d18F66929e2df20ac688',
      _tokens: [Array],
      _protocol: '',
      _tokenBalances: [Object]
    },
    UniswappyV2EthPair {
      _marketAddress: '0x4734d2d1D88b5f25cA54c3B007AAE176150bC986',
      _tokens: [Array],
      _protocol: '',
      _tokenBalances: [Object]
    }
  ],
  '0x8743F476De18e76884c5e6d6DC55E940596ab25d': [
    UniswappyV2EthPair {
      _marketAddress: '0x51E985D0A981Bf98178b758C7E1E5a6Ec7771FA3',
      _tokens: [Array],
      _protocol: '',
      _tokenBalances: [Object]
    },
    UniswappyV2EthPair {
      _marketAddress: '0xaFD083801c4eE1bE08106882E10893BC0420726D',
      _tokens: [Array],
      _protocol: '',
      _tokenBalances: [Object]
    }
  ],
  '0xFbb744acb643AfE177Ff0b3Badc447564b2E7E50': [
    UniswappyV2EthPair {
      _marketAddress: '0x6633582Ff8C84F87D206955CfBec85409F5bc43D',
      _tokens: [Array],
      _protocol: '',
      _tokenBalances: [Object]
    },
    UniswappyV2EthPair {
      _marketAddress: '0xCc2E8bD42a98f44fD2e7accDaF970F2d93789fa2',
      _tokens: [Array],
      _protocol: '',
      _tokenBalances: [Object]
    },
    UniswappyV2EthPair {
      _marketAddress: '0x068a8610D50F2b2fbBB32995cABaf22F3ab67824',
      _tokens: [Array],
      _protocol: '',
      _tokenBalances: [Object]
    }
  ],
  '0x3c335b69Ec5567A5DbcfbE84446cb7a4E1b949C6': [
    UniswappyV2EthPair {
      _marketAddress: '0xf3488eef6724D71b842DB24B025E11a4585Cf9dc',
      _tokens: [Array],
      _protocol: '',
      _tokenBalances: [Object]
    },
    UniswappyV2EthPair {
      _marketAddress: '0x67bBb591b07dD7D03a2E4246330cba2353eF8C58',
      _tokens: [Array],
      _protocol: '',
      _tokenBalances: [Object]
    }
  ],
  '0xbcf39F0EDDa668C58371E519AF37CA705f2bFcbd': [
    UniswappyV2EthPair {
      _marketAddress: '0x334E697022AeAbbA58385aFB3Abf3D9347C1b260',
      _tokens: [Array],
      _protocol: '',
      _tokenBalances: [Object]
    },
    UniswappyV2EthPair {
      _marketAddress: '0xe67B96a9456E6e623463d022Fbb949a3fdD9Ed4C',
      _tokens: [Array],
      _protocol: '',
      _tokenBalances: [Object]
    },
    UniswappyV2EthPair {
      _marketAddress: '0x777B0c17d6f2A3aA21F791d73c5a26EB56Dd5292',
      _tokens: [Array],
      _protocol: '',
      _tokenBalances: [Object]
    },
    UniswappyV2EthPair {
      _marketAddress: '0x6615CE60D71513aA4849269dD63821D324A23F8C',
      _tokens: [Array],
      _protocol: '',
      _tokenBalances: [Object]
    },
    UniswappyV2EthPair {
      _marketAddress: '0x889E81d25bFfbA437b2a5d3e0E4FC58a0E2749c5',
      _tokens: [Array],
      _protocol: '',
      _tokenBalances: [Object]
    }
  ],
  '0x4131b87F74415190425ccD873048C708F8005823': [
    UniswappyV2EthPair {
      _marketAddress: '0xcF2C3aF91B5A55E283a8A8C2932B88009B557b4a',
      _tokens: [Array],
      _protocol: '',
      _tokenBalances: [Object]
    },
    UniswappyV2EthPair {
      _marketAddress: '0x892D17B1448138C2d73455099db6579855daE1A3',
      _tokens: [Array],
      _protocol: '',
      _tokenBalances: [Object]
    },
    UniswappyV2EthPair {
      _marketAddress: '0xc20A92a1424b29b78DFaF92FD35D4cf8A06419B4',
      _tokens: [Array],
      _protocol: '',
      _tokenBalances: [Object]
    },
    UniswappyV2EthPair {
      _marketAddress: '0x4D5aA94Ce6BbB1BC4eb73207a5a5d4D052cFcD67',
      _tokens: [Array],
      _protocol: '',
      _tokenBalances: [Object]
    }
  ],
  '0x4F47A0d15c1E53F3d94c069C7D16977c29F9CB6B': [
    UniswappyV2EthPair {
      _marketAddress: '0x7d54029dcE63309D345a643E6DaA5c4eF25F159b',
      _tokens: [Array],
      _protocol: '',
      _tokenBalances: [Object]
    },
    UniswappyV2EthPair {
      _marketAddress: '0x1BCbbb0ABE9bB81043Df575F771E2B1f450F7638',
      _tokens: [Array],
      _protocol: '',
      _tokenBalances: [Object]
    },
    UniswappyV2EthPair {
      _marketAddress: '0x82f504D655ec6dbA8d5eBbd0036a908A719A295f',
      _tokens: [Array],
      _protocol: '',
      _tokenBalances: [Object]
    }
  ],
  '0x2aB41B5C090f07662DBB889B72630caC560569b5': [
    UniswappyV2EthPair {
      _marketAddress: '0x436BDA511fB94276313D65C41Bcf227D8112C87a',
      _tokens: [Array],
      _protocol: '',
      _tokenBalances: [Object]
    },
    UniswappyV2EthPair {
      _marketAddress: '0xf799ad7c35707155528c354494fFcff8a362043a',
      _tokens: [Array],
      _protocol: '',
      _tokenBalances: [Object]
    }
  ],
  '0xBf5140A22578168FD562DCcF235E5D43A02ce9B1': [
    UniswappyV2EthPair {
      _marketAddress: '0x531b34E4e6F3ea3E05dee17EeA164b03cc328E23',
      _tokens: [Array],
      _protocol: '',
      _tokenBalances: [Object]
    },
    UniswappyV2EthPair {
      _marketAddress: '0x1a5F04e8E20dd15C219C39cc2a989F64B3307779',
      _tokens: [Array],
      _protocol: '',
      _tokenBalances: [Object]
    },
    UniswappyV2EthPair {
      _marketAddress: '0x26c56ca50c3317C6c30bF94bf1E26876d405B18f',
      _tokens: [Array],
      _protocol: '',
      _tokenBalances: [Object]
    },
    UniswappyV2EthPair {
      _marketAddress: '0x8c213a1479fC94D0F7af4c4e9129ba8e4b318352',
      _tokens: [Array],
      _protocol: '',
      _tokenBalances: [Object]
    },
    UniswappyV2EthPair {
      _marketAddress: '0x014608E87AF97a054C9a49f81E1473076D51d9a3',
      _tokens: [Array],
      _protocol: '',
      _tokenBalances: [Object]
    },
    UniswappyV2EthPair {
      _marketAddress: '0x4269e7F43A63CEA1aD7707Be565a94a9189967E9',
      _tokens: [Array],
      _protocol: '',
      _tokenBalances: [Object]
    }
  ],
  '0xC9849E6fdB743d08fAeE3E34dd2D1bc69EA11a51': [
    UniswappyV2EthPair {
      _marketAddress: '0xAa78E5580AE24e52d2841281AdA5B55fDd72c81a',
      _tokens: [Array],
      _protocol: '',
      _tokenBalances: [Object]
    },
    UniswappyV2EthPair {
      _marketAddress: '0xce03f56c13D0a5725b9d01B816C983DC7aab130F',
      _tokens: [Array],
      _protocol: '',
      _tokenBalances: [Object]
    },
    UniswappyV2EthPair {
      _marketAddress: '0x5aFEf8567414F29f0f927A0F2787b188624c10E2',
      _tokens: [Array],
      _protocol: '',
      _tokenBalances: [Object]
    },
    UniswappyV2EthPair {
      _marketAddress: '0x7Bb89460599Dbf32ee3Aa50798BBcEae2A5F7f6a',
      _tokens: [Array],
      _protocol: '',
      _tokenBalances: [Object]
    }
  ],
  '0x4b87642AEDF10b642BE4663Db842Ecc5A88bf5ba': [
    UniswappyV2EthPair {
      _marketAddress: '0x01268B6Ee87678882F871340AA049Dbe41999086',
      _tokens: [Array],
      _protocol: '',
      _tokenBalances: [Object]
    },
    UniswappyV2EthPair {
      _marketAddress: '0xF477B8052702D594B3B38d908E8cd6e94EF5017a',
      _tokens: [Array],
      _protocol: '',
      _tokenBalances: [Object]
    },
    UniswappyV2EthPair {
      _marketAddress: '0x091A7065306fa5F91a378e8D6858996C20868611',
      _tokens: [Array],
      _protocol: '',
      _tokenBalances: [Object]
    }
  ],
  '0x0523215DCafbF4E4aA92117d13C6985a3BeF27D7': [
    UniswappyV2EthPair {
      _marketAddress: '0xB0D759CD87B74f079166283f4f6631F5703cEa1A',
      _tokens: [Array],
      _protocol: '',
      _tokenBalances: [Object]
    },
    UniswappyV2EthPair {
      _marketAddress: '0x007ACe5397b56E19A9436fBa289d7Fed71C49328',
      _tokens: [Array],
      _protocol: '',
      _tokenBalances: [Object]
    }
  ],
  '0xA477ce762aF1347553A2AEc47b00C00Bf9Eca88B': [
    UniswappyV2EthPair {
      _marketAddress: '0xc60A6326Cf431462Ba5c2f10b3D7D060C6818eA4',
      _tokens: [Array],
      _protocol: '',
      _tokenBalances: [Object]
    },
    UniswappyV2EthPair {
      _marketAddress: '0x13c48CAC83A4c112e00A95003EEf2d4490DC6c80',
      _tokens: [Array],
      _protocol: '',
      _tokenBalances: [Object]
    },
    UniswappyV2EthPair {
      _marketAddress: '0xb8CC1406552b50dDE44e775bC3a4A6db078632C2',
      _tokens: [Array],
      _protocol: '',
      _tokenBalances: [Object]
    }
  ],
  '0xC409eC8a33f31437Ed753C82EEd3c5F16d6D7e22': [
    UniswappyV2EthPair {
      _marketAddress: '0xE36c207329b70a4657132692b3877549980e06C0',
      _tokens: [Array],
      _protocol: '',
      _tokenBalances: [Object]
    },
    UniswappyV2EthPair {
      _marketAddress: '0xa9F65a288aB4c4FaE59192D3867B5C27136A12a4',
      _tokens: [Array],
      _protocol: '',
      _tokenBalances: [Object]
    },
    UniswappyV2EthPair {
      _marketAddress: '0xC6D01261851c99Eba0dc60d93ef11A90f1603476',
      _tokens: [Array],
      _protocol: '',
      _tokenBalances: [Object]
    }
  ],
  '0x2d43Dfe648Bb8C9c22f9FFcD1937369a9Fdd0eBc': [
    UniswappyV2EthPair {
      _marketAddress: '0x1Cf5ED0959d436f9Ee3E9c2568e07BD234d94F4D',
      _tokens: [Array],
      _protocol: '',
      _tokenBalances: [Object]
    },
    UniswappyV2EthPair {
      _marketAddress: '0x82002fbe8f4EB4F35944f2D0B497F3b666Bdf0C4',
      _tokens: [Array],
      _protocol: '',
      _tokenBalances: [Object]
    }
  ],
  '0x95897Be30dEAEFB20FB7B3960613042690611a50': [
    UniswappyV2EthPair {
      _marketAddress: '0xA72901417b1D456B2963A965d4d07E03d560df24',
      _tokens: [Array],
      _protocol: '',
      _tokenBalances: [Object]
    },
    UniswappyV2EthPair {
      _marketAddress: '0x804ff53b615c6e3D6682E330231548Df9a25cEE2',
      _tokens: [Array],
      _protocol: '',
      _tokenBalances: [Object]
    }
  ],
  '0xD9A88f9b7101046786490bAF433f0f6aB3D753E2': [
    UniswappyV2EthPair {
      _marketAddress: '0x3D6A067dC8a5B6657749905EeAAa39B43aF4F294',
      _tokens: [Array],
      _protocol: '',
      _tokenBalances: [Object]
    },
    UniswappyV2EthPair {
      _marketAddress: '0x32e9015b5bAd1c4202Aa0a02809A7FF0DCeA40d1',
      _tokens: [Array],
      _protocol: '',
      _tokenBalances: [Object]
    },
    UniswappyV2EthPair {
      _marketAddress: '0x23E5837523EB23ADa2ee8Cc31C021A592C3c869D',
      _tokens: [Array],
      _protocol: '',
      _tokenBalances: [Object]
    }
  ],
  '0x00aa85e010204068b7CC2235800B2d8036bdbF2E': [
    UniswappyV2EthPair {
      _marketAddress: '0xaAB7b3C31c8f76e4bFe0D0Cd073b1bCa6279072c',
      _tokens: [Array],
      _protocol: '',
      _tokenBalances: [Object]
    },
    UniswappyV2EthPair {
      _marketAddress: '0xa7f1357414D53F00eB89074487C1bFb28A8179D0',
      _tokens: [Array],
      _protocol: '',
      _tokenBalances: [Object]
    }
  ],
  '0xeE814F5B2bF700D2e843Dc56835D28d095161dd9': [
    UniswappyV2EthPair {
      _marketAddress: '0x0c52721790387f97fA77aCAf151667C9e9730c76',
      _tokens: [Array],
      _protocol: '',
      _tokenBalances: [Object]
    },
    UniswappyV2EthPair {
      _marketAddress: '0x7BA02AFCB8112648D27772f0d73c759C6963a666',
      _tokens: [Array],
      _protocol: '',
      _tokenBalances: [Object]
    }
  ],
  '0x87Ffc48C9f89fc5dfA05836e083406D684FD6331': [
    UniswappyV2EthPair {
      _marketAddress: '0x7ff6C20b1C30B5F2a956325D8Bd7C81862FE94F9',
      _tokens: [Array],
      _protocol: '',
      _tokenBalances: [Object]
    },
    UniswappyV2EthPair {
      _marketAddress: '0xB381265d6Ac68b26FA129D890dcd32D403bc9f25',
      _tokens: [Array],
      _protocol: '',
      _tokenBalances: [Object]
    }
  ],
  '0x417aEEb5582E43A473430625EAc0E71E2c8c9b77': [
    UniswappyV2EthPair {
      _marketAddress: '0xd6AC5d84d502C4e98524C60e17e625C0Dc184a18',
      _tokens: [Array],
      _protocol: '',
      _tokenBalances: [Object]
    },
    UniswappyV2EthPair {
      _marketAddress: '0x795CEbd395FDF6D49521431F71CfecbF8Ca6d9Ca',
      _tokens: [Array],
      _protocol: '',
      _tokenBalances: [Object]
    }
  ],
  '0x303dE4bdb189B951F875eB4A8ECDe2985138161e': [
    UniswappyV2EthPair {
      _marketAddress: '0x954bcd37b62374402A4afE9E19d1e7662cF66383',
      _tokens: [Array],
      _protocol: '',
      _tokenBalances: [Object]
    },
    UniswappyV2EthPair {
      _marketAddress: '0x75768cFdB27bA7eD76E2CB2D0655b9B862A334e3',
      _tokens: [Array],
      _protocol: '',
      _tokenBalances: [Object]
    }
  ],
  '0x3203c9E46cA618C8C1cE5dC67e7e9D75f5da2377': [
    UniswappyV2EthPair {
      _marketAddress: '0xE5459c34E13797372f6c95c0aAC81A5fAf60223E',
      _tokens: [Array],
      _protocol: '',
      _tokenBalances: [Object]
    },
    UniswappyV2EthPair {
      _marketAddress: '0x4e737F36C45c3283a2645E600cCC433D173594E5',
      _tokens: [Array],
      _protocol: '',
      _tokenBalances: [Object]
    },
    UniswappyV2EthPair {
      _marketAddress: '0x8FA59693458289914dB0097F5F366d771B7a7C3F',
      _tokens: [Array],
      _protocol: '',
      _tokenBalances: [Object]
    },
    UniswappyV2EthPair {
      _marketAddress: '0x8D42EE6F423a5016792E6D0d4508c05F30cAc5BC',
      _tokens: [Array],
      _protocol: '',
      _tokenBalances: [Object]
    }
  ],
  '0x0ba3870E67650dcbB42A616A989ffa9249d937d5': [
    UniswappyV2EthPair {
      _marketAddress: '0xc4e24Df2Ce93656585B8e85d4DfA933E00CEeE27',
      _tokens: [Array],
      _protocol: '',
      _tokenBalances: [Object]
    },
    UniswappyV2EthPair {
      _marketAddress: '0xCB42108f50516d8E190A8ea0B5102Daa871dad59',
      _tokens: [Array],
      _protocol: '',
      _tokenBalances: [Object]
    }
  ],
  '0x8578Eb576e126f67913a8bC0622e0A22EBa0989A': [
    UniswappyV2EthPair {
      _marketAddress: '0x067E01673Ef4dD95f5870d17cae1f1E4D5ed8A2f',
      _tokens: [Array],
      _protocol: '',
      _tokenBalances: [Object]
    },
    UniswappyV2EthPair {
      _marketAddress: '0x13292A6D9D7cA6484416574744301054b80a885e',
      _tokens: [Array],
      _protocol: '',
      _tokenBalances: [Object]
    }
  ],
  '0x154A9F9cbd3449AD22FDaE23044319D6eF2a1Fab': [
    UniswappyV2EthPair {
      _marketAddress: '0x0dEB588c1EC6f1D9f348126D401f05c4c7B7a80c',
      _tokens: [Array],
      _protocol: '',
      _tokenBalances: [Object]
    },
    UniswappyV2EthPair {
      _marketAddress: '0xC19dfd34D3ba5816dF9CBDaa02D32A9F8dc6F6fC',
      _tokens: [Array],
      _protocol: '',
      _tokenBalances: [Object]
    }
  ],
  '0x9B26e16377ad29A6CCC01770bcfB56DE3A36d8b2': [
    UniswappyV2EthPair {
      _marketAddress: '0x051724874952381E4efD22846B2789334D52AbDB',
      _tokens: [Array],
      _protocol: '',
      _tokenBalances: [Object]
    },
    UniswappyV2EthPair {
      _marketAddress: '0x6C3E5a6d22dD466751d52733B952f2E0c79a9932',
      _tokens: [Array],
      _protocol: '',
      _tokenBalances: [Object]
    }
  ],
  '0xe9942e755b81173d81A220255B2B29beA4A44FAb': [
    UniswappyV2EthPair {
      _marketAddress: '0x83863526ffD6F24cF338534D467F7fB5473471BA',
      _tokens: [Array],
      _protocol: '',
      _tokenBalances: [Object]
    },
    UniswappyV2EthPair {
      _marketAddress: '0x8A0Eaa2eeD730B748A9c786b750f7ba4FE9a22d4',
      _tokens: [Array],
      _protocol: '',
      _tokenBalances: [Object]
    }
  ],
  '0x34E6C05f1Ef38eBb16162c7B58Bd58DBdba02DD6': [
    UniswappyV2EthPair {
      _marketAddress: '0xC19e98Bf784ab2aCFb983Aa6B18b8d66627952C8',
      _tokens: [Array],
      _protocol: '',
      _tokenBalances: [Object]
    },
    UniswappyV2EthPair {
      _marketAddress: '0x3802E398098EeC961Da3294afE541e42095Fc396',
      _tokens: [Array],
      _protocol: '',
      _tokenBalances: [Object]
    }
  ],
  '0x53138F7B73edA9013b54c34707c58f84f07Eb583': [
    UniswappyV2EthPair {
      _marketAddress: '0xD9Ea849eDe4569bcD5A8783790a939B89BFF3018',
      _tokens: [Array],
      _protocol: '',
      _tokenBalances: [Object]
    },
    UniswappyV2EthPair {
      _marketAddress: '0x2D99824c769039B72f50BdA9791Ee2f7c95F314C',
      _tokens: [Array],
      _protocol: '',
      _tokenBalances: [Object]
    }
  ],
  '0x9e7691D7f68BfF6445eb6CA3CaeA23B1282FEC2a': [
    UniswappyV2EthPair {
      _marketAddress: '0x9EE502Dfe631c30cf9f73544bcAB9690781B91C6',
      _tokens: [Array],
      _protocol: '',
      _tokenBalances: [Object]
    },
    UniswappyV2EthPair {
      _marketAddress: '0x5ce33Be9e8628Adc0E7aDD4fC4bD2DFfd54239fE',
      _tokens: [Array],
      _protocol: '',
      _tokenBalances: [Object]
    }
  ],
  '0xCA6d25C10dad43ae8Be0bc2af4D3CD1114583C08': [
    UniswappyV2EthPair {
      _marketAddress: '0x45546310FDA2fbDB7Ee26EA0A5b6F82D075254bC',
      _tokens: [Array],
      _protocol: '',
      _tokenBalances: [Object]
    },
    UniswappyV2EthPair {
      _marketAddress: '0x129d33B8bAB1B5eFedC5450723FACEeac8065F3f',
      _tokens: [Array],
      _protocol: '',
      _tokenBalances: [Object]
    }
  ],
  '0x58BFc98F3974AeF4FED9A0168B97CcCD3512cB4A': [
    UniswappyV2EthPair {
      _marketAddress: '0x9fAb622C478c64695871A22517565C1b28A6eb1A',
      _tokens: [Array],
      _protocol: '',
      _tokenBalances: [Object]
    },
    UniswappyV2EthPair {
      _marketAddress: '0xac645caa8feB3758a3f6E6fB6D629F427C53E744',
      _tokens: [Array],
      _protocol: '',
      _tokenBalances: [Object]
    }
  ],
  '0x1AF3F329e8BE154074D8769D1FFa4eE058B1DBc3': [
    UniswappyV2EthPair {
      _marketAddress: '0xeeF64E1b9417acC4a4fef492d85B98Fa4Cb7D50A',
      _tokens: [Array],
      _protocol: '',
      _tokenBalances: [Object]
    },
    UniswappyV2EthPair {
      _marketAddress: '0x6188aE138273e000e20FFCa1B942387B0D1764F5',
      _tokens: [Array],
      _protocol: '',
      _tokenBalances: [Object]
    },
    UniswappyV2EthPair {
      _marketAddress: '0xD34E291c3bBfF207e4ffB8F615A57a113830E4aF',
      _tokens: [Array],
      _protocol: '',
      _tokenBalances: [Object]
    },
    UniswappyV2EthPair {
      _marketAddress: '0x75aAd3d8DF4e5396BE08181fb8Aa103ab5281D35',
      _tokens: [Array],
      _protocol: '',
      _tokenBalances: [Object]
    },
    UniswappyV2EthPair {
      _marketAddress: '0xe6cF29055E747E95C058F64423D984546540EDe5',
      _tokens: [Array],
      _protocol: '',
      _tokenBalances: [Object]
    },
    UniswappyV2EthPair {
      _marketAddress: '0xc7c3cCCE4FA25700fD5574DA7E200ae28BBd36A3',
      _tokens: [Array],
      _protocol: '',
      _tokenBalances: [Object]
    },
    UniswappyV2EthPair {
      _marketAddress: '0x56C77d59E82f33c712f919D09FcedDf49660a829',
      _tokens: [Array],
      _protocol: '',
      _tokenBalances: [Object]
    }
  ],
  '0x579A6277a6c2c63a5b25006F63Bce5DC8D9c25e7': [
    UniswappyV2EthPair {
      _marketAddress: '0x156953dBB184C69aAf20C070932FeB72f9E497ca',
      _tokens: [Array],
      _protocol: '',
      _tokenBalances: [Object]
    },
    UniswappyV2EthPair {
      _marketAddress: '0x57a30923EbAb62209792B77ccF7BC5dd6bF1F658',
      _tokens: [Array],
      _protocol: '',
      _tokenBalances: [Object]
    },
    UniswappyV2EthPair {
      _marketAddress: '0x8e2519273C457a267840043F3FCa80cb773cD167',
      _tokens: [Array],
      _protocol: '',
      _tokenBalances: [Object]
    }
  ],
  '0xCE195c777e1ce96C30ebeC54C91d20417a068706': [
    UniswappyV2EthPair {
      _marketAddress: '0x6499B675EB745Fb2b63dc96f45A6Ea29F6172c46',
      _tokens: [Array],
      _protocol: '',
      _tokenBalances: [Object]
    },
    UniswappyV2EthPair {
      _marketAddress: '0xDE3E9Cd3d43BAF931F71618d37AB0c3e8C6C44F9',
      _tokens: [Array],
      _protocol: '',
      _tokenBalances: [Object]
    },
    UniswappyV2EthPair {
      _marketAddress: '0x5967E18872F3392BF9d318d0cb04F37693e9Bf9F',
      _tokens: [Array],
      _protocol: '',
      _tokenBalances: [Object]
    }
  ],
  '0xe550a593d09FBC8DCD557b5C88Cea6946A8b404A': [
    UniswappyV2EthPair {
      _marketAddress: '0x60d468dcF8BD40913094B112922afd1B80cD060e',
      _tokens: [Array],
      _protocol: '',
      _tokenBalances: [Object]
    },
    UniswappyV2EthPair {
      _marketAddress: '0x5F0eFB6fbE7b63643fB3A4F536e669B60C567a72',
      _tokens: [Array],
      _protocol: '',
      _tokenBalances: [Object]
    }
  ],
  '0xa2Eb573862F1910F0537001a419Bd9B01e821c8A': [
    UniswappyV2EthPair {
      _marketAddress: '0xc6921735dA58a03170E6386794D257d4590Bed5F',
      _tokens: [Array],
      _protocol: '',
      _tokenBalances: [Object]
    },
    UniswappyV2EthPair {
      _marketAddress: '0x05083c003874C1d49BCF4df789f002B27C81abcd',
      _tokens: [Array],
      _protocol: '',
      _tokenBalances: [Object]
    }
  ],
  '0xcc97f1982E5b1A1e90CA7D1801eACef5D4da2591': [
    UniswappyV2EthPair {
      _marketAddress: '0xB53D98E6b742Ce67721B3653904E5b2afFA492b7',
      _tokens: [Array],
      _protocol: '',
      _tokenBalances: [Object]
    },
    UniswappyV2EthPair {
      _marketAddress: '0x7252e7aC3449A7e3d7973820163e42D295B17227',
      _tokens: [Array],
      _protocol: '',
      _tokenBalances: [Object]
    }
  ],
  '0x8B3268a23131DAFBd77165690767F285C1AAC6C5': [
    UniswappyV2EthPair {
      _marketAddress: '0xb5060076989e51E5EBDa9B922D3bB9D1cAcD389b',
      _tokens: [Array],
      _protocol: '',
      _tokenBalances: [Object]
    },
    UniswappyV2EthPair {
      _marketAddress: '0x88b358B159c0a1D194d15Ae6d6E35C4dC7647d90',
      _tokens: [Array],
      _protocol: '',
      _tokenBalances: [Object]
    },
    UniswappyV2EthPair {
      _marketAddress: '0x1A37E13e93a9137902169D321ACA828b0CFba11f',
      _tokens: [Array],
      _protocol: '',
      _tokenBalances: [Object]
    }
  ],
  '0x42069C0CF4DA25420fC4C9d9001ba5af7846CCfd': [
    UniswappyV2EthPair {
      _marketAddress: '0x1D6abf4192D9bf71bb4d2Ea41412694AA5DEE215',
      _tokens: [Array],
      _protocol: '',
      _tokenBalances: [Object]
    },
    UniswappyV2EthPair {
      _marketAddress: '0x9c9075B62A1feC4dB0ECFb0F8a866BAcA23275E4',
      _tokens: [Array],
      _protocol: '',
      _tokenBalances: [Object]
    }
  ],
  '0x1DF40B3c220Cd791CEaD363655c60d066fCc6F68': [
    UniswappyV2EthPair {
      _marketAddress: '0xD4A764685a03dEeda441AA8bC8e08F4c15e33cd4',
      _tokens: [Array],
      _protocol: '',
      _tokenBalances: [Object]
    },
    UniswappyV2EthPair {
      _marketAddress: '0x25A90494b09658569C3716bada08652d6F4dA1Cc',
      _tokens: [Array],
      _protocol: '',
      _tokenBalances: [Object]
    },
    UniswappyV2EthPair {
      _marketAddress: '0x5C89409B48Ab81b34C9667b53a24D0743927761a',
      _tokens: [Array],
      _protocol: '',
      _tokenBalances: [Object]
    }
  ],
  '0x8D218fe5E63B88A1C4fBE11CD79Bc1e8Ec88D090': [
    UniswappyV2EthPair {
      _marketAddress: '0x2c6E17780F2fd41cDC4e8b1C07b1ad70cEcC8183',
      _tokens: [Array],
      _protocol: '',
      _tokenBalances: [Object]
    },
    UniswappyV2EthPair {
      _marketAddress: '0x06827AfEA2A4e72712Dd0e2cf04D00B0F34736B2',
      _tokens: [Array],
      _protocol: '',
      _tokenBalances: [Object]
    },
    UniswappyV2EthPair {
      _marketAddress: '0xd97006FE09D36bc72B29239fDb37eD3592781A59',
      _tokens: [Array],
      _protocol: '',
      _tokenBalances: [Object]
    }
  ],
  '0xb93D1Ad0380B33565e7BC46d95231408aaF4E870': [
    UniswappyV2EthPair {
      _marketAddress: '0x9fDAa857c6742aef89e61F16F09e50dcA3285C84',
      _tokens: [Array],
      _protocol: '',
      _tokenBalances: [Object]
    },
    UniswappyV2EthPair {
      _marketAddress: '0xff7bFC60c7404c8e5C5b9ca035CdB1B50C6D70f6',
      _tokens: [Array],
      _protocol: '',
      _tokenBalances: [Object]
    }
  ],
  '0xfe992e3aB19eFecDcAAf898455504669e9E4d0D9': [
    UniswappyV2EthPair {
      _marketAddress: '0xB9539aBB12Ae9FB541087150508E8344B788F016',
      _tokens: [Array],
      _protocol: '',
      _tokenBalances: [Object]
    },
    UniswappyV2EthPair {
      _marketAddress: '0x6F461886173C4cd3F772F596205EEcC3aa294C38',
      _tokens: [Array],
      _protocol: '',
      _tokenBalances: [Object]
    },
    UniswappyV2EthPair {
      _marketAddress: '0x97A88EEcdc8e7C5FAc993a3CAaEb5aeC8371D4e5',
      _tokens: [Array],
      _protocol: '',
      _tokenBalances: [Object]
    }
  ],
  '0x449f8d5fd619a22Fb850b8623b640EB81dF2cd55': [
    UniswappyV2EthPair {
      _marketAddress: '0x3DCA815461eD786455f17BdCD74801FB777675eb',
      _tokens: [Array],
      _protocol: '',
      _tokenBalances: [Object]
    },
    UniswappyV2EthPair {
      _marketAddress: '0xB311833f2Dacb7C3374d8FD6d557e628eC997716',
      _tokens: [Array],
      _protocol: '',
      _tokenBalances: [Object]
    }
  ],
  '0x6DaD35daA61248BBeaDd08a09bC6D5C0A590e1bc': [
    UniswappyV2EthPair {
      _marketAddress: '0x45d72032917B68CaDB56bE33Eb20DF94B0cB59C6',
      _tokens: [Array],
      _protocol: '',
      _tokenBalances: [Object]
    },
    UniswappyV2EthPair {
      _marketAddress: '0xE111535C2af8Ac88caAf23bFB7E0A3B64Ec79CFd',
      _tokens: [Array],
      _protocol: '',
      _tokenBalances: [Object]
    }
  ],
  '0x0670F6B6A5B256D83d4262075844420D50f0391E': [
    UniswappyV2EthPair {
      _marketAddress: '0x1FA7d429Ff19B8736fc0329D2f9840eA16b2E911',
      _tokens: [Array],
      _protocol: '',
      _tokenBalances: [Object]
    },
    UniswappyV2EthPair {
      _marketAddress: '0x93e3eD08f31eE91Eb878bC009EaB1b474F600dB8',
      _tokens: [Array],
      _protocol: '',
      _tokenBalances: [Object]
    },
    UniswappyV2EthPair {
      _marketAddress: '0xA9cd687216B7c0F17ae6C8Dc3cc467507300a7A9',
      _tokens: [Array],
      _protocol: '',
      _tokenBalances: [Object]
    }
  ],
  '0xAe6e3B04d3eb991E30fA2474563fE2a89E351cdA': [
    UniswappyV2EthPair {
      _marketAddress: '0xD2B0329c79a246eB2BeFD40c3E353aEAb93a54f7',
      _tokens: [Array],
      _protocol: '',
      _tokenBalances: [Object]
    },
    UniswappyV2EthPair {
      _marketAddress: '0xc981682Be7f5D66bDb178908cADAe7c35Ea8C659',
      _tokens: [Array],
      _protocol: '',
      _tokenBalances: [Object]
    },
    UniswappyV2EthPair {
      _marketAddress: '0x335bd126Ed44f401Cf34e604Ac4D46dBc7557adb',
      _tokens: [Array],
      _protocol: '',
      _tokenBalances: [Object]
    }
  ],
  '0x6471Ed9CD4B27d33afF1085E71f7F797dD97697A': [
    UniswappyV2EthPair {
      _marketAddress: '0xA11A89795Ade5837B23858D3BcD86f2c0459251e',
      _tokens: [Array],
      _protocol: '',
      _tokenBalances: [Object]
    },
    UniswappyV2EthPair {
      _marketAddress: '0xdBfFb7D88e544C652AbbfcCebFefe5c02AC508d8',
      _tokens: [Array],
      _protocol: '',
      _tokenBalances: [Object]
    }
  ],
  '0x72f28c09be1342447fa01Ebc76eF508473d08c5c': [
    UniswappyV2EthPair {
      _marketAddress: '0x874c119eB586035f38ddFFf14b9E79c71773b212',
      _tokens: [Array],
      _protocol: '',
      _tokenBalances: [Object]
    },
    UniswappyV2EthPair {
      _marketAddress: '0x5f4F524e4462D9e0a96334adBa82AD4C85BE8a48',
      _tokens: [Array],
      _protocol: '',
      _tokenBalances: [Object]
    }
  ],
  '0x08a3B00C9CE07bad1F3eA6b2f901a7B1d47777C2': [
    UniswappyV2EthPair {
      _marketAddress: '0x35834d125afa839bC235585576f859A21Be3A116',
      _tokens: [Array],
      _protocol: '',
      _tokenBalances: [Object]
    },
    UniswappyV2EthPair {
      _marketAddress: '0x752743F88A630b9b57d0f285ea8c632cDb46421B',
      _tokens: [Array],
      _protocol: '',
      _tokenBalances: [Object]
    }
  ],
  '0x54ED0B6D2b2f49eba9e3BeCd5c76F6116caEC479': [
    UniswappyV2EthPair {
      _marketAddress: '0x17a9286b5d8F5b000e3D6A2Ed926c7A4F8058a37',
      _tokens: [Array],
      _protocol: '',
      _tokenBalances: [Object]
    },
    UniswappyV2EthPair {
      _marketAddress: '0xc0DFd8cE5Be09F968837085CC37b94BDa4B793D3',
      _tokens: [Array],
      _protocol: '',
      _tokenBalances: [Object]
    }
  ],
  '0xc748673057861a797275CD8A068AbB95A902e8de': [
    UniswappyV2EthPair {
      _marketAddress: '0x7d6c5F946212D5D0ef85213a2081BaaA3fA1c053',
      _tokens: [Array],
      _protocol: '',
      _tokenBalances: [Object]
    },
    UniswappyV2EthPair {
      _marketAddress: '0xd0b04Cba66EF9F7E19C820f1EE4EE58D9253ab6E',
      _tokens: [Array],
      _protocol: '',
      _tokenBalances: [Object]
    },
    UniswappyV2EthPair {
      _marketAddress: '0xB4322E058F4155f6DF8530Afe20f7ffaA2135bc5',
      _tokens: [Array],
      _protocol: '',
      _tokenBalances: [Object]
    },
    UniswappyV2EthPair {
      _marketAddress: '0x411cB17c620284b1c03eEe7a3532089FE8b0D81B',
      _tokens: [Array],
      _protocol: '',
      _tokenBalances: [Object]
    }
  ],
  '0x08FC9Ba2cAc74742177e0afC3dC8Aed6961c24e7': [
    UniswappyV2EthPair {
      _marketAddress: '0xF06d39e12F512060fd38DD78C68d83681CBf08d0',
      _tokens: [Array],
      _protocol: '',
      _tokenBalances: [Object]
    },
    UniswappyV2EthPair {
      _marketAddress: '0x35D136eD34E84bC03f4F038f25e526F191eD8a84',
      _tokens: [Array],
      _protocol: '',
      _tokenBalances: [Object]
    }
  ],
  '0xbfF4a34A4644a113E8200D7F1D79b3555f723AfE': [
    UniswappyV2EthPair {
      _marketAddress: '0xdd40f377aD07C449c760A3721ec8eA14fb4609F2',
      _tokens: [Array],
      _protocol: '',
      _tokenBalances: [Object]
    },
    UniswappyV2EthPair {
      _marketAddress: '0x094Ab7814a6E2b9Ef9D858BF5dC8e1eb4169670a',
      _tokens: [Array],
      _protocol: '',
      _tokenBalances: [Object]
    }
  ],
  '0xF750A26EB0aCf95556e8529E72eD530f3b60f348': [
    UniswappyV2EthPair {
      _marketAddress: '0xE19C4B62eAb3b1b61C93c5Ddb27779c992413b0E',
      _tokens: [Array],
      _protocol: '',
      _tokenBalances: [Object]
    },
    UniswappyV2EthPair {
      _marketAddress: '0xCD98d5bC481f0bb640b8831F151fDba9eC7c1979',
      _tokens: [Array],
      _protocol: '',
      _tokenBalances: [Object]
    },
    UniswappyV2EthPair {
      _marketAddress: '0xe613F0de5B94c441237499c4e11D827113bFE79F',
      _tokens: [Array],
      _protocol: '',
      _tokenBalances: [Object]
    },
    UniswappyV2EthPair {
      _marketAddress: '0x3747e3e107223539FD09bb730b055A1f11F78Adf',
      _tokens: [Array],
      _protocol: '',
      _tokenBalances: [Object]
    }
  ],
  '0x91AE95d84ed6C7F053ca9A78EDFF243cB89cFe49': [
    UniswappyV2EthPair {
      _marketAddress: '0xB81A32Aee67f849cE2229CD824FA9CDB47c2C014',
      _tokens: [Array],
      _protocol: '',
      _tokenBalances: [Object]
    },
    UniswappyV2EthPair {
      _marketAddress: '0xb5302b8d964AC5c92c62F37f8694127e1A2AEea8',
      _tokens: [Array],
      _protocol: '',
      _tokenBalances: [Object]
    },
    UniswappyV2EthPair {
      _marketAddress: '0x9a5D23dD00f1101FF83Ef2185447410d9401d954',
      _tokens: [Array],
      _protocol: '',
      _tokenBalances: [Object]
    }
  ],
  '0xA6Fd7B5C9eee30309B00B65436a284e2053251e5': [
    UniswappyV2EthPair {
      _marketAddress: '0x46a1bC48CB98496Ee130C835b4888dBAcB2DfB17',
      _tokens: [Array],
      _protocol: '',
      _tokenBalances: [Object]
    },
    UniswappyV2EthPair {
      _marketAddress: '0x30E6bDFDe8407A8829a5c4B36052Ebcf1E3266D5',
      _tokens: [Array],
      _protocol: '',
      _tokenBalances: [Object]
    },
    UniswappyV2EthPair {
      _marketAddress: '0x0B38113B209CdFc8517AdC84AaaCe76924366FBB',
      _tokens: [Array],
      _protocol: '',
      _tokenBalances: [Object]
    }
  ],
  '0x6Ad62Bdb4B5ac758dA8ffcE938904378C970Be2f': [
    UniswappyV2EthPair {
      _marketAddress: '0xb5871d143439DfcF62febE61A404Bd920Ab89A03',
      _tokens: [Array],
      _protocol: '',
      _tokenBalances: [Object]
    },
    UniswappyV2EthPair {
      _marketAddress: '0xF3De85C60e403c93C0c6423BEE48a544DFA93fE8',
      _tokens: [Array],
      _protocol: '',
      _tokenBalances: [Object]
    }
  ],
  '0xA7dA26DE9dF799fDf8BA6280981fd6EE9B2F6882': [
    UniswappyV2EthPair {
      _marketAddress: '0x0437840e66eB4898D520A83a1fA123dd710D21a9',
      _tokens: [Array],
      _protocol: '',
      _tokenBalances: [Object]
    },
    UniswappyV2EthPair {
      _marketAddress: '0xf9A4B2F5744b1DB44FC5a877552DA18C067CaA71',
      _tokens: [Array],
      _protocol: '',
      _tokenBalances: [Object]
    },
    UniswappyV2EthPair {
      _marketAddress: '0xB2f56660dccA98CfD28e8E68000FC8E8885f51df',
      _tokens: [Array],
      _protocol: '',
      _tokenBalances: [Object]
    }
  ],
  '0x4B0F1812e5Df2A09796481Ff14017e6005508003': [
    UniswappyV2EthPair {
      _marketAddress: '0x4c48D692e3de076C7b844B956b28cdd1DD5C0945',
      _tokens: [Array],
      _protocol: '',
      _tokenBalances: [Object]
    },
    UniswappyV2EthPair {
      _marketAddress: '0x14aAC5bA46418d625db4f506988E3Ee5a0963887',
      _tokens: [Array],
      _protocol: '',
      _tokenBalances: [Object]
    },
    UniswappyV2EthPair {
      _marketAddress: '0x3533EB3BaBC5d42bCAC906007c29d1F475d64827',
      _tokens: [Array],
      _protocol: '',
      _tokenBalances: [Object]
    },
    UniswappyV2EthPair {
      _marketAddress: '0xcA1Be8A06DDa4D5d655Aaa93B3cfEceD29AdF3DB',
      _tokens: [Array],
      _protocol: '',
      _tokenBalances: [Object]
    },
    UniswappyV2EthPair {
      _marketAddress: '0x3DcB1787a95D2ea0Eb7d00887704EeBF0D79bb13',
      _tokens: [Array],
      _protocol: '',
      _tokenBalances: [Object]
    },
    UniswappyV2EthPair {
      _marketAddress: '0x610e7a287c27dfFcaC0F0a94f547Cc1B770cF483',
      _tokens: [Array],
      _protocol: '',
      _tokenBalances: [Object]
    }
  ],
  '0xD41FDb03Ba84762dD66a0af1a6C8540FF1ba5dfb': [
    UniswappyV2EthPair {
      _marketAddress: '0x6411A2240c8cD1dd48718eEE1ae4a10E71123Fd3',
      _tokens: [Array],
      _protocol: '',
      _tokenBalances: [Object]
    },
    UniswappyV2EthPair {
      _marketAddress: '0x1122a7786167BC73d164B99539eF97e0c97d4752',
      _tokens: [Array],
      _protocol: '',
      _tokenBalances: [Object]
    },
    UniswappyV2EthPair {
      _marketAddress: '0xcd7f620d429155d6059AfBC9dADC2278A74D0A60',
      _tokens: [Array],
      _protocol: '',
      _tokenBalances: [Object]
    },
    UniswappyV2EthPair {
      _marketAddress: '0x942b294e59a8c47a0F7F20DF105B082710F7C305',
      _tokens: [Array],
      _protocol: '',
      _tokenBalances: [Object]
    },
    UniswappyV2EthPair {
      _marketAddress: '0xcBe2cF3bd012e9C1ADE2Ee4d41DB3DaC763e78F3',
      _tokens: [Array],
      _protocol: '',
      _tokenBalances: [Object]
    }
  ],
  '0xA7f552078dcC247C2684336020c03648500C6d9F': [
    UniswappyV2EthPair {
      _marketAddress: '0x97c4C531e739E870d958940E8688017894084003',
      _tokens: [Array],
      _protocol: '',
      _tokenBalances: [Object]
    },
    UniswappyV2EthPair {
      _marketAddress: '0x9a45e0Ad308DB43A5f429B349DF7b0817b17e53E',
      _tokens: [Array],
      _protocol: '',
      _tokenBalances: [Object]
    },
    UniswappyV2EthPair {
      _marketAddress: '0xEf7364D3c988CA58c17138A9698a340Ba2bFe63a',
      _tokens: [Array],
      _protocol: '',
      _tokenBalances: [Object]
    },
    UniswappyV2EthPair {
      _marketAddress: '0xddE420cbB3794ebD8FFC3Ac69F9c78e5d1411870',
      _tokens: [Array],
      _protocol: '',
      _tokenBalances: [Object]
    },
    UniswappyV2EthPair {
      _marketAddress: '0xf9045866e7b372DeF1EFf3712CE55FAc1A98dAF0',
      _tokens: [Array],
      _protocol: '',
      _tokenBalances: [Object]
    }
  ],
  '0xcF6BB5389c92Bdda8a3747Ddb454cB7a64626C63': [
    UniswappyV2EthPair {
      _marketAddress: '0x9e199da6f87E09a290724EbA866eEdae2e971A0b',
      _tokens: [Array],
      _protocol: '',
      _tokenBalances: [Object]
    },
    UniswappyV2EthPair {
      _marketAddress: '0x6e15E1989fC3cFfAB40cA21F7E9ad45AAb72cFfc',
      _tokens: [Array],
      _protocol: '',
      _tokenBalances: [Object]
    },
    UniswappyV2EthPair {
      _marketAddress: '0x23Ca1fa6b4a6ab5C6Bf4800013805bA2fD8116Bd',
      _tokens: [Array],
      _protocol: '',
      _tokenBalances: [Object]
    },
    UniswappyV2EthPair {
      _marketAddress: '0xd1B4eFA996a8899331850c92202e47BEA6d62623',
      _tokens: [Array],
      _protocol: '',
      _tokenBalances: [Object]
    },
    UniswappyV2EthPair {
      _marketAddress: '0x7EB5D86FD78f3852a3e0e064f2842d45a3dB6EA2',
      _tokens: [Array],
      _protocol: '',
      _tokenBalances: [Object]
    },
    UniswappyV2EthPair {
      _marketAddress: '0x41182c32F854dd97bA0e0B1816022e0aCB2fc0bb',
      _tokens: [Array],
      _protocol: '',
      _tokenBalances: [Object]
    }
  ],
  '0x55671114d774ee99D653D6C12460c780a67f1D18': [
    UniswappyV2EthPair {
      _marketAddress: '0x0fee6E1E55fA772fAE71E6734a7F9E8622900D75',
      _tokens: [Array],
      _protocol: '',
      _tokenBalances: [Object]
    },
    UniswappyV2EthPair {
      _marketAddress: '0x18aF7d6934807c6e648Bb3eE3013Bb56B9555542',
      _tokens: [Array],
      _protocol: '',
      _tokenBalances: [Object]
    },
    UniswappyV2EthPair {
      _marketAddress: '0x76F50062c6Bc735814EE5d0e07918cE6Dddcdbee',
      _tokens: [Array],
      _protocol: '',
      _tokenBalances: [Object]
    }
  ],
  '0x35F081CbF54028E20840a4Af00c5C2F27C39890f': [
    UniswappyV2EthPair {
      _marketAddress: '0xc81090DCbc06E2d3DAe12366DE93b0b27cBbfe45',
      _tokens: [Array],
      _protocol: '',
      _tokenBalances: [Object]
    },
    UniswappyV2EthPair {
      _marketAddress: '0xFE968aaaD9605902FA1182a7765Bb480c89fD2e6',
      _tokens: [Array],
      _protocol: '',
      _tokenBalances: [Object]
    },
    UniswappyV2EthPair {
      _marketAddress: '0x15fAb17115Bb2eAA76976E9c662D8a104AC516ac',
      _tokens: [Array],
      _protocol: '',
      _tokenBalances: [Object]
    },
    UniswappyV2EthPair {
      _marketAddress: '0xa0b25FDF7f20021d8d0F1BAF51Fb903E8B6CABF2',
      _tokens: [Array],
      _protocol: '',
      _tokenBalances: [Object]
    }
  ],
  '0x7D2441A94E171EBEaF5CD7A1ebEb2734629dD7e2': [
    UniswappyV2EthPair {
      _marketAddress: '0x82d28BccC327A546c24892FCFaCC44E9e098746D',
      _tokens: [Array],
      _protocol: '',
      _tokenBalances: [Object]
    },
    UniswappyV2EthPair {
      _marketAddress: '0x007E842c1038aa9C667F6386310663Ebb0C26DD1',
      _tokens: [Array],
      _protocol: '',
      _tokenBalances: [Object]
    },
    UniswappyV2EthPair {
      _marketAddress: '0xd5FE1275724412Af5f846EFA5F1121A7475449eB',
      _tokens: [Array],
      _protocol: '',
      _tokenBalances: [Object]
    },
    UniswappyV2EthPair {
      _marketAddress: '0xAb22ee3B9926c77D3a04F8Fc035803AB03bBBE69',
      _tokens: [Array],
      _protocol: '',
      _tokenBalances: [Object]
    }
  ],
  '0x88f1A5ae2A3BF98AEAF342D26B30a79438c9142e': [
    UniswappyV2EthPair {
      _marketAddress: '0xA3421Bd2B3B1578FF43Ab95C10f667e5A3bbCeF7',
      _tokens: [Array],
      _protocol: '',
      _tokenBalances: [Object]
    },
    UniswappyV2EthPair {
      _marketAddress: '0xBf451efda48F62C1817338660d605FBC2e0C1116',
      _tokens: [Array],
      _protocol: '',
      _tokenBalances: [Object]
    },
    UniswappyV2EthPair {
      _marketAddress: '0x2896A9a8a164b4aac0b63CF6b164381C16EC59Fe',
      _tokens: [Array],
      _protocol: '',
      _tokenBalances: [Object]
    },
    UniswappyV2EthPair {
      _marketAddress: '0xCE383277847f8217392eeA98C5a8B4a7D27811b0',
      _tokens: [Array],
      _protocol: '',
      _tokenBalances: [Object]
    },
    UniswappyV2EthPair {
      _marketAddress: '0x68Ff2ca47D27db5Ac0b5c46587645835dD51D3C1',
      _tokens: [Array],
      _protocol: '',
      _tokenBalances: [Object]
    }
  ],
  '0x19A6Da6e382b85F827088092a3DBe864d9cCba73': [
    UniswappyV2EthPair {
      _marketAddress: '0xEC1214Ee197304c17EB9e427E246a4Fd37BA718E',
      _tokens: [Array],
      _protocol: '',
      _tokenBalances: [Object]
    },
    UniswappyV2EthPair {
      _marketAddress: '0x6D134FD2aed426107d7b5386851Dc43472cA613F',
      _tokens: [Array],
      _protocol: '',
      _tokenBalances: [Object]
    }
  ],
  '0x5b6AfBd5184638c9c49C485c3DE5ED56269ba6Cb': [
    UniswappyV2EthPair {
      _marketAddress: '0xA7E5E5fB1D35145D7c48A88763b18D30D93778b6',
      _tokens: [Array],
      _protocol: '',
      _tokenBalances: [Object]
    },
    UniswappyV2EthPair {
      _marketAddress: '0x37Df110EB0Cf6F539Ff7563C2C9b344a63eBd9dE',
      _tokens: [Array],
      _protocol: '',
      _tokenBalances: [Object]
    }
  ],
  '0xfb62AE373acA027177D1c18Ee0862817f9080d08': [
    UniswappyV2EthPair {
      _marketAddress: '0x55F1fD764aCc9BcD1785902F4FeA998F0175dF89',
      _tokens: [Array],
      _protocol: '',
      _tokenBalances: [Object]
    },
    UniswappyV2EthPair {
      _marketAddress: '0x2B34ded9E8D60BF1F11fEAA3a30dff79C2338FB2',
      _tokens: [Array],
      _protocol: '',
      _tokenBalances: [Object]
    }
  ],
  '0x2e6cEa2765345f406b53Fa0C968150C6a2b30112': [
    UniswappyV2EthPair {
      _marketAddress: '0x05b41dd743A9B65893feB8fc7af85A07DA25F4d6',
      _tokens: [Array],
      _protocol: '',
      _tokenBalances: [Object]
    },
    UniswappyV2EthPair {
      _marketAddress: '0x84603a4b1379fC1895f204d3d4F706eB41fe78Ef',
      _tokens: [Array],
      _protocol: '',
      _tokenBalances: [Object]
    },
    UniswappyV2EthPair {
      _marketAddress: '0x9eD6c1cda77f0D536e26E69698Ce4BdFa336FF24',
      _tokens: [Array],
      _protocol: '',
      _tokenBalances: [Object]
    },
    UniswappyV2EthPair {
      _marketAddress: '0xde60a3Bf6F34332a3901d476a7019c6468F31fB2',
      _tokens: [Array],
      _protocol: '',
      _tokenBalances: [Object]
    }
  ],
  '0x1CDc6FF526B98f791a8311CdB826A56D4446b9cc': [
    UniswappyV2EthPair {
      _marketAddress: '0xd6Ae2D4b882c6eD6Fb81B9265Af015121362f594',
      _tokens: [Array],
      _protocol: '',
      _tokenBalances: [Object]
    },
    UniswappyV2EthPair {
      _marketAddress: '0x0C7Cf12a64F2f59EE328024EA078dc70cfa2AE20',
      _tokens: [Array],
      _protocol: '',
      _tokenBalances: [Object]
    }
  ],
  '0x87Cd6706F47247a0289B5d7aFf095c82FD464844': [
    UniswappyV2EthPair {
      _marketAddress: '0xAC4C410872315e229DCDbAE1689C6F15e139F316',
      _tokens: [Array],
      _protocol: '',
      _tokenBalances: [Object]
    },
    UniswappyV2EthPair {
      _marketAddress: '0x1fDC127eA853f8E949BabcC83A53808bAf1E0590',
      _tokens: [Array],
      _protocol: '',
      _tokenBalances: [Object]
    }
  ],
  '0xF606bd19b1E61574ED625d9ea96C841D4E247A32': [
    UniswappyV2EthPair {
      _marketAddress: '0xDd2B5E024942F9a83255F41144db5648b71f01c4',
      _tokens: [Array],
      _protocol: '',
      _tokenBalances: [Object]
    },
    UniswappyV2EthPair {
      _marketAddress: '0xC97F6a8377e20401E0F8c44BAfBDE43b51f06695',
      _tokens: [Array],
      _protocol: '',
      _tokenBalances: [Object]
    }
  ],
  '0xF6663F46ECd7AE8eE8b6cC54681A42EbA0ef52b4': [
    UniswappyV2EthPair {
      _marketAddress: '0xb40700A9F8ad5F2ef3cBCb234F40A83Ba1215595',
      _tokens: [Array],
      _protocol: '',
      _tokenBalances: [Object]
    },
    UniswappyV2EthPair {
      _marketAddress: '0xe3cFE3f91ED004b192fee14D976cFb15f410848A',
      _tokens: [Array],
      _protocol: '',
      _tokenBalances: [Object]
    },
    UniswappyV2EthPair {
      _marketAddress: '0xb0D5B67aA55c29064a386eE53231d83Bbf6D96DC',
      _tokens: [Array],
      _protocol: '',
      _tokenBalances: [Object]
    }
  ],
  '0x3ab63309F85df5D4c3351ff8EACb87980E05Da4E': [
    UniswappyV2EthPair {
      _marketAddress: '0x24Ff4Ae9e42f7727a81fbA630258b6B759A90C5E',
      _tokens: [Array],
      _protocol: '',
      _tokenBalances: [Object]
    },
    UniswappyV2EthPair {
      _marketAddress: '0xD58F6FC430BFd33e07566541D91b80143d1D3BB5',
      _tokens: [Array],
      _protocol: '',
      _tokenBalances: [Object]
    }
  ],
  '0x336eD56D8615271b38EcEE6F4786B55d0EE91b96': [
    UniswappyV2EthPair {
      _marketAddress: '0x555156bEe2A9a332B731F5453e2b7Cb4e59049cc',
      _tokens: [Array],
      _protocol: '',
      _tokenBalances: [Object]
    },
    UniswappyV2EthPair {
      _marketAddress: '0x2e9AC5cFCD34E98d5edD9b31A48922f8c664b673',
      _tokens: [Array],
      _protocol: '',
      _tokenBalances: [Object]
    },
    UniswappyV2EthPair {
      _marketAddress: '0x5eEb5A7d5229687698825d30e8302A56c5404d4b',
      _tokens: [Array],
      _protocol: '',
      _tokenBalances: [Object]
    }
  ],
  '0x8e07Df508cA9c16362A84fA742b91Db3912Dd290': [
    UniswappyV2EthPair {
      _marketAddress: '0x0bbA0Aa530cF40f5A5Ed85A6D36BD7bC502Cc64c',
      _tokens: [Array],
      _protocol: '',
      _tokenBalances: [Object]
    },
    UniswappyV2EthPair {
      _marketAddress: '0x7Abc21248632fe4480492b5Fc13b963A530b1F31',
      _tokens: [Array],
      _protocol: '',
      _tokenBalances: [Object]
    },
    UniswappyV2EthPair {
      _marketAddress: '0xA4612D97B299bBeDE6DCeBfF359f7073685dee11',
      _tokens: [Array],
      _protocol: '',
      _tokenBalances: [Object]
    },
    UniswappyV2EthPair {
      _marketAddress: '0x072Cc5f029306551187620BDF746067B34A33Dfc',
      _tokens: [Array],
      _protocol: '',
      _tokenBalances: [Object]
    }
  ],
  '0x14c358b573a4cE45364a3DBD84BBb4Dae87af034': [
    UniswappyV2EthPair {
      _marketAddress: '0xaB6b7f460c91C485EaECBAB8f07d9DA704d482E9',
      _tokens: [Array],
      _protocol: '',
      _tokenBalances: [Object]
    },
    UniswappyV2EthPair {
      _marketAddress: '0x599283D9A18Bb169b29b31965854Bf88a803F115',
      _tokens: [Array],
      _protocol: '',
      _tokenBalances: [Object]
    }
  ],
  '0xbfBEe3dAc982148aC793161f7362344925506903': [
    UniswappyV2EthPair {
      _marketAddress: '0xb737d7dBd2Be58b6A18871AbC7A13C7De402CD42',
      _tokens: [Array],
      _protocol: '',
      _tokenBalances: [Object]
    },
    UniswappyV2EthPair {
      _marketAddress: '0x09096d1DCD991A666e5f8fA6b352d001aC456Ee0',
      _tokens: [Array],
      _protocol: '',
      _tokenBalances: [Object]
    }
  ],
  '0xD3b71117E6C1558c1553305b44988cd944e97300': [
    UniswappyV2EthPair {
      _marketAddress: '0xa5AC78A856345AB1FC8a4550208F42ca34B54e56',
      _tokens: [Array],
      _protocol: '',
      _tokenBalances: [Object]
    },
    UniswappyV2EthPair {
      _marketAddress: '0xD90EbE559AA73fAF8097EBE60f8925298f3a8cb2',
      _tokens: [Array],
      _protocol: '',
      _tokenBalances: [Object]
    }
  ],
  '0x056959EdA5e2a2281A5261265c4391e34f8Ec329': [
    UniswappyV2EthPair {
      _marketAddress: '0x54cE77ce22DC64FA18BC1a3e8cB391DfbC222F8D',
      _tokens: [Array],
      _protocol: '',
      _tokenBalances: [Object]
    },
    UniswappyV2EthPair {
      _marketAddress: '0x17Adcd88015E44F72Eb3bFd2e19E86ADdeaB2D5E',
      _tokens: [Array],
      _protocol: '',
      _tokenBalances: [Object]
    },
    UniswappyV2EthPair {
      _marketAddress: '0x27F3d04CfD821976d014825A473E7Ed5dA00C2B2',
      _tokens: [Array],
      _protocol: '',
      _tokenBalances: [Object]
    }
  ],
  '0x71845240485c5339B3192A820F5fa152c093d93a': [
    UniswappyV2EthPair {
      _marketAddress: '0x0e0BF08dA4A26Ba7A744C2A29c8B0Bbe247816C6',
      _tokens: [Array],
      _protocol: '',
      _tokenBalances: [Object]
    },
    UniswappyV2EthPair {
      _marketAddress: '0x55972A866c09B14dcAC18575e68686Cd5F3e7d7E',
      _tokens: [Array],
      _protocol: '',
      _tokenBalances: [Object]
    },
    UniswappyV2EthPair {
      _marketAddress: '0x23368d840DafD37993D69f7fc388ec9C7572527a',
      _tokens: [Array],
      _protocol: '',
      _tokenBalances: [Object]
    }
  ],
  '0x0288D3E353fE2299F11eA2c2e1696b4A648eCC07': [
    UniswappyV2EthPair {
      _marketAddress: '0x295B870e516fd92A08d79C4537Ac4962c1416099',
      _tokens: [Array],
      _protocol: '',
      _tokenBalances: [Object]
    },
    UniswappyV2EthPair {
      _marketAddress: '0x7C020B60fBDeB668834BE0367CfBA395CaAE5dFc',
      _tokens: [Array],
      _protocol: '',
      _tokenBalances: [Object]
    },
    UniswappyV2EthPair {
      _marketAddress: '0x0E6027880A04677BAE5E4225000078eE92904bf6',
      _tokens: [Array],
      _protocol: '',
      _tokenBalances: [Object]
    }
  ],
  '0x9AA6FC71aed1130DeE06a91A487BF5eA481dE80D': [
    UniswappyV2EthPair {
      _marketAddress: '0xAa6A5EE1451e73b0A132e13535a70eB0dA23AF90',
      _tokens: [Array],
      _protocol: '',
      _tokenBalances: [Object]
    },
    UniswappyV2EthPair {
      _marketAddress: '0xe08aF045fd5Ced246B00f1bA5388BFE65005f0e9',
      _tokens: [Array],
      _protocol: '',
      _tokenBalances: [Object]
    }
  ],
  '0x6fd7c98458a943f469E1Cf4eA85B173f5Cd342F4': [
    UniswappyV2EthPair {
      _marketAddress: '0x59B2A38F67e312D312121614d1Daa7ad8c5773fC',
      _tokens: [Array],
      _protocol: '',
      _tokenBalances: [Object]
    },
    UniswappyV2EthPair {
      _marketAddress: '0xCb769432905D83052Caaa07BdC88ad434EDf0790',
      _tokens: [Array],
      _protocol: '',
      _tokenBalances: [Object]
    },
    UniswappyV2EthPair {
      _marketAddress: '0x26ab5C07Aa2F80e9Ff846830a1d6aF949c528e4B',
      _tokens: [Array],
      _protocol: '',
      _tokenBalances: [Object]
    }
  ],
  '0xB542Bd1606928F248467319a10AC178F193e0ed8': [
    UniswappyV2EthPair {
      _marketAddress: '0xFa6db5a70dB292CEc493Fcd6c8438ee87555e606',
      _tokens: [Array],
      _protocol: '',
      _tokenBalances: [Object]
    },
    UniswappyV2EthPair {
      _marketAddress: '0x326b0f43AD38017ebcd90aa5a2d2C9f81A0f523E',
      _tokens: [Array],
      _protocol: '',
      _tokenBalances: [Object]
    }
  ],
  '0xE16d271322273a77BA5748DF4FD9209C4bEA541F': [
    UniswappyV2EthPair {
      _marketAddress: '0x754593003f1365781024dDB12c14b0B221AE63b3',
      _tokens: [Array],
      _protocol: '',
      _tokenBalances: [Object]
    },
    UniswappyV2EthPair {
      _marketAddress: '0xfb4e41e789eCFcA99e804719CEb8BAd4c21310cC',
      _tokens: [Array],
      _protocol: '',
      _tokenBalances: [Object]
    }
  ],
  '0x17B7163cf1Dbd286E262ddc68b553D899B93f526': [
    UniswappyV2EthPair {
      _marketAddress: '0xe8a3C5a5afDF29611055592726Ec008ff1F1b331',
      _tokens: [Array],
      _protocol: '',
      _tokenBalances: [Object]
    },
    UniswappyV2EthPair {
      _marketAddress: '0x6d7f1B06C37DbB2402f5B4d2253DC2f33b7C48C6',
      _tokens: [Array],
      _protocol: '',
      _tokenBalances: [Object]
    }
  ],
  '0x9CF518B83804d30Fb007e17757D317D9B03619a5': [
    UniswappyV2EthPair {
      _marketAddress: '0x8f5677b52CAce57FD3c293b42aF59047FB138471',
      _tokens: [Array],
      _protocol: '',
      _tokenBalances: [Object]
    },
    UniswappyV2EthPair {
      _marketAddress: '0x39b4cEcB59576a629b17615F2f56f69fc524D99d',
      _tokens: [Array],
      _protocol: '',
      _tokenBalances: [Object]
    },
    UniswappyV2EthPair {
      _marketAddress: '0xD713362679D719577D06b2D4e4710158340B9b5D',
      _tokens: [Array],
      _protocol: '',
      _tokenBalances: [Object]
    }
  ],
  '0x1bA8c21c623C843Cd4c60438d70E7Ad50f363fbb': [
    UniswappyV2EthPair {
      _marketAddress: '0x8418E3D34d42ca93FAA77a9Ff7D0d82b811b4633',
      _tokens: [Array],
      _protocol: '',
      _tokenBalances: [Object]
    },
    UniswappyV2EthPair {
      _marketAddress: '0xe3ae4c93B8CF930F27Ff7ccF379ee23cE6BF2688',
      _tokens: [Array],
      _protocol: '',
      _tokenBalances: [Object]
    },
    UniswappyV2EthPair {
      _marketAddress: '0x7C28B3C9b4461399e28B8a8AaAd259688eddafA5',
      _tokens: [Array],
      _protocol: '',
      _tokenBalances: [Object]
    },
    UniswappyV2EthPair {
      _marketAddress: '0xE81B376Fe816E5dcd1ce593cB843b31D779B5E60',
      _tokens: [Array],
      _protocol: '',
      _tokenBalances: [Object]
    }
  ],
  '0x755d6e62822B1853c8f9C5efa4e40e7C590c8a8d': [
    UniswappyV2EthPair {
      _marketAddress: '0xE36eF12f5C26791944A389fF7f221Bf67716CEEb',
      _tokens: [Array],
      _protocol: '',
      _tokenBalances: [Object]
    },
    UniswappyV2EthPair {
      _marketAddress: '0xe9139Bc0ED480CC0EBf55a9a3860E1167D42602d',
      _tokens: [Array],
      _protocol: '',
      _tokenBalances: [Object]
    }
  ],
  '0x23C28E9346C82228FB2b62b20b6fe5d75989F5b2': [
    UniswappyV2EthPair {
      _marketAddress: '0x82c8b96Cf32Ae7A1Df61fb637e682fFbD1F58d6B',
      _tokens: [Array],
      _protocol: '',
      _tokenBalances: [Object]
    },
    UniswappyV2EthPair {
      _marketAddress: '0x56Ce1432339F7f459853A05D34Ec4BfAfb096717',
      _tokens: [Array],
      _protocol: '',
      _tokenBalances: [Object]
    }
  ],
  '0x7d436C02De43910E5fe172C7a7E49AC2F9aED6af': [
    UniswappyV2EthPair {
      _marketAddress: '0xa9Fbb3406FfEdc55f8E3b255d0C16aAFE51da0FC',
      _tokens: [Array],
      _protocol: '',
      _tokenBalances: [Object]
    },
    UniswappyV2EthPair {
      _marketAddress: '0xcCc3A5c54E7e59D2F7c56284620CC8F8CA833D9e',
      _tokens: [Array],
      _protocol: '',
      _tokenBalances: [Object]
    }
  ],
  '0x27689509038f3430bDb706aD20aC6a21A3c21E11': [
    UniswappyV2EthPair {
      _marketAddress: '0x57dD2575C5a1081d7F527E4C1A782F0c2B0e4D72',
      _tokens: [Array],
      _protocol: '',
      _tokenBalances: [Object]
    },
    UniswappyV2EthPair {
      _marketAddress: '0x26c272cca9f4686ebd142e0d8bFD460f007fAad5',
      _tokens: [Array],
      _protocol: '',
      _tokenBalances: [Object]
    },
    UniswappyV2EthPair {
      _marketAddress: '0x01FE0b67333f911FD0CA621F86651Fb594E5D018',
      _tokens: [Array],
      _protocol: '',
      _tokenBalances: [Object]
    }
  ],
  '0xaB37EeD51Bb10252746C5ceAAc99a61C1661A55A': [
    UniswappyV2EthPair {
      _marketAddress: '0x537ed62D97A975c858d9b1E16b1c7afF6379f39F',
      _tokens: [Array],
      _protocol: '',
      _tokenBalances: [Object]
    },
    UniswappyV2EthPair {
      _marketAddress: '0x89122Fb68451A33a49036Db0f1A25A7d8b086D50',
      _tokens: [Array],
      _protocol: '',
      _tokenBalances: [Object]
    }
  ],
  '0xD40bEDb44C081D2935eebA6eF5a3c8A31A1bBE13': [
    UniswappyV2EthPair {
      _marketAddress: '0x480c341f41a57aBB6DeB08ED1722522f63A19659',
      _tokens: [Array],
      _protocol: '',
      _tokenBalances: [Object]
    },
    UniswappyV2EthPair {
      _marketAddress: '0x4bfb233889Fc2DB5Aa89dF168A6338fcfA57462C',
      _tokens: [Array],
      _protocol: '',
      _tokenBalances: [Object]
    },
    UniswappyV2EthPair {
      _marketAddress: '0x5Cd50BB6E887b47aF803f7bfb6382fF6042104a2',
      _tokens: [Array],
      _protocol: '',
      _tokenBalances: [Object]
    }
  ],
  '0x4FA7163E153419E0E1064e418dd7A99314Ed27b6': [
    UniswappyV2EthPair {
      _marketAddress: '0x1c4A479ce71f41A68d4c2dE26854FC99f310918D',
      _tokens: [Array],
      _protocol: '',
      _tokenBalances: [Object]
    },
    UniswappyV2EthPair {
      _marketAddress: '0x7A526E4817022848CFF74b87108eD1D28EBd18aA',
      _tokens: [Array],
      _protocol: '',
      _tokenBalances: [Object]
    },
    UniswappyV2EthPair {
      _marketAddress: '0xdE0b3686cDb7E0ED29a89a82c05C4B5086339234',
      _tokens: [Array],
      _protocol: '',
      _tokenBalances: [Object]
    },
    UniswappyV2EthPair {
      _marketAddress: '0xdB9fF4Dc796593EC728F9a30c66b89227ef8AA75',
      _tokens: [Array],
      _protocol: '',
      _tokenBalances: [Object]
    }
  ],
  '0xeBDf1b978dC2576Ef0020BA4cF5f98174425c3a1': [
    UniswappyV2EthPair {
      _marketAddress: '0xDC70AafE0496f0033502985CAfaC545375594a02',
      _tokens: [Array],
      _protocol: '',
      _tokenBalances: [Object]
    },
    UniswappyV2EthPair {
      _marketAddress: '0x8E190b4964ad25cf7e6592D8Bb346E6411C78c24',
      _tokens: [Array],
      _protocol: '',
      _tokenBalances: [Object]
    }
  ],
  '0x74E4716E431f45807DCF19f284c7aA99F18a4fbc': [
    UniswappyV2EthPair {
      _marketAddress: '0x691082BD65D21A3B94EDeeF6cfbE2d923a07365C',
      _tokens: [Array],
      _protocol: '',
      _tokenBalances: [Object]
    },
    UniswappyV2EthPair {
      _marketAddress: '0x99f17a74a073f6944288295819183cd7D8228A9c',
      _tokens: [Array],
      _protocol: '',
      _tokenBalances: [Object]
    }
  ],
  '0xb699390735ed74e2d89075b300761daE34b4b36B': [
    UniswappyV2EthPair {
      _marketAddress: '0x6B84Eb2daaA1e27EF09f52eD45eD5225755b8E66',
      _tokens: [Array],
      _protocol: '',
      _tokenBalances: [Object]
    },
    UniswappyV2EthPair {
      _marketAddress: '0x8B6c8c19d019Ca132875514a11DD24355927A109',
      _tokens: [Array],
      _protocol: '',
      _tokenBalances: [Object]
    },
    UniswappyV2EthPair {
      _marketAddress: '0x90a25a6F04232696d1665E0011201Cc58E956547',
      _tokens: [Array],
      _protocol: '',
      _tokenBalances: [Object]
    },
    UniswappyV2EthPair {
      _marketAddress: '0x1C2771a065662F5662e51B0C6336933ba4e8b552',
      _tokens: [Array],
      _protocol: '',
      _tokenBalances: [Object]
    }
  ],
  '0xD5dc17EEd845A36547355d84A02494004E1b55bB': [
    UniswappyV2EthPair {
      _marketAddress: '0x267cCa1519a4a799f99bf152736ea849aD4ceF23',
      _tokens: [Array],
      _protocol: '',
      _tokenBalances: [Object]
    },
    UniswappyV2EthPair {
      _marketAddress: '0x9A598c54DD5c9eE9216b63aB23ADeAAeb5b79a5b',
      _tokens: [Array],
      _protocol: '',
      _tokenBalances: [Object]
    }
  ],
  '0x9617857E191354dbEA0b714d78Bc59e57C411087': [
    UniswappyV2EthPair {
      _marketAddress: '0xbAC4313d7F908C9A657B58B5b42F0f7713A3990b',
      _tokens: [Array],
      _protocol: '',
      _tokenBalances: [Object]
    },
    UniswappyV2EthPair {
      _marketAddress: '0x0510d15D2891F743D66396a50A2C64F7a7Df324d',
      _tokens: [Array],
      _protocol: '',
      _tokenBalances: [Object]
    },
    UniswappyV2EthPair {
      _marketAddress: '0x8271d7eAfeEb8F24d7C9fE1AccE2AE20611972E5',
      _tokens: [Array],
      _protocol: '',
      _tokenBalances: [Object]
    }
  ],
  '0x204bF7a89256B9E550ef715fd8d577dD906a8A91': [
    UniswappyV2EthPair {
      _marketAddress: '0x642bBc004bF0E222D583289bdF3386018dB762c5',
      _tokens: [Array],
      _protocol: '',
      _tokenBalances: [Object]
    },
    UniswappyV2EthPair {
      _marketAddress: '0xcc2F426ff3156e16FFf839172027e302A5119d7D',
      _tokens: [Array],
      _protocol: '',
      _tokenBalances: [Object]
    },
    UniswappyV2EthPair {
      _marketAddress: '0x6BDc021ec0B7Df4a38526cA72B013312BFB70ba3',
      _tokens: [Array],
      _protocol: '',
      _tokenBalances: [Object]
    },
    UniswappyV2EthPair {
      _marketAddress: '0x4f331593007e0325367C32488Fb5d04b6C664a4e',
      _tokens: [Array],
      _protocol: '',
      _tokenBalances: [Object]
    },
    UniswappyV2EthPair {
      _marketAddress: '0x8d83eCc6d447C75c77a5EB6C0bc65B3AA7209b64',
      _tokens: [Array],
      _protocol: '',
      _tokenBalances: [Object]
    }
  ],
  '0xC294a07Df611CFc515DcdC7D377648a7a0d85c8f': [
    UniswappyV2EthPair {
      _marketAddress: '0x1ddA90baE075Ce8Aed47a4126b9755Df1Be31f86',
      _tokens: [Array],
      _protocol: '',
      _tokenBalances: [Object]
    },
    UniswappyV2EthPair {
      _marketAddress: '0x3c57F1dB9755c0282Ea0929FaDc9018D4C694B66',
      _tokens: [Array],
      _protocol: '',
      _tokenBalances: [Object]
    },
    UniswappyV2EthPair {
      _marketAddress: '0x1B86E9215e26B10556b34D7E8a6D5926e5dD9A0A',
      _tokens: [Array],
      _protocol: '',
      _tokenBalances: [Object]
    }
  ],
  '0x27Ae27110350B98d564b9A3eeD31bAeBc82d878d': [
    UniswappyV2EthPair {
      _marketAddress: '0xB7eeC8A2ae54f4A195cE29D1a03059ADF6C49E34',
      _tokens: [Array],
      _protocol: '',
      _tokenBalances: [Object]
    },
    UniswappyV2EthPair {
      _marketAddress: '0xE62321946C90e6184d66d8f7365fBF8dcaab3A31',
      _tokens: [Array],
      _protocol: '',
      _tokenBalances: [Object]
    },
    UniswappyV2EthPair {
      _marketAddress: '0x563A919FcEbC8187cee4405f2eA5B7ccA3e36671',
      _tokens: [Array],
      _protocol: '',
      _tokenBalances: [Object]
    },
    UniswappyV2EthPair {
      _marketAddress: '0x888fBAfE32481dfEAB60d8aef0457A036f53DE79',
      _tokens: [Array],
      _protocol: '',
      _tokenBalances: [Object]
    },
    UniswappyV2EthPair {
      _marketAddress: '0x02bFf262b10B7Ae1d2E4455ad4CAE2d0A6ECF086',
      _tokens: [Array],
      _protocol: '',
      _tokenBalances: [Object]
    },
    UniswappyV2EthPair {
      _marketAddress: '0x114D536fB1D3365318A19C0127822A2A3dD329B3',
      _tokens: [Array],
      _protocol: '',
      _tokenBalances: [Object]
    }
  ],
  '0xe586A0AF5f3844F1408FEd1d284270827a116010': [
    UniswappyV2EthPair {
      _marketAddress: '0x2786c7F3D7D0Bb051d7C6b88C59C32d0bf91a1Ba',
      _tokens: [Array],
      _protocol: '',
      _tokenBalances: [Object]
    },
    UniswappyV2EthPair {
      _marketAddress: '0x5d411b470C5F1F2194dcFB6f6862bE4C34787058',
      _tokens: [Array],
      _protocol: '',
      _tokenBalances: [Object]
    }
  ],
  '0x58B819a9667afA88b1F1D352Ba7F29722D26f790': [
    UniswappyV2EthPair {
      _marketAddress: '0xb023C4F74Dc486DcfBad75ee0fe5a2635E54aCEB',
      _tokens: [Array],
      _protocol: '',
      _tokenBalances: [Object]
    },
    UniswappyV2EthPair {
      _marketAddress: '0x21EB0ADc5a0BFe3CfD0026B7850dD6cf102e3A7E',
      _tokens: [Array],
      _protocol: '',
      _tokenBalances: [Object]
    }
  ],
  '0xd15C444F1199Ae72795eba15E8C1db44E47abF62': [
    UniswappyV2EthPair {
      _marketAddress: '0x9860D20366b6982D33a9eC00ACA58dfc593BaB19',
      _tokens: [Array],
      _protocol: '',
      _tokenBalances: [Object]
    },
    UniswappyV2EthPair {
      _marketAddress: '0x0C579BC73860ED500a6e797A3d091ADB72D551d4',
      _tokens: [Array],
      _protocol: '',
      _tokenBalances: [Object]
    }
  ],
  '0x2FFEE7b4DF74F7C6508A4Af4D6D91058dA5420D0': [
    UniswappyV2EthPair {
      _marketAddress: '0x770148dDa480A54F0740f7b52aD035Be66e5494f',
      _tokens: [Array],
      _protocol: '',
      _tokenBalances: [Object]
    },
    UniswappyV2EthPair {
      _marketAddress: '0x782D2E31e264a20730f235FF86c43821C92f48A3',
      _tokens: [Array],
      _protocol: '',
      _tokenBalances: [Object]
    }
  ],
  '0x23A1c4025Aa5Dc7f876530bEb76346b99d50C3AA': [
    UniswappyV2EthPair {
      _marketAddress: '0x6520c9EdaD27b965cc81df5E6407b514eC18eFD1',
      _tokens: [Array],
      _protocol: '',
      _tokenBalances: [Object]
    },
    UniswappyV2EthPair {
      _marketAddress: '0x59e52c832876f7F78070C38F60E98FcE56C660cA',
      _tokens: [Array],
      _protocol: '',
      _tokenBalances: [Object]
    }
  ],
  '0xc3A4Dd8dA47b9becadEe9A5FFb07d7470a5f017C': [
    UniswappyV2EthPair {
      _marketAddress: '0xae68d4223C9AB8EE841864625DD33Dd3700ef99e',
      _tokens: [Array],
      _protocol: '',
      _tokenBalances: [Object]
    },
    UniswappyV2EthPair {
      _marketAddress: '0x31460f59BCa7383C0a6D4BC6de2e6Dba4778281f',
      _tokens: [Array],
      _protocol: '',
      _tokenBalances: [Object]
    }
  ],
  '0x36FC46D051fbff9935EC7C2B28B7c61cc9b1Ca3b': [
    UniswappyV2EthPair {
      _marketAddress: '0x61D92ae780130b1234B9D5DA96C6ebA9d19cF15F',
      _tokens: [Array],
      _protocol: '',
      _tokenBalances: [Object]
    },
    UniswappyV2EthPair {
      _marketAddress: '0x6fE39D05b79528f6d82Ce2d053546fb04a559f95',
      _tokens: [Array],
      _protocol: '',
      _tokenBalances: [Object]
    }
  ],
  '0x36754E0A872FEc169A1479312699C82de5a54B33': [
    UniswappyV2EthPair {
      _marketAddress: '0xD67F491D9C9A8843396F9827587FEeFf64d15eE6',
      _tokens: [Array],
      _protocol: '',
      _tokenBalances: [Object]
    },
    UniswappyV2EthPair {
      _marketAddress: '0x8f102a4828cDB5a95238f7d687F2F68149023ea7',
      _tokens: [Array],
      _protocol: '',
      _tokenBalances: [Object]
    },
    UniswappyV2EthPair {
      _marketAddress: '0x1127A63a2CdA8063cB74E9BC953877284c10caBF',
      _tokens: [Array],
      _protocol: '',
      _tokenBalances: [Object]
    }
  ],
  '0xB5d7eE15852351078Df42e8909EA099DFE2E2511': [
    UniswappyV2EthPair {
      _marketAddress: '0xa3c5310e45f0ad16E50E0c587aEFa8CB2404f634',
      _tokens: [Array],
      _protocol: '',
      _tokenBalances: [Object]
    },
    UniswappyV2EthPair {
      _marketAddress: '0x0ca345f57f98bc6953E58f36b94309352ff09784',
      _tokens: [Array],
      _protocol: '',
      _tokenBalances: [Object]
    }
  ],
  '0x8FA59693458289914dB0097F5F366d771B7a7C3F': [
    UniswappyV2EthPair {
      _marketAddress: '0xBB56d1fA03743348dDa6668B4cCc3fFBB9DD1E18',
      _tokens: [Array],
      _protocol: '',
      _tokenBalances: [Object]
    },
    UniswappyV2EthPair {
      _marketAddress: '0xB6bF3c25F173E213F48dc4A697C2915723FFb5ec',
      _tokens: [Array],
      _protocol: '',
      _tokenBalances: [Object]
    }
  ],
  '0x6aaa14929D74b8533343C1A5b6e42443f59b6F6F': [
    UniswappyV2EthPair {
      _marketAddress: '0x83fecf82D5F83DE0B71c6C6adFa015cEB4E783D4',
      _tokens: [Array],
      _protocol: '',
      _tokenBalances: [Object]
    },
    UniswappyV2EthPair {
      _marketAddress: '0x4297Ec537AA6A024a95B7FDa29352c5bB8ec6c78',
      _tokens: [Array],
      _protocol: '',
      _tokenBalances: [Object]
    },
    UniswappyV2EthPair {
      _marketAddress: '0xC75D369eE2Baf51151462E39162BB530abb3487d',
      _tokens: [Array],
      _protocol: '',
      _tokenBalances: [Object]
    }
  ],
  '0x4AFc8c2Be6a0783ea16E16066fde140d15979296': [
    UniswappyV2EthPair {
      _marketAddress: '0xE7f4FA783B8c5075412383B4aFcaE973eFAa253c',
      _tokens: [Array],
      _protocol: '',
      _tokenBalances: [Object]
    },
    UniswappyV2EthPair {
      _marketAddress: '0x5cF81F76000D49386f8CB1669094eaBE02939b71',
      _tokens: [Array],
      _protocol: '',
      _tokenBalances: [Object]
    },
    UniswappyV2EthPair {
      _marketAddress: '0x1241c59bEcC5434087BFaf956d3d372F6D1F3309',
      _tokens: [Array],
      _protocol: '',
      _tokenBalances: [Object]
    },
    UniswappyV2EthPair {
      _marketAddress: '0x85596fF4845d1747b084F5Df002590044a731ED9',
      _tokens: [Array],
      _protocol: '',
      _tokenBalances: [Object]
    }
  ],
  '0x73cBA57Ad8bC775A5345D9a0de2e90C74621D802': [
    UniswappyV2EthPair {
      _marketAddress: '0xce485829BaF59Ef1878ddB703A0d4C06Bc5DAd73',
      _tokens: [Array],
      _protocol: '',
      _tokenBalances: [Object]
    },
    UniswappyV2EthPair {
      _marketAddress: '0xc86c8aC8D1714d00c971756e36558c9f1512D6cB',
      _tokens: [Array],
      _protocol: '',
      _tokenBalances: [Object]
    }
  ],
  '0x6652462466DCeE5Cb1dda95379FaE3c3E57f6719': [
    UniswappyV2EthPair {
      _marketAddress: '0x2bA18EE2b7f9F58Ff33b550AC997636cC31fa23b',
      _tokens: [Array],
      _protocol: '',
      _tokenBalances: [Object]
    },
    UniswappyV2EthPair {
      _marketAddress: '0xd055c9969Ad8fF030bDf5FC915c46573bf97634d',
      _tokens: [Array],
      _protocol: '',
      _tokenBalances: [Object]
    }
  ],
  '0x67d66e8Ec1Fd25d98B3Ccd3B19B7dc4b4b7fC493': [
    UniswappyV2EthPair {
      _marketAddress: '0x1e8A8727cE4fF928a08388b8B2e89A78d1711bCF',
      _tokens: [Array],
      _protocol: '',
      _tokenBalances: [Object]
    },
    UniswappyV2EthPair {
      _marketAddress: '0xcF3ED0670C671034C58F6b771757a8529238CA3a',
      _tokens: [Array],
      _protocol: '',
      _tokenBalances: [Object]
    }
  ],
  '0x59B2A38F67e312D312121614d1Daa7ad8c5773fC': [
    UniswappyV2EthPair {
      _marketAddress: '0x8C863011D8cc84bf05F29528Acd1B36Cd1c69AA4',
      _tokens: [Array],
      _protocol: '',
      _tokenBalances: [Object]
    },
    UniswappyV2EthPair {
      _marketAddress: '0x05B8025fc44745a28f16D80268C8D30412BC1e38',
      _tokens: [Array],
      _protocol: '',
      _tokenBalances: [Object]
    }
  ],
  '0x44a5d9c87f47f8CFc3E3C567969af5BAbB3e0282': [
    UniswappyV2EthPair {
      _marketAddress: '0xbd2E3F4Bb5BD62A62653b2b4a6E9DD8f6630dd9d',
      _tokens: [Array],
      _protocol: '',
      _tokenBalances: [Object]
    },
    UniswappyV2EthPair {
      _marketAddress: '0x60734c5904e2adb5E7EbAa1Db8bEd701eC76c10A',
      _tokens: [Array],
      _protocol: '',
      _tokenBalances: [Object]
    }
  ],
  '0xF258A201EE142C1fdeb0C29a2C9941779fDfCE0E': [
    UniswappyV2EthPair {
      _marketAddress: '0xe7C697e99366b52d159FE7EdD06Aad6a92F32b1E',
      _tokens: [Array],
      _protocol: '',
      _tokenBalances: [Object]
    },
    UniswappyV2EthPair {
      _marketAddress: '0x32F2822fEB2d591925bd2D7431E9C550E34a0815',
      _tokens: [Array],
      _protocol: '',
      _tokenBalances: [Object]
    }
  ],
  '0x5aFEf8567414F29f0f927A0F2787b188624c10E2': [
    UniswappyV2EthPair {
      _marketAddress: '0xf2cA63925013558d52D3454738024f0DD46cd709',
      _tokens: [Array],
      _protocol: '',
      _tokenBalances: [Object]
    },
    UniswappyV2EthPair {
      _marketAddress: '0x3A662DEfD98bEf6ee87C889Af381E6858D3778E7',
      _tokens: [Array],
      _protocol: '',
      _tokenBalances: [Object]
    }
  ],
  '0xac109C8025F272414fd9e2faA805a583708A017f': [
    UniswappyV2EthPair {
      _marketAddress: '0x8656dd73E81Af2502CbE1480DbbB243b7d0f2f9C',
      _tokens: [Array],
      _protocol: '',
      _tokenBalances: [Object]
    },
    UniswappyV2EthPair {
      _marketAddress: '0x9CafA9eEF177D9eA7b73404d5A8d77BB3BB142e7',
      _tokens: [Array],
      _protocol: '',
      _tokenBalances: [Object]
    }
  ],
  '0x85e5889Fc3Ed01B4e8B56bbc717D7643294d2c31': [
    UniswappyV2EthPair {
      _marketAddress: '0xcf3a6ccc997F3EA13F7E9cc165f9Ce9AeCE99E63',
      _tokens: [Array],
      _protocol: '',
      _tokenBalances: [Object]
    },
    UniswappyV2EthPair {
      _marketAddress: '0x7f1C1b0c92eE75FA20D1DB673235abE26729D48E',
      _tokens: [Array],
      _protocol: '',
      _tokenBalances: [Object]
    }
  ],
  '0xF65C1C0478eFDe3c19b49EcBE7ACc57BB6B1D713': [
    UniswappyV2EthPair {
      _marketAddress: '0x8632aB258716Ae9497D44C2f4CB8f060E56d337f',
      _tokens: [Array],
      _protocol: '',
      _tokenBalances: [Object]
    },
    UniswappyV2EthPair {
      _marketAddress: '0xf6f01118Cd3AAE3A5307c70AdEc5e699d9bb02fC',
      _tokens: [Array],
      _protocol: '',
      _tokenBalances: [Object]
    }
  ],
  '0x61EB789d75A95CAa3fF50ed7E47b96c132fEc082': [
    UniswappyV2EthPair {
      _marketAddress: '0x7547173B6AE349eE5C8683D2282dFd080cD087C7',
      _tokens: [Array],
      _protocol: '',
      _tokenBalances: [Object]
    },
    UniswappyV2EthPair {
      _marketAddress: '0x94930C65516cd3dc9469c9A53b4735c2099954e5',
      _tokens: [Array],
      _protocol: '',
      _tokenBalances: [Object]
    }
  ],
  '0x3cd338c3BB249B6b3C55799F85a589FEbBBFf9Dd': [
    UniswappyV2EthPair {
      _marketAddress: '0x4A064337C6a132DF96f47E72974Fa6feB0323D05',
      _tokens: [Array],
      _protocol: '',
      _tokenBalances: [Object]
    },
    UniswappyV2EthPair {
      _marketAddress: '0x4Ae59cdB2dd24f35199bD13C5DC0eaea2F514853',
      _tokens: [Array],
      _protocol: '',
      _tokenBalances: [Object]
    }
  ],
  '0x249a963e6632E539765EA9bd8E896f377B69BcEe': [
    UniswappyV2EthPair {
      _marketAddress: '0xf531760b6d42Ac6d8e7d2FC56a7f98437D524FA1',
      _tokens: [Array],
      _protocol: '',
      _tokenBalances: [Object]
    },
    UniswappyV2EthPair {
      _marketAddress: '0xbb9C03d89c6a4BaB66AE650E0Ebbe3dac57Aeaf8',
      _tokens: [Array],
      _protocol: '',
      _tokenBalances: [Object]
    }
  ],
  '0xe432afB7283A08Be24E9038C30CA6336A7cC8218': [
    UniswappyV2EthPair {
      _marketAddress: '0xAe7badC863F6487E062Ff510D29930b6a214F734',
      _tokens: [Array],
      _protocol: '',
      _tokenBalances: [Object]
    },
    UniswappyV2EthPair {
      _marketAddress: '0xD85810DBCd756eA94d358b3e9cfFa3fe6346fC4E',
      _tokens: [Array],
      _protocol: '',
      _tokenBalances: [Object]
    }
  ],
  '0xf0E406c49C63AbF358030A299C0E00118C4C6BA5': [
    UniswappyV2EthPair {
      _marketAddress: '0x1964C58FE7711936dFFB4588e15FC60Dc3b7ebf5',
      _tokens: [Array],
      _protocol: '',
      _tokenBalances: [Object]
    },
    UniswappyV2EthPair {
      _marketAddress: '0xeE31a8Bb1edb26D8de688e2a1Ca086E5C11f5978',
      _tokens: [Array],
      _protocol: '',
      _tokenBalances: [Object]
    }
  ],
  '0xC016F93D1b11878804c345e93C8588794480CD83': [
    UniswappyV2EthPair {
      _marketAddress: '0x5E4c8ef8bb797ea99Ee4Fb3F54B674d0617Ef05E',
      _tokens: [Array],
      _protocol: '',
      _tokenBalances: [Object]
    },
    UniswappyV2EthPair {
      _marketAddress: '0xa7B5cc5549B6b804d5cBc25D8Be4a125Edf09B5A',
      _tokens: [Array],
      _protocol: '',
      _tokenBalances: [Object]
    }
  ],
  '0x5407D635315514cFB438a8cac2c72CCE890631Da': [
    UniswappyV2EthPair {
      _marketAddress: '0x4E442B1419fe3001D9101874E135DA4EBA1653D1',
      _tokens: [Array],
      _protocol: '',
      _tokenBalances: [Object]
    },
    UniswappyV2EthPair {
      _marketAddress: '0x29054832075fF9082E3D78396622F3329b8Fd4E2',
      _tokens: [Array],
      _protocol: '',
      _tokenBalances: [Object]
    }
  ],
  '0x29A4A3D77c010CE100A45831BF7e798f0f0B325D': [
    UniswappyV2EthPair {
      _marketAddress: '0xAA7065945BB583cc0d5D1Cd8008e4c704A9Fcd6c',
      _tokens: [Array],
      _protocol: '',
      _tokenBalances: [Object]
    },
    UniswappyV2EthPair {
      _marketAddress: '0xBC97d18F27727734aC1F72d1c25f3cc4e0E950BA',
      _tokens: [Array],
      _protocol: '',
      _tokenBalances: [Object]
    }
  ],
  '0xEC583f25A049CC145dA9A256CDbE9B6201a705Ff': [
    UniswappyV2EthPair {
      _marketAddress: '0x360fF70D5227340042676250C5041781B0d662dA',
      _tokens: [Array],
      _protocol: '',
      _tokenBalances: [Object]
    },
    UniswappyV2EthPair {
      _marketAddress: '0x13084E03B7b659f3b3FD96CC3e4a6b93d55590C0',
      _tokens: [Array],
      _protocol: '',
      _tokenBalances: [Object]
    }
  ],
  '0x9F882567A62a5560d147d64871776EeA72Df41D3': [
    UniswappyV2EthPair {
      _marketAddress: '0x7C81007cbF51561b8606A7D4410eb9614BAe7CCc',
      _tokens: [Array],
      _protocol: '',
      _tokenBalances: [Object]
    },
    UniswappyV2EthPair {
      _marketAddress: '0x707e4e8745E87397922E27aEC4718e6feE12f92A',
      _tokens: [Array],
      _protocol: '',
      _tokenBalances: [Object]
    },
    UniswappyV2EthPair {
      _marketAddress: '0x2314dfDbf0D1aF48e014C02289eB78018f96772C',
      _tokens: [Array],
      _protocol: '',
      _tokenBalances: [Object]
    }
  ],
  '0xCF9f991b14620f5ad144Eec11f9bc7Bf08987622': [
    UniswappyV2EthPair {
      _marketAddress: '0x520D8e68746abEF1D8c5A059Ab15C63674BA0310',
      _tokens: [Array],
      _protocol: '',
      _tokenBalances: [Object]
    },
    UniswappyV2EthPair {
      _marketAddress: '0x15c7c36e56721c4029118A76111798B2C834533e',
      _tokens: [Array],
      _protocol: '',
      _tokenBalances: [Object]
    }
  ],
  '0xcaF5191fc480F43e4DF80106c7695ECA56E48B18': [
    UniswappyV2EthPair {
      _marketAddress: '0x6518709dC42F70Dbf89934cA382F1d9dB26370e8',
      _tokens: [Array],
      _protocol: '',
      _tokenBalances: [Object]
    },
    UniswappyV2EthPair {
      _marketAddress: '0x42400A48fEae567b8dd007c8728Fd114a7e7d3B3',
      _tokens: [Array],
      _protocol: '',
      _tokenBalances: [Object]
    }
  ],
  '0x99dAB6065951BecaC1dECBaC0C1A16b9BbF12913': [
    UniswappyV2EthPair {
      _marketAddress: '0x381De5b022961315C6Da24F95afcD2841217cDdd',
      _tokens: [Array],
      _protocol: '',
      _tokenBalances: [Object]
    },
    UniswappyV2EthPair {
      _marketAddress: '0xd1bfd9E4ac7A9d1bA8D5f603e6789734AB677Aac',
      _tokens: [Array],
      _protocol: '',
      _tokenBalances: [Object]
    }
  ],
  '0x8263CD1601FE73C066bf49cc09841f35348e3be0': [
    UniswappyV2EthPair {
      _marketAddress: '0x3C2Ac2a0867bB458423a7f8F81e7B7dA5a1C3a1C',
      _tokens: [Array],
      _protocol: '',
      _tokenBalances: [Object]
    },
    UniswappyV2EthPair {
      _marketAddress: '0x56F40F52128aCF1ec8024B2076aC17425C3B7003',
      _tokens: [Array],
      _protocol: '',
      _tokenBalances: [Object]
    },
    UniswappyV2EthPair {
      _marketAddress: '0x3C7e7122f4DDcfC5b5c31b5c735Ce2Ae3b015856',
      _tokens: [Array],
      _protocol: '',
      _tokenBalances: [Object]
    }
  ],
  '0xb55B95aA3459783D6F9dd34Dc330EB05EF6207AB': [
    UniswappyV2EthPair {
      _marketAddress: '0x20ADF1658f7544CDd60DF84C2a6ad45e16155c27',
      _tokens: [Array],
      _protocol: '',
      _tokenBalances: [Object]
    },
    UniswappyV2EthPair {
      _marketAddress: '0x797698A098d924Db859DDb6187626AfA65a94395',
      _tokens: [Array],
      _protocol: '',
      _tokenBalances: [Object]
    }
  ],
  '0xF65e64f2A7A625FBd5635dca9487244Bc1983a84': [
    UniswappyV2EthPair {
      _marketAddress: '0xc62F8237e587f7807275363C9a0307eD88C1C0e8',
      _tokens: [Array],
      _protocol: '',
      _tokenBalances: [Object]
    },
    UniswappyV2EthPair {
      _marketAddress: '0xB569490fB4F05985661dF23c866A345241BcE258',
      _tokens: [Array],
      _protocol: '',
      _tokenBalances: [Object]
    }
  ],
  '0xfE03a2004648886987cF4b8Fd433b1B132740121': [
    UniswappyV2EthPair {
      _marketAddress: '0x70f07dDB88497CBA18e2626d08639836953a6C29',
      _tokens: [Array],
      _protocol: '',
      _tokenBalances: [Object]
    },
    UniswappyV2EthPair {
      _marketAddress: '0xA7064963B7dEc525e8Af047503998FA6237CacAD',
      _tokens: [Array],
      _protocol: '',
      _tokenBalances: [Object]
    }
  ],
  '0x2C487E4CB92CA80C22b2693b67d49437dEAE8F90': [
    UniswappyV2EthPair {
      _marketAddress: '0x50dcdBFb91A09Df5ca9C335b1324BD056E22B18c',
      _tokens: [Array],
      _protocol: '',
      _tokenBalances: [Object]
    },
    UniswappyV2EthPair {
      _marketAddress: '0x4f1d0d7c76D7B45d2F8adbC87403C337d4D3faD4',
      _tokens: [Array],
      _protocol: '',
      _tokenBalances: [Object]
    },
    UniswappyV2EthPair {
      _marketAddress: '0x0b81Cd758b74B2f84E227A62587BC28fDcadf7b8',
      _tokens: [Array],
      _protocol: '',
      _tokenBalances: [Object]
    }
  ],
  '0x410319197d3394652B7ddDc669E58fbe30B56090': [
    UniswappyV2EthPair {
      _marketAddress: '0x4803FF325054855042eB9FaB187609847171219F',
      _tokens: [Array],
      _protocol: '',
      _tokenBalances: [Object]
    },
    UniswappyV2EthPair {
      _marketAddress: '0x15CD39e9e494177f13A5Db7c36883BE1a5D95eD8',
      _tokens: [Array],
      _protocol: '',
      _tokenBalances: [Object]
    }
  ],
  '0x061cCb39B90072246FB1e24c53e5d9A6ee93c673': [
    UniswappyV2EthPair {
      _marketAddress: '0x46809d553aB6144f28319E268D6733A32175e017',
      _tokens: [Array],
      _protocol: '',
      _tokenBalances: [Object]
    },
    UniswappyV2EthPair {
      _marketAddress: '0xb766Df4B60772B62f536A2F7b9238D990BA6512d',
      _tokens: [Array],
      _protocol: '',
      _tokenBalances: [Object]
    }
  ],
  '0x9883966DD53D6F1f998D997B4B22a0AddC113046': [
    UniswappyV2EthPair {
      _marketAddress: '0x0810F3Ca46f7fFa1B2fB9edfF91953b9BD3a113c',
      _tokens: [Array],
      _protocol: '',
      _tokenBalances: [Object]
    },
    UniswappyV2EthPair {
      _marketAddress: '0x9A49ADE788b0C8fb6771454Ba353d45006cd1372',
      _tokens: [Array],
      _protocol: '',
      _tokenBalances: [Object]
    },
    UniswappyV2EthPair {
      _marketAddress: '0xBc965AD2C71806C53e1ee8d7f435E38F70d41d36',
      _tokens: [Array],
      _protocol: '',
      _tokenBalances: [Object]
    },
    UniswappyV2EthPair {
      _marketAddress: '0x11c871ad713a0fe4ee21C9b768e2Ce10DB6E4FEe',
      _tokens: [Array],
      _protocol: '',
      _tokenBalances: [Object]
    }
  ],
  '0x1FFD0b47127fdd4097E54521C9E2c7f0D66AafC5': [
    UniswappyV2EthPair {
      _marketAddress: '0xD2fd92BB7aEE4D15fFa68D39ebbfc937f2B3970D',
      _tokens: [Array],
      _protocol: '',
      _tokenBalances: [Object]
    },
    UniswappyV2EthPair {
      _marketAddress: '0xC447000580a2Db92CfFAfF8E080200cA20C5b102',
      _tokens: [Array],
      _protocol: '',
      _tokenBalances: [Object]
    },
    UniswappyV2EthPair {
      _marketAddress: '0xFc052f407B198be5A43f2f5cEA4A49F779f4b4a5',
      _tokens: [Array],
      _protocol: '',
      _tokenBalances: [Object]
    }
  ],
  '0x3f515f0a8e93F2E2f891ceeB3Db4e62e202d7110': [
    UniswappyV2EthPair {
      _marketAddress: '0x902760BE4D9121AA69f56bFB11982445fB8275D6',
      _tokens: [Array],
      _protocol: '',
      _tokenBalances: [Object]
    },
    UniswappyV2EthPair {
      _marketAddress: '0x50b68945a990684aeDBFA46391988b4609923d48',
      _tokens: [Array],
      _protocol: '',
      _tokenBalances: [Object]
    },
    UniswappyV2EthPair {
      _marketAddress: '0x482F8A776eE3e53424B8c8c8fc77796AC05cF288',
      _tokens: [Array],
      _protocol: '',
      _tokenBalances: [Object]
    }
  ],
  '0x0856978F7fFff0a2471B4520E3521c4B3343e36f': [
    UniswappyV2EthPair {
      _marketAddress: '0xe9a41aACa6c07743449200d18cd5bF9627B14903',
      _tokens: [Array],
      _protocol: '',
      _tokenBalances: [Object]
    },
    UniswappyV2EthPair {
      _marketAddress: '0xCC30f08ec47C2Be761a99cfd89643c1f128fE0cA',
      _tokens: [Array],
      _protocol: '',
      _tokenBalances: [Object]
    }
  ],
  '0x477bC8d23c634C154061869478bce96BE6045D12': [
    UniswappyV2EthPair {
      _marketAddress: '0xB5eC4777Ac976cf221c5451e62115b790f9B44b7',
      _tokens: [Array],
      _protocol: '',
      _tokenBalances: [Object]
    },
    UniswappyV2EthPair {
      _marketAddress: '0xF94FD45b0c7F2b305040CeA4958A9Ab8Ee73e1F4',
      _tokens: [Array],
      _protocol: '',
      _tokenBalances: [Object]
    },
    UniswappyV2EthPair {
      _marketAddress: '0x782f3f0d2b321D5aB7F15cd1665B95EC479Dcfa5',
      _tokens: [Array],
      _protocol: '',
      _tokenBalances: [Object]
    },
    UniswappyV2EthPair {
      _marketAddress: '0xE2620aBadf7c2F5cdFeD793Bd0996aDCAC29ad2f',
      _tokens: [Array],
      _protocol: '',
      _tokenBalances: [Object]
    },
    UniswappyV2EthPair {
      _marketAddress: '0x74fA517715C4ec65EF01d55ad5335f90dce7CC87',
      _tokens: [Array],
      _protocol: '',
      _tokenBalances: [Object]
    },
    UniswappyV2EthPair {
      _marketAddress: '0x33338C4FDb9a4a18C5c280c30338Acda1B244425',
      _tokens: [Array],
      _protocol: '',
      _tokenBalances: [Object]
    }
  ],
  '0xCb192B50C414Fe690C5260C129C8fB9462315A87': [
    UniswappyV2EthPair {
      _marketAddress: '0x771865Db66Cac3524bF470461CccEDfC98d8d365',
      _tokens: [Array],
      _protocol: '',
      _tokenBalances: [Object]
    },
    UniswappyV2EthPair {
      _marketAddress: '0x2a8B714Bb97E46457F8E3229F5C36CC45E2c4443',
      _tokens: [Array],
      _protocol: '',
      _tokenBalances: [Object]
    }
  ],
  '0x101df4d251e200d820555D3C7301D37D318a416e': [
    UniswappyV2EthPair {
      _marketAddress: '0xe99B82FeCf73d4e14F033ccfa9C81ad24308c04a',
      _tokens: [Array],
      _protocol: '',
      _tokenBalances: [Object]
    },
    UniswappyV2EthPair {
      _marketAddress: '0x5883dd9dae3Cda393643726F59aB0864Fd55DA47',
      _tokens: [Array],
      _protocol: '',
      _tokenBalances: [Object]
    }
  ],
  '0x71afF23750db1f4edbE32C942157a478349035b2': [
    UniswappyV2EthPair {
      _marketAddress: '0x46e6E5bE4D623f390c14f70cff2908FB0C3d96BA',
      _tokens: [Array],
      _protocol: '',
      _tokenBalances: [Object]
    },
    UniswappyV2EthPair {
      _marketAddress: '0x4075841Cf0F1e8f8dC6f93222499E7E90019b91D',
      _tokens: [Array],
      _protocol: '',
      _tokenBalances: [Object]
    },
    UniswappyV2EthPair {
      _marketAddress: '0x5D2d30cFaf771f9B234b205bAA34029Bb230c6EE',
      _tokens: [Array],
      _protocol: '',
      _tokenBalances: [Object]
    }
  ],
  '0xCAe905A3ab9304D681C73b32B6fCcBc69C9cEBb1': [
    UniswappyV2EthPair {
      _marketAddress: '0x5897d0fFD124A8fa9D05e0208f364154da91BC93',
      _tokens: [Array],
      _protocol: '',
      _tokenBalances: [Object]
    },
    UniswappyV2EthPair {
      _marketAddress: '0x7e7f6d4E7cEEe553CAF80EDc38459b1C23167d6B',
      _tokens: [Array],
      _protocol: '',
      _tokenBalances: [Object]
    }
  ],
  '0xBA6606dBDff3BF444F37B0AD7604ED7eDBE0b879': [
    UniswappyV2EthPair {
      _marketAddress: '0xEF18E3e59dE7cBfF91682c401Bca1b801aAb204D',
      _tokens: [Array],
      _protocol: '',
      _tokenBalances: [Object]
    },
    UniswappyV2EthPair {
      _marketAddress: '0x7C644A61fFeB16226F68F28c11fC44C0e2E7909B',
      _tokens: [Array],
      _protocol: '',
      _tokenBalances: [Object]
    }
  ],
  '0xC79d1fD14F514cD713b5cA43D288a782Ae53eAb2': [
    UniswappyV2EthPair {
      _marketAddress: '0x0290C095D68180dc9d397dbD2240848cB4a66FbF',
      _tokens: [Array],
      _protocol: '',
      _tokenBalances: [Object]
    },
    UniswappyV2EthPair {
      _marketAddress: '0x4c3C72aF82309674c00223cD8b932b1D40B9910C',
      _tokens: [Array],
      _protocol: '',
      _tokenBalances: [Object]
    },
    UniswappyV2EthPair {
      _marketAddress: '0x77662835096dC9F97378918e34640a2396dC420a',
      _tokens: [Array],
      _protocol: '',
      _tokenBalances: [Object]
    }
  ],
  '0x5F16ba80a1F620055e35215028E90808c7CC365C': [
    UniswappyV2EthPair {
      _marketAddress: '0xa4AabF451D4fD95EdfAC87Cf468a88B7Bd5c7257',
      _tokens: [Array],
      _protocol: '',
      _tokenBalances: [Object]
    },
    UniswappyV2EthPair {
      _marketAddress: '0xdb3F2d85a17FC6CF5d724c5961B79AA3868B91e4',
      _tokens: [Array],
      _protocol: '',
      _tokenBalances: [Object]
    },
    UniswappyV2EthPair {
      _marketAddress: '0x934fa944558eD3149Fd5cec18fF41E468C9c0804',
      _tokens: [Array],
      _protocol: '',
      _tokenBalances: [Object]
    }
  ],
  '0x123f92226C626AdC919aD122d6cc3C20A6c25666': [
    UniswappyV2EthPair {
      _marketAddress: '0x309BDD170c3C25Aa36d9E52c1d3e84e38BB363D8',
      _tokens: [Array],
      _protocol: '',
      _tokenBalances: [Object]
    },
    UniswappyV2EthPair {
      _marketAddress: '0x2F177adC2042e31110Ee9702e2bf6A243973B7D9',
      _tokens: [Array],
      _protocol: '',
      _tokenBalances: [Object]
    },
    UniswappyV2EthPair {
      _marketAddress: '0x74eD370d5116305c513720410Ca42D94Ab4FecAA',
      _tokens: [Array],
      _protocol: '',
      _tokenBalances: [Object]
    }
  ],
  '0x8e2D8f40818FbaBA663Db6a24FB9B527Fc7100BE': [
    UniswappyV2EthPair {
      _marketAddress: '0x85376a57481432e019Ff044d14FFDbF76F2DcB42',
      _tokens: [Array],
      _protocol: '',
      _tokenBalances: [Object]
    },
    UniswappyV2EthPair {
      _marketAddress: '0x7f4Df8251701f6089FdCF106c50c81D3385c0415',
      _tokens: [Array],
      _protocol: '',
      _tokenBalances: [Object]
    }
  ],
  '0x5f6F27cc6Bb1ec1A1b4dbbea037f6e45eF68f6aE': [
    UniswappyV2EthPair {
      _marketAddress: '0xB3A1A81e5D52c6BEC35271712187FD09639aaBc7',
      _tokens: [Array],
      _protocol: '',
      _tokenBalances: [Object]
    },
    UniswappyV2EthPair {
      _marketAddress: '0x2CA5089508E83Ce9d303d322708E418758ab7e79',
      _tokens: [Array],
      _protocol: '',
      _tokenBalances: [Object]
    },
    UniswappyV2EthPair {
      _marketAddress: '0xEa0576De9B04E7E3201C4C453Ad535CC60FaE14b',
      _tokens: [Array],
      _protocol: '',
      _tokenBalances: [Object]
    }
  ],
  '0x18d3A68704E40936B086Cd3c8B874A5c8C2c0C4f': [
    UniswappyV2EthPair {
      _marketAddress: '0x5066267333d815eC461250854059de5473Bda851',
      _tokens: [Array],
      _protocol: '',
      _tokenBalances: [Object]
    },
    UniswappyV2EthPair {
      _marketAddress: '0xD1275Bbc29146Fd3De54197ee7407E30A9818ae7',
      _tokens: [Array],
      _protocol: '',
      _tokenBalances: [Object]
    }
  ],
  '0xc4ACD115F1CeeBD4A88273423D6CF77C4A1c7559': [
    UniswappyV2EthPair {
      _marketAddress: '0x48aE57A7eA1Cee9dd56482515158025c056d2016',
      _tokens: [Array],
      _protocol: '',
      _tokenBalances: [Object]
    },
    UniswappyV2EthPair {
      _marketAddress: '0xa00c1c1F303e32a5ea3cD1Dee7d4d3173e714d48',
      _tokens: [Array],
      _protocol: '',
      _tokenBalances: [Object]
    },
    UniswappyV2EthPair {
      _marketAddress: '0x723E6F49C57aB016084096A9DA3071CF7C05a978',
      _tokens: [Array],
      _protocol: '',
      _tokenBalances: [Object]
    },
    UniswappyV2EthPair {
      _marketAddress: '0x57791137658c32A60981b5A4432A26292940C8Bc',
      _tokens: [Array],
      _protocol: '',
      _tokenBalances: [Object]
    }
  ],
  '0x2326C7395d02A8C89a9d7A0b0C1Cf159D49cE51c': [
    UniswappyV2EthPair {
      _marketAddress: '0x955631FEDea348D237F4FD772BD5bc81b4c651Bf',
      _tokens: [Array],
      _protocol: '',
      _tokenBalances: [Object]
    },
    UniswappyV2EthPair {
      _marketAddress: '0x0A147bf930ED01d92B9Cd83A87482020e66617e2',
      _tokens: [Array],
      _protocol: '',
      _tokenBalances: [Object]
    }
  ],
  '0x4ba8aBF9b4fC73F5a086F19D2a49611FdEc0fE68': [
    UniswappyV2EthPair {
      _marketAddress: '0xA0CF067208e5231f6B4dfD916B6e849Bf08e8f31',
      _tokens: [Array],
      _protocol: '',
      _tokenBalances: [Object]
    },
    UniswappyV2EthPair {
      _marketAddress: '0x013363899Ac6F9F5d55d0EfE34042Bf4B1D7A1A9',
      _tokens: [Array],
      _protocol: '',
      _tokenBalances: [Object]
    },
    UniswappyV2EthPair {
      _marketAddress: '0x2d4F5c7067aFdd9Edd256411836d6c4Ede22B1A2',
      _tokens: [Array],
      _protocol: '',
      _tokenBalances: [Object]
    },
    UniswappyV2EthPair {
      _marketAddress: '0x64bCe2964B596a50CCc1d931f4C64B8383f63ef1',
      _tokens: [Array],
      _protocol: '',
      _tokenBalances: [Object]
    }
  ],
  '0x6d3A0Fb0070EA61F901eBc0b675c30450ACAc737': [
    UniswappyV2EthPair {
      _marketAddress: '0xbba02Aef4d58A3454f8641e79EEF48d7F0f41D6a',
      _tokens: [Array],
      _protocol: '',
      _tokenBalances: [Object]
    },
    UniswappyV2EthPair {
      _marketAddress: '0x61a858B08942265fDF039f24949FE9B5d0F1224A',
      _tokens: [Array],
      _protocol: '',
      _tokenBalances: [Object]
    }
  ],
  '0xA01000C52b234a92563BA61e5649b7C76E1ba0f3': [
    UniswappyV2EthPair {
      _marketAddress: '0x45a3C78A4036E1E4ffF5fa9c0814739B8271A6E1',
      _tokens: [Array],
      _protocol: '',
      _tokenBalances: [Object]
    },
    UniswappyV2EthPair {
      _marketAddress: '0x974d2549b034b093964088FF333C30153085c6ad',
      _tokens: [Array],
      _protocol: '',
      _tokenBalances: [Object]
    },
    UniswappyV2EthPair {
      _marketAddress: '0x1C2e16dd2FabcE69b06f1D063D90BE51fc03Fb38',
      _tokens: [Array],
      _protocol: '',
      _tokenBalances: [Object]
    }
  ],
  '0xF21768cCBC73Ea5B6fd3C687208a7c2def2d966e': [
    UniswappyV2EthPair {
      _marketAddress: '0x067ECa712170d91794BFb606C18B960eED5D0D8a',
      _tokens: [Array],
      _protocol: '',
      _tokenBalances: [Object]
    },
    UniswappyV2EthPair {
      _marketAddress: '0x22530Cf86986eF15F0A59288d37Cc8c50efE3123',
      _tokens: [Array],
      _protocol: '',
      _tokenBalances: [Object]
    },
    UniswappyV2EthPair {
      _marketAddress: '0xd63b5CecB1f40d626307B92706Df357709D05827',
      _tokens: [Array],
      _protocol: '',
      _tokenBalances: [Object]
    },
    UniswappyV2EthPair {
      _marketAddress: '0x58B58cab6C5cF158f63A2390b817710826d116D0',
      _tokens: [Array],
      _protocol: '',
      _tokenBalances: [Object]
    }
  ],
  '0xA7e271f1742748B54803213A0CddB7b88c6b25f6': [
    UniswappyV2EthPair {
      _marketAddress: '0x6af0EE00514252b3fdF63d408D297424C01cDdF4',
      _tokens: [Array],
      _protocol: '',
      _tokenBalances: [Object]
    },
    UniswappyV2EthPair {
      _marketAddress: '0xec5D522436020C0FF2a9e54f77AFB50D4Df36Ba6',
      _tokens: [Array],
      _protocol: '',
      _tokenBalances: [Object]
    }
  ],
  '0x23f07a1C03e7C6D0C88e0E05E79B6E3511073fD5': [
    UniswappyV2EthPair {
      _marketAddress: '0x4Cd7Bcd48B42DcF8C851cDb9A31f61B97Cd56987',
      _tokens: [Array],
      _protocol: '',
      _tokenBalances: [Object]
    },
    UniswappyV2EthPair {
      _marketAddress: '0x29A68023b7887115470C9B9305Ca71Af62BF8982',
      _tokens: [Array],
      _protocol: '',
      _tokenBalances: [Object]
    }
  ],
  '0xD7730681B1DC8f6F969166B29D8A5EA8568616a3': [
    UniswappyV2EthPair {
      _marketAddress: '0x8F2443CaD2FEa6b3aa4f0FDE00B8018C960FFC13',
      _tokens: [Array],
      _protocol: '',
      _tokenBalances: [Object]
    },
    UniswappyV2EthPair {
      _marketAddress: '0xFDE79242f380b23159A6F0C26a62C8897f3D9c4D',
      _tokens: [Array],
      _protocol: '',
      _tokenBalances: [Object]
    }
  ],
  '0x0EF008FF963572d3DAbc12E222420F537ddaBf94': [
    UniswappyV2EthPair {
      _marketAddress: '0x4E7B10750D06d53F122B5C6F44eE33F98caf130b',
      _tokens: [Array],
      _protocol: '',
      _tokenBalances: [Object]
    },
    UniswappyV2EthPair {
      _marketAddress: '0xE7fAb025987dc00F70bFB3d058b1D3D82d9446c1',
      _tokens: [Array],
      _protocol: '',
      _tokenBalances: [Object]
    }
  ],
  '0xEA8c5B9c537f3ebBcc8F2df0573F2d084E9e2BDb': [
    UniswappyV2EthPair {
      _marketAddress: '0xddffB040B3BbEa67C7e4f7E64C0cc9e4B094C683',
      _tokens: [Array],
      _protocol: '',
      _tokenBalances: [Object]
    },
    UniswappyV2EthPair {
      _marketAddress: '0xf82D33D6387fBc9f8C2495548134aF424736b21B',
      _tokens: [Array],
      _protocol: '',
      _tokenBalances: [Object]
    },
    UniswappyV2EthPair {
      _marketAddress: '0x80DF30519fD0D0af55923AF4eEcEf670551d5a03',
      _tokens: [Array],
      _protocol: '',
      _tokenBalances: [Object]
    }
  ],
  '0x651732008DcB195C072bc22F25896F98466E7Ad2': [
    UniswappyV2EthPair {
      _marketAddress: '0xC87297df65F9261D2785aE954e4028840a9aaee4',
      _tokens: [Array],
      _protocol: '',
      _tokenBalances: [Object]
    },
    UniswappyV2EthPair {
      _marketAddress: '0xB25801b8d199c4acE46b9c4D88c7f4c79e56351A',
      _tokens: [Array],
      _protocol: '',
      _tokenBalances: [Object]
    }
  ],
  '0xEd8c8Aa8299C10f067496BB66f8cC7Fb338A3405': [
    UniswappyV2EthPair {
      _marketAddress: '0x8205A8B42EE0BFdaB43af3c971d97E150A1E48AE',
      _tokens: [Array],
      _protocol: '',
      _tokenBalances: [Object]
    },
    UniswappyV2EthPair {
      _marketAddress: '0x044A7321C2abB6c87A735978ABDB3FEF03166937',
      _tokens: [Array],
      _protocol: '',
      _tokenBalances: [Object]
    }
  ],
  '0x6d6521283CD3Fd0188Fe0408e700A5790a0f6C61': [
    UniswappyV2EthPair {
      _marketAddress: '0x9822A895712327a7C4F1c14F132720503a9eAc70',
      _tokens: [Array],
      _protocol: '',
      _tokenBalances: [Object]
    },
    UniswappyV2EthPair {
      _marketAddress: '0x8003E8F21829ef688Ec87f0de208c30FB18D5386',
      _tokens: [Array],
      _protocol: '',
      _tokenBalances: [Object]
    },
    UniswappyV2EthPair {
      _marketAddress: '0x23f569782Be92B14BD2d07a770e1C58AB08e9356',
      _tokens: [Array],
      _protocol: '',
      _tokenBalances: [Object]
    },
    UniswappyV2EthPair {
      _marketAddress: '0x6075Ef0aC18Bb45Ae7fd4461c07040559C963304',
      _tokens: [Array],
      _protocol: '',
      _tokenBalances: [Object]
    }
  ],
  '0xE9D7023f2132D55cbd4Ee1f78273CB7a3e74F10A': [
    UniswappyV2EthPair {
      _marketAddress: '0xBd7fe333004614FFC1D8DCF05B17b7C3cCfD4b27',
      _tokens: [Array],
      _protocol: '',
      _tokenBalances: [Object]
    },
    UniswappyV2EthPair {
      _marketAddress: '0xc23D86E1FBAe46194E032217015723119d3b2c0A',
      _tokens: [Array],
      _protocol: '',
      _tokenBalances: [Object]
    }
  ],
  '0x12BB890508c125661E03b09EC06E404bc9289040': [
    UniswappyV2EthPair {
      _marketAddress: '0xb5BcdAeDC04dBd0742fD9dC342dE7C427192Cf3c',
      _tokens: [Array],
      _protocol: '',
      _tokenBalances: [Object]
    },
    UniswappyV2EthPair {
      _marketAddress: '0x250B6610717Ef6F1F5e062d61FD5F3f075f201bF',
      _tokens: [Array],
      _protocol: '',
      _tokenBalances: [Object]
    },
    UniswappyV2EthPair {
      _marketAddress: '0x265E2B86Cff3d43e2cB732f1fD547775b03eD71C',
      _tokens: [Array],
      _protocol: '',
      _tokenBalances: [Object]
    }
  ],
  '0x2EB2943B5B72545c5EC6ec5e5A266D1929c96461': [
    UniswappyV2EthPair {
      _marketAddress: '0xF23c50880B49E8cc5D3bAA0789d2908C058be468',
      _tokens: [Array],
      _protocol: '',
      _tokenBalances: [Object]
    },
    UniswappyV2EthPair {
      _marketAddress: '0x8e3a999d2152E4Df7dcF8944FeC15beEC9d11932',
      _tokens: [Array],
      _protocol: '',
      _tokenBalances: [Object]
    }
  ],
  '0xE2AACBd7800b9dc519Db96089eC8c48E42Bce4c2': [
    UniswappyV2EthPair {
      _marketAddress: '0x6DF51099f9a0A294D0ff5b750d578d6678F45e52',
      _tokens: [Array],
      _protocol: '',
      _tokenBalances: [Object]
    },
    UniswappyV2EthPair {
      _marketAddress: '0x7789334743DA7B3b6dfE8cd6C451d1F11777D201',
      _tokens: [Array],
      _protocol: '',
      _tokenBalances: [Object]
    }
  ],
  '0xc1329950f3c1899D5EB2af37a9101d32B6e8fd7A': [
    UniswappyV2EthPair {
      _marketAddress: '0xf260f1468097cA4d15B83E0c24734d585a15E0C2',
      _tokens: [Array],
      _protocol: '',
      _tokenBalances: [Object]
    },
    UniswappyV2EthPair {
      _marketAddress: '0x2993c974d94c9b9D87E0EB217c20151b6a27E3ee',
      _tokens: [Array],
      _protocol: '',
      _tokenBalances: [Object]
    }
  ],
  '0xA58950F05FeA2277d2608748412bf9F802eA4901': [
    UniswappyV2EthPair {
      _marketAddress: '0x7c9391ED34Bf49e1fCA11e1aEdD7E63af64c3663',
      _tokens: [Array],
      _protocol: '',
      _tokenBalances: [Object]
    },
    UniswappyV2EthPair {
      _marketAddress: '0x848cC416f6Ec98c7546E6Ad450C1612Eb8c95a16',
      _tokens: [Array],
      _protocol: '',
      _tokenBalances: [Object]
    },
    UniswappyV2EthPair {
      _marketAddress: '0x799C768e66dfFBb8BDf8de8fd7ECD4B49fE90d93',
      _tokens: [Array],
      _protocol: '',
      _tokenBalances: [Object]
    }
  ],
  '0xC0C6e4C6E70c6231b20979Bda581a66f062A7967': [
    UniswappyV2EthPair {
      _marketAddress: '0x3B6E205AC56900E5A336Ddd853f4EF99B41bBd24',
      _tokens: [Array],
      _protocol: '',
      _tokenBalances: [Object]
    },
    UniswappyV2EthPair {
      _marketAddress: '0xaA8dC7FBCf3Af683Ee9C09DeECDbd9Ae57eC43E1',
      _tokens: [Array],
      _protocol: '',
      _tokenBalances: [Object]
    }
  ],
  '0x016CF83732f1468150D87dCC5BdF67730B3934D3': [
    UniswappyV2EthPair {
      _marketAddress: '0xD515F5153838A197833cb39C3100C72CC8A12204',
      _tokens: [Array],
      _protocol: '',
      _tokenBalances: [Object]
    },
    UniswappyV2EthPair {
      _marketAddress: '0x98531C3d9179d9acCC8098aAf485b0b73fCba8D4',
      _tokens: [Array],
      _protocol: '',
      _tokenBalances: [Object]
    },
    UniswappyV2EthPair {
      _marketAddress: '0xf0Cb491BB5e6788844FDDEA303c28f8d2f98D521',
      _tokens: [Array],
      _protocol: '',
      _tokenBalances: [Object]
    }
  ],
  '0x6679eB24F59dFe111864AEc72B443d1Da666B360': [
    UniswappyV2EthPair {
      _marketAddress: '0x2C7447BF72FFd23e7f2A5Aa04bdFF0Faf5798658',
      _tokens: [Array],
      _protocol: '',
      _tokenBalances: [Object]
    },
    UniswappyV2EthPair {
      _marketAddress: '0x6f5178295e8A1832f3146aF6d8f7F36EaE09a462',
      _tokens: [Array],
      _protocol: '',
      _tokenBalances: [Object]
    },
    UniswappyV2EthPair {
      _marketAddress: '0x9F38BF589bE2E10ad45Ced55Afa50d668AEBa2Ee',
      _tokens: [Array],
      _protocol: '',
      _tokenBalances: [Object]
    }
  ],
  '0xE788Ea2B57655B4942DB8cdb4523aeF250bEb2D4': [
    UniswappyV2EthPair {
      _marketAddress: '0x0AB08c2A4BfCF0A1f1F29560BBfd2FBD38DD28B0',
      _tokens: [Array],
      _protocol: '',
      _tokenBalances: [Object]
    },
    UniswappyV2EthPair {
      _marketAddress: '0xb7999cE8a5F1F8C5518c35608B2BaFad22406a12',
      _tokens: [Array],
      _protocol: '',
      _tokenBalances: [Object]
    }
  ],
  '0x51F9e1235107722b25F22c6e6edcB378dfc31EBa': [
    UniswappyV2EthPair {
      _marketAddress: '0x21F14719be3cfC87380E6F6B4ca12D101962c64e',
      _tokens: [Array],
      _protocol: '',
      _tokenBalances: [Object]
    },
    UniswappyV2EthPair {
      _marketAddress: '0x8269547E42eC9ea27114aC130e0C34f32b3410d5',
      _tokens: [Array],
      _protocol: '',
      _tokenBalances: [Object]
    }
  ],
  '0xb5EB211FC1306f144Cc7cde826681723355F0643': [
    UniswappyV2EthPair {
      _marketAddress: '0xf2bD1c2C107EF92650200EdF32494C1e2C3BE5dF',
      _tokens: [Array],
      _protocol: '',
      _tokenBalances: [Object]
    },
    UniswappyV2EthPair {
      _marketAddress: '0xe91FE0f08729591707f83FA1b78A1661d40798c3',
      _tokens: [Array],
      _protocol: '',
      _tokenBalances: [Object]
    }
  ],
  '0x5a1F90A4f4694496Dd364577a49d10b32A88dB2c': [
    UniswappyV2EthPair {
      _marketAddress: '0xa154641bF05ab7A6E19d664d49BC7c6E1Fa23402',
      _tokens: [Array],
      _protocol: '',
      _tokenBalances: [Object]
    },
    UniswappyV2EthPair {
      _marketAddress: '0x3b58125e0665B34Ba6Dfdb0968E75B22F31442dA',
      _tokens: [Array],
      _protocol: '',
      _tokenBalances: [Object]
    }
  ],
  '0x9fD87aEfe02441B123c3c32466cD9dB4c578618f': [
    UniswappyV2EthPair {
      _marketAddress: '0xc2163A4879f4DcBfE28359664D98c7215E9CAf2E',
      _tokens: [Array],
      _protocol: '',
      _tokenBalances: [Object]
    },
    UniswappyV2EthPair {
      _marketAddress: '0x322773997EA03A89877c7Afad32a71D42A813C05',
      _tokens: [Array],
      _protocol: '',
      _tokenBalances: [Object]
    }
  ],
  '0xB41aafbA44e7255E48E606286AF313DFB46B7E23': [
    UniswappyV2EthPair {
      _marketAddress: '0x818Ee33b7a25eE64C99764dA4CB85a2C01421623',
      _tokens: [Array],
      _protocol: '',
      _tokenBalances: [Object]
    },
    UniswappyV2EthPair {
      _marketAddress: '0x0a4017bb2874D1AD419ebA6D84Bb541dbe2c197f',
      _tokens: [Array],
      _protocol: '',
      _tokenBalances: [Object]
    }
  ],
  '0x4ef29F3B804C316bA8bA464A765C601Fc092a2e9': [
    UniswappyV2EthPair {
      _marketAddress: '0x756Ed14D42475b1EE7Cf1c5Ba035E3D1A9295061',
      _tokens: [Array],
      _protocol: '',
      _tokenBalances: [Object]
    },
    UniswappyV2EthPair {
      _marketAddress: '0x1f5C12a536d13689d0198B8df0F9637E15Bf8A29',
      _tokens: [Array],
      _protocol: '',
      _tokenBalances: [Object]
    }
  ],
  '0x3279510E89600ee1767a037DBD0aD49c974063AE': [
    UniswappyV2EthPair {
      _marketAddress: '0xD1EF6f972bF938F208B8D8F38A4a2058321D767A',
      _tokens: [Array],
      _protocol: '',
      _tokenBalances: [Object]
    },
    UniswappyV2EthPair {
      _marketAddress: '0x244fb3a09135aCE7CB5d277A48104416Bc619FC2',
      _tokens: [Array],
      _protocol: '',
      _tokenBalances: [Object]
    }
  ],
  '0xbA948199A068D4E8816F69c5266943b5134DC785': [
    UniswappyV2EthPair {
      _marketAddress: '0x80fC00c3B9D9325cba7f9EA6c728c5B25796B1Ca',
      _tokens: [Array],
      _protocol: '',
      _tokenBalances: [Object]
    },
    UniswappyV2EthPair {
      _marketAddress: '0xE90e728F0EC219E30292746dA8858Da4D0104d6e',
      _tokens: [Array],
      _protocol: '',
      _tokenBalances: [Object]
    }
  ],
  '0x7FBB176995C5Acb26AA709d168e0cF97315cdFC8': [
    UniswappyV2EthPair {
      _marketAddress: '0x410780f907c085914980e225c87F0b37B0cDfB08',
      _tokens: [Array],
      _protocol: '',
      _tokenBalances: [Object]
    },
    UniswappyV2EthPair {
      _marketAddress: '0x2906d57e922570E0D80e3A16e1Ae420b87efa8dA',
      _tokens: [Array],
      _protocol: '',
      _tokenBalances: [Object]
    }
  ],
  '0x73F67AE7f934FF15beaBf55A28C2Da1eEb9B56Ec': [
    UniswappyV2EthPair {
      _marketAddress: '0x87Cb1CE6a31B700BACCd00D532a44C55A076817F',
      _tokens: [Array],
      _protocol: '',
      _tokenBalances: [Object]
    },
    UniswappyV2EthPair {
      _marketAddress: '0xB9F6a119De6a986844Cc568cc3Fc4FaC6A306A00',
      _tokens: [Array],
      _protocol: '',
      _tokenBalances: [Object]
    },
    UniswappyV2EthPair {
      _marketAddress: '0x18B4eE630B8Ac0307b8d3ca98396C0C0D71f3D35',
      _tokens: [Array],
      _protocol: '',
      _tokenBalances: [Object]
    }
  ],
  '0x0fEAdcC3824E7F3c12f40E324a60c23cA51627fc': [
    UniswappyV2EthPair {
      _marketAddress: '0x7c5b0487715F8558a4A3859668F709743D99b608',
      _tokens: [Array],
      _protocol: '',
      _tokenBalances: [Object]
    },
    UniswappyV2EthPair {
      _marketAddress: '0xA8516fF2a24fFA19677a11Fd4ec60A336e6645f3',
      _tokens: [Array],
      _protocol: '',
      _tokenBalances: [Object]
    },
    UniswappyV2EthPair {
      _marketAddress: '0x8fcEAb34EF14e46c1B880fB5C2995fD2F6AACc18',
      _tokens: [Array],
      _protocol: '',
      _tokenBalances: [Object]
    }
  ],
  '0x0D8Ce2A99Bb6e3B7Db580eD848240e4a0F9aE153': [
    UniswappyV2EthPair {
      _marketAddress: '0xcAEC8648dbaC41b6504A8E408892931796D67d87',
      _tokens: [Array],
      _protocol: '',
      _tokenBalances: [Object]
    },
    UniswappyV2EthPair {
      _marketAddress: '0xe4276043484881C19c78D0276DEE1350eB36cDB5',
      _tokens: [Array],
      _protocol: '',
      _tokenBalances: [Object]
    },
    UniswappyV2EthPair {
      _marketAddress: '0xADaE5072DFe409E61DA1EfC804b40137e3886850',
      _tokens: [Array],
      _protocol: '',
      _tokenBalances: [Object]
    },
    UniswappyV2EthPair {
      _marketAddress: '0xD9bCcbbbDFd9d67BEb5d2273102CE0762421D1e3',
      _tokens: [Array],
      _protocol: '',
      _tokenBalances: [Object]
    },
    UniswappyV2EthPair {
      _marketAddress: '0x35FE9787F0eBF2a200BAc413D3030CF62D312774',
      _tokens: [Array],
      _protocol: '',
      _tokenBalances: [Object]
    }
  ],
  '0xFC646D0B564bf191B3d3adF2B620a792E485e6Da': [
    UniswappyV2EthPair {
      _marketAddress: '0x0CD2C42f9De3C9fEbded1Ff875561FBDBB0dfE94',
      _tokens: [Array],
      _protocol: '',
      _tokenBalances: [Object]
    },
    UniswappyV2EthPair {
      _marketAddress: '0x7e434c4391725270C97E02e138A6Dd728540c53C',
      _tokens: [Array],
      _protocol: '',
      _tokenBalances: [Object]
    },
    UniswappyV2EthPair {
      _marketAddress: '0xe3c3c205a8c7F955Eae0C711f5B6460b14a16EFC',
      _tokens: [Array],
      _protocol: '',
      _tokenBalances: [Object]
    }
  ],
  '0xE3FD4DBC273851f4881fDBDaAba444867f1E4ac0': [
    UniswappyV2EthPair {
      _marketAddress: '0xc6429ccd29851C7a62DB009405573F09F1a83F9E',
      _tokens: [Array],
      _protocol: '',
      _tokenBalances: [Object]
    },
    UniswappyV2EthPair {
      _marketAddress: '0xF3dEdDF8bbF4241c657526c9aaFA6a32F03910B6',
      _tokens: [Array],
      _protocol: '',
      _tokenBalances: [Object]
    },
    UniswappyV2EthPair {
      _marketAddress: '0xc5c81F1c3670E401283C926983b9D054dFF70232',
      _tokens: [Array],
      _protocol: '',
      _tokenBalances: [Object]
    }
  ],
  '0x46D502Fac9aEA7c5bC7B13C8Ec9D02378C33D36F': [
    UniswappyV2EthPair {
      _marketAddress: '0x562aCCEF48eaA21c6Ba5331b9425099bBbB8140B',
      _tokens: [Array],
      _protocol: '',
      _tokenBalances: [Object]
    },
    UniswappyV2EthPair {
      _marketAddress: '0xF18248789AfaB47b4308a15035f4b969ed9196f7',
      _tokens: [Array],
      _protocol: '',
      _tokenBalances: [Object]
    },
    UniswappyV2EthPair {
      _marketAddress: '0xe8Fe1e78C28A315028F9a092D74D493e317F19C2',
      _tokens: [Array],
      _protocol: '',
      _tokenBalances: [Object]
    },
    UniswappyV2EthPair {
      _marketAddress: '0xE58ED17c7066eD60D1C4B1E545C4733Bd6F03229',
      _tokens: [Array],
      _protocol: '',
      _tokenBalances: [Object]
    }
  ],
  '0x6bfd576220e8444CA4Cc5f89Efbd7f02a4C94C16': [
    UniswappyV2EthPair {
      _marketAddress: '0x2F31E78080fD73827F95c77A5392f5a08FffD86C',
      _tokens: [Array],
      _protocol: '',
      _tokenBalances: [Object]
    },
    UniswappyV2EthPair {
      _marketAddress: '0x4A3fe39a54738C9748B8b3f40FE35D82eD876a93',
      _tokens: [Array],
      _protocol: '',
      _tokenBalances: [Object]
    },
    UniswappyV2EthPair {
      _marketAddress: '0x21B64D891805B0C6437E8209146E60AD87eBb499',
      _tokens: [Array],
      _protocol: '',
      _tokenBalances: [Object]
    }
  ],
  '0x9531c509a24CEEc710529645fc347341FF9F15EA': [
    UniswappyV2EthPair {
      _marketAddress: '0x81af0ff26483821F2D099653a4cD0Ad18B540257',
      _tokens: [Array],
      _protocol: '',
      _tokenBalances: [Object]
    },
    UniswappyV2EthPair {
      _marketAddress: '0x446A7531D6A979b2706f8f528554F733EA6712bA',
      _tokens: [Array],
      _protocol: '',
      _tokenBalances: [Object]
    }
  ],
  '0xf16e81dce15B08F326220742020379B855B87DF9': [
    UniswappyV2EthPair {
      _marketAddress: '0x34897782D373a81B9AeA497A3f6763baCF462a25',
      _tokens: [Array],
      _protocol: '',
      _tokenBalances: [Object]
    },
    UniswappyV2EthPair {
      _marketAddress: '0x51F914a192a97408D991FddDAFB8F8537C5Ffb0a',
      _tokens: [Array],
      _protocol: '',
      _tokenBalances: [Object]
    },
    UniswappyV2EthPair {
      _marketAddress: '0xE0C4BEF461540a941cc07790c5Ef77f36C15650f',
      _tokens: [Array],
      _protocol: '',
      _tokenBalances: [Object]
    },
    UniswappyV2EthPair {
      _marketAddress: '0xFE3171B9c20d002376D4B0097207EDf54b02EA3B',
      _tokens: [Array],
      _protocol: '',
      _tokenBalances: [Object]
    }
  ],
  '0x21E1A76fd42adAdA77262319CECA6416C306A57A': [
    UniswappyV2EthPair {
      _marketAddress: '0x9a3bF1169a1368d42B24AFd190F8bc3c8E747955',
      _tokens: [Array],
      _protocol: '',
      _tokenBalances: [Object]
    },
    UniswappyV2EthPair {
      _marketAddress: '0x83E455d6e37c720d1077D7Fa69430A82BE33C73D',
      _tokens: [Array],
      _protocol: '',
      _tokenBalances: [Object]
    }
  ],
  '0xA1217C0cce65A37E77cF43Af277c0B29D808652c': [
    UniswappyV2EthPair {
      _marketAddress: '0xBD47f4eEEede391628dF7f731A960BC2710cbf9C',
      _tokens: [Array],
      _protocol: '',
      _tokenBalances: [Object]
    },
    UniswappyV2EthPair {
      _marketAddress: '0x323215020837Cd16Fa5AeF09a9D5755D69e4683c',
      _tokens: [Array],
      _protocol: '',
      _tokenBalances: [Object]
    }
  ],
  '0xe4e8e6878718bfe533702D4a6571Eb74D79b0915': [
    UniswappyV2EthPair {
      _marketAddress: '0x686D5f58b1589589aE4097992C1A5609d06c00E7',
      _tokens: [Array],
      _protocol: '',
      _tokenBalances: [Object]
    },
    UniswappyV2EthPair {
      _marketAddress: '0x0390C792056eA02AA09b94fB05e703eBd46f3EC3',
      _tokens: [Array],
      _protocol: '',
      _tokenBalances: [Object]
    }
  ],
  '0x87230146E138d3F296a9a77e497A2A83012e9Bc5': [
    UniswappyV2EthPair {
      _marketAddress: '0xa584A5805DDE848cb200Da49a2A58174cCfd1Ba8',
      _tokens: [Array],
      _protocol: '',
      _tokenBalances: [Object]
    },
    UniswappyV2EthPair {
      _marketAddress: '0x1494CB2920AF3b296556a2569D637ed36EE3E653',
      _tokens: [Array],
      _protocol: '',
      _tokenBalances: [Object]
    },
    UniswappyV2EthPair {
      _marketAddress: '0x038625dDCD10fde5253f1b3db84E53339D50f82F',
      _tokens: [Array],
      _protocol: '',
      _tokenBalances: [Object]
    },
    UniswappyV2EthPair {
      _marketAddress: '0x3F283E51AD3D81b44D406F92Ec6FB97D0E7D0d66',
      _tokens: [Array],
      _protocol: '',
      _tokenBalances: [Object]
    }
  ],
  '0x8909d1a9687c2dFEe20162D73A8e8Ec1105927f8': [
    UniswappyV2EthPair {
      _marketAddress: '0x9d358F361C9B1776A03ea424A2C364B757Eb9A8f',
      _tokens: [Array],
      _protocol: '',
      _tokenBalances: [Object]
    },
    UniswappyV2EthPair {
      _marketAddress: '0x12D4554846382015e1D600afc16499c41106d0F6',
      _tokens: [Array],
      _protocol: '',
      _tokenBalances: [Object]
    }
  ],
  '0x8460445fA0FAA9E29118531BDC6D1F57d98C4dB0': [
    UniswappyV2EthPair {
      _marketAddress: '0x3696C9B0d1D6c2D70afEDA705b13439D304864d0',
      _tokens: [Array],
      _protocol: '',
      _tokenBalances: [Object]
    },
    UniswappyV2EthPair {
      _marketAddress: '0xdECe0d581A85cc4139576b190ae98C772dFeA466',
      _tokens: [Array],
      _protocol: '',
      _tokenBalances: [Object]
    },
    UniswappyV2EthPair {
      _marketAddress: '0x69B433e08053C468695D54c324586dc463e7FDF1',
      _tokens: [Array],
      _protocol: '',
      _tokenBalances: [Object]
    }
  ],
  '0x9D4A0951e0A5101B0284d8B5a3d51f97f4D1B503': [
    UniswappyV2EthPair {
      _marketAddress: '0x61918D27F6Be6F9cb293172EC27Bf35430c51593',
      _tokens: [Array],
      _protocol: '',
      _tokenBalances: [Object]
    },
    UniswappyV2EthPair {
      _marketAddress: '0x24156e3d516BD0BeAfBFBA3b50AbE5356A185Da9',
      _tokens: [Array],
      _protocol: '',
      _tokenBalances: [Object]
    }
  ],
  '0xd3ecC6a4ce1a9fAEC1AA5E30B55f8a1a4b84F938': [
    UniswappyV2EthPair {
      _marketAddress: '0x24180bbdC0440912C7b319207eEb2A01607bde98',
      _tokens: [Array],
      _protocol: '',
      _tokenBalances: [Object]
    },
    UniswappyV2EthPair {
      _marketAddress: '0x08D21355813861c4Fe718AC23Ed88832f3981532',
      _tokens: [Array],
      _protocol: '',
      _tokenBalances: [Object]
    }
  ],
  '0x4F1A6FC6A7B65Dc7ebC4EB692Dc3641bE997c2F2': [
    UniswappyV2EthPair {
      _marketAddress: '0x6283CE4E21a8a42ef57c382EAe4f16c9fd050871',
      _tokens: [Array],
      _protocol: '',
      _tokenBalances: [Object]
    },
    UniswappyV2EthPair {
      _marketAddress: '0x527aFD7427F16E627718af4505506711506d9F69',
      _tokens: [Array],
      _protocol: '',
      _tokenBalances: [Object]
    },
    UniswappyV2EthPair {
      _marketAddress: '0x3904dc7710358e029Ea94AF7933b9AC0b1aD1204',
      _tokens: [Array],
      _protocol: '',
      _tokenBalances: [Object]
    }
  ],
  '0xe32a8486345AA3596f2C413176d49C7Fd409078F': [
    UniswappyV2EthPair {
      _marketAddress: '0xa4427f762b5db590D151d82D972270a3443B5832',
      _tokens: [Array],
      _protocol: '',
      _tokenBalances: [Object]
    },
    UniswappyV2EthPair {
      _marketAddress: '0xc0a130d5D91fe84384b0f3EB0BaD48FD1a31445c',
      _tokens: [Array],
      _protocol: '',
      _tokenBalances: [Object]
    }
  ],
  '0x12D76741F56FfdE15D0da9865c05089425337AaB': [
    UniswappyV2EthPair {
      _marketAddress: '0x621317C7a13bE1d2B5873453EBE9EC1F807beef5',
      _tokens: [Array],
      _protocol: '',
      _tokenBalances: [Object]
    },
    UniswappyV2EthPair {
      _marketAddress: '0x64dd6405B114ba5dcE0C96c37BA58Cd56EF06A63',
      _tokens: [Array],
      _protocol: '',
      _tokenBalances: [Object]
    }
  ],
  '0x7FA7dF4996AC59F398476892cfB195eD38543520': [
    UniswappyV2EthPair {
      _marketAddress: '0x80CbC34736a4c9556a2c7F219eCDFb34398Fdd3E',
      _tokens: [Array],
      _protocol: '',
      _tokenBalances: [Object]
    },
    UniswappyV2EthPair {
      _marketAddress: '0x38E0D1EAB7eB1604782cc38106f00fd6241BD096',
      _tokens: [Array],
      _protocol: '',
      _tokenBalances: [Object]
    }
  ],
  '0x5344C20FD242545F31723689662AC12b9556fC3d': [
    UniswappyV2EthPair {
      _marketAddress: '0x0e26b32b2cb36f5490F7b116789C5166b799897c',
      _tokens: [Array],
      _protocol: '',
      _tokenBalances: [Object]
    },
    UniswappyV2EthPair {
      _marketAddress: '0x81b7BB988e752B9D7237eC73325Dc16CA8dF9F44',
      _tokens: [Array],
      _protocol: '',
      _tokenBalances: [Object]
    }
  ],
  '0xDEF99409A63C6badA020a039DcB6d46785aBF351': [
    UniswappyV2EthPair {
      _marketAddress: '0x5E5F44B906E26016f136835E7d1AB27ed6D26cD6',
      _tokens: [Array],
      _protocol: '',
      _tokenBalances: [Object]
    },
    UniswappyV2EthPair {
      _marketAddress: '0x39a335170Cf29A9272755B60Cf4c26176E5285cC',
      _tokens: [Array],
      _protocol: '',
      _tokenBalances: [Object]
    }
  ],
  '0x5857c96DaE9cF8511B08Cb07f85753C472D36Ea3': [
    UniswappyV2EthPair {
      _marketAddress: '0xeBE51845FC6d469A63c7cfeBD3194b8DE3CF9Bd8',
      _tokens: [Array],
      _protocol: '',
      _tokenBalances: [Object]
    },
    UniswappyV2EthPair {
      _marketAddress: '0x6483F166b9E4310A165a55FEa04F867499aded06',
      _tokens: [Array],
      _protocol: '',
      _tokenBalances: [Object]
    }
  ],
  '0xdBf8265B1d5244A13424f13977723AcF5395eAB2': [
    UniswappyV2EthPair {
      _marketAddress: '0x6c841B2063A31e7553Ce24DDec28bEfEE0cbc379',
      _tokens: [Array],
      _protocol: '',
      _tokenBalances: [Object]
    },
    UniswappyV2EthPair {
      _marketAddress: '0xE92d8c8f21140f380ab5b80d15eb7E4Ece176eBb',
      _tokens: [Array],
      _protocol: '',
      _tokenBalances: [Object]
    },
    UniswappyV2EthPair {
      _marketAddress: '0x916dD1DaCaaF371273B53a414e0A6F15c1133B5C',
      _tokens: [Array],
      _protocol: '',
      _tokenBalances: [Object]
    }
  ],
  '0xeBC76079Da0c245faE7225b58a57A54809b40618': [
    UniswappyV2EthPair {
      _marketAddress: '0xBfDAB9C958E79dD97ceB209971Fc4CB569c87237',
      _tokens: [Array],
      _protocol: '',
      _tokenBalances: [Object]
    },
    UniswappyV2EthPair {
      _marketAddress: '0xc531fe7F0882bEB5001389A3fd124e5428BAa76B',
      _tokens: [Array],
      _protocol: '',
      _tokenBalances: [Object]
    }
  ],
  '0xd3Cceb42B544e91eee02EB585cc9a7b47247BfDE': [
    UniswappyV2EthPair {
      _marketAddress: '0x1bfd03bF5d95709f8431bFFA8830075b407462a9',
      _tokens: [Array],
      _protocol: '',
      _tokenBalances: [Object]
    },
    UniswappyV2EthPair {
      _marketAddress: '0xe9ee2d9E1e6EddbCE9e5C1C1fc6C6f1e5051b9c6',
      _tokens: [Array],
      _protocol: '',
      _tokenBalances: [Object]
    }
  ],
  '0x8Fb1a59cA2d57B51e5971A85277EFe72c4492983': [
    UniswappyV2EthPair {
      _marketAddress: '0xB7d2C019c066dCB2826e4500E9939C759c337883',
      _tokens: [Array],
      _protocol: '',
      _tokenBalances: [Object]
    },
    UniswappyV2EthPair {
      _marketAddress: '0xEE7EF762aa7E8b07b04Fbf4bF301924Ee8a414fd',
      _tokens: [Array],
      _protocol: '',
      _tokenBalances: [Object]
    },
    UniswappyV2EthPair {
      _marketAddress: '0xe969ED808d4E4eCcD8122EB8653c3D00382b594b',
      _tokens: [Array],
      _protocol: '',
      _tokenBalances: [Object]
    },
    UniswappyV2EthPair {
      _marketAddress: '0x34036D89a80533146e5a4502427879BF3E034F16',
      _tokens: [Array],
      _protocol: '',
      _tokenBalances: [Object]
    }
  ],
  '0xCE1dB03de797Ffb5bFE98e3903f2CBEc841b26f8': [
    UniswappyV2EthPair {
      _marketAddress: '0x36763178b378FcEA8A207BC3bE8E2A3550fD394B',
      _tokens: [Array],
      _protocol: '',
      _tokenBalances: [Object]
    },
    UniswappyV2EthPair {
      _marketAddress: '0x61c1bA24497Fed02c3F70229D51BB836Cdc06DDf',
      _tokens: [Array],
      _protocol: '',
      _tokenBalances: [Object]
    },
    UniswappyV2EthPair {
      _marketAddress: '0x35e67A97Edb22FBb2EB89E3a2cCed4f29a4a7D70',
      _tokens: [Array],
      _protocol: '',
      _tokenBalances: [Object]
    }
  ],
  '0x027baB29C8ac39Ccc6Ce09aD6A62E9255e955f53': [
    UniswappyV2EthPair {
      _marketAddress: '0xC2a29A9F520403fbF48890993584a29E7C43C549',
      _tokens: [Array],
      _protocol: '',
      _tokenBalances: [Object]
    },
    UniswappyV2EthPair {
      _marketAddress: '0x2Eb407161E874E2628Cc339252a212A335703444',
      _tokens: [Array],
      _protocol: '',
      _tokenBalances: [Object]
    }
  ],
  '0x0C4253706D69eFa475d05674e810805C6e7da238': [
    UniswappyV2EthPair {
      _marketAddress: '0x9e2c6b4DEeE40F28CE5ed9120F0051F6E823494C',
      _tokens: [Array],
      _protocol: '',
      _tokenBalances: [Object]
    },
    UniswappyV2EthPair {
      _marketAddress: '0xD7C4491c91f7d59eaFD7505AC818efe4706c1540',
      _tokens: [Array],
      _protocol: '',
      _tokenBalances: [Object]
    }
  ],
  '0xF3E30835FCBE713eB085B77Ea6F78F32966ffcaB': [
    UniswappyV2EthPair {
      _marketAddress: '0xC9A3cabbCD3bC418617c2cAD6E030cD91AC61A88',
      _tokens: [Array],
      _protocol: '',
      _tokenBalances: [Object]
    },
    UniswappyV2EthPair {
      _marketAddress: '0x1ED90d0E077d46B3104b28a769d484A4Addd111f',
      _tokens: [Array],
      _protocol: '',
      _tokenBalances: [Object]
    }
  ],
  '0x7A565284572d03EC50c35396F7d6001252eb43B6': [
    UniswappyV2EthPair {
      _marketAddress: '0xddd5A33a6fC38A3E476D3eFf60B2E86D19D870bE',
      _tokens: [Array],
      _protocol: '',
      _tokenBalances: [Object]
    },
    UniswappyV2EthPair {
      _marketAddress: '0x16a35eE0EFb87683717c0847F17800Feaa6a3C01',
      _tokens: [Array],
      _protocol: '',
      _tokenBalances: [Object]
    },
    UniswappyV2EthPair {
      _marketAddress: '0xb02FcD8c06ECBc9173CD3C7433535071153d6E45',
      _tokens: [Array],
      _protocol: '',
      _tokenBalances: [Object]
    }
  ],
  '0x9573c88aE3e37508f87649f87c4dd5373C9F31e0': [
    UniswappyV2EthPair {
      _marketAddress: '0xe89dFf611f926b86293a8E0E6f1c384c6ae0cb69',
      _tokens: [Array],
      _protocol: '',
      _tokenBalances: [Object]
    },
    UniswappyV2EthPair {
      _marketAddress: '0x45591cb51e9A6894C83Ef8Afda05B6B0Cf53322a',
      _tokens: [Array],
      _protocol: '',
      _tokenBalances: [Object]
    },
    UniswappyV2EthPair {
      _marketAddress: '0xE81F98dBd683b7A73b5D9915d0f337F9Acf4D776',
      _tokens: [Array],
      _protocol: '',
      _tokenBalances: [Object]
    }
  ],
  '0x001C1899542Ec685bc946bfcd2f75e4519881d17': [
    UniswappyV2EthPair {
      _marketAddress: '0x75b7850D0469f74A654bF45616F5FBc5604F3266',
      _tokens: [Array],
      _protocol: '',
      _tokenBalances: [Object]
    },
    UniswappyV2EthPair {
      _marketAddress: '0x9CdC98161Df836a45fD9099941aE7113E15395A6',
      _tokens: [Array],
      _protocol: '',
      _tokenBalances: [Object]
    }
  ],
  '0x2334466a66F090e2c29278C202E7124FA60a5236': [
    UniswappyV2EthPair {
      _marketAddress: '0xaD4b4dA702bb5A855781c804C36Ad0B0f432a519',
      _tokens: [Array],
      _protocol: '',
      _tokenBalances: [Object]
    },
    UniswappyV2EthPair {
      _marketAddress: '0x7165E4502CF6712BC4FbaF10C2571c9bEf2b5b40',
      _tokens: [Array],
      _protocol: '',
      _tokenBalances: [Object]
    }
  ],
  '0x76af8895A1BdA9B66cF29F9CC6065922f312D0Ef': [
    UniswappyV2EthPair {
      _marketAddress: '0xf2D60bE2cD724EAD0378625c45360630F3A32246',
      _tokens: [Array],
      _protocol: '',
      _tokenBalances: [Object]
    },
    UniswappyV2EthPair {
      _marketAddress: '0x9eA03Fe8E78B847040775C7A64329adB0b6fdA79',
      _tokens: [Array],
      _protocol: '',
      _tokenBalances: [Object]
    }
  ],
  '0xcfcEcFe2bD2FED07A9145222E8a7ad9Cf1Ccd22A': [
    UniswappyV2EthPair {
      _marketAddress: '0x744770647Ff719BedCAba5fd80525EB9cFffbd11',
      _tokens: [Array],
      _protocol: '',
      _tokenBalances: [Object]
    },
    UniswappyV2EthPair {
      _marketAddress: '0x0bC8c5d9cfb88cBF4f1b0E623bC8B8EA76Ad960c',
      _tokens: [Array],
      _protocol: '',
      _tokenBalances: [Object]
    }
  ],
  '0x0cF8e180350253271f4b917CcFb0aCCc4862F262': [
    UniswappyV2EthPair {
      _marketAddress: '0x3a78a27BF779B9BEaf1520d765D6fF5512d95DCC',
      _tokens: [Array],
      _protocol: '',
      _tokenBalances: [Object]
    },
    UniswappyV2EthPair {
      _marketAddress: '0x79C5820E9d00b477F0b6eB4442bC683f67E27f33',
      _tokens: [Array],
      _protocol: '',
      _tokenBalances: [Object]
    },
    UniswappyV2EthPair {
      _marketAddress: '0xd309C1fAB3bDc9BBe1c2FF526ddD23440dD26568',
      _tokens: [Array],
      _protocol: '',
      _tokenBalances: [Object]
    }
  ],
  '0xe4f66b83d64caCde67E7D9960F93Be2B232146eF': [
    UniswappyV2EthPair {
      _marketAddress: '0xDc3B17b9d9181c0143cA3C9b8719e41E2C18EEBb',
      _tokens: [Array],
      _protocol: '',
      _tokenBalances: [Object]
    },
    UniswappyV2EthPair {
      _marketAddress: '0x6545Bc0a8Bc1e48723D6572031EeE283B53c99DE',
      _tokens: [Array],
      _protocol: '',
      _tokenBalances: [Object]
    }
  ],
  '0x453E21f61E1A84C9A3E55A89BE9CB4368E1F0f14': [
    UniswappyV2EthPair {
      _marketAddress: '0xd7886B01ef7AA964D25ab04174b09a647ebA7dEb',
      _tokens: [Array],
      _protocol: '',
      _tokenBalances: [Object]
    },
    UniswappyV2EthPair {
      _marketAddress: '0xf0F604F99c087c2502B500Be0F9D0f84C38b2367',
      _tokens: [Array],
      _protocol: '',
      _tokenBalances: [Object]
    },
    UniswappyV2EthPair {
      _marketAddress: '0xA82a96b69b0E01b86A83dA40f43c381b042A1Ca9',
      _tokens: [Array],
      _protocol: '',
      _tokenBalances: [Object]
    }
  ],
  '0x144BE0E7391dD19c7b58B83c44Ae38e53E5EdDf6': [
    UniswappyV2EthPair {
      _marketAddress: '0xA980D9a3a4659676f108C651C4Ad900665475057',
      _tokens: [Array],
      _protocol: '',
      _tokenBalances: [Object]
    },
    UniswappyV2EthPair {
      _marketAddress: '0xD3c59be1469d31Db1BE7eA7b3f42909c1bB8ad4d',
      _tokens: [Array],
      _protocol: '',
      _tokenBalances: [Object]
    }
  ],
  '0x5d74B0F8c474f96e093c70b507452399573cff73': [
    UniswappyV2EthPair {
      _marketAddress: '0xa790eF29B91D064D9192FCb280E40eF896d811cC',
      _tokens: [Array],
      _protocol: '',
      _tokenBalances: [Object]
    },
    UniswappyV2EthPair {
      _marketAddress: '0x1Da4D8C34778dB6ceD16Ff491a7215de39fAEFd4',
      _tokens: [Array],
      _protocol: '',
      _tokenBalances: [Object]
    }
  ],
  '0x10FBE47a1e172afEced1d7fE7b5595bfa93B96AA': [
    UniswappyV2EthPair {
      _marketAddress: '0xf83eD1E80bac2C4C98d06caaa7e8d4317FD9C43B',
      _tokens: [Array],
      _protocol: '',
      _tokenBalances: [Object]
    },
    UniswappyV2EthPair {
      _marketAddress: '0xc764B26F1Df7496752f6eD1fd070E9e25C5A0102',
      _tokens: [Array],
      _protocol: '',
      _tokenBalances: [Object]
    },
    UniswappyV2EthPair {
      _marketAddress: '0x76Da45111097e50123225E3aE4A50dD4B577e49E',
      _tokens: [Array],
      _protocol: '',
      _tokenBalances: [Object]
    }
  ],
  '0x4D2E266267f756D54c09AfD1d1473c7739EB7020': [
    UniswappyV2EthPair {
      _marketAddress: '0x73ACf42A004E47cB9e149EF70F3610241703017C',
      _tokens: [Array],
      _protocol: '',
      _tokenBalances: [Object]
    },
    UniswappyV2EthPair {
      _marketAddress: '0x06f26D6c1c48C78c860F6e9a8E131C0EdC4a9577',
      _tokens: [Array],
      _protocol: '',
      _tokenBalances: [Object]
    }
  ],
  '0xD44FD09d74cd13838F137B590497595d6b3FEeA4': [
    UniswappyV2EthPair {
      _marketAddress: '0xD44cD46d4bA2Cc243C9751a9FFcCe860c6Bdd00F',
      _tokens: [Array],
      _protocol: '',
      _tokenBalances: [Object]
    },
    UniswappyV2EthPair {
      _marketAddress: '0x5e74156cDA61fDf34f954fbd8fa72240736C3F33',
      _tokens: [Array],
      _protocol: '',
      _tokenBalances: [Object]
    }
  ],
  '0x30DCf96a8a0c742AA1F534FAC79e99D320c97901': [
    UniswappyV2EthPair {
      _marketAddress: '0x2F723c6993626dc23B651857A897BB1d2D734895',
      _tokens: [Array],
      _protocol: '',
      _tokenBalances: [Object]
    },
    UniswappyV2EthPair {
      _marketAddress: '0x92668470F7D8CaD51C101fD896AF2a6F8354f2C8',
      _tokens: [Array],
      _protocol: '',
      _tokenBalances: [Object]
    }
  ],
  '0xf729f4D13A9C9556875D20BACf9EBd0bF891464c': [
    UniswappyV2EthPair {
      _marketAddress: '0x9D2dcED425D0E11A79A6Ee86CaD7DDc6e0C0656C',
      _tokens: [Array],
      _protocol: '',
      _tokenBalances: [Object]
    },
    UniswappyV2EthPair {
      _marketAddress: '0xE5972c42Edc6d5e577150f09e2e571670D75aC6e',
      _tokens: [Array],
      _protocol: '',
      _tokenBalances: [Object]
    }
  ],
  '0xb5389A679151C4b8621b1098C6E0961A3CFEe8d4': [
    UniswappyV2EthPair {
      _marketAddress: '0x4edb16815F06F991E79f23502246d609314B85D3',
      _tokens: [Array],
      _protocol: '',
      _tokenBalances: [Object]
    },
    UniswappyV2EthPair {
      _marketAddress: '0x770DF1422c60809e72C50BC39D9799a89651CA5f',
      _tokens: [Array],
      _protocol: '',
      _tokenBalances: [Object]
    }
  ],
  '0x6aC554263Dcbd44db05cDC62567c1F6138ed789d': [
    UniswappyV2EthPair {
      _marketAddress: '0xfB9E8cA575cC24dD244368E90DA9a9624A2a5610',
      _tokens: [Array],
      _protocol: '',
      _tokenBalances: [Object]
    },
    UniswappyV2EthPair {
      _marketAddress: '0xB34A95353F6Dbd354578b2454Bc2f0e19B6b986B',
      _tokens: [Array],
      _protocol: '',
      _tokenBalances: [Object]
    }
  ],
  '0x88Cf50037f8069071Cd56f641a81b369a5Fd3a42': [
    UniswappyV2EthPair {
      _marketAddress: '0x0bC17DF7317CD84bCC2974Df0dD74a04B4C95148',
      _tokens: [Array],
      _protocol: '',
      _tokenBalances: [Object]
    },
    UniswappyV2EthPair {
      _marketAddress: '0x34E32F5e0C5db4b4EEE7A83116084A671b4Cd353',
      _tokens: [Array],
      _protocol: '',
      _tokenBalances: [Object]
    }
  ],
  '0x6C43751FeF27C956f7E75D5c345a65df1465f7E0': [
    UniswappyV2EthPair {
      _marketAddress: '0xF7523ff606CA8261E5f2236B836b7544Ed6Ebc3a',
      _tokens: [Array],
      _protocol: '',
      _tokenBalances: [Object]
    },
    UniswappyV2EthPair {
      _marketAddress: '0xA8E2cD0D01964137c995fBb777114fB9812CDd7d',
      _tokens: [Array],
      _protocol: '',
      _tokenBalances: [Object]
    }
  ],
  '0xA3aBE68db1B8467B44715eb94542B20DC134f005': [
    UniswappyV2EthPair {
      _marketAddress: '0x71D92E2dD795e5b3b659AEB048232b38aF5db7d2',
      _tokens: [Array],
      _protocol: '',
      _tokenBalances: [Object]
    },
    UniswappyV2EthPair {
      _marketAddress: '0xD3F0ddB298475122266875Be735dd30d31D2ebe2',
      _tokens: [Array],
      _protocol: '',
      _tokenBalances: [Object]
    }
  ],
  '0x16519AA0875a9345F437CaEc8529699C71E667e8': [
    UniswappyV2EthPair {
      _marketAddress: '0x1df5E28F128E905BB5ce4e5F7d6f971871168FAb',
      _tokens: [Array],
      _protocol: '',
      _tokenBalances: [Object]
    },
    UniswappyV2EthPair {
      _marketAddress: '0x46A1b0f60e1D0f518ED6FB60FB525629246740E2',
      _tokens: [Array],
      _protocol: '',
      _tokenBalances: [Object]
    }
  ],
  '0x99562493a8613e88c63cD7B35CE5324445026DF0': [
    UniswappyV2EthPair {
      _marketAddress: '0xac9B5C6187E767e0546BD10Ab65172E9755c33f5',
      _tokens: [Array],
      _protocol: '',
      _tokenBalances: [Object]
    },
    UniswappyV2EthPair {
      _marketAddress: '0x26465a1053f4D21069a723606D58c4c89429DcaD',
      _tokens: [Array],
      _protocol: '',
      _tokenBalances: [Object]
    }
  ],
  '0x96c29E4bF6b7De4d8C8b92485E18000D6cfBFbc7': [
    UniswappyV2EthPair {
      _marketAddress: '0x464BC61D7b87176C7F2884981e05b68AD0A2B04b',
      _tokens: [Array],
      _protocol: '',
      _tokenBalances: [Object]
    },
    UniswappyV2EthPair {
      _marketAddress: '0x97Ac2532E106dc3B554875143473b236E35d134A',
      _tokens: [Array],
      _protocol: '',
      _tokenBalances: [Object]
    }
  ],
  '0x263258c54dc8035Ed7461bc47BA22BF5A2a3dCf3': [
    UniswappyV2EthPair {
      _marketAddress: '0xF80EF0E138Df23e992813CeE9Fd9ed8C434c8766',
      _tokens: [Array],
      _protocol: '',
      _tokenBalances: [Object]
    },
    UniswappyV2EthPair {
      _marketAddress: '0xc5AEe3A7030a431F28f3E967f7bBCd669A845bfb',
      _tokens: [Array],
      _protocol: '',
      _tokenBalances: [Object]
    }
  ],
  '0xe31fd4314bE5E13C3A4850ab9df29381F955cEb9': [
    UniswappyV2EthPair {
      _marketAddress: '0x259D3Dbb32E590231735E193BD7D1aF6d2aEfb4C',
      _tokens: [Array],
      _protocol: '',
      _tokenBalances: [Object]
    },
    UniswappyV2EthPair {
      _marketAddress: '0x9E95bbF7492F3fB3E2dc14f7ab4E6e2F1D018451',
      _tokens: [Array],
      _protocol: '',
      _tokenBalances: [Object]
    }
  ],
  '0x0343788C979EF9cf5b7956E00993d690Ab90F5E6': [
    UniswappyV2EthPair {
      _marketAddress: '0xFA7925767646F8E56707b7717DaD9D3a6757cCdb',
      _tokens: [Array],
      _protocol: '',
      _tokenBalances: [Object]
    },
    UniswappyV2EthPair {
      _marketAddress: '0xd601c60058D2d83e7F4A317eF38eb2DdE98c7B34',
      _tokens: [Array],
      _protocol: '',
      _tokenBalances: [Object]
    }
  ],
  '0x9B1F9F8482670931c52c231D61ee7b7c6232F742': [
    UniswappyV2EthPair {
      _marketAddress: '0x03EE58791fF88E024846e34fbF2274f8EB6300c7',
      _tokens: [Array],
      _protocol: '',
      _tokenBalances: [Object]
    },
    UniswappyV2EthPair {
      _marketAddress: '0xDea38ECef9c13049843189Ce527A2416e099aF4d',
      _tokens: [Array],
      _protocol: '',
      _tokenBalances: [Object]
    }
  ],
  '0xe0E3c0670Fd1A14D5A194A5aF1b7469904eA5969': [
    UniswappyV2EthPair {
      _marketAddress: '0x87983Ae0cE699e7424FE7Ee75BA7e364Bd15fF98',
      _tokens: [Array],
      _protocol: '',
      _tokenBalances: [Object]
    },
    UniswappyV2EthPair {
      _marketAddress: '0xf5484D1cc3eDB71d09045F907f57A1F12E529d70',
      _tokens: [Array],
      _protocol: '',
      _tokenBalances: [Object]
    }
  ],
  '0x0940156073Bed33ce96ff43271e111A92AC7d8AD': [
    UniswappyV2EthPair {
      _marketAddress: '0xDFF2c963cD8F833d50DE26e5534Ac8E232e71C8c',
      _tokens: [Array],
      _protocol: '',
      _tokenBalances: [Object]
    },
    UniswappyV2EthPair {
      _marketAddress: '0xBfbB57B766ca1268BA2A65327d1B05C5559907b0',
      _tokens: [Array],
      _protocol: '',
      _tokenBalances: [Object]
    }
  ],
  '0xAE99915429188F006736d9Bd065616877373c086': [
    UniswappyV2EthPair {
      _marketAddress: '0xEAb8e63Cfd19cE4Bb715E820AEA64b1698Fbb328',
      _tokens: [Array],
      _protocol: '',
      _tokenBalances: [Object]
    },
    UniswappyV2EthPair {
      _marketAddress: '0x371B56A7B6d49E950E953072333dD1FDE855b0ba',
      _tokens: [Array],
      _protocol: '',
      _tokenBalances: [Object]
    },
    UniswappyV2EthPair {
      _marketAddress: '0xC152eC3603c36de6E1cD661F458808Be6a2d2aF1',
      _tokens: [Array],
      _protocol: '',
      _tokenBalances: [Object]
    }
  ],
  '0xa7DBc37eb9B70CC9D38f1169DD0056Ce7D23B698': [
    UniswappyV2EthPair {
      _marketAddress: '0xcEe93CFD9461270728697824d67d294bcc2E5f19',
      _tokens: [Array],
      _protocol: '',
      _tokenBalances: [Object]
    },
    UniswappyV2EthPair {
      _marketAddress: '0x8971797E00999E625E1A16a90eB8cfb1F235069c',
      _tokens: [Array],
      _protocol: '',
      _tokenBalances: [Object]
    }
  ],
  '0x8d67448d4f6231ABc070a42A8905084b79E09136': [
    UniswappyV2EthPair {
      _marketAddress: '0x76360806D4f394AaedB986b98b098884d728eac4',
      _tokens: [Array],
      _protocol: '',
      _tokenBalances: [Object]
    },
    UniswappyV2EthPair {
      _marketAddress: '0xC95060Bf6Eb7a77dE231234Df148d9D5C2e49bA3',
      _tokens: [Array],
      _protocol: '',
      _tokenBalances: [Object]
    }
  ],
  '0x07ba72b601c57A15d235f9B0E229C0Bd35b920dF': [
    UniswappyV2EthPair {
      _marketAddress: '0x3BcCBFf5FA29Db5a6f3271581Cac6e96e3aD14eF',
      _tokens: [Array],
      _protocol: '',
      _tokenBalances: [Object]
    },
    UniswappyV2EthPair {
      _marketAddress: '0xc0C14e9B893aC68E0122867f7b12f5d1141D8f35',
      _tokens: [Array],
      _protocol: '',
      _tokenBalances: [Object]
    }
  ],
  '0x40a1628608f1E21f09563e7b24F539eb57Fd4344': [
    UniswappyV2EthPair {
      _marketAddress: '0xcB65DCDCaCB806fdC0B2CBc1b30F743faFeE145F',
      _tokens: [Array],
      _protocol: '',
      _tokenBalances: [Object]
    },
    UniswappyV2EthPair {
      _marketAddress: '0x85Cf849D218636076011F69C1De8A59613D7C0B2',
      _tokens: [Array],
      _protocol: '',
      _tokenBalances: [Object]
    }
  ],
  '0x48fbb62D2db91BF7A116ba40A73e9AC720464A40': [
    UniswappyV2EthPair {
      _marketAddress: '0x7BC1f6cab132D1221C6D4314d5c2E036Bf92E509',
      _tokens: [Array],
      _protocol: '',
      _tokenBalances: [Object]
    },
    UniswappyV2EthPair {
      _marketAddress: '0xB51c419F8D64329175cc2319D80E5e30F32b517f',
      _tokens: [Array],
      _protocol: '',
      _tokenBalances: [Object]
    }
  ],
  '0xbD71E65149CeA83a1Dda53A9c1D2D30053604CB9': [
    UniswappyV2EthPair {
      _marketAddress: '0xE3f673a37ADcfEAA36C452B9441f83D731B713Ae',
      _tokens: [Array],
      _protocol: '',
      _tokenBalances: [Object]
    },
    UniswappyV2EthPair {
      _marketAddress: '0x4d15e58A367CE920261faE0292746E4CcbbC3Dd6',
      _tokens: [Array],
      _protocol: '',
      _tokenBalances: [Object]
    }
  ],
  '0xd88ca08d8eec1E9E09562213Ae83A7853ebB5d28': [
    UniswappyV2EthPair {
      _marketAddress: '0x9F1762b15e740704F40a3606B31DccFbe5318D8B',
      _tokens: [Array],
      _protocol: '',
      _tokenBalances: [Object]
    },
    UniswappyV2EthPair {
      _marketAddress: '0x2D74b7DbF2835aCadd8d4eF75B841c01E1a68383',
      _tokens: [Array],
      _protocol: '',
      _tokenBalances: [Object]
    }
  ],
  '0xE4C293Eadbb9d72d68a680F1A66979726992c396': [
    UniswappyV2EthPair {
      _marketAddress: '0x27512C696A18785cFa96963d3eFfb7b5407a1959',
      _tokens: [Array],
      _protocol: '',
      _tokenBalances: [Object]
    },
    UniswappyV2EthPair {
      _marketAddress: '0x17B73C02466af1682CCdBE86DF56964234A91Dfa',
      _tokens: [Array],
      _protocol: '',
      _tokenBalances: [Object]
    }
  ],
  '0x0b33542240d6fA323c796749F6D6869fdB7F13cA': [
    UniswappyV2EthPair {
      _marketAddress: '0xD94713cC07ddC68b971653F1245EAb1E35FDffE9',
      _tokens: [Array],
      _protocol: '',
      _tokenBalances: [Object]
    },
    UniswappyV2EthPair {
      _marketAddress: '0x9FD99EBc64d22a289D32d8Bf7a053833e739cE4f',
      _tokens: [Array],
      _protocol: '',
      _tokenBalances: [Object]
    },
    UniswappyV2EthPair {
      _marketAddress: '0x80A8B86Ba66CC7C3F893a15670eFa233547DbB7B',
      _tokens: [Array],
      _protocol: '',
      _tokenBalances: [Object]
    }
  ],
  '0x64482a0aadB2ec20BDCB6Fa20a3888d087746ab1': [
    UniswappyV2EthPair {
      _marketAddress: '0x09C2d99FBf3f07FDD7685A31A84d5df7723125b3',
      _tokens: [Array],
      _protocol: '',
      _tokenBalances: [Object]
    },
    UniswappyV2EthPair {
      _marketAddress: '0xCF60bEEbf111562f34DD5Ae0399F1f71aF4F8a14',
      _tokens: [Array],
      _protocol: '',
      _tokenBalances: [Object]
    },
    UniswappyV2EthPair {
      _marketAddress: '0x61B469083C6ad25F6A96CffcDb25f77002d8a1e4',
      _tokens: [Array],
      _protocol: '',
      _tokenBalances: [Object]
    }
  ],
  '0x7aeAe50c7e34803AFfCf4fA0fb50dA6E6742a75e': [
    UniswappyV2EthPair {
      _marketAddress: '0xC43833db13951a2691C649bfda910e27D1b2b890',
      _tokens: [Array],
      _protocol: '',
      _tokenBalances: [Object]
    },
    UniswappyV2EthPair {
      _marketAddress: '0xEAD02e801118876343797d4cb08b960e6939b5b1',
      _tokens: [Array],
      _protocol: '',
      _tokenBalances: [Object]
    }
  ],
  '0xd0bDe8Df93e0e64962D46f9623e073Dc2107da64': [
    UniswappyV2EthPair {
      _marketAddress: '0x474c921501162AC45FB9ceE3fadb68C84CcfdDbB',
      _tokens: [Array],
      _protocol: '',
      _tokenBalances: [Object]
    },
    UniswappyV2EthPair {
      _marketAddress: '0x7Aab9DE4b07fc0A04fC9A6FeB963563CFe56130e',
      _tokens: [Array],
      _protocol: '',
      _tokenBalances: [Object]
    },
    UniswappyV2EthPair {
      _marketAddress: '0xAC00D6C3ce32FB9142058F4c062719628139955F',
      _tokens: [Array],
      _protocol: '',
      _tokenBalances: [Object]
    }
  ],
  '0x32dFFc3fE8E3EF3571bF8a72c0d0015C5373f41D': [
    UniswappyV2EthPair {
      _marketAddress: '0xCcFE1A5b6e4aD16A4e41A9142673dEc829f39402',
      _tokens: [Array],
      _protocol: '',
      _tokenBalances: [Object]
    },
    UniswappyV2EthPair {
      _marketAddress: '0x86D96016eac7B1DFE0876360bA8A5C375Cb24c2e',
      _tokens: [Array],
      _protocol: '',
      _tokenBalances: [Object]
    }
  ],
  '0xA6381C6Fd8f40A44721eF4f61eDc1a8CCCa7BF3d': [
    UniswappyV2EthPair {
      _marketAddress: '0x802F906cC9F011cb529279853918cAdA944aC42D',
      _tokens: [Array],
      _protocol: '',
      _tokenBalances: [Object]
    },
    UniswappyV2EthPair {
      _marketAddress: '0xCA1B05cCF8CdBc110C20DCC1f195fbcD7D78D6dc',
      _tokens: [Array],
      _protocol: '',
      _tokenBalances: [Object]
    }
  ],
  '0xF68C9Df95a18B2A5a5fa1124d79EEEffBaD0B6Fa': [
    UniswappyV2EthPair {
      _marketAddress: '0x63D96055f8F324714268844b40A8Ad5d280aDE64',
      _tokens: [Array],
      _protocol: '',
      _tokenBalances: [Object]
    },
    UniswappyV2EthPair {
      _marketAddress: '0xbd41F6e8225F283CEf5c605438b8726114f74f3E',
      _tokens: [Array],
      _protocol: '',
      _tokenBalances: [Object]
    },
    UniswappyV2EthPair {
      _marketAddress: '0x1644506f7A24c8B68e0D3b9F4F8F5979aA4DF5D6',
      _tokens: [Array],
      _protocol: '',
      _tokenBalances: [Object]
    },
    UniswappyV2EthPair {
      _marketAddress: '0xBC7b181f304407f621EFBD93562aFC68e497Db7e',
      _tokens: [Array],
      _protocol: '',
      _tokenBalances: [Object]
    },
    UniswappyV2EthPair {
      _marketAddress: '0x53cD9eb8A50a6564Ad8F0652D4037DaafbA01A29',
      _tokens: [Array],
      _protocol: '',
      _tokenBalances: [Object]
    }
  ],
  '0xd4CB328A82bDf5f03eB737f37Fa6B370aef3e888': [
    UniswappyV2EthPair {
      _marketAddress: '0x4f6D77058E308E26c394CA591793E970a4E4F21B',
      _tokens: [Array],
      _protocol: '',
      _tokenBalances: [Object]
    },
    UniswappyV2EthPair {
      _marketAddress: '0x0Ad2AB008416C2a7488C0b17F9ee6F6FD1C9c352',
      _tokens: [Array],
      _protocol: '',
      _tokenBalances: [Object]
    },
    UniswappyV2EthPair {
      _marketAddress: '0x5f4CBdfEF2C4A4e3CFd1AeeC831f6306Da1Bc1AD',
      _tokens: [Array],
      _protocol: '',
      _tokenBalances: [Object]
    },
    UniswappyV2EthPair {
      _marketAddress: '0xBfE1d6Fec738CC5440Ba624362E77d61B9195705',
      _tokens: [Array],
      _protocol: '',
      _tokenBalances: [Object]
    },
    UniswappyV2EthPair {
      _marketAddress: '0xf651951D82488167741854f0D364c13440c566e3',
      _tokens: [Array],
      _protocol: '',
      _tokenBalances: [Object]
    }
  ],
  '0x0Da6Ed8B13214Ff28e9Ca979Dd37439e8a88F6c4': [
    UniswappyV2EthPair {
      _marketAddress: '0x60931d87d647C2C390EEBe8590Bc78B5D4AB0470',
      _tokens: [Array],
      _protocol: '',
      _tokenBalances: [Object]
    },
    UniswappyV2EthPair {
      _marketAddress: '0x05d2f6FABB8985f8f2C1e3b58A59C49208a91E25',
      _tokens: [Array],
      _protocol: '',
      _tokenBalances: [Object]
    },
    UniswappyV2EthPair {
      _marketAddress: '0x7FB0017195470bc6978659396eC9D750A35C51fE',
      _tokens: [Array],
      _protocol: '',
      _tokenBalances: [Object]
    }
  ],
  '0x5C6A58D670483e1211B131F0A6501849c77A77d5': [
    UniswappyV2EthPair {
      _marketAddress: '0xcB4Ad882A0C7c17A1eA14187B9d435f121EB02e3',
      _tokens: [Array],
      _protocol: '',
      _tokenBalances: [Object]
    },
    UniswappyV2EthPair {
      _marketAddress: '0x8449f5f0a1f45dc6F5e4E8c06B337dF60bfe9cBD',
      _tokens: [Array],
      _protocol: '',
      _tokenBalances: [Object]
    }
  ],
  '0x85cbE6647cDA20fFc38B7218B2Cc1B0081465F3f': [
    UniswappyV2EthPair {
      _marketAddress: '0x8A8d70779DA18f6B5720336cd3f6a1d5a7436564',
      _tokens: [Array],
      _protocol: '',
      _tokenBalances: [Object]
    },
    UniswappyV2EthPair {
      _marketAddress: '0xf5b3dd731cC24838cE52d0a6C4BAEcCc1D841190',
      _tokens: [Array],
      _protocol: '',
      _tokenBalances: [Object]
    }
  ],
  '0xE40255C5d7fa7ceEc5120408C78C787CECB4cfdb': [
    UniswappyV2EthPair {
      _marketAddress: '0x20399Dc918DfA8e4F4b1152b12B73a8DEaa6D7F4',
      _tokens: [Array],
      _protocol: '',
      _tokenBalances: [Object]
    },
    UniswappyV2EthPair {
      _marketAddress: '0x5272E706E4DE3c6bD79E621077E6D858436F63df',
      _tokens: [Array],
      _protocol: '',
      _tokenBalances: [Object]
    },
    UniswappyV2EthPair {
      _marketAddress: '0x856f9AD94cA8680B899214Bb1EB3d235a3C33Afe',
      _tokens: [Array],
      _protocol: '',
      _tokenBalances: [Object]
    },
    UniswappyV2EthPair {
      _marketAddress: '0xC1800c29CF91954357cd0bf3f0accAADa3D0109c',
      _tokens: [Array],
      _protocol: '',
      _tokenBalances: [Object]
    }
  ],
  '0xE64F5Cb844946C1F102Bd25bBD87a5aB4aE89Fbe': [
    UniswappyV2EthPair {
      _marketAddress: '0xA01132ac6e481862705E4c852c3A5A242B95C7ed',
      _tokens: [Array],
      _protocol: '',
      _tokenBalances: [Object]
    },
    UniswappyV2EthPair {
      _marketAddress: '0xc20F4A95205A39C56e23e5e61aF40fC4C6A3301d',
      _tokens: [Array],
      _protocol: '',
      _tokenBalances: [Object]
    },
    UniswappyV2EthPair {
      _marketAddress: '0x950FD020F8E4B8C57285EC7020b7a204348dadFa',
      _tokens: [Array],
      _protocol: '',
      _tokenBalances: [Object]
    },
    UniswappyV2EthPair {
      _marketAddress: '0x9e6f9f3382f9edC683203b528222c554c92382C2',
      _tokens: [Array],
      _protocol: '',
      _tokenBalances: [Object]
    }
  ],
  '0xe49ed1B44117BB7379c1506cf5815aE33089e1A7': [
    UniswappyV2EthPair {
      _marketAddress: '0x8DC92E68986BAcA91D91C815929Af151EC77C9Ba',
      _tokens: [Array],
      _protocol: '',
      _tokenBalances: [Object]
    },
    UniswappyV2EthPair {
      _marketAddress: '0xF56DeA2B0e4ABa7C642995068236D70Da7351FaF',
      _tokens: [Array],
      _protocol: '',
      _tokenBalances: [Object]
    }
  ],
  '0xfD26889cd6454D8751562f1c0FcF88b18B46F7B7': [
    UniswappyV2EthPair {
      _marketAddress: '0x8D9A21F3fa3743376D1D2077113A20bDBd2F0c9b',
      _tokens: [Array],
      _protocol: '',
      _tokenBalances: [Object]
    },
    UniswappyV2EthPair {
      _marketAddress: '0xcDca558128bfc645E6685E1EEc2e6d5a8fD74cb6',
      _tokens: [Array],
      _protocol: '',
      _tokenBalances: [Object]
    }
  ],
  '0x5A41F637C3f7553dBa6dDC2D3cA92641096577ea': [
    UniswappyV2EthPair {
      _marketAddress: '0x0c8f9a56544CC988f1873A038de2f3e4C6fE6f27',
      _tokens: [Array],
      _protocol: '',
      _tokenBalances: [Object]
    },
    UniswappyV2EthPair {
      _marketAddress: '0xDF0ae4f8E45eF47A047f372b7a46F506360b8eC4',
      _tokens: [Array],
      _protocol: '',
      _tokenBalances: [Object]
    },
    UniswappyV2EthPair {
      _marketAddress: '0xC94B20AC3dF3076FCeDf16568faAD02412614fA9',
      _tokens: [Array],
      _protocol: '',
      _tokenBalances: [Object]
    }
  ],
  '0x009cF7bC57584b7998236eff51b98A168DceA9B0': [
    UniswappyV2EthPair {
      _marketAddress: '0x3Eb7b01118D8DBf6C64336Cd085E0C3882c4B6c0',
      _tokens: [Array],
      _protocol: '',
      _tokenBalances: [Object]
    },
    UniswappyV2EthPair {
      _marketAddress: '0xE5308E5501efe075C17E95f276c6FFc3483556EE',
      _tokens: [Array],
      _protocol: '',
      _tokenBalances: [Object]
    },
    UniswappyV2EthPair {
      _marketAddress: '0xC2610f3a3447a8d97b1Ba302bE7bD27Ff7250eb6',
      _tokens: [Array],
      _protocol: '',
      _tokenBalances: [Object]
    },
    UniswappyV2EthPair {
      _marketAddress: '0x52fa46D17DcDA5c512cA09b6B48a8fc69EF5B50F',
      _tokens: [Array],
      _protocol: '',
      _tokenBalances: [Object]
    }
  ],
  '0xb3D1B98E604fee95cfA7bB7b8EF6680DAc8fbC53': [
    UniswappyV2EthPair {
      _marketAddress: '0x64FE99A969e845036a727F2Fe8743170Fc12A11B',
      _tokens: [Array],
      _protocol: '',
      _tokenBalances: [Object]
    },
    UniswappyV2EthPair {
      _marketAddress: '0xc918e7633C5A6b6EaD43007036B439486d47e97b',
      _tokens: [Array],
      _protocol: '',
      _tokenBalances: [Object]
    }
  ],
  '0xc1D99537392084Cc02D3F52386729b79d01035ce': [
    UniswappyV2EthPair {
      _marketAddress: '0x17A81874cf263B8e1602a49F2aBFB853af9C64c3',
      _tokens: [Array],
      _protocol: '',
      _tokenBalances: [Object]
    },
    UniswappyV2EthPair {
      _marketAddress: '0x0DC44777B381fB119ECD5E5Ef94C0bbB6b0A0e77',
      _tokens: [Array],
      _protocol: '',
      _tokenBalances: [Object]
    }
  ],
  '0x2912f53Adc6b8b3814634de2152f39EF6A05F78c': [
    UniswappyV2EthPair {
      _marketAddress: '0xFA332BE943f839c60812a798E481Cf58C22cA197',
      _tokens: [Array],
      _protocol: '',
      _tokenBalances: [Object]
    },
    UniswappyV2EthPair {
      _marketAddress: '0xe58811832EbCd00Ecc4D6eD893732E2b7c7234EB',
      _tokens: [Array],
      _protocol: '',
      _tokenBalances: [Object]
    }
  ],
  '0x7d9b896e0d8E970944AABBD5D9aEf6ec10646235': [
    UniswappyV2EthPair {
      _marketAddress: '0x6DFEfd9AD9Ed41AEEEDC1A737515C2349F8fD299',
      _tokens: [Array],
      _protocol: '',
      _tokenBalances: [Object]
    },
    UniswappyV2EthPair {
      _marketAddress: '0xd90f1ca4f9e7B06288Fe9Ca4Fc8eB740211f856F',
      _tokens: [Array],
      _protocol: '',
      _tokenBalances: [Object]
    }
  ],
  '0xc5E6689C9c8B02be7C49912Ef19e79cF24977f03': [
    UniswappyV2EthPair {
      _marketAddress: '0x46c514540886991202D5Ed010F8BfAE20e78ccaf',
      _tokens: [Array],
      _protocol: '',
      _tokenBalances: [Object]
    },
    UniswappyV2EthPair {
      _marketAddress: '0x8EFAd444035A45659cAeF4cc51F40D3ff5f92cF2',
      _tokens: [Array],
      _protocol: '',
      _tokenBalances: [Object]
    },
    UniswappyV2EthPair {
      _marketAddress: '0x4cC442220BE1cE560C1f2573f8CA8f460B3E4172',
      _tokens: [Array],
      _protocol: '',
      _tokenBalances: [Object]
    },
    UniswappyV2EthPair {
      _marketAddress: '0x837cD42282801E340f1F17AAdf3166fEE99fb07c',
      _tokens: [Array],
      _protocol: '',
      _tokenBalances: [Object]
    }
  ],
  '0xe2e0f7b4A1116400e972C34996aFaaAbc4b8Ada3': [
    UniswappyV2EthPair {
      _marketAddress: '0x62eC394eb45497728a3deb93874D636cdbAc407D',
      _tokens: [Array],
      _protocol: '',
      _tokenBalances: [Object]
    },
    UniswappyV2EthPair {
      _marketAddress: '0x1af374152C75A9D28783d2C0499e0AD87f5Ef9bb',
      _tokens: [Array],
      _protocol: '',
      _tokenBalances: [Object]
    }
  ],
  '0xF9661bf16f7521102EAF412a29E68cfd791a2Ca3': [
    UniswappyV2EthPair {
      _marketAddress: '0x9905c5Ad5a1Cfd9Dc366b16e0eEbAFA9D6D10eeB',
      _tokens: [Array],
      _protocol: '',
      _tokenBalances: [Object]
    },
    UniswappyV2EthPair {
      _marketAddress: '0xe8220122c912c3AcDC553672120e77EB853e21DF',
      _tokens: [Array],
      _protocol: '',
      _tokenBalances: [Object]
    }
  ],
  '0xF09a100C32d780F0A48754E43533F9fb374E85f9': [
    UniswappyV2EthPair {
      _marketAddress: '0x1014e66c8C52394758F377818c21227d72fe9f78',
      _tokens: [Array],
      _protocol: '',
      _tokenBalances: [Object]
    },
    UniswappyV2EthPair {
      _marketAddress: '0xcFEE0E8e0968205099CE36A418aF9508159fac91',
      _tokens: [Array],
      _protocol: '',
      _tokenBalances: [Object]
    },
    UniswappyV2EthPair {
      _marketAddress: '0x8774ecc7A9E223092c672180Ca7692b03a53559D',
      _tokens: [Array],
      _protocol: '',
      _tokenBalances: [Object]
    },
    UniswappyV2EthPair {
      _marketAddress: '0xC5800C23D86A30fC2A69C343627eD071eEd43177',
      _tokens: [Array],
      _protocol: '',
      _tokenBalances: [Object]
    }
  ],
  '0xaC472D0EED2B8a2f57a6E304eA7eBD8E88D1d36f': [
    UniswappyV2EthPair {
      _marketAddress: '0xBAD5469e2d4Eb7Ef36E8eF9957B8c8Ea99EdEd71',
      _tokens: [Array],
      _protocol: '',
      _tokenBalances: [Object]
    },
    UniswappyV2EthPair {
      _marketAddress: '0xc6524AFAF46e5044fA257D296b41140A8DE08615',
      _tokens: [Array],
      _protocol: '',
      _tokenBalances: [Object]
    },
    UniswappyV2EthPair {
      _marketAddress: '0xa71427351503e2413a7204f0328D12e6E710BF2b',
      _tokens: [Array],
      _protocol: '',
      _tokenBalances: [Object]
    }
  ],
  '0x47c1C7B9D7941A7265D123DCfb100D8FB5348213': [
    UniswappyV2EthPair {
      _marketAddress: '0x5E12A25A09b74313F0679D96aACB12886d2e02e4',
      _tokens: [Array],
      _protocol: '',
      _tokenBalances: [Object]
    },
    UniswappyV2EthPair {
      _marketAddress: '0xA12C87881fECCC2CA1F8e1E7ECbDa8Af3A89Ab3c',
      _tokens: [Array],
      _protocol: '',
      _tokenBalances: [Object]
    }
  ],
  '0x7880ae586cAfab484E98dB0e68cBA40afDda1418': [
    UniswappyV2EthPair {
      _marketAddress: '0xf6CDe55dA31835DE46312f07D4AC4d4fC9eE5fc7',
      _tokens: [Array],
      _protocol: '',
      _tokenBalances: [Object]
    },
    UniswappyV2EthPair {
      _marketAddress: '0x24e06c64514eba4E0E2e5FdBE2a8285Ed6d8928F',
      _tokens: [Array],
      _protocol: '',
      _tokenBalances: [Object]
    }
  ],
  '0x8A66B163995997c6FB1C2B21C4b2E7D67b0a393e': [
    UniswappyV2EthPair {
      _marketAddress: '0x80143954677629a39C890783B11cc2b07bB2cE3A',
      _tokens: [Array],
      _protocol: '',
      _tokenBalances: [Object]
    },
    UniswappyV2EthPair {
      _marketAddress: '0x7f98944e630ed3EbA415EAb2b29495B35704a169',
      _tokens: [Array],
      _protocol: '',
      _tokenBalances: [Object]
    }
  ],
  '0x1961efc5A2e69d6a6d53Ddc99A4c975f268e4984': [
    UniswappyV2EthPair {
      _marketAddress: '0x9aDa18752DB0FeD09DA1BB57779ac6f7290a4Bbb',
      _tokens: [Array],
      _protocol: '',
      _tokenBalances: [Object]
    },
    UniswappyV2EthPair {
      _marketAddress: '0x992208508168f43836A5f17f8e42A085D2DA1d93',
      _tokens: [Array],
      _protocol: '',
      _tokenBalances: [Object]
    }
  ],
  '0x5Ac52EE5b2a633895292Ff6d8A89bB9190451587': [
    UniswappyV2EthPair {
      _marketAddress: '0x452ceE1650d987F8614542F3AFe8e12b66359009',
      _tokens: [Array],
      _protocol: '',
      _tokenBalances: [Object]
    },
    UniswappyV2EthPair {
      _marketAddress: '0xE9C1A573f74Cff84B4a0269Ea07d7dbFb776028f',
      _tokens: [Array],
      _protocol: '',
      _tokenBalances: [Object]
    },
    UniswappyV2EthPair {
      _marketAddress: '0x42A2D70db8f8B843308e36dABDb9f7Fa8555269C',
      _tokens: [Array],
      _protocol: '',
      _tokenBalances: [Object]
    },
    UniswappyV2EthPair {
      _marketAddress: '0x47C42b0A056A9C6e9C65b9Ef79020Af518e767A5',
      _tokens: [Array],
      _protocol: '',
      _tokenBalances: [Object]
    },
    UniswappyV2EthPair {
      _marketAddress: '0x20781bc3701C5309ac75291f5D09BdC23D7b7Fa8',
      _tokens: [Array],
      _protocol: '',
      _tokenBalances: [Object]
    }
  ],
  '0xb9784C1633ef3b839563B988c323798634714368': [
    UniswappyV2EthPair {
      _marketAddress: '0x88Ee4f9BeA8140ff5799174Bb174d40fA6F73581',
      _tokens: [Array],
      _protocol: '',
      _tokenBalances: [Object]
    },
    UniswappyV2EthPair {
      _marketAddress: '0xB7cB69bB6126D39aa603De40eA96ebaDEf983454',
      _tokens: [Array],
      _protocol: '',
      _tokenBalances: [Object]
    },
    UniswappyV2EthPair {
      _marketAddress: '0xc35De4667573E6d4822dBfD204b5012D9a478f1c',
      _tokens: [Array],
      _protocol: '',
      _tokenBalances: [Object]
    },
    UniswappyV2EthPair {
      _marketAddress: '0xCE86642609c987Ba75263BF4b07d754241400b31',
      _tokens: [Array],
      _protocol: '',
      _tokenBalances: [Object]
    },
    UniswappyV2EthPair {
      _marketAddress: '0xC6656bCD45A0547656dB511530fBeAfEEfd44100',
      _tokens: [Array],
      _protocol: '',
      _tokenBalances: [Object]
    }
  ],
  '0xc0E7Ba97E9C802656C2B3eA8f27FAD6E60f0a795': [
    UniswappyV2EthPair {
      _marketAddress: '0x07B00FDf150e342BDF29544abc6beb952B781Ca2',
      _tokens: [Array],
      _protocol: '',
      _tokenBalances: [Object]
    },
    UniswappyV2EthPair {
      _marketAddress: '0xB2e62AC5E1857ca793Fe07aeaa2bdc0a2E873FE9',
      _tokens: [Array],
      _protocol: '',
      _tokenBalances: [Object]
    },
    UniswappyV2EthPair {
      _marketAddress: '0xe62D5adcD253B5F5b17209C3e57222B23D79e874',
      _tokens: [Array],
      _protocol: '',
      _tokenBalances: [Object]
    },
    UniswappyV2EthPair {
      _marketAddress: '0x7646D5c747bbAC069ac32aCA5302017ce50E66A0',
      _tokens: [Array],
      _protocol: '',
      _tokenBalances: [Object]
    }
  ],
  '0x49961bDEf01b26E69652EFC0AF5a164d56669553': [
    UniswappyV2EthPair {
      _marketAddress: '0x8D68332181d5D7dbF21aCF239FE6c39fE9FF22Ff',
      _tokens: [Array],
      _protocol: '',
      _tokenBalances: [Object]
    },
    UniswappyV2EthPair {
      _marketAddress: '0xdCf352c9852Dd019F663b09E91580F9e95A2AB94',
      _tokens: [Array],
      _protocol: '',
      _tokenBalances: [Object]
    },
    UniswappyV2EthPair {
      _marketAddress: '0xe532324830dA313759c533Adddf398332711ddd9',
      _tokens: [Array],
      _protocol: '',
      _tokenBalances: [Object]
    }
  ],
  '0x02E3eFcc9d912fbf2bf33D39F43427b56512C9B4': [
    UniswappyV2EthPair {
      _marketAddress: '0xb996A10d86568f9475C260Eb48Fa47CCe15BF21e',
      _tokens: [Array],
      _protocol: '',
      _tokenBalances: [Object]
    },
    UniswappyV2EthPair {
      _marketAddress: '0x056D210A0cc4529BeB2a12BDc5B3Ef9F24030E02',
      _tokens: [Array],
      _protocol: '',
      _tokenBalances: [Object]
    },
    UniswappyV2EthPair {
      _marketAddress: '0x0F8AEc67e09bEa5AE63F8178f45159791c8765d8',
      _tokens: [Array],
      _protocol: '',
      _tokenBalances: [Object]
    },
    UniswappyV2EthPair {
      _marketAddress: '0x633ffd37a62554112031EDC677226AfE05F787ef',
      _tokens: [Array],
      _protocol: '',
      _tokenBalances: [Object]
    }
  ],
  '0x708C671Aa997da536869B50B6C67FA0C32Ce80B2': [
    UniswappyV2EthPair {
      _marketAddress: '0xcd3fB2E793Cb72c06CC4B389C1C7A1A0201EFca7',
      _tokens: [Array],
      _protocol: '',
      _tokenBalances: [Object]
    },
    UniswappyV2EthPair {
      _marketAddress: '0x482afaa6F7DDEd6267e16d93B162412A8aC9D693',
      _tokens: [Array],
      _protocol: '',
      _tokenBalances: [Object]
    },
    UniswappyV2EthPair {
      _marketAddress: '0x54482282dF17F523Fee3af5D10bcfBA080cf2588',
      _tokens: [Array],
      _protocol: '',
      _tokenBalances: [Object]
    }
  ],
  '0x436cAcf89d1a0929F0EbD0ed7094EF1A9cdC3ed7': [
    UniswappyV2EthPair {
      _marketAddress: '0xF5a664CB20f20d3fbBb7eB4BF489444628180809',
      _tokens: [Array],
      _protocol: '',
      _tokenBalances: [Object]
    },
    UniswappyV2EthPair {
      _marketAddress: '0xfd1332Fe91d0aC5A9577a2E73340E0EC15f16Ad3',
      _tokens: [Array],
      _protocol: '',
      _tokenBalances: [Object]
    }
  ],
  '0xAACb422F5F60978bFF9c716CF38cd56d1E4Ded77': [
    UniswappyV2EthPair {
      _marketAddress: '0x36E0166403Ae3fFE38c1625607936db5c2c3CE2A',
      _tokens: [Array],
      _protocol: '',
      _tokenBalances: [Object]
    },
    UniswappyV2EthPair {
      _marketAddress: '0x2da8F1185B49a38e7EdDD1cC2f66452d5e8AAA1b',
      _tokens: [Array],
      _protocol: '',
      _tokenBalances: [Object]
    }
  ],
  '0xE7F5AFcf3075E6d841Af05f371346c6c8A1D0f6B': [
    UniswappyV2EthPair {
      _marketAddress: '0x686e6D0c0f1Ecde7E06148D85eB73d968f159BFe',
      _tokens: [Array],
      _protocol: '',
      _tokenBalances: [Object]
    },
    UniswappyV2EthPair {
      _marketAddress: '0x90e2ffe433ac816ca520B918576F5A1C142b04fA',
      _tokens: [Array],
      _protocol: '',
      _tokenBalances: [Object]
    }
  ],
  '0x2ed9e96EDd11A1fF5163599A66fb6f1C77FA9C66': [
    UniswappyV2EthPair {
      _marketAddress: '0xB97a82670153Ef41497b5E2cd92ff753636462FF',
      _tokens: [Array],
      _protocol: '',
      _tokenBalances: [Object]
    },
    UniswappyV2EthPair {
      _marketAddress: '0x86a9B62311b27BD9eD95d8EAC450797142292fc8',
      _tokens: [Array],
      _protocol: '',
      _tokenBalances: [Object]
    },
    UniswappyV2EthPair {
      _marketAddress: '0x259704E7a45B0cE4b0fDf7dd7eAB03965a433eF3',
      _tokens: [Array],
      _protocol: '',
      _tokenBalances: [Object]
    }
  ],
  '0x3B1eC92288D78D421f97562f8D479e6fF7350a16': [
    UniswappyV2EthPair {
      _marketAddress: '0xceC962D4d2b6e3BE62a2f83c066B653A07252DC5',
      _tokens: [Array],
      _protocol: '',
      _tokenBalances: [Object]
    },
    UniswappyV2EthPair {
      _marketAddress: '0x3b0F06B8a551C1E49913Bf6EB3ff08E87c46d6c9',
      _tokens: [Array],
      _protocol: '',
      _tokenBalances: [Object]
    }
  ],
  '0x986F8a0C03040B3c925C03010A0aBcC8535c4696': [
    UniswappyV2EthPair {
      _marketAddress: '0x7F5477ACE17570bb998EB7343C742f2AeD440df4',
      _tokens: [Array],
      _protocol: '',
      _tokenBalances: [Object]
    },
    UniswappyV2EthPair {
      _marketAddress: '0x62264b74cbC85026D06c92056aa4c01ABDa4Ad5f',
      _tokens: [Array],
      _protocol: '',
      _tokenBalances: [Object]
    }
  ],
  '0xE10e9822A5de22F8761919310DDA35CD997d63c0': [
    UniswappyV2EthPair {
      _marketAddress: '0x0b96EA40Cb593029A63c1436c20aFf53839E1877',
      _tokens: [Array],
      _protocol: '',
      _tokenBalances: [Object]
    },
    UniswappyV2EthPair {
      _marketAddress: '0x40257481f09dB2211a3274B34554Bbb00B0a7Fb1',
      _tokens: [Array],
      _protocol: '',
      _tokenBalances: [Object]
    }
  ],
  '0x9eAd466DD4eAB0a6d7F75700B16AC22f2b2740F2': [
    UniswappyV2EthPair {
      _marketAddress: '0x80BD30caa0DEd691987f4Ec2373392f62cd518dF',
      _tokens: [Array],
      _protocol: '',
      _tokenBalances: [Object]
    },
    UniswappyV2EthPair {
      _marketAddress: '0xCEAa63081c4153CD6c2dfA109a1f3f07d048A47D',
      _tokens: [Array],
      _protocol: '',
      _tokenBalances: [Object]
    }
  ],
  '0x0B66fb76d95CD62A8F15062a23F6e621E741f807': [
    UniswappyV2EthPair {
      _marketAddress: '0xDa9c8D183cF7e14b15D83CAffFD3782D7c6f0686',
      _tokens: [Array],
      _protocol: '',
      _tokenBalances: [Object]
    },
    UniswappyV2EthPair {
      _marketAddress: '0x7C525947a3f3Fe96Aa90A0c4CA4407F21336D221',
      _tokens: [Array],
      _protocol: '',
      _tokenBalances: [Object]
    }
  ],
  '0x60b3BC37593853c04410c4F07fE4D6748245BF77': [
    UniswappyV2EthPair {
      _marketAddress: '0x5A1cE454a27fFc9d0643B982a8A67A298e6Ccf07',
      _tokens: [Array],
      _protocol: '',
      _tokenBalances: [Object]
    },
    UniswappyV2EthPair {
      _marketAddress: '0x1F05f987A76729dBDC24dD69BF874E5083CC5721',
      _tokens: [Array],
      _protocol: '',
      _tokenBalances: [Object]
    },
    UniswappyV2EthPair {
      _marketAddress: '0xba06ec3250bd3d31e229E70179ae79d03a0224d8',
      _tokens: [Array],
      _protocol: '',
      _tokenBalances: [Object]
    },
    UniswappyV2EthPair {
      _marketAddress: '0x29A8c2ecD8Cb763139cdB5Ed83cae4d85c58A6a0',
      _tokens: [Array],
      _protocol: '',
      _tokenBalances: [Object]
    },
    UniswappyV2EthPair {
      _marketAddress: '0x37b2BCD6887674dd86c84d789226C0Ca6A5bf9A2',
      _tokens: [Array],
      _protocol: '',
      _tokenBalances: [Object]
    }
  ],
  '0xE171e4B490636799849012Ed8Db7e162e5073eE4': [
    UniswappyV2EthPair {
      _marketAddress: '0xeb18FA22B7a710aaf0B9eCb0555346231c356465',
      _tokens: [Array],
      _protocol: '',
      _tokenBalances: [Object]
    },
    UniswappyV2EthPair {
      _marketAddress: '0x2d44ce9477B8eF6444F7c828155943D8b809BeF7',
      _tokens: [Array],
      _protocol: '',
      _tokenBalances: [Object]
    }
  ],
  '0xa94b7a842aADB617a0B08fA744e033C6De2f7595': [
    UniswappyV2EthPair {
      _marketAddress: '0x620f7eD7D53aE3AA98fc7fd123833EfC8Fe6eF83',
      _tokens: [Array],
      _protocol: '',
      _tokenBalances: [Object]
    },
    UniswappyV2EthPair {
      _marketAddress: '0x7da42748bC4b5a809Df29104617539aa93EB895B',
      _tokens: [Array],
      _protocol: '',
      _tokenBalances: [Object]
    },
    UniswappyV2EthPair {
      _marketAddress: '0x53AaaBF8C94ff46a602663CCD9c4d3E14091330A',
      _tokens: [Array],
      _protocol: '',
      _tokenBalances: [Object]
    },
    UniswappyV2EthPair {
      _marketAddress: '0x4fe89aC612ee309FA9deC1f501495EEA44449924',
      _tokens: [Array],
      _protocol: '',
      _tokenBalances: [Object]
    }
  ],
  '0xe0534f42F6961c8784079C56B770244b207587BE': [
    UniswappyV2EthPair {
      _marketAddress: '0x2ED7F5dF03D40870fE9350beBdf5df2860Bf918F',
      _tokens: [Array],
      _protocol: '',
      _tokenBalances: [Object]
    },
    UniswappyV2EthPair {
      _marketAddress: '0xc30faf6d35769A53eA3cc99A9e11E7C19d0355b6',
      _tokens: [Array],
      _protocol: '',
      _tokenBalances: [Object]
    }
  ],
  '0x2703c58eeB1959154B60Be0010395a87Fc98597b': [
    UniswappyV2EthPair {
      _marketAddress: '0x6817E53Fe26679365b839A65742C82fd3Be47A15',
      _tokens: [Array],
      _protocol: '',
      _tokenBalances: [Object]
    },
    UniswappyV2EthPair {
      _marketAddress: '0x8018432B3f29a62716D091f91577f82549F3861A',
      _tokens: [Array],
      _protocol: '',
      _tokenBalances: [Object]
    }
  ],
  '0xCA0a9Df6a8cAD800046C1DDc5755810718b65C44': [
    UniswappyV2EthPair {
      _marketAddress: '0x4F8dafaEC32Ce68148b804Ee2c311A7682869789',
      _tokens: [Array],
      _protocol: '',
      _tokenBalances: [Object]
    },
    UniswappyV2EthPair {
      _marketAddress: '0x06f2125dEe9482d3Ee75edB1878931812656A4FB',
      _tokens: [Array],
      _protocol: '',
      _tokenBalances: [Object]
    },
    UniswappyV2EthPair {
      _marketAddress: '0xf519127b19142fb1CB0D04F78a850F5CB287b718',
      _tokens: [Array],
      _protocol: '',
      _tokenBalances: [Object]
    }
  ],
  '0xA511768003D01eAA0f464fEEEa4b1CDDc4254b4f': [
    UniswappyV2EthPair {
      _marketAddress: '0x5385a836D9B377a7C5cA973ee45826599448092b',
      _tokens: [Array],
      _protocol: '',
      _tokenBalances: [Object]
    },
    UniswappyV2EthPair {
      _marketAddress: '0x38B4714A5bA7347778E73dfB93f428d7e2611dA2',
      _tokens: [Array],
      _protocol: '',
      _tokenBalances: [Object]
    }
  ],
  '0xcdAd3683335a4a96d2c437Dd4513b061E4AEc4ff': [
    UniswappyV2EthPair {
      _marketAddress: '0xD0dEd1DaD9e3935b172EA391663270F1c5DC6067',
      _tokens: [Array],
      _protocol: '',
      _tokenBalances: [Object]
    },
    UniswappyV2EthPair {
      _marketAddress: '0x4EBbe7B8FEf9e20eA310B2AC37F380f730cd77c2',
      _tokens: [Array],
      _protocol: '',
      _tokenBalances: [Object]
    },
    UniswappyV2EthPair {
      _marketAddress: '0x23bD254977DB4897cA96ac36cBd728133B6Df035',
      _tokens: [Array],
      _protocol: '',
      _tokenBalances: [Object]
    }
  ],
  '0x761De18ff56AF0eAC719cB494C024A8fAdC315F2': [
    UniswappyV2EthPair {
      _marketAddress: '0xee764EC1821739580d3781DD4feCb383B0f5FcBa',
      _tokens: [Array],
      _protocol: '',
      _tokenBalances: [Object]
    },
    UniswappyV2EthPair {
      _marketAddress: '0x01b5d733d603B2C5BBbE7aCE36D9BF096f2D7261',
      _tokens: [Array],
      _protocol: '',
      _tokenBalances: [Object]
    }
  ],
  '0x6a9ba54F86b46900b1E4d1e6a13FB9F15F016A7F': [
    UniswappyV2EthPair {
      _marketAddress: '0x629009974F651378a2286ced36F16D43FA46E9e3',
      _tokens: [Array],
      _protocol: '',
      _tokenBalances: [Object]
    },
    UniswappyV2EthPair {
      _marketAddress: '0x67C97313e1308C73223701bB4DF878eC769D8578',
      _tokens: [Array],
      _protocol: '',
      _tokenBalances: [Object]
    },
    UniswappyV2EthPair {
      _marketAddress: '0x1e13Cd3C6b8EfFBDA79Bbe340303e36F3aEce4dd',
      _tokens: [Array],
      _protocol: '',
      _tokenBalances: [Object]
    }
  ],
  '0x40929FB2008c830731A3d972950bC13f70161c75': [
    UniswappyV2EthPair {
      _marketAddress: '0xE6cC8c3C86b794403f69A0329bbc78a477344f33',
      _tokens: [Array],
      _protocol: '',
      _tokenBalances: [Object]
    },
    UniswappyV2EthPair {
      _marketAddress: '0xC7a68F813c4316a1B261D5774A4C70451f2d9c01',
      _tokens: [Array],
      _protocol: '',
      _tokenBalances: [Object]
    },
    UniswappyV2EthPair {
      _marketAddress: '0x43a5208CdA066C29039866E963a2F0133FEF1283',
      _tokens: [Array],
      _protocol: '',
      _tokenBalances: [Object]
    },
    UniswappyV2EthPair {
      _marketAddress: '0xd0D1527136DCAa32f15C46dEB0008744ed4e1de3',
      _tokens: [Array],
      _protocol: '',
      _tokenBalances: [Object]
    },
    UniswappyV2EthPair {
      _marketAddress: '0x55B09E828377595f0602Dc1AeBf95525300E81e9',
      _tokens: [Array],
      _protocol: '',
      _tokenBalances: [Object]
    }
  ],
  '0xbDDD7D426274fc5F370817C80C06b86D651963e4': [
    UniswappyV2EthPair {
      _marketAddress: '0xe63183DA4576e0c7F1ab0B0893e4BE31b853f5C5',
      _tokens: [Array],
      _protocol: '',
      _tokenBalances: [Object]
    },
    UniswappyV2EthPair {
      _marketAddress: '0x2C67fd435F6CB31Aa710Db38205CB55a84540d8C',
      _tokens: [Array],
      _protocol: '',
      _tokenBalances: [Object]
    },
    UniswappyV2EthPair {
      _marketAddress: '0x0E5a0b3421a03d275481C85Ef9b6D12241FB6EC0',
      _tokens: [Array],
      _protocol: '',
      _tokenBalances: [Object]
    }
  ],
  '0x8e9dA1b289b6a240eEfb53f451293F8aC72bd74D': [
    UniswappyV2EthPair {
      _marketAddress: '0xc178ac61143eB6A3cb7016DF7BB7389a9763F72C',
      _tokens: [Array],
      _protocol: '',
      _tokenBalances: [Object]
    },
    UniswappyV2EthPair {
      _marketAddress: '0x019D6945453e904d49EE85eE6eD9B812282CcDBF',
      _tokens: [Array],
      _protocol: '',
      _tokenBalances: [Object]
    }
  ],
  '0xd38F4E26AE3036A10b4BbC930EE05c36133b1ccf': [
    UniswappyV2EthPair {
      _marketAddress: '0xe1CC91EEd1A2197EcC210Fee7d8a906005D4EC59',
      _tokens: [Array],
      _protocol: '',
      _tokenBalances: [Object]
    },
    UniswappyV2EthPair {
      _marketAddress: '0xaC08dD4265721Fa634c1cB839c6d88891c06EF15',
      _tokens: [Array],
      _protocol: '',
      _tokenBalances: [Object]
    },
    UniswappyV2EthPair {
      _marketAddress: '0x402D6153E4Cf2EEa8Ce4d298015fec261169c8a2',
      _tokens: [Array],
      _protocol: '',
      _tokenBalances: [Object]
    }
  ],
  '0xA9d3fa202b4915c3eca496b0e7dB41567cFA031C': [
    UniswappyV2EthPair {
      _marketAddress: '0x6Cc3ffbbe199E99276dea1f657f3D60d0e31e57A',
      _tokens: [Array],
      _protocol: '',
      _tokenBalances: [Object]
    },
    UniswappyV2EthPair {
      _marketAddress: '0x3A2EE22B476B8cC625c060Bd1bd5f1B6c4f7A7ef',
      _tokens: [Array],
      _protocol: '',
      _tokenBalances: [Object]
    }
  ],
  '0xb0b50DA5cb19d0C1677A584B6c33E4EDD72A0F9c': [
    UniswappyV2EthPair {
      _marketAddress: '0x7002B2F5A2453e67D1C98E85E0c3492777b6a742',
      _tokens: [Array],
      _protocol: '',
      _tokenBalances: [Object]
    },
    UniswappyV2EthPair {
      _marketAddress: '0x3D65f36FE5BF3924277850Dbd1732e7d23426637',
      _tokens: [Array],
      _protocol: '',
      _tokenBalances: [Object]
    }
  ],
  '0x34681C1035F97E1eDcccec5f142e02FF81a3A230': [
    UniswappyV2EthPair {
      _marketAddress: '0x2C897BfD94E982722217947c1439562F6139B5C3',
      _tokens: [Array],
      _protocol: '',
      _tokenBalances: [Object]
    },
    UniswappyV2EthPair {
      _marketAddress: '0x2f538141B80C9710e04051a579cd58955319E8f3',
      _tokens: [Array],
      _protocol: '',
      _tokenBalances: [Object]
    },
    UniswappyV2EthPair {
      _marketAddress: '0x38751891a7804519784811b3C8468f45Ad4f845B',
      _tokens: [Array],
      _protocol: '',
      _tokenBalances: [Object]
    }
  ],
  '0xf1482F1000eAe7c704Cf05d681EF26420D26ea45': [
    UniswappyV2EthPair {
      _marketAddress: '0xB11df39DEb480d52cFFA97e44AB6a14AdD848310',
      _tokens: [Array],
      _protocol: '',
      _tokenBalances: [Object]
    },
    UniswappyV2EthPair {
      _marketAddress: '0xD19E9b6c084Bf76eC929917954E51AF8Fe938dFF',
      _tokens: [Array],
      _protocol: '',
      _tokenBalances: [Object]
    }
  ],
  '0x1Ad8D89074AFA789A027B9a31d0bd14e254711D0': [
    UniswappyV2EthPair {
      _marketAddress: '0xDD273857E853Ad3b5E066B55Cb5FF6CBe5E3b0eC',
      _tokens: [Array],
      _protocol: '',
      _tokenBalances: [Object]
    },
    UniswappyV2EthPair {
      _marketAddress: '0x4B62bcd72bE8283418bB69F375945b13849376bb',
      _tokens: [Array],
      _protocol: '',
      _tokenBalances: [Object]
    },
    UniswappyV2EthPair {
      _marketAddress: '0x1f5Ab226a62308eBDA42430cf24448615deaeF55',
      _tokens: [Array],
      _protocol: '',
      _tokenBalances: [Object]
    }
  ],
  '0x141B68F1e1f0D730DEE3012c081212dc65140D7b': [
    UniswappyV2EthPair {
      _marketAddress: '0x38685480cd28e03cD896Bf29B08dc75a311CfA07',
      _tokens: [Array],
      _protocol: '',
      _tokenBalances: [Object]
    },
    UniswappyV2EthPair {
      _marketAddress: '0xfd9aFAB2DECECA4928cf93C97424D3c18C16D3a3',
      _tokens: [Array],
      _protocol: '',
      _tokenBalances: [Object]
    }
  ],
  '0x2280908dCbF7d63098164162dF5eFc3A8C929aEa': [
    UniswappyV2EthPair {
      _marketAddress: '0x23FF788e4CD66cAD3503Cccd72a018c42A2867cD',
      _tokens: [Array],
      _protocol: '',
      _tokenBalances: [Object]
    },
    UniswappyV2EthPair {
      _marketAddress: '0x6458Ac8004a033dE1a614F64598c9C58bd995A06',
      _tokens: [Array],
      _protocol: '',
      _tokenBalances: [Object]
    },
    UniswappyV2EthPair {
      _marketAddress: '0x87413D9B9b19AE3f4B1D4a168D3301b6F59a1891',
      _tokens: [Array],
      _protocol: '',
      _tokenBalances: [Object]
    }
  ],
  '0x16F3a68e1B7193F69948A2F1d96E08707a58E590': [
    UniswappyV2EthPair {
      _marketAddress: '0x12388b237140e7668738abdD955C729b820D84af',
      _tokens: [Array],
      _protocol: '',
      _tokenBalances: [Object]
    },
    UniswappyV2EthPair {
      _marketAddress: '0xbd43E0fb820e48b9C2d226583762dC517c005c24',
      _tokens: [Array],
      _protocol: '',
      _tokenBalances: [Object]
    }
  ],
  '0x49277cC5be56b519901E561096bfD416277b4F6d': [
    UniswappyV2EthPair {
      _marketAddress: '0x4E6f4208a58fAc1ca30695EcD9Ed709d7ab0aC01',
      _tokens: [Array],
      _protocol: '',
      _tokenBalances: [Object]
    },
    UniswappyV2EthPair {
      _marketAddress: '0xb4e6cDDC562977A9059562A570E801e36f21643b',
      _tokens: [Array],
      _protocol: '',
      _tokenBalances: [Object]
    },
    UniswappyV2EthPair {
      _marketAddress: '0xF3Ab7eA6326E17eeB8947a734BBdF47fcE094626',
      _tokens: [Array],
      _protocol: '',
      _tokenBalances: [Object]
    },
    UniswappyV2EthPair {
      _marketAddress: '0x865d2360B5c7a588a1FfDec347089a70589D9440',
      _tokens: [Array],
      _protocol: '',
      _tokenBalances: [Object]
    }
  ],
  '0xbb4E44b5244F7C9941cC1515Bbd3d094111252f3': [
    UniswappyV2EthPair {
      _marketAddress: '0xBAD084261d2ecd64f38115ACDcc381d65Cf8788B',
      _tokens: [Array],
      _protocol: '',
      _tokenBalances: [Object]
    },
    UniswappyV2EthPair {
      _marketAddress: '0xf3Bb040C76FB9C05B61D94441f3F4F1725579488',
      _tokens: [Array],
      _protocol: '',
      _tokenBalances: [Object]
    }
  ],
  '0x37109a51e712471Bd2C72d8D70718627e7fF0032': [
    UniswappyV2EthPair {
      _marketAddress: '0xe80b4Def830A537EC18250a1058EC612f3765e0c',
      _tokens: [Array],
      _protocol: '',
      _tokenBalances: [Object]
    },
    UniswappyV2EthPair {
      _marketAddress: '0x5dCed56AA99e18f6dE1F215dE911A6e99E7a6210',
      _tokens: [Array],
      _protocol: '',
      _tokenBalances: [Object]
    },
    UniswappyV2EthPair {
      _marketAddress: '0x7863B4D50BA9F4EffD56359f766f25Cab175a738',
      _tokens: [Array],
      _protocol: '',
      _tokenBalances: [Object]
    }
  ],
  '0x09a6c44c3947B69E2B45F4D51b67E6a39ACfB506': [
    UniswappyV2EthPair {
      _marketAddress: '0x73976bAD479ef66e9D929510016f3cE75E5e6e03',
      _tokens: [Array],
      _protocol: '',
      _tokenBalances: [Object]
    },
    UniswappyV2EthPair {
      _marketAddress: '0x489714d52D45d38d0F8D9182a2bd79f7Fa8e767E',
      _tokens: [Array],
      _protocol: '',
      _tokenBalances: [Object]
    },
    UniswappyV2EthPair {
      _marketAddress: '0xCAA4FbB3a395868eeB4C682cc6Bca93Ca652d550',
      _tokens: [Array],
      _protocol: '',
      _tokenBalances: [Object]
    }
  ],
  '0x0E8D5504bF54D9E44260f8d153EcD5412130CaBb': [
    UniswappyV2EthPair {
      _marketAddress: '0xA19D47d4f089ad136d58F358b646e370f45838Db',
      _tokens: [Array],
      _protocol: '',
      _tokenBalances: [Object]
    },
    UniswappyV2EthPair {
      _marketAddress: '0xFBb5D64bc9844c5fc4c2475d62af8B793BC8c8DE',
      _tokens: [Array],
      _protocol: '',
      _tokenBalances: [Object]
    }
  ],
  '0x8cb0300Af2A801DC9992225D45399ac56888cBcd': [
    UniswappyV2EthPair {
      _marketAddress: '0x068F7cEA36eDD8EF31468c0a72eFe48F17eE6Db0',
      _tokens: [Array],
      _protocol: '',
      _tokenBalances: [Object]
    },
    UniswappyV2EthPair {
      _marketAddress: '0x0fdD6E56508cf825b91D43CF73A87154a9411097',
      _tokens: [Array],
      _protocol: '',
      _tokenBalances: [Object]
    }
  ],
  '0x6Fb05b156788E88c8ad1e057e729362ff8c39d93': [
    UniswappyV2EthPair {
      _marketAddress: '0x373447676a16Fd78053a4B472c7DE210141aC205',
      _tokens: [Array],
      _protocol: '',
      _tokenBalances: [Object]
    },
    UniswappyV2EthPair {
      _marketAddress: '0xd4a518FA6208Bf364b5A62eFBeC3e38F2631AdAD',
      _tokens: [Array],
      _protocol: '',
      _tokenBalances: [Object]
    },
    UniswappyV2EthPair {
      _marketAddress: '0xA522eC67b3C5E99Bc8D4d7D26924F10A9b8cc817',
      _tokens: [Array],
      _protocol: '',
      _tokenBalances: [Object]
    }
  ],
  '0x59a39fcFE5af593bA7b09Bbf2fe88D4de06b033A': [
    UniswappyV2EthPair {
      _marketAddress: '0xd59CE224c6154ce3bd0DB5aDBfA98901585De7e5',
      _tokens: [Array],
      _protocol: '',
      _tokenBalances: [Object]
    },
    UniswappyV2EthPair {
      _marketAddress: '0x0D49BcD42E4a88D015C5797cCf530e6132555cCE',
      _tokens: [Array],
      _protocol: '',
      _tokenBalances: [Object]
    }
  ],
  '0xaDC0cE92Ae34D10D80ED91A929b0418645f8b943': [
    UniswappyV2EthPair {
      _marketAddress: '0x589c509daEbBf7556e2CA9266fd7dA9e10fef31C',
      _tokens: [Array],
      _protocol: '',
      _tokenBalances: [Object]
    },
    UniswappyV2EthPair {
      _marketAddress: '0xE7041e2eb2cE63f8390F319F3657298A41F041Cc',
      _tokens: [Array],
      _protocol: '',
      _tokenBalances: [Object]
    }
  ],
  '0xfDFD27aE39cebefDBaAc8615F18aa68DDD0F15f5': [
    UniswappyV2EthPair {
      _marketAddress: '0x2E946Ca959804Da0418B6cAA24Df03Cff3D11554',
      _tokens: [Array],
      _protocol: '',
      _tokenBalances: [Object]
    },
    UniswappyV2EthPair {
      _marketAddress: '0xdE447f89d351EAda911A9BC29bfe3ED9DC18eB19',
      _tokens: [Array],
      _protocol: '',
      _tokenBalances: [Object]
    },
    UniswappyV2EthPair {
      _marketAddress: '0x5D823CAFA58cd6ba5ABFFd08D2114B5E62D8784D',
      _tokens: [Array],
      _protocol: '',
      _tokenBalances: [Object]
    },
    UniswappyV2EthPair {
      _marketAddress: '0x8F98e050DcFb8197A006c2A5558bAd9C8e76D490',
      _tokens: [Array],
      _protocol: '',
      _tokenBalances: [Object]
    }
  ],
  '0x78A18Db278F9c7c9657F61dA519e6Ef43794DD5D': [
    UniswappyV2EthPair {
      _marketAddress: '0xB52257F450443e54E591CbD2ddBE556672034b67',
      _tokens: [Array],
      _protocol: '',
      _tokenBalances: [Object]
    },
    UniswappyV2EthPair {
      _marketAddress: '0xeeCC9eccc6936703F37b46FdA8E589F03982315b',
      _tokens: [Array],
      _protocol: '',
      _tokenBalances: [Object]
    },
    UniswappyV2EthPair {
      _marketAddress: '0x675c768dfF7FaD8C0A1309b2032e37f2B1200fE2',
      _tokens: [Array],
      _protocol: '',
      _tokenBalances: [Object]
    }
  ],
  '0xf4bfe94e7Ed579A05402A00b87C7884666773fDc': [
    UniswappyV2EthPair {
      _marketAddress: '0x115C140a8BD03Ae8dE52702032a09dE0de19F4bb',
      _tokens: [Array],
      _protocol: '',
      _tokenBalances: [Object]
    },
    UniswappyV2EthPair {
      _marketAddress: '0xb24E06DFb2755c14153B8a35cE33Ba70cC9c641c',
      _tokens: [Array],
      _protocol: '',
      _tokenBalances: [Object]
    }
  ],
  '0xF776C730A2b32192B5d8c69b196A6d7628e3cD33': [
    UniswappyV2EthPair {
      _marketAddress: '0xFb9886D07D3b281162DffEFEF0f2742BEf2CFa3A',
      _tokens: [Array],
      _protocol: '',
      _tokenBalances: [Object]
    },
    UniswappyV2EthPair {
      _marketAddress: '0x2d0532b5a0A07Fa76010817aD2668c711fa481DC',
      _tokens: [Array],
      _protocol: '',
      _tokenBalances: [Object]
    }
  ],
  '0x3Dc2d7434bDbB4Ca1A8A6bCC8a8075AEaE2d2179': [
    UniswappyV2EthPair {
      _marketAddress: '0x339082aA25AeE80e8a15A844a2663a8e97C523b2',
      _tokens: [Array],
      _protocol: '',
      _tokenBalances: [Object]
    },
    UniswappyV2EthPair {
      _marketAddress: '0x4B641428903e62B8218bD8B874efD8c489bDCf7A',
      _tokens: [Array],
      _protocol: '',
      _tokenBalances: [Object]
    }
  ],
  '0x7f4C06b9D4861b04f29d341ABD796745ff16dA55': [
    UniswappyV2EthPair {
      _marketAddress: '0xB49d7e1D823e51DAb867B30d1f2f8F4BC68F0322',
      _tokens: [Array],
      _protocol: '',
      _tokenBalances: [Object]
    },
    UniswappyV2EthPair {
      _marketAddress: '0x1a5491A88c769B5B82a6bD50BBb727D75eD373D3',
      _tokens: [Array],
      _protocol: '',
      _tokenBalances: [Object]
    },
    UniswappyV2EthPair {
      _marketAddress: '0x8137BA3BE951eC2cD2b698eD13F6cFde9DddA86D',
      _tokens: [Array],
      _protocol: '',
      _tokenBalances: [Object]
    }
  ],
  '0xf3997A83ebc7d70071947a0573FB051Cab63FcbC': [
    UniswappyV2EthPair {
      _marketAddress: '0x14a9DD87f63D99D9905aEb50fCb6293Ba033Abf4',
      _tokens: [Array],
      _protocol: '',
      _tokenBalances: [Object]
    },
    UniswappyV2EthPair {
      _marketAddress: '0x86D081E7D83eb9FEad4154a48Edf6DCAcce6B743',
      _tokens: [Array],
      _protocol: '',
      _tokenBalances: [Object]
    }
  ],
  '0x50E14fF17C2dAa161D6632F3d5c16b63BDEf65A9': [
    UniswappyV2EthPair {
      _marketAddress: '0xC5F5Cb357d85D41bFc39c8149d2275EbAA68bC1b',
      _tokens: [Array],
      _protocol: '',
      _tokenBalances: [Object]
    },
    UniswappyV2EthPair {
      _marketAddress: '0xF5759300FB2Bb984f6055C1f67Cc8Ba7398fF77D',
      _tokens: [Array],
      _protocol: '',
      _tokenBalances: [Object]
    }
  ],
  '0xfA4cA633e2be7D8aFDDa06F06ACD5b6d52366DA7': [
    UniswappyV2EthPair {
      _marketAddress: '0x6E1aAA7D02709433aD40849c8aC41906f3179fd2',
      _tokens: [Array],
      _protocol: '',
      _tokenBalances: [Object]
    },
    UniswappyV2EthPair {
      _marketAddress: '0x008a93F320e726A603a651945dECD59806fA6572',
      _tokens: [Array],
      _protocol: '',
      _tokenBalances: [Object]
    },
    UniswappyV2EthPair {
      _marketAddress: '0x7337b594e87F196327d541Bf12Aa3507690C845B',
      _tokens: [Array],
      _protocol: '',
      _tokenBalances: [Object]
    }
  ],
  '0xCE8cde6E6c6905b45503b3c4AFa3Dc915D03D147': [
    UniswappyV2EthPair {
      _marketAddress: '0x2034ABf6f9fe647D55390857F1B500da7189F5C4',
      _tokens: [Array],
      _protocol: '',
      _tokenBalances: [Object]
    },
    UniswappyV2EthPair {
      _marketAddress: '0x94f4249C8C28cD64a9C4aB914051692ebA915383',
      _tokens: [Array],
      _protocol: '',
      _tokenBalances: [Object]
    }
  ],
  '0xaB329b1B7785be9f954bacFc7Fa663Ce9b36338d': [
    UniswappyV2EthPair {
      _marketAddress: '0x54e8858Bbf9bf72627e3b660cc1FbB00597Aa44F',
      _tokens: [Array],
      _protocol: '',
      _tokenBalances: [Object]
    },
    UniswappyV2EthPair {
      _marketAddress: '0x6FfDc1004784bdCf4bCb3b8695A4b6F2C0bD3972',
      _tokens: [Array],
      _protocol: '',
      _tokenBalances: [Object]
    },
    UniswappyV2EthPair {
      _marketAddress: '0x598a58d9acF3B2A9c1409Ba8e04525B585Ac4477',
      _tokens: [Array],
      _protocol: '',
      _tokenBalances: [Object]
    }
  ],
  '0x29C0d0375Cd9fB48a294B63c8D129c44476656A7': [
    UniswappyV2EthPair {
      _marketAddress: '0xb99Da6E50f57DF4C844740925fbd36058F366ad5',
      _tokens: [Array],
      _protocol: '',
      _tokenBalances: [Object]
    },
    UniswappyV2EthPair {
      _marketAddress: '0xd776502f4e33bC0b4825893B996DD5C80E6D9ac3',
      _tokens: [Array],
      _protocol: '',
      _tokenBalances: [Object]
    },
    UniswappyV2EthPair {
      _marketAddress: '0xb435f85585517c2E841f66c16C692Ab703521a57',
      _tokens: [Array],
      _protocol: '',
      _tokenBalances: [Object]
    }
  ],
  '0x9B44Df3318972bE845d83f961735609137C4C23c': [
    UniswappyV2EthPair {
      _marketAddress: '0x83E52B95f48Fd9B365fE001B8ef1d6a3640aBA4f',
      _tokens: [Array],
      _protocol: '',
      _tokenBalances: [Object]
    },
    UniswappyV2EthPair {
      _marketAddress: '0x2a8f72c18EC0cB2dbd2CEB59fAeae8A8A8115BcC',
      _tokens: [Array],
      _protocol: '',
      _tokenBalances: [Object]
    },
    UniswappyV2EthPair {
      _marketAddress: '0x49fB789BA76EafCCF02d6BA2C6Fa12b49E1495a1',
      _tokens: [Array],
      _protocol: '',
      _tokenBalances: [Object]
    },
    UniswappyV2EthPair {
      _marketAddress: '0x3700B0457Bc67cB33F9C0Ca8B7A91bBE892D7D75',
      _tokens: [Array],
      _protocol: '',
      _tokenBalances: [Object]
    }
  ],
  '0x3dd74E198F641B0b556680417E08e25228E47D41': [
    UniswappyV2EthPair {
      _marketAddress: '0xf792229c30996C6a5F1f6E56b24999E78E3E5A96',
      _tokens: [Array],
      _protocol: '',
      _tokenBalances: [Object]
    },
    UniswappyV2EthPair {
      _marketAddress: '0xe7E21EAFb09910CCDB1ba217d63eC12D406a8978',
      _tokens: [Array],
      _protocol: '',
      _tokenBalances: [Object]
    },
    UniswappyV2EthPair {
      _marketAddress: '0x0e7D558001D8F6eE3D00f3A98295036c094e435F',
      _tokens: [Array],
      _protocol: '',
      _tokenBalances: [Object]
    }
  ],
  '0x271C418B045d05A1D52c6bF849d47b5B5B4d769e': [
    UniswappyV2EthPair {
      _marketAddress: '0xcd01316AfCAfE8ACFC59f4D9236BfCd8345f8F12',
      _tokens: [Array],
      _protocol: '',
      _tokenBalances: [Object]
    },
    UniswappyV2EthPair {
      _marketAddress: '0x3916Ed70733272Bc885211E6acC368f2DA8B6258',
      _tokens: [Array],
      _protocol: '',
      _tokenBalances: [Object]
    },
    UniswappyV2EthPair {
      _marketAddress: '0x53282EE85ADc6eC4Ed4429C3D4fdCebcCA5470BD',
      _tokens: [Array],
      _protocol: '',
      _tokenBalances: [Object]
    }
  ],
  '0x64ac4023A7c9a4987A75420295f68a5435484Dd1': [
    UniswappyV2EthPair {
      _marketAddress: '0x7B9C2684eE2a0F3d6367e89eA0867a3FC10CcC89',
      _tokens: [Array],
      _protocol: '',
      _tokenBalances: [Object]
    },
    UniswappyV2EthPair {
      _marketAddress: '0x1dE87610b2774eA3917d911fdCF26DAcDE16af92',
      _tokens: [Array],
      _protocol: '',
      _tokenBalances: [Object]
    }
  ],
  '0x61DAee4f82756eEB86cbf756D0f472c0b99D69a4': [
    UniswappyV2EthPair {
      _marketAddress: '0x8F99EaFd8F2acFc6939BB0A76c6Fd6624Ae2cd9D',
      _tokens: [Array],
      _protocol: '',
      _tokenBalances: [Object]
    },
    UniswappyV2EthPair {
      _marketAddress: '0xEc0ceeAaf798C7202E4fB70A9e8dC1b4086881fd',
      _tokens: [Array],
      _protocol: '',
      _tokenBalances: [Object]
    }
  ],
  '0xe0d6AD5A77fD1ed1A22F89657E4248A8ac6a8cbF': [
    UniswappyV2EthPair {
      _marketAddress: '0xc9c0CAe5Cb467C3F0dd73E4D2b5A70Cf1B29A79B',
      _tokens: [Array],
      _protocol: '',
      _tokenBalances: [Object]
    },
    UniswappyV2EthPair {
      _marketAddress: '0x165500f7C4E7eA1c46cB1031D0C422049B43d4b0',
      _tokens: [Array],
      _protocol: '',
      _tokenBalances: [Object]
    }
  ],
  '0x290c665656a67e0ea0784f90ECBaeFF77c884217': [
    UniswappyV2EthPair {
      _marketAddress: '0x5bC07d5E64b2A98b49FbE330B9fe25f4749979b3',
      _tokens: [Array],
      _protocol: '',
      _tokenBalances: [Object]
    },
    UniswappyV2EthPair {
      _marketAddress: '0x80B77712b469D0Debf8B9834B0F386A790Ef668C',
      _tokens: [Array],
      _protocol: '',
      _tokenBalances: [Object]
    }
  ],
  '0xa4C8e834654262B8460Eb45Ff859C3dFb5e1D108': [
    UniswappyV2EthPair {
      _marketAddress: '0x8894f4755d3625a3181112f8D55a6243874A4952',
      _tokens: [Array],
      _protocol: '',
      _tokenBalances: [Object]
    },
    UniswappyV2EthPair {
      _marketAddress: '0xb2Fc00223644440d9b438C1f852E5B1bD548E4C4',
      _tokens: [Array],
      _protocol: '',
      _tokenBalances: [Object]
    }
  ],
  '0x275716c970b1a4db86C69eCcDAA24b522982E35a': [
    UniswappyV2EthPair {
      _marketAddress: '0x573F2A2857b634D9d0757C8893D2f6c8178Fb936',
      _tokens: [Array],
      _protocol: '',
      _tokenBalances: [Object]
    },
    UniswappyV2EthPair {
      _marketAddress: '0xf9a33D1F380596a95c13E6A70569b830Ec77F365',
      _tokens: [Array],
      _protocol: '',
      _tokenBalances: [Object]
    }
  ],
  '0x8E83EB3cC2585b9648687C3d1D9C7a2d17448772': [
    UniswappyV2EthPair {
      _marketAddress: '0x8C840583C3E481bF15F5b29b72Ae0F15a5C11b86',
      _tokens: [Array],
      _protocol: '',
      _tokenBalances: [Object]
    },
    UniswappyV2EthPair {
      _marketAddress: '0x97adfd64293cD7356abc5a89C9F3736728358bDB',
      _tokens: [Array],
      _protocol: '',
      _tokenBalances: [Object]
    }
  ],
  '0x42dbD44a8883D4363B395F77547812DC7dB806d5': [
    UniswappyV2EthPair {
      _marketAddress: '0x094e0b0Fc82875A010AcEb909b6DE92546F0388B',
      _tokens: [Array],
      _protocol: '',
      _tokenBalances: [Object]
    },
    UniswappyV2EthPair {
      _marketAddress: '0x291a7A1D15C262312b768D188CBa09Bf9cDcDC96',
      _tokens: [Array],
      _protocol: '',
      _tokenBalances: [Object]
    },
    UniswappyV2EthPair {
      _marketAddress: '0xF1673708eD7bf7Baa9704349CB53C7FC78D013A9',
      _tokens: [Array],
      _protocol: '',
      _tokenBalances: [Object]
    }
  ],
  '0x8519EA49c997f50cefFa444d240fB655e89248Aa': [
    UniswappyV2EthPair {
      _marketAddress: '0xEBf3ba3C5ad750258A0E19F52f81437Fff5e22E5',
      _tokens: [Array],
      _protocol: '',
      _tokenBalances: [Object]
    },
    UniswappyV2EthPair {
      _marketAddress: '0x26D44028fC075AdDa0Ec927bDD9641eEe31173Fb',
      _tokens: [Array],
      _protocol: '',
      _tokenBalances: [Object]
    },
    UniswappyV2EthPair {
      _marketAddress: '0x77D26C954985867603ce5001ac3EC2309387BC3d',
      _tokens: [Array],
      _protocol: '',
      _tokenBalances: [Object]
    }
  ],
  '0x2dD6c9c5BCD16816226542688788932c6e79A600': [
    UniswappyV2EthPair {
      _marketAddress: '0x1E35e86faA7A62b8057287F74Bc8E4414b6FBD7f',
      _tokens: [Array],
      _protocol: '',
      _tokenBalances: [Object]
    },
    UniswappyV2EthPair {
      _marketAddress: '0x3a44E91b5a909Dc36aD3B25E4A71781Ddf26023A',
      _tokens: [Array],
      _protocol: '',
      _tokenBalances: [Object]
    },
    UniswappyV2EthPair {
      _marketAddress: '0x9001c04fAEd5c0852Bcc8378FaB9b76dED8B27eb',
      _tokens: [Array],
      _protocol: '',
      _tokenBalances: [Object]
    }
  ],
  '0x58730ae0FAA10d73b0cDdb5e7b87C3594f7a20CB': [
    UniswappyV2EthPair {
      _marketAddress: '0xDA3580e43188068e75E2494f8A0eb651C72B7AA3',
      _tokens: [Array],
      _protocol: '',
      _tokenBalances: [Object]
    },
    UniswappyV2EthPair {
      _marketAddress: '0x0e8Ee035f84C03C3Cf7B55f3dac702218E8c6b98',
      _tokens: [Array],
      _protocol: '',
      _tokenBalances: [Object]
    },
    UniswappyV2EthPair {
      _marketAddress: '0x091Eb9c40242C461bEb088a807c4f53f2FFDE67E',
      _tokens: [Array],
      _protocol: '',
      _tokenBalances: [Object]
    },
    UniswappyV2EthPair {
      _marketAddress: '0xe84667996bC53Efc645770DF7978dD7f74Bb714b',
      _tokens: [Array],
      _protocol: '',
      _tokenBalances: [Object]
    }
  ],
  '0x95Ea82A63ee70f3cB141eC55ea4a37339746eB32': [
    UniswappyV2EthPair {
      _marketAddress: '0x7f538b2C756912cB793bB0Bba82f1a29BD0424b4',
      _tokens: [Array],
      _protocol: '',
      _tokenBalances: [Object]
    },
    UniswappyV2EthPair {
      _marketAddress: '0xB75a105ebE14174370e26c399936Fa513318717b',
      _tokens: [Array],
      _protocol: '',
      _tokenBalances: [Object]
    },
    UniswappyV2EthPair {
      _marketAddress: '0x90FCfA89f20282646C493B5630aa4d27110741f0',
      _tokens: [Array],
      _protocol: '',
      _tokenBalances: [Object]
    },
    UniswappyV2EthPair {
      _marketAddress: '0x35Dd9Ad4e6a3A031469508D9B40E0d17F7FDebd6',
      _tokens: [Array],
      _protocol: '',
      _tokenBalances: [Object]
    }
  ],
  '0x786d423a798Df8B2b5cABD73eE9A9eEf1eECe68C': [
    UniswappyV2EthPair {
      _marketAddress: '0x341D69476B940AeD347b22f88a5676045A57e0Fc',
      _tokens: [Array],
      _protocol: '',
      _tokenBalances: [Object]
    },
    UniswappyV2EthPair {
      _marketAddress: '0x5df698255B71e33F78F3a3566A6fd8fD6730d9fe',
      _tokens: [Array],
      _protocol: '',
      _tokenBalances: [Object]
    },
    UniswappyV2EthPair {
      _marketAddress: '0xAd8Fdf89422CBf4e1F83b6d0f526f5A38c760e9b',
      _tokens: [Array],
      _protocol: '',
      _tokenBalances: [Object]
    },
    UniswappyV2EthPair {
      _marketAddress: '0x60A91d500D296865b0054c45dA17f125Fd1297Df',
      _tokens: [Array],
      _protocol: '',
      _tokenBalances: [Object]
    }
  ],
  '0xECa41281c24451168a37211F0bc2b8645AF45092': [
    UniswappyV2EthPair {
      _marketAddress: '0xEFDB9A6383c11B5419A8476bBB6a9741a46cDf41',
      _tokens: [Array],
      _protocol: '',
      _tokenBalances: [Object]
    },
    UniswappyV2EthPair {
      _marketAddress: '0xb02E1B4aD153c5C22956DE5861000c2222B5b3F9',
      _tokens: [Array],
      _protocol: '',
      _tokenBalances: [Object]
    },
    UniswappyV2EthPair {
      _marketAddress: '0xA782bfD0eB90080e2a5Ad5465a335446F0f8d889',
      _tokens: [Array],
      _protocol: '',
      _tokenBalances: [Object]
    },
    UniswappyV2EthPair {
      _marketAddress: '0xc0b24b316DDDcCc9161b8F090F9239a7471A5521',
      _tokens: [Array],
      _protocol: '',
      _tokenBalances: [Object]
    }
  ],
  '0xC5a7e6385d77214CF4acB62a59d861709fAc2161': [
    UniswappyV2EthPair {
      _marketAddress: '0xdee143b0eDAdaf38927086fE5809f738eA1a1aa6',
      _tokens: [Array],
      _protocol: '',
      _tokenBalances: [Object]
    },
    UniswappyV2EthPair {
      _marketAddress: '0x6444d996346063BE9d44B71386642779ED0A15aE',
      _tokens: [Array],
      _protocol: '',
      _tokenBalances: [Object]
    }
  ],
  '0xa7d46AD1641F63cC8d6f21e7d5c4E4D6221CbA73': [
    UniswappyV2EthPair {
      _marketAddress: '0x92A43ad06Be04c20Fd24E99B14dDd2C2eF426FaC',
      _tokens: [Array],
      _protocol: '',
      _tokenBalances: [Object]
    },
    UniswappyV2EthPair {
      _marketAddress: '0x1776Aa894E71BA224fAA114FbeE209b894BA1f4a',
      _tokens: [Array],
      _protocol: '',
      _tokenBalances: [Object]
    }
  ],
  '0xfeD2B9Ed4F3a6BAa02543A9DB86524dd790fCC65': [
    UniswappyV2EthPair {
      _marketAddress: '0xa3D55512BEa35A8E7A55F4aa93019Cfc116e02Ee',
      _tokens: [Array],
      _protocol: '',
      _tokenBalances: [Object]
    },
    UniswappyV2EthPair {
      _marketAddress: '0x2C317E660B83c6Ecc061ECf8337478AaEc12b36e',
      _tokens: [Array],
      _protocol: '',
      _tokenBalances: [Object]
    },
    UniswappyV2EthPair {
      _marketAddress: '0x7bB8C4Cb015556d7448fA45b5443d28e789D1825',
      _tokens: [Array],
      _protocol: '',
      _tokenBalances: [Object]
    },
    UniswappyV2EthPair {
      _marketAddress: '0x3BF0f87BDc874eeD06655a4f56FA0c263321587E',
      _tokens: [Array],
      _protocol: '',
      _tokenBalances: [Object]
    }
  ],
  '0x448BEE2d93Be708b54eE6353A7CC35C4933F1156': [
    UniswappyV2EthPair {
      _marketAddress: '0xA7510b0aE4Ce57d80B8CC9B3D26bAB9F250AB7fD',
      _tokens: [Array],
      _protocol: '',
      _tokenBalances: [Object]
    },
    UniswappyV2EthPair {
      _marketAddress: '0xa1b5e5BEc58EB20fd1eF22Ca0c85f5C589Bbdf62',
      _tokens: [Array],
      _protocol: '',
      _tokenBalances: [Object]
    },
    UniswappyV2EthPair {
      _marketAddress: '0xA5d76c1a2CaaED8dEEf1eE3264C5C3ebfDd23Aea',
      _tokens: [Array],
      _protocol: '',
      _tokenBalances: [Object]
    }
  ],
  '0xf79037F6f6bE66832DE4E7516be52826BC3cBcc4': [
    UniswappyV2EthPair {
      _marketAddress: '0x593f9D85368714Fb4A6f74231C3547198639cca8',
      _tokens: [Array],
      _protocol: '',
      _tokenBalances: [Object]
    },
    UniswappyV2EthPair {
      _marketAddress: '0x24E3aa81f01cBEa82CB00BFEf5f78Db98197b85f',
      _tokens: [Array],
      _protocol: '',
      _tokenBalances: [Object]
    },
    UniswappyV2EthPair {
      _marketAddress: '0x73566ca86248bD12F0979793e4671e99a40299A7',
      _tokens: [Array],
      _protocol: '',
      _tokenBalances: [Object]
    },
    UniswappyV2EthPair {
      _marketAddress: '0x9F40e8a2Fcaa267A0c374B6c661E0b372264cC3D',
      _tokens: [Array],
      _protocol: '',
      _tokenBalances: [Object]
    }
  ],
  '0xdF1F0026374d4BCc490BE5E316963Cf6Df2FfF19': [
    UniswappyV2EthPair {
      _marketAddress: '0x4b25EE0E504616d71Da823DaBB488a9c4012d111',
      _tokens: [Array],
      _protocol: '',
      _tokenBalances: [Object]
    },
    UniswappyV2EthPair {
      _marketAddress: '0x8bf2EA73A5310658c69A9c96D2cdE28a1846A299',
      _tokens: [Array],
      _protocol: '',
      _tokenBalances: [Object]
    },
    UniswappyV2EthPair {
      _marketAddress: '0x44b6e74092b06591033ecF812b930275EdB5D276',
      _tokens: [Array],
      _protocol: '',
      _tokenBalances: [Object]
    },
    UniswappyV2EthPair {
      _marketAddress: '0x2B63AE1F05622542E428669bDa5B7caB34E61D3C',
      _tokens: [Array],
      _protocol: '',
      _tokenBalances: [Object]
    }
  ],
  '0xa5C0346cAF90795CA99c3a910F380b48530f2E70': [
    UniswappyV2EthPair {
      _marketAddress: '0x0e2B8377Cb9C03257Df2Ae6B47F15b09138EaC1d',
      _tokens: [Array],
      _protocol: '',
      _tokenBalances: [Object]
    },
    UniswappyV2EthPair {
      _marketAddress: '0x3b76a0bf8d929B15Be6456c5B12D6bcb4CD2E800',
      _tokens: [Array],
      _protocol: '',
      _tokenBalances: [Object]
    }
  ],
  '0xf31c06b4070F873650e60d0B5774d497fD075342': [
    UniswappyV2EthPair {
      _marketAddress: '0x86131eABEA4D6B0b89dE3B903B7E6d3780ABd1c6',
      _tokens: [Array],
      _protocol: '',
      _tokenBalances: [Object]
    },
    UniswappyV2EthPair {
      _marketAddress: '0xB27954D60bC970b2647171A5203f9Cdb488BC741',
      _tokens: [Array],
      _protocol: '',
      _tokenBalances: [Object]
    }
  ],
  '0xF0c3A28E15b7b83B51a8A55378C67e5F649944e5': [
    UniswappyV2EthPair {
      _marketAddress: '0x17d6384A143519C949738C6c20973ff7dDd0eD97',
      _tokens: [Array],
      _protocol: '',
      _tokenBalances: [Object]
    },
    UniswappyV2EthPair {
      _marketAddress: '0xc319d74d685c65639c01Ef3C5a12d5c0E46aE458',
      _tokens: [Array],
      _protocol: '',
      _tokenBalances: [Object]
    }
  ],
  '0x5075bE2da50E9c63CAEb8F45e5344B777FaFD4c0': [
    UniswappyV2EthPair {
      _marketAddress: '0x9e02265a0a85208717A34be57c5bB14559cEB16a',
      _tokens: [Array],
      _protocol: '',
      _tokenBalances: [Object]
    },
    UniswappyV2EthPair {
      _marketAddress: '0xC0C9006632A62A0A0b9bfec29507608e83294463',
      _tokens: [Array],
      _protocol: '',
      _tokenBalances: [Object]
    }
  ],
  '0x11B07C849A2FF6Fce4166c0926895A4594D76D98': [
    UniswappyV2EthPair {
      _marketAddress: '0xb759BF14017Fb0E27E037873147B681C69b86172',
      _tokens: [Array],
      _protocol: '',
      _tokenBalances: [Object]
    },
    UniswappyV2EthPair {
      _marketAddress: '0x21A2D242E76B5c275B6765c716a151793d28Fb74',
      _tokens: [Array],
      _protocol: '',
      _tokenBalances: [Object]
    }
  ],
  '0x9619E3b1b4f7441b0aFcb5BE6242950d1da04f92': [
    UniswappyV2EthPair {
      _marketAddress: '0xb22c8Ab2d84C3f836b67d8a0b5938fE40510934A',
      _tokens: [Array],
      _protocol: '',
      _tokenBalances: [Object]
    },
    UniswappyV2EthPair {
      _marketAddress: '0xd0E0184D4102a8997C04D3fE1B55024e57C2A0ca',
      _tokens: [Array],
      _protocol: '',
      _tokenBalances: [Object]
    }
  ],
  '0xA37E900e0913fbd29a67595ee9EA9FD4996975Fb': [
    UniswappyV2EthPair {
      _marketAddress: '0xfFaA31815F5560136F261f8aE971ac1D9D9BCD72',
      _tokens: [Array],
      _protocol: '',
      _tokenBalances: [Object]
    },
    UniswappyV2EthPair {
      _marketAddress: '0x1B502d341578F29cFd670ED963716a937B18c905',
      _tokens: [Array],
      _protocol: '',
      _tokenBalances: [Object]
    }
  ],
  '0xd2DdFba7bb12f6e70c2AAB6B6bf9EdaEf42ed22F': [
    UniswappyV2EthPair {
      _marketAddress: '0x3Bf309F386cF792A1bc8dD254CcdC6C7D6A72dA6',
      _tokens: [Array],
      _protocol: '',
      _tokenBalances: [Object]
    },
    UniswappyV2EthPair {
      _marketAddress: '0xaA6bC4Ab9aFE70aAB705eC5974BCcE2A7Cf89BF4',
      _tokens: [Array],
      _protocol: '',
      _tokenBalances: [Object]
    },
    UniswappyV2EthPair {
      _marketAddress: '0x506C6F29DbB50Ef7D9C580cDB914c0E7877515aE',
      _tokens: [Array],
      _protocol: '',
      _tokenBalances: [Object]
    }
  ],
  '0x32a049c1d3C0dAb0717a7443D9A3DD3c6182f6F9': [
    UniswappyV2EthPair {
      _marketAddress: '0xcc01b542bC0f1eFF2D51Bf00D775A4C5342Aa1Bb',
      _tokens: [Array],
      _protocol: '',
      _tokenBalances: [Object]
    },
    UniswappyV2EthPair {
      _marketAddress: '0x4C883923B99a72dd654CAA3dFdC328671161c898',
      _tokens: [Array],
      _protocol: '',
      _tokenBalances: [Object]
    }
  ],
  '0x2d69c55baEcefC6ec815239DA0a985747B50Db6E': [
    UniswappyV2EthPair {
      _marketAddress: '0x9D6ae79a9D0C2A954CBB2ceD0CDbdd1BBdB2ee0d',
      _tokens: [Array],
      _protocol: '',
      _tokenBalances: [Object]
    },
    UniswappyV2EthPair {
      _marketAddress: '0xed8d85A3D5ed80Cd0110c031368D58E2f778a90D',
      _tokens: [Array],
      _protocol: '',
      _tokenBalances: [Object]
    },
    UniswappyV2EthPair {
      _marketAddress: '0x21cCec505ee75b12aEc5F65355Da9DF514D0b03A',
      _tokens: [Array],
      _protocol: '',
      _tokenBalances: [Object]
    }
  ],
  '0x24C8dBf49B822F4CF77738275e4749Aac541729E': [
    UniswappyV2EthPair {
      _marketAddress: '0x17121626e362E74CA8040e0F0c8a5F0d8064E706',
      _tokens: [Array],
      _protocol: '',
      _tokenBalances: [Object]
    },
    UniswappyV2EthPair {
      _marketAddress: '0x66659e6819CeBBCCa489702794e376771896D03a',
      _tokens: [Array],
      _protocol: '',
      _tokenBalances: [Object]
    },
    UniswappyV2EthPair {
      _marketAddress: '0xCBfD0b517E15a34b3cCcF2Af68E322D3cf66b409',
      _tokens: [Array],
      _protocol: '',
      _tokenBalances: [Object]
    },
    UniswappyV2EthPair {
      _marketAddress: '0xD3541B0abc8acFE0DEC104537B37D94ae7a33156',
      _tokens: [Array],
      _protocol: '',
      _tokenBalances: [Object]
    }
  ],
  '0xF952Fc3ca7325Cc27D15885d37117676d25BfdA6': [
    UniswappyV2EthPair {
      _marketAddress: '0x21A03f5ef8f6E6ecc9D4C00Fa8CB9d7127322ee5',
      _tokens: [Array],
      _protocol: '',
      _tokenBalances: [Object]
    },
    UniswappyV2EthPair {
      _marketAddress: '0xd940fd8CC8CbBd63476237fe020310A32751275e',
      _tokens: [Array],
      _protocol: '',
      _tokenBalances: [Object]
    },
    UniswappyV2EthPair {
      _marketAddress: '0x87d9aB29340358cCA31F271703129e5a4ec90E67',
      _tokens: [Array],
      _protocol: '',
      _tokenBalances: [Object]
    },
    UniswappyV2EthPair {
      _marketAddress: '0xd1B59D11316E87C3a0A069E80F590BA35cD8D8D3',
      _tokens: [Array],
      _protocol: '',
      _tokenBalances: [Object]
    }
  ],
  '0x5d3AfBA1924aD748776E4Ca62213BF7acf39d773': [
    UniswappyV2EthPair {
      _marketAddress: '0xF7a7C20745bEbcdC94E8a92F9CF4b81f2aBa21D5',
      _tokens: [Array],
      _protocol: '',
      _tokenBalances: [Object]
    },
    UniswappyV2EthPair {
      _marketAddress: '0x25D656D78A097FBa867ae46314cdeD84546AAA54',
      _tokens: [Array],
      _protocol: '',
      _tokenBalances: [Object]
    },
    UniswappyV2EthPair {
      _marketAddress: '0xD68DCf3714C645A70ba833Cd9D7A1D43CC4BBE8e',
      _tokens: [Array],
      _protocol: '',
      _tokenBalances: [Object]
    }
  ],
  '0x53Fe49C95C60eCDACd991E7E57728FE6a631Bc44': [
    UniswappyV2EthPair {
      _marketAddress: '0xC55A8F89e170D77b59F0B971d30B87E5a91d43B2',
      _tokens: [Array],
      _protocol: '',
      _tokenBalances: [Object]
    },
    UniswappyV2EthPair {
      _marketAddress: '0xDe47b2C174a23319CfCB22A8575011eEBd5DD96A',
      _tokens: [Array],
      _protocol: '',
      _tokenBalances: [Object]
    }
  ],
  '0xCCA227bC43A14Cb6EdB619B2485f3D70f5C688bF': [
    UniswappyV2EthPair {
      _marketAddress: '0x6098C38698cBd8500cb1621e6aad525169B2627F',
      _tokens: [Array],
      _protocol: '',
      _tokenBalances: [Object]
    },
    UniswappyV2EthPair {
      _marketAddress: '0xA1697aA62432bbEca1402df33991E99e3Fc12d19',
      _tokens: [Array],
      _protocol: '',
      _tokenBalances: [Object]
    }
  ],
  '0x557F2d2146e3B5cCBFf48eED7DA6F093af3fADE5': [
    UniswappyV2EthPair {
      _marketAddress: '0x7e87e5a0C109b6a264De2F0E713c7c5Fd9De21ca',
      _tokens: [Array],
      _protocol: '',
      _tokenBalances: [Object]
    },
    UniswappyV2EthPair {
      _marketAddress: '0xaA9ca5323B2B39Bf56896d79d9FC05d5005A0626',
      _tokens: [Array],
      _protocol: '',
      _tokenBalances: [Object]
    }
  ],
  '0x235C888B32ED2518fEF0c897Fe89CD49Fca29531': [
    UniswappyV2EthPair {
      _marketAddress: '0x8DE3D8D0942Eb74b1dFd24B6bd4b8E360eeB46C6',
      _tokens: [Array],
      _protocol: '',
      _tokenBalances: [Object]
    },
    UniswappyV2EthPair {
      _marketAddress: '0xD4b2d1b2F1E638983E1E3033253e640946Ca6e4a',
      _tokens: [Array],
      _protocol: '',
      _tokenBalances: [Object]
    }
  ],
  '0xc25D94fc3f8D7bD1d88f89802fe075338F71dEC7': [
    UniswappyV2EthPair {
      _marketAddress: '0x53FB5a7e6b82Edf68C3C15283E4ee2C512666067',
      _tokens: [Array],
      _protocol: '',
      _tokenBalances: [Object]
    },
    UniswappyV2EthPair {
      _marketAddress: '0xd1f68409DF07FF76CBf954C50858022cD0457C99',
      _tokens: [Array],
      _protocol: '',
      _tokenBalances: [Object]
    },
    UniswappyV2EthPair {
      _marketAddress: '0xB5891f5FfB831fEefAe58e336952023D8684FBD8',
      _tokens: [Array],
      _protocol: '',
      _tokenBalances: [Object]
    }
  ],
  '0x6Ae236B8BB9ceE8Fa8521a9870a9Ac5eb018Ec66': [
    UniswappyV2EthPair {
      _marketAddress: '0x01AA571b9AF991BE2fE3A0E4dA674e8da560c335',
      _tokens: [Array],
      _protocol: '',
      _tokenBalances: [Object]
    },
    UniswappyV2EthPair {
      _marketAddress: '0x692C6a418bB8469de099e16ADb17A2B25E29cD43',
      _tokens: [Array],
      _protocol: '',
      _tokenBalances: [Object]
    }
  ],
  '0xCe05487757e42ae3816b669Fab4d313B67E13Cd7': [
    UniswappyV2EthPair {
      _marketAddress: '0x00409937dC935cE7353993537a2882fE7484B313',
      _tokens: [Array],
      _protocol: '',
      _tokenBalances: [Object]
    },
    UniswappyV2EthPair {
      _marketAddress: '0x11d105615D9f11Bf46aC328033e4c36060530d9b',
      _tokens: [Array],
      _protocol: '',
      _tokenBalances: [Object]
    }
  ],
  '0xB55aa1dde5e1946e2e233b0A37b1b197b386A4E8': [
    UniswappyV2EthPair {
      _marketAddress: '0x13b2aF5779aE8DB8f3fEBFf62216B707799526CD',
      _tokens: [Array],
      _protocol: '',
      _tokenBalances: [Object]
    },
    UniswappyV2EthPair {
      _marketAddress: '0x8B9C83A52c96eCaC572B721522d20dff4B978b66',
      _tokens: [Array],
      _protocol: '',
      _tokenBalances: [Object]
    }
  ],
  '0xBF04d36495bA85506117956950287e1F80513814': [
    UniswappyV2EthPair {
      _marketAddress: '0xd2a15ECDA830b60d8d6b155A11EF11cc934e8954',
      _tokens: [Array],
      _protocol: '',
      _tokenBalances: [Object]
    },
    UniswappyV2EthPair {
      _marketAddress: '0xC9C7C285eCda0e21984f4837aCD94cd849d4E998',
      _tokens: [Array],
      _protocol: '',
      _tokenBalances: [Object]
    }
  ],
  '0xA8dA060eBD32A753005c6Ee476A0D79177C6EA8b': [
    UniswappyV2EthPair {
      _marketAddress: '0x3D23F3Da0a7AfDf92Ec3B82bffe955D0893bC8f3',
      _tokens: [Array],
      _protocol: '',
      _tokenBalances: [Object]
    },
    UniswappyV2EthPair {
      _marketAddress: '0x4c370128894779B4E62eA0b112d339aF0A84f28F',
      _tokens: [Array],
      _protocol: '',
      _tokenBalances: [Object]
    },
    UniswappyV2EthPair {
      _marketAddress: '0xDc7293476B58d901B132367D378295237CE65c57',
      _tokens: [Array],
      _protocol: '',
      _tokenBalances: [Object]
    }
  ],
  '0x2be2F08DE87f1B8d000f58f86c8Bb4989E2B4Ad1': [
    UniswappyV2EthPair {
      _marketAddress: '0xDe211118CC1336d63DD3dAA2a14Eb75c9B749dD3',
      _tokens: [Array],
      _protocol: '',
      _tokenBalances: [Object]
    },
    UniswappyV2EthPair {
      _marketAddress: '0x374dF965d2eA58a35D67e7D45155dFe7710195e2',
      _tokens: [Array],
      _protocol: '',
      _tokenBalances: [Object]
    }
  ],
  '0x8626F099434d9A7E603B8f0273880209eaBfc1c5': [
    UniswappyV2EthPair {
      _marketAddress: '0x513Db82801b258018b1EbF2042e71C3b97a9b973',
      _tokens: [Array],
      _protocol: '',
      _tokenBalances: [Object]
    },
    UniswappyV2EthPair {
      _marketAddress: '0xAf7AB27bd026F48E8d3Dd244AFb9F5793F4028d3',
      _tokens: [Array],
      _protocol: '',
      _tokenBalances: [Object]
    },
    UniswappyV2EthPair {
      _marketAddress: '0x3CE623B528FfD2cd8f8EbB24Ab328E1799e9e5c8',
      _tokens: [Array],
      _protocol: '',
      _tokenBalances: [Object]
    }
  ],
  '0x251a3184857488dc90fA9c9A52fd2D8dF473D92C': [
    UniswappyV2EthPair {
      _marketAddress: '0x0740CDA222c0c967E362CF34781419Ce10C33866',
      _tokens: [Array],
      _protocol: '',
      _tokenBalances: [Object]
    },
    UniswappyV2EthPair {
      _marketAddress: '0x448328c117990a83498baAe9Fbb0580091A9550F',
      _tokens: [Array],
      _protocol: '',
      _tokenBalances: [Object]
    },
    UniswappyV2EthPair {
      _marketAddress: '0x516D9FaDD45A1d7a6292E2B716b8E69659872f1e',
      _tokens: [Array],
      _protocol: '',
      _tokenBalances: [Object]
    }
  ],
  '0xebFA0779B70153976fc826854F9071A730C27A71': [
    UniswappyV2EthPair {
      _marketAddress: '0x2bC14fB528EF6c6e1Ea6fEd29bc272Ed42FcB503',
      _tokens: [Array],
      _protocol: '',
      _tokenBalances: [Object]
    },
    UniswappyV2EthPair {
      _marketAddress: '0xd5C35a4C4aDDa3a208D10274459C6B59CFa8c841',
      _tokens: [Array],
      _protocol: '',
      _tokenBalances: [Object]
    }
  ],
  '0xf62d4a50A0859Aa616F89C52d8184A934C73f625': [
    UniswappyV2EthPair {
      _marketAddress: '0x65Da8831217D2af04BFE36A3D02E19d6709dAFC8',
      _tokens: [Array],
      _protocol: '',
      _tokenBalances: [Object]
    },
    UniswappyV2EthPair {
      _marketAddress: '0x33Ab4F8a30Cb912f2c345d750F36281f85e0bfc9',
      _tokens: [Array],
      _protocol: '',
      _tokenBalances: [Object]
    }
  ],
  '0x95694Ff23683561b894beeE3a3Aa799ddc29ed99': [
    UniswappyV2EthPair {
      _marketAddress: '0xE5a6B55E45103ce9b23EbA9948c118Fd37d8D326',
      _tokens: [Array],
      _protocol: '',
      _tokenBalances: [Object]
    },
    UniswappyV2EthPair {
      _marketAddress: '0x8d6Ed92490cB6559AA0a95a3eCfc43333f52A8c0',
      _tokens: [Array],
      _protocol: '',
      _tokenBalances: [Object]
    }
  ],
  '0x043A43d46107a0b8016a6A3ef39cA9CCAB1b3652': [
    UniswappyV2EthPair {
      _marketAddress: '0x33046ab7eDc8419A8E650e83bF1f650885181030',
      _tokens: [Array],
      _protocol: '',
      _tokenBalances: [Object]
    },
    UniswappyV2EthPair {
      _marketAddress: '0x3BC56e86B4e937f22C076ef3E9eE39B1Ce5a7DE5',
      _tokens: [Array],
      _protocol: '',
      _tokenBalances: [Object]
    }
  ],
  '0x33D53608167aC3679c0FE9f7A7A725891cF0f471': [
    UniswappyV2EthPair {
      _marketAddress: '0xb49fB1DD40bf5692A86836a1fC66E78fcaF8a0fF',
      _tokens: [Array],
      _protocol: '',
      _tokenBalances: [Object]
    },
    UniswappyV2EthPair {
      _marketAddress: '0xc8a7436610400a271a8969ab17eC41229A5AE188',
      _tokens: [Array],
      _protocol: '',
      _tokenBalances: [Object]
    },
    UniswappyV2EthPair {
      _marketAddress: '0x65F79963c1681252c41ccfC37660599d01010C1a',
      _tokens: [Array],
      _protocol: '',
      _tokenBalances: [Object]
    }
  ],
  '0x0242c5C11E3eaeb53298b45C7395DbaDc8a120E7': [
    UniswappyV2EthPair {
      _marketAddress: '0xc72F2548D06E95EFc26783E18890E58ca1F39bDb',
      _tokens: [Array],
      _protocol: '',
      _tokenBalances: [Object]
    },
    UniswappyV2EthPair {
      _marketAddress: '0x856eA5E0757CA7B0d986716e2b3642bB1FffAB2a',
      _tokens: [Array],
      _protocol: '',
      _tokenBalances: [Object]
    }
  ],
  '0x250342dD21cAE01583e8F3eDe4eB64753f665084': [
    UniswappyV2EthPair {
      _marketAddress: '0x6E0749af0BC0D9028E348BaF7DceA8215A37B629',
      _tokens: [Array],
      _protocol: '',
      _tokenBalances: [Object]
    },
    UniswappyV2EthPair {
      _marketAddress: '0x3cb5Ee32450022fe9C3C80F5eb982F24A50Fd299',
      _tokens: [Array],
      _protocol: '',
      _tokenBalances: [Object]
    },
    UniswappyV2EthPair {
      _marketAddress: '0x957A28d59c0BfBd3d46C3C6B15185858B0f2c85E',
      _tokens: [Array],
      _protocol: '',
      _tokenBalances: [Object]
    }
  ],
  '0x7Cb2f28505E733F60C0db208AfaA321c792F6Cf4': [
    UniswappyV2EthPair {
      _marketAddress: '0x0Fd961c0d6D8404f885ae867cF4Bf73A06F03222',
      _tokens: [Array],
      _protocol: '',
      _tokenBalances: [Object]
    },
    UniswappyV2EthPair {
      _marketAddress: '0xA9e244EC8C05789A28aBf506CaeA08a3204a92C6',
      _tokens: [Array],
      _protocol: '',
      _tokenBalances: [Object]
    },
    UniswappyV2EthPair {
      _marketAddress: '0x08a424a6c9686E91DD4d7C44C8C0206F72bF7CDF',
      _tokens: [Array],
      _protocol: '',
      _tokenBalances: [Object]
    },
    UniswappyV2EthPair {
      _marketAddress: '0xF770A52847218513a20CD3bEcC200b448Cd95941',
      _tokens: [Array],
      _protocol: '',
      _tokenBalances: [Object]
    }
  ],
  '0xb228967d7C4b993772f0b4443ABF46FFB1C1b918': [
    UniswappyV2EthPair {
      _marketAddress: '0xA03A9f9796Ba03c1AbfC418448A723c161554BeD',
      _tokens: [Array],
      _protocol: '',
      _tokenBalances: [Object]
    },
    UniswappyV2EthPair {
      _marketAddress: '0x0cB26E738cf24d923c76756f3cb66782D081C6FE',
      _tokens: [Array],
      _protocol: '',
      _tokenBalances: [Object]
    },
    UniswappyV2EthPair {
      _marketAddress: '0x668cDBD4a777a7898AB15904D6d03E6166ddFf4e',
      _tokens: [Array],
      _protocol: '',
      _tokenBalances: [Object]
    }
  ],
  '0xaB93F13Cd4d6b6E4CA6e4210147A8a23F70100ea': [
    UniswappyV2EthPair {
      _marketAddress: '0x132fdB89C08BFae14432d1b6b1b0509da3D03033',
      _tokens: [Array],
      _protocol: '',
      _tokenBalances: [Object]
    },
    UniswappyV2EthPair {
      _marketAddress: '0x0B43645702844C02735Cd71618815A43537392C9',
      _tokens: [Array],
      _protocol: '',
      _tokenBalances: [Object]
    }
  ],
  '0xE3Ba88c38D2789FE58465020CC0FB60b70c10d32': [
    UniswappyV2EthPair {
      _marketAddress: '0xFBA1DD6890299Df833DfFc610afeABea3a1C943e',
      _tokens: [Array],
      _protocol: '',
      _tokenBalances: [Object]
    },
    UniswappyV2EthPair {
      _marketAddress: '0x18D44F8D997b935966E9b9228967C0e2fBD7f0e4',
      _tokens: [Array],
      _protocol: '',
      _tokenBalances: [Object]
    },
    UniswappyV2EthPair {
      _marketAddress: '0xD00F72D8cc3A07413700Ec379CE2dF257fC7Bc74',
      _tokens: [Array],
      _protocol: '',
      _tokenBalances: [Object]
    }
  ],
  '0x297d82b41ceA262d04c318e55d3370EA23cd11c2': [
    UniswappyV2EthPair {
      _marketAddress: '0x742dE15381A02d0Da7D4cc838e09603d6f9DB303',
      _tokens: [Array],
      _protocol: '',
      _tokenBalances: [Object]
    },
    UniswappyV2EthPair {
      _marketAddress: '0xA8673DF111fBf594bd55CcC8fb85296bD312a242',
      _tokens: [Array],
      _protocol: '',
      _tokenBalances: [Object]
    }
  ],
  '0xD9e8479e27c37C0542D44A0F05B535758Af61d33': [
    UniswappyV2EthPair {
      _marketAddress: '0x2B476d90E351d990Bb3D7a1e3635e828e2166d0d',
      _tokens: [Array],
      _protocol: '',
      _tokenBalances: [Object]
    },
    UniswappyV2EthPair {
      _marketAddress: '0xF6c6698D2e733B50Fc022Bf98952E5287EB273ac',
      _tokens: [Array],
      _protocol: '',
      _tokenBalances: [Object]
    }
  ],
  '0xf4341fA52669cea0c1836095529A7E9B04b8b88D': [
    UniswappyV2EthPair {
      _marketAddress: '0x395fc95fC74c9D0fd2Eed781d5f5E4067d1344E4',
      _tokens: [Array],
      _protocol: '',
      _tokenBalances: [Object]
    },
    UniswappyV2EthPair {
      _marketAddress: '0x6331992DC6E184F71E13C26E50454aEAA0adc238',
      _tokens: [Array],
      _protocol: '',
      _tokenBalances: [Object]
    },
    UniswappyV2EthPair {
      _marketAddress: '0x96f48c47a1524faa441967Fe0763bB500949e83F',
      _tokens: [Array],
      _protocol: '',
      _tokenBalances: [Object]
    },
    UniswappyV2EthPair {
      _marketAddress: '0x2615960958063993Cc01Ec10b71b2f9603d4cAab',
      _tokens: [Array],
      _protocol: '',
      _tokenBalances: [Object]
    },
    UniswappyV2EthPair {
      _marketAddress: '0xD5aEE6474b98812FF52fB63e7D111f04c82156a8',
      _tokens: [Array],
      _protocol: '',
      _tokenBalances: [Object]
    }
  ],
  '0x6DcEaAC4E68d1BC5834Dc3c8Bc012317cd4d1Ffa': [
    UniswappyV2EthPair {
      _marketAddress: '0x124e48E028D92d2822a379beFE7Eb158502a3dDa',
      _tokens: [Array],
      _protocol: '',
      _tokenBalances: [Object]
    },
    UniswappyV2EthPair {
      _marketAddress: '0xd3DF407b2109B5b2eCcf717CB6C90AB9b4406749',
      _tokens: [Array],
      _protocol: '',
      _tokenBalances: [Object]
    }
  ],
  '0xC902Ec192C07Fe65123c5c9c5E00b363E2Eb9332': [
    UniswappyV2EthPair {
      _marketAddress: '0x4B9a8c185a4D1a083D3CE2AB97eC442b6aeF1b82',
      _tokens: [Array],
      _protocol: '',
      _tokenBalances: [Object]
    },
    UniswappyV2EthPair {
      _marketAddress: '0x7Dc6Ec5F0357bE099cd6Bac29eeA8FAbd3C0e357',
      _tokens: [Array],
      _protocol: '',
      _tokenBalances: [Object]
    }
  ],
  '0x14e3e5BF35DE834FEac69c9A44cb78a64b00e197': [
    UniswappyV2EthPair {
      _marketAddress: '0xc6E598C9106edE283560F0e0096C3ef3CF514695',
      _tokens: [Array],
      _protocol: '',
      _tokenBalances: [Object]
    },
    UniswappyV2EthPair {
      _marketAddress: '0xCa9e8C2DaE05851F9E93801aD294222A92aefd33',
      _tokens: [Array],
      _protocol: '',
      _tokenBalances: [Object]
    }
  ],
  '0xd46936677B2C1Bb696F2b67c55239331E2b7Cd42': [
    UniswappyV2EthPair {
      _marketAddress: '0x331F011b16365CfCe9e931B9d5De02938D6923eE',
      _tokens: [Array],
      _protocol: '',
      _tokenBalances: [Object]
    },
    UniswappyV2EthPair {
      _marketAddress: '0xb40AE531Da43F7D114F2E6D9c331171Ef4130f5F',
      _tokens: [Array],
      _protocol: '',
      _tokenBalances: [Object]
    }
  ],
  '0xb80A8EDd3730d82A941a1CdD7547E843fd5CA65C': [
    UniswappyV2EthPair {
      _marketAddress: '0xb32c270Cbb8bAC61791013cA5b379e010BC9E8df',
      _tokens: [Array],
      _protocol: '',
      _tokenBalances: [Object]
    },
    UniswappyV2EthPair {
      _marketAddress: '0x1B23b3d6E6180F297806b52e1714339FD5A3e0bd',
      _tokens: [Array],
      _protocol: '',
      _tokenBalances: [Object]
    },
    UniswappyV2EthPair {
      _marketAddress: '0xf8E0C8BF03e0f7A4d98C948df5a55C732df56b8F',
      _tokens: [Array],
      _protocol: '',
      _tokenBalances: [Object]
    },
    UniswappyV2EthPair {
      _marketAddress: '0xee02FC85E68E4b7BD46277a993746f4804852656',
      _tokens: [Array],
      _protocol: '',
      _tokenBalances: [Object]
    }
  ],
  '0xC9dD05eF09A7a72Aeb488D7Ada33Bb8aAE35B692': [
    UniswappyV2EthPair {
      _marketAddress: '0x9A78DA601dBf2cAbC6cC6A1024b6C5BDd782ff94',
      _tokens: [Array],
      _protocol: '',
      _tokenBalances: [Object]
    },
    UniswappyV2EthPair {
      _marketAddress: '0x327455ED1Ba771c4FF0AE4cfb647afa3D935544A',
      _tokens: [Array],
      _protocol: '',
      _tokenBalances: [Object]
    }
  ],
  '0xbde0cB863a35b6F24f38afc16b7AEc31CEEdC4cE': [
    UniswappyV2EthPair {
      _marketAddress: '0xF1747c36c3aa2C009Ba370285b832D1CF14A625a',
      _tokens: [Array],
      _protocol: '',
      _tokenBalances: [Object]
    },
    UniswappyV2EthPair {
      _marketAddress: '0x47DB5e2401Ff30c42767ea7d02550252c8216C18',
      _tokens: [Array],
      _protocol: '',
      _tokenBalances: [Object]
    }
  ],
  '0x7c8C653eEC81A08c02a47C9e78bE486F48Fa175D': [
    UniswappyV2EthPair {
      _marketAddress: '0xD7bb0bF16103d7064Eb350349013f2fc0e94A4a5',
      _tokens: [Array],
      _protocol: '',
      _tokenBalances: [Object]
    },
    UniswappyV2EthPair {
      _marketAddress: '0xdF9a1ddCA02A158C02d3308c1aAF41b525eB5C1B',
      _tokens: [Array],
      _protocol: '',
      _tokenBalances: [Object]
    },
    UniswappyV2EthPair {
      _marketAddress: '0xA67201A1688bE84Fa1665ACD86FE463Ed739567B',
      _tokens: [Array],
      _protocol: '',
      _tokenBalances: [Object]
    },
    UniswappyV2EthPair {
      _marketAddress: '0xd6070b6FDA5646e0d24Ee3adDa10539C969d2b69',
      _tokens: [Array],
      _protocol: '',
      _tokenBalances: [Object]
    }
  ],
  '0x427f37496BF104e7890c73C57b3f7D256daddb8d': [
    UniswappyV2EthPair {
      _marketAddress: '0x71c5D5F5842ECC1e0A9E244f08ceb7AED66B5597',
      _tokens: [Array],
      _protocol: '',
      _tokenBalances: [Object]
    },
    UniswappyV2EthPair {
      _marketAddress: '0x301F8b9DA74b261F441B342485e659a5F8b7eb4A',
      _tokens: [Array],
      _protocol: '',
      _tokenBalances: [Object]
    }
  ],
  '0x745BD3E3026d9c179679b3cFed09014371621cc9': [
    UniswappyV2EthPair {
      _marketAddress: '0x497a97A3888bE3CE708daE492fb1c296e3961360',
      _tokens: [Array],
      _protocol: '',
      _tokenBalances: [Object]
    },
    UniswappyV2EthPair {
      _marketAddress: '0x6F042EF0B55eE50cDEeb83D64Fce07510F2ceEfD',
      _tokens: [Array],
      _protocol: '',
      _tokenBalances: [Object]
    }
  ],
  '0x3537B5E917E564Dc2286423Af203a374E73c2ECb': [
    UniswappyV2EthPair {
      _marketAddress: '0x699c57065614265A3B015efed4B1812003561C85',
      _tokens: [Array],
      _protocol: '',
      _tokenBalances: [Object]
    },
    UniswappyV2EthPair {
      _marketAddress: '0x28885043C23EA3E848D200451943B57826F2CCD0',
      _tokens: [Array],
      _protocol: '',
      _tokenBalances: [Object]
    }
  ],
  '0xfBEA8D8f027D5dC7CD83C81e230f819c5AD36890': [
    UniswappyV2EthPair {
      _marketAddress: '0x9f4eDF0291A2Ac9b7e46EBf5C880f4320bE88515',
      _tokens: [Array],
      _protocol: '',
      _tokenBalances: [Object]
    },
    UniswappyV2EthPair {
      _marketAddress: '0x57D16c51b3845Bbf351219955Bb4c125Fa1Cd32D',
      _tokens: [Array],
      _protocol: '',
      _tokenBalances: [Object]
    }
  ],
  '0xB3d00581CCDc8712C6CCC34e5c895140861D6D5f': [
    UniswappyV2EthPair {
      _marketAddress: '0xa266fDbDe1D65779a737B9648CADD1483B3dfdB7',
      _tokens: [Array],
      _protocol: '',
      _tokenBalances: [Object]
    },
    UniswappyV2EthPair {
      _marketAddress: '0x48e480Da47a0da8A083A3448c011c04BE0F786Dc',
      _tokens: [Array],
      _protocol: '',
      _tokenBalances: [Object]
    }
  ],
  '0xfd683cEA1D1f9A21fE8c287C3FdfE341B8eda01e': [
    UniswappyV2EthPair {
      _marketAddress: '0xac9331E7ebEA7275C4b91F042c11C38a94D13122',
      _tokens: [Array],
      _protocol: '',
      _tokenBalances: [Object]
    },
    UniswappyV2EthPair {
      _marketAddress: '0xe1cD9817f8BBF5E0215acDB749E27F39cC73EBD1',
      _tokens: [Array],
      _protocol: '',
      _tokenBalances: [Object]
    }
  ],
  '0x1002d9F872E87090B67eA0242e1a3aF2164A3732': [
    UniswappyV2EthPair {
      _marketAddress: '0x945567a5Ef46f78e365071A7ec5d924E7502578a',
      _tokens: [Array],
      _protocol: '',
      _tokenBalances: [Object]
    },
    UniswappyV2EthPair {
      _marketAddress: '0x4A345A3960e3d808573ef2BF4cBf4dE1c3736922',
      _tokens: [Array],
      _protocol: '',
      _tokenBalances: [Object]
    },
    UniswappyV2EthPair {
      _marketAddress: '0x2b4cA95C9d1Ed6DeAb5B4027eEe46f6F74E456a7',
      _tokens: [Array],
      _protocol: '',
      _tokenBalances: [Object]
    }
  ],
  '0x10E73d296FB247dC6c5F134B7DC2aa3583a9E3b0': [
    UniswappyV2EthPair {
      _marketAddress: '0x37c6717a9E6E2A914a26ed6d6d465e8Ac520558b',
      _tokens: [Array],
      _protocol: '',
      _tokenBalances: [Object]
    },
    UniswappyV2EthPair {
      _marketAddress: '0x946E5643e3fa268Cc32c7f647E9Ff5d96A3d9F16',
      _tokens: [Array],
      _protocol: '',
      _tokenBalances: [Object]
    },
    UniswappyV2EthPair {
      _marketAddress: '0xE11EdfFD2454A88E8Aa6649f6324aDcaD318BC31',
      _tokens: [Array],
      _protocol: '',
      _tokenBalances: [Object]
    }
  ],
  '0xc49B8AD2D2405f58321702E9F1ab773f51A5E105': [
    UniswappyV2EthPair {
      _marketAddress: '0xeed4849bcaD8027975C2aBa656bFC5B38b0dc41F',
      _tokens: [Array],
      _protocol: '',
      _tokenBalances: [Object]
    },
    UniswappyV2EthPair {
      _marketAddress: '0x61D52824d2786B25467F749D894c683a0F411D15',
      _tokens: [Array],
      _protocol: '',
      _tokenBalances: [Object]
    }
  ],
  '0x60DE5F9386b637Fe97aF1CC05F25548E9BAAee19': [
    UniswappyV2EthPair {
      _marketAddress: '0x340c1Af30a0326FDa62A43122692b70DE00e4728',
      _tokens: [Array],
      _protocol: '',
      _tokenBalances: [Object]
    },
    UniswappyV2EthPair {
      _marketAddress: '0xC1fccF4170fa9126d6FB65FFc0dd5A680A704094',
      _tokens: [Array],
      _protocol: '',
      _tokenBalances: [Object]
    },
    UniswappyV2EthPair {
      _marketAddress: '0x596e48Cde23bA55AdC2B8B00b4eF472184E2A9e3',
      _tokens: [Array],
      _protocol: '',
      _tokenBalances: [Object]
    }
  ],
  '0xA2f46fe221f34Dac4Cf078e6946A7cb4e373AD28': [
    UniswappyV2EthPair {
      _marketAddress: '0x94c9D1cE4Df6f01C1d246b3987c5B18165F54A09',
      _tokens: [Array],
      _protocol: '',
      _tokenBalances: [Object]
    },
    UniswappyV2EthPair {
      _marketAddress: '0x8fa4aF32C8B9DA555F9cDF16478F6D90b6B257fc',
      _tokens: [Array],
      _protocol: '',
      _tokenBalances: [Object]
    }
  ],
  '0x3dE6DE241f7DA29EfBc35F0DE096B2152c9d9720': [
    UniswappyV2EthPair {
      _marketAddress: '0x4e937582ffb6f0A523040B32Cc1030359dE6c1CA',
      _tokens: [Array],
      _protocol: '',
      _tokenBalances: [Object]
    },
    UniswappyV2EthPair {
      _marketAddress: '0xBf26799BF2765c1232D520B298DDEC845130cb0D',
      _tokens: [Array],
      _protocol: '',
      _tokenBalances: [Object]
    }
  ],
  '0xD522Dc88821A06be84ee2dE6059EA8C99410b1A7': [
    UniswappyV2EthPair {
      _marketAddress: '0x217E3001a10B528e2e737703106d455768bDa367',
      _tokens: [Array],
      _protocol: '',
      _tokenBalances: [Object]
    },
    UniswappyV2EthPair {
      _marketAddress: '0x6963659e2A74Dabf7C4B3f0C9439e6Cba78b4D94',
      _tokens: [Array],
      _protocol: '',
      _tokenBalances: [Object]
    }
  ],
  '0x6c4eaCDF2089a78bA4EB10a8C16FdfBb7bA9Ba61': [
    UniswappyV2EthPair {
      _marketAddress: '0x2817ee650438DBfacfA40DF8A134e041Ab303dbA',
      _tokens: [Array],
      _protocol: '',
      _tokenBalances: [Object]
    },
    UniswappyV2EthPair {
      _marketAddress: '0xf9a4128387497e6e9a538E10A7F41Db137479CE2',
      _tokens: [Array],
      _protocol: '',
      _tokenBalances: [Object]
    }
  ],
  '0x4c79b8c9cB0BD62B047880603a9DEcf36dE28344': [
    UniswappyV2EthPair {
      _marketAddress: '0xFeC8A8554F8a46974afbf21fAC5fb36c40cba625',
      _tokens: [Array],
      _protocol: '',
      _tokenBalances: [Object]
    },
    UniswappyV2EthPair {
      _marketAddress: '0xB7f1E7227607DEf335c3051f0Cb394DEe8CcFbB8',
      _tokens: [Array],
      _protocol: '',
      _tokenBalances: [Object]
    },
    UniswappyV2EthPair {
      _marketAddress: '0x7Cc956136C36e7Fbd6B74C07d9E40Eccd3779249',
      _tokens: [Array],
      _protocol: '',
      _tokenBalances: [Object]
    }
  ],
  '0xE2A6428fD332287B0470965E16350D3cc1736E3E': [
    UniswappyV2EthPair {
      _marketAddress: '0xaA4De99529Ce0dc3ff2D2DA3e73ab001ad068DC6',
      _tokens: [Array],
      _protocol: '',
      _tokenBalances: [Object]
    },
    UniswappyV2EthPair {
      _marketAddress: '0x074c45aE953215Df786fB744BD81D3681a708f48',
      _tokens: [Array],
      _protocol: '',
      _tokenBalances: [Object]
    },
    UniswappyV2EthPair {
      _marketAddress: '0x05F476862aA8aa10B7836278a847065E8BFB6766',
      _tokens: [Array],
      _protocol: '',
      _tokenBalances: [Object]
    }
  ],
  '0x2b974da27C9DD35412d71Dd36e3e108486c45444': [
    UniswappyV2EthPair {
      _marketAddress: '0x0f4b077f27E687b1e77E4a1b9ce0B4eceE100EB6',
      _tokens: [Array],
      _protocol: '',
      _tokenBalances: [Object]
    },
    UniswappyV2EthPair {
      _marketAddress: '0x491e4a8af1f76F339FF221C069ca9526e5d8e339',
      _tokens: [Array],
      _protocol: '',
      _tokenBalances: [Object]
    }
  ],
  '0x9B7f59A5b5A2D0A7e9DAEB5b5A19DA112D533dC7': [
    UniswappyV2EthPair {
      _marketAddress: '0x038eE8f9f07cb97bF348ab88438369a8d0CdA866',
      _tokens: [Array],
      _protocol: '',
      _tokenBalances: [Object]
    },
    UniswappyV2EthPair {
      _marketAddress: '0x9a56140255B6eD769D14ad7538f242fA37bB4BfB',
      _tokens: [Array],
      _protocol: '',
      _tokenBalances: [Object]
    },
    UniswappyV2EthPair {
      _marketAddress: '0xbb840A63f8B6DEb3a59c72D237894A3a9e73BBf2',
      _tokens: [Array],
      _protocol: '',
      _tokenBalances: [Object]
    }
  ],
  '0xB2b271236414BBA1CCD48F3ddD68ff93206620c6': [
    UniswappyV2EthPair {
      _marketAddress: '0xC0dAFdB1491753E850827cEFF6275cD7d7A00C00',
      _tokens: [Array],
      _protocol: '',
      _tokenBalances: [Object]
    },
    UniswappyV2EthPair {
      _marketAddress: '0x68F93cfE9E5ab2B306eA732517Ae5a044628d598',
      _tokens: [Array],
      _protocol: '',
      _tokenBalances: [Object]
    }
  ],
  '0x03910a6B6ca498aBce970c0F4ca747194872f279': [
    UniswappyV2EthPair {
      _marketAddress: '0x2e418a5A6fFe5cf177Cb17f090C0eb6E15275038',
      _tokens: [Array],
      _protocol: '',
      _tokenBalances: [Object]
    },
    UniswappyV2EthPair {
      _marketAddress: '0x07Ef5Ef26044CfB46507D063cB32cBdb49005D36',
      _tokens: [Array],
      _protocol: '',
      _tokenBalances: [Object]
    },
    UniswappyV2EthPair {
      _marketAddress: '0x6b5b48DEB1E27A35d160601b82A57F933218ec23',
      _tokens: [Array],
      _protocol: '',
      _tokenBalances: [Object]
    }
  ],
  '0x3Ec460E32c94D28700639Dd390768d25931337bf': [
    UniswappyV2EthPair {
      _marketAddress: '0x76AbfE2423247184282C01E9Add8A5AFD932aCCD',
      _tokens: [Array],
      _protocol: '',
      _tokenBalances: [Object]
    },
    UniswappyV2EthPair {
      _marketAddress: '0x693677d8ebD911691c44808532662aE5E386eC97',
      _tokens: [Array],
      _protocol: '',
      _tokenBalances: [Object]
    }
  ],
  '0x29f350B3822F51dc29619C583AdBC9628646E315': [
    UniswappyV2EthPair {
      _marketAddress: '0x8b6D95ffA31B7Ee217FA842B07224a7d0E0f9398',
      _tokens: [Array],
      _protocol: '',
      _tokenBalances: [Object]
    },
    UniswappyV2EthPair {
      _marketAddress: '0xEb3E4Ec2A58F3E9f1FfC0AB2CF5aEb0363A4E0DE',
      _tokens: [Array],
      _protocol: '',
      _tokenBalances: [Object]
    }
  ],
  '0x5a27F492DC5D5b1d9a73Fafb6bf05779Ff47Aaf4': [
    UniswappyV2EthPair {
      _marketAddress: '0xC42C0307fC05033666f32415Eef648bEfa2f6a0D',
      _tokens: [Array],
      _protocol: '',
      _tokenBalances: [Object]
    },
    UniswappyV2EthPair {
      _marketAddress: '0xF510657cd246714b1B1F7A16502548604f2Be784',
      _tokens: [Array],
      _protocol: '',
      _tokenBalances: [Object]
    }
  ],
  '0x9f921708682616096e59953B6398011fe1DfCdfA': [
    UniswappyV2EthPair {
      _marketAddress: '0x50fE577fdBdf55dc3744168d462B0295d9F075A2',
      _tokens: [Array],
      _protocol: '',
      _tokenBalances: [Object]
    },
    UniswappyV2EthPair {
      _marketAddress: '0x7D8AF225c277a1dD62Cf2C6eA094A2b9C61f398F',
      _tokens: [Array],
      _protocol: '',
      _tokenBalances: [Object]
    },
    UniswappyV2EthPair {
      _marketAddress: '0xb72C204902CffE3F68FF399a94c725aBBacE165c',
      _tokens: [Array],
      _protocol: '',
      _tokenBalances: [Object]
    }
  ],
  '0xBF746586E1758E4a3038768144b4DA8f09022f77': [
    UniswappyV2EthPair {
      _marketAddress: '0xbf909a7872cB2eC6a44290a4FEbc03f188E05112',
      _tokens: [Array],
      _protocol: '',
      _tokenBalances: [Object]
    },
    UniswappyV2EthPair {
      _marketAddress: '0xab4b2E3E9D2f9940F0c56add6b5B9b9489F80575',
      _tokens: [Array],
      _protocol: '',
      _tokenBalances: [Object]
    }
  ],
  '0xc7091AA18598b87588e37501b6Ce865263CD67Ce': [
    UniswappyV2EthPair {
      _marketAddress: '0xe210E767b370Ea3AF4aD57E06932FfE25a48bcbF',
      _tokens: [Array],
      _protocol: '',
      _tokenBalances: [Object]
    },
    UniswappyV2EthPair {
      _marketAddress: '0x6B890947cbEe84DCE65506dC8c2446ebA9fC6cCF',
      _tokens: [Array],
      _protocol: '',
      _tokenBalances: [Object]
    },
    UniswappyV2EthPair {
      _marketAddress: '0xFE4fC96966b6B5eb6f71561f83A49C68C3E9AcaB',
      _tokens: [Array],
      _protocol: '',
      _tokenBalances: [Object]
    },
    UniswappyV2EthPair {
      _marketAddress: '0xba5A564E81b184612d65B04dC8469d34Cb8506F1',
      _tokens: [Array],
      _protocol: '',
      _tokenBalances: [Object]
    }
  ],
  '0xECD2376a8C5Ece76323282441a1b935Bbcb45Ec2': [
    UniswappyV2EthPair {
      _marketAddress: '0xd1128123606106d34945592584d543AD194b6096',
      _tokens: [Array],
      _protocol: '',
      _tokenBalances: [Object]
    },
    UniswappyV2EthPair {
      _marketAddress: '0xEF165Cca752dE50CbCDccdd0da5af702A0C2253a',
      _tokens: [Array],
      _protocol: '',
      _tokenBalances: [Object]
    },
    UniswappyV2EthPair {
      _marketAddress: '0xB339cF7e104a592900e0A9683A6cC272f30a8B34',
      _tokens: [Array],
      _protocol: '',
      _tokenBalances: [Object]
    }
  ],
  '0x41540ba32dB90269Bb72A7bE1D4b1eE18F5544f1': [
    UniswappyV2EthPair {
      _marketAddress: '0xc43cB77C32E63f254750C805d77986d599adf174',
      _tokens: [Array],
      _protocol: '',
      _tokenBalances: [Object]
    },
    UniswappyV2EthPair {
      _marketAddress: '0x7d564903d6dB6c8204C47439D1BB2459aAe5A2Dd',
      _tokens: [Array],
      _protocol: '',
      _tokenBalances: [Object]
    }
  ],
  '0x380624A4a7e69dB1cA07deEcF764025FC224D056': [
    UniswappyV2EthPair {
      _marketAddress: '0xF6FdD1cdB4CD50E9b468948dF59E3D9787CB78aB',
      _tokens: [Array],
      _protocol: '',
      _tokenBalances: [Object]
    },
    UniswappyV2EthPair {
      _marketAddress: '0x8766F9EA83ee107aAf4C7978CE4476F261ECD514',
      _tokens: [Array],
      _protocol: '',
      _tokenBalances: [Object]
    },
    UniswappyV2EthPair {
      _marketAddress: '0x676c44240baB1f23F31C591fc422d48A9EC9de30',
      _tokens: [Array],
      _protocol: '',
      _tokenBalances: [Object]
    },
    UniswappyV2EthPair {
      _marketAddress: '0xc760F87E4BD0aAc44fB0b90833836e2e9051E506',
      _tokens: [Array],
      _protocol: '',
      _tokenBalances: [Object]
    }
  ],
  '0x0C038Bc02C8C9945f194b17C703f800526900A74': [
    UniswappyV2EthPair {
      _marketAddress: '0x9dD92Ff5415eDb43490820b60991b6614C7A409F',
      _tokens: [Array],
      _protocol: '',
      _tokenBalances: [Object]
    },
    UniswappyV2EthPair {
      _marketAddress: '0x9F3f16d1B1c39B56aaA3FcB89d12Ab862088B2FF',
      _tokens: [Array],
      _protocol: '',
      _tokenBalances: [Object]
    },
    UniswappyV2EthPair {
      _marketAddress: '0x1259CfC94d4947669FD4857c3b7b4d9F636EF6Af',
      _tokens: [Array],
      _protocol: '',
      _tokenBalances: [Object]
    }
  ],
  '0x968040641C805EC8E7E763642cDE2E442DF3F6F7': [
    UniswappyV2EthPair {
      _marketAddress: '0x670C7B6795D6FA1d665c4bADc4e55C14b68ADEC1',
      _tokens: [Array],
      _protocol: '',
      _tokenBalances: [Object]
    },
    UniswappyV2EthPair {
      _marketAddress: '0x9083E6DdBfeE311AbF7f1e502EfbF7F7d75EBBa8',
      _tokens: [Array],
      _protocol: '',
      _tokenBalances: [Object]
    }
  ],
  '0x0b41856b03B7f86Ce1154d9A55c1dfCfaFF4c972': [
    UniswappyV2EthPair {
      _marketAddress: '0xaE7647A689D9c35F135CD0384f92c1b651942644',
      _tokens: [Array],
      _protocol: '',
      _tokenBalances: [Object]
    },
    UniswappyV2EthPair {
      _marketAddress: '0x96699CBEda1Ebc056c5Bb1F21E283282cBe1Efa9',
      _tokens: [Array],
      _protocol: '',
      _tokenBalances: [Object]
    }
  ],
  '0xEf447A388bD721D9227fa336B2e490cb610f559E': [
    UniswappyV2EthPair {
      _marketAddress: '0xb3beCbce04b0d8a9B8aD200024A14Af8a6435B3B',
      _tokens: [Array],
      _protocol: '',
      _tokenBalances: [Object]
    },
    UniswappyV2EthPair {
      _marketAddress: '0xb3ccB9a0757Ff74F9AF523AAA7fE134736d2b6df',
      _tokens: [Array],
      _protocol: '',
      _tokenBalances: [Object]
    }
  ],
  '0x331B1Ced2232ADC9DF1050C8A15B242D9ac2756b': [
    UniswappyV2EthPair {
      _marketAddress: '0x6C9211DE2bAB23C9366C42d22A45271b73a70F14',
      _tokens: [Array],
      _protocol: '',
      _tokenBalances: [Object]
    },
    UniswappyV2EthPair {
      _marketAddress: '0xB1Fb7C5685492D2aEb9561eCfab0bA462c77d011',
      _tokens: [Array],
      _protocol: '',
      _tokenBalances: [Object]
    },
    UniswappyV2EthPair {
      _marketAddress: '0x6752290fF76618Af03036A1E3888004f4ffbd471',
      _tokens: [Array],
      _protocol: '',
      _tokenBalances: [Object]
    },
    UniswappyV2EthPair {
      _marketAddress: '0x00817D5F4bb213Ecd263AC2EF7aB9a8A55Ab2f86',
      _tokens: [Array],
      _protocol: '',
      _tokenBalances: [Object]
    }
  ],
  '0x2Bf56908B0f2440Ad11169d281967EB76665F8c6': [
    UniswappyV2EthPair {
      _marketAddress: '0x247F581B0BE6B046ACaE9839C28F5fa8c2A01D7f',
      _tokens: [Array],
      _protocol: '',
      _tokenBalances: [Object]
    },
    UniswappyV2EthPair {
      _marketAddress: '0xF8dF30c24BeC72000403db94C137272EC1D536b3',
      _tokens: [Array],
      _protocol: '',
      _tokenBalances: [Object]
    },
    UniswappyV2EthPair {
      _marketAddress: '0x1db65412201F49B928a200d5634106115Be2C20E',
      _tokens: [Array],
      _protocol: '',
      _tokenBalances: [Object]
    }
  ],
  '0x6BEaAdbf91aF5E12fbc95756064c0c07eC6871D9': [
    UniswappyV2EthPair {
      _marketAddress: '0xfc9141E2e652C1fb55C9DD07491D9DA660BcE7Ff',
      _tokens: [Array],
      _protocol: '',
      _tokenBalances: [Object]
    },
    UniswappyV2EthPair {
      _marketAddress: '0x625E8B3fC5CE5d6d1d18642405bcCA22c5Ec01DD',
      _tokens: [Array],
      _protocol: '',
      _tokenBalances: [Object]
    }
  ],
  '0xc35f46aAEb8aD17bCbAa78c03540FEffa44790Cb': [
    UniswappyV2EthPair {
      _marketAddress: '0x4eD407640DC45f3e21D5E44aeAFcAAC00bbb1154',
      _tokens: [Array],
      _protocol: '',
      _tokenBalances: [Object]
    },
    UniswappyV2EthPair {
      _marketAddress: '0xE4e1A05Db14E15Ff2ACBdB2a781B6dB79100eD0C',
      _tokens: [Array],
      _protocol: '',
      _tokenBalances: [Object]
    },
    UniswappyV2EthPair {
      _marketAddress: '0x9fc1ff24738e9bA02d325Ed5103e4b2a16e57412',
      _tokens: [Array],
      _protocol: '',
      _tokenBalances: [Object]
    }
  ],
  '0x1dc36D6C434fF2Abef3CA2536F77D247C063A0a7': [
    UniswappyV2EthPair {
      _marketAddress: '0xFc6F986aB8Fd3335A4a906313F2347A4b5B630f0',
      _tokens: [Array],
      _protocol: '',
      _tokenBalances: [Object]
    },
    UniswappyV2EthPair {
      _marketAddress: '0xD0925e3cE644C1F34a6bC0642D057f4C20411794',
      _tokens: [Array],
      _protocol: '',
      _tokenBalances: [Object]
    },
    UniswappyV2EthPair {
      _marketAddress: '0x5f9cD1C20B2E210b9aA57E30Db5e19Ed30729c2b',
      _tokens: [Array],
      _protocol: '',
      _tokenBalances: [Object]
    }
  ],
  '0x5b8DC8b4f438b1932Ddb2F320b4b7Ea65BA41798': [
    UniswappyV2EthPair {
      _marketAddress: '0xf2f4D884d044ADa3ecD5df2D810B61192C645CBA',
      _tokens: [Array],
      _protocol: '',
      _tokenBalances: [Object]
    },
    UniswappyV2EthPair {
      _marketAddress: '0x91eCd8967f4A19157c0Ce9545BE9c7f04d9A8f57',
      _tokens: [Array],
      _protocol: '',
      _tokenBalances: [Object]
    }
  ],
  '0x7f479d78380Ad00341fdD7322fE8AEf766e29e5A': [
    UniswappyV2EthPair {
      _marketAddress: '0x50CD0DFc9780720AC3D7A0F0D6Ef59Bf039EaBE4',
      _tokens: [Array],
      _protocol: '',
      _tokenBalances: [Object]
    },
    UniswappyV2EthPair {
      _marketAddress: '0x89F29bac319fA0478482Cc992fdc0306cfCB4b13',
      _tokens: [Array],
      _protocol: '',
      _tokenBalances: [Object]
    },
    UniswappyV2EthPair {
      _marketAddress: '0xE4D66bf8664Ad87D1B1617d9e1CB1b981f238936',
      _tokens: [Array],
      _protocol: '',
      _tokenBalances: [Object]
    },
    UniswappyV2EthPair {
      _marketAddress: '0x3557af1C6B0b34767f5ad7fC2B16378F3a4f5dD5',
      _tokens: [Array],
      _protocol: '',
      _tokenBalances: [Object]
    }
  ],
  '0xD98560689C6e748DC37bc410B4d3096B1aA3D8C2': [
    UniswappyV2EthPair {
      _marketAddress: '0x63Dee9531DFdf0CB986cBB46B05635ab02395d4d',
      _tokens: [Array],
      _protocol: '',
      _tokenBalances: [Object]
    },
    UniswappyV2EthPair {
      _marketAddress: '0xc55B33A76F401892840E8339d54018604B3203D8',
      _tokens: [Array],
      _protocol: '',
      _tokenBalances: [Object]
    },
    UniswappyV2EthPair {
      _marketAddress: '0x52df67d03C094f601300c9Fe84c9A5139521FfAc',
      _tokens: [Array],
      _protocol: '',
      _tokenBalances: [Object]
    },
    UniswappyV2EthPair {
      _marketAddress: '0xb1df80a6A12eA3d161071d7EFf456cc078428186',
      _tokens: [Array],
      _protocol: '',
      _tokenBalances: [Object]
    }
  ],
  '0x5EEF8c4320e2Bf8D1e6231A31500FD7a87D02985': [
    UniswappyV2EthPair {
      _marketAddress: '0xC36e94304Fdc6Fc4136E26C4361b53b6c09c2E5B',
      _tokens: [Array],
      _protocol: '',
      _tokenBalances: [Object]
    },
    UniswappyV2EthPair {
      _marketAddress: '0x4DdC139cab204B299afE0561969ca620D50058dC',
      _tokens: [Array],
      _protocol: '',
      _tokenBalances: [Object]
    },
    UniswappyV2EthPair {
      _marketAddress: '0x83622695500F563EEc658D422bA54B1d4C12C4AB',
      _tokens: [Array],
      _protocol: '',
      _tokenBalances: [Object]
    }
  ],
  '0x260D9b781a7A0726091D111c02F09A74d85F53c4': [
    UniswappyV2EthPair {
      _marketAddress: '0xF3dF3Aa1B167f48c468e4e07b37f4f3299bDD72c',
      _tokens: [Array],
      _protocol: '',
      _tokenBalances: [Object]
    },
    UniswappyV2EthPair {
      _marketAddress: '0x4Df14a211C5a9E79428aD27A615DaA44ca7Baac5',
      _tokens: [Array],
      _protocol: '',
      _tokenBalances: [Object]
    },
    UniswappyV2EthPair {
      _marketAddress: '0x21c91093beb50409605d8A14179e40b07A0e9A31',
      _tokens: [Array],
      _protocol: '',
      _tokenBalances: [Object]
    }
  ],
  '0x480713711C68aCfC6341Df8c53ef32f83990cd05': [
    UniswappyV2EthPair {
      _marketAddress: '0x5F9C840f66CEdb47074C465859A3372b8F415158',
      _tokens: [Array],
      _protocol: '',
      _tokenBalances: [Object]
    },
    UniswappyV2EthPair {
      _marketAddress: '0x6dB1894F3b310c3154a7Fe2e9B8D143522e56084',
      _tokens: [Array],
      _protocol: '',
      _tokenBalances: [Object]
    }
  ],
  '0xc21FC8b49f25FCc0d23F4fa7a85d9f1098b417cC': [
    UniswappyV2EthPair {
      _marketAddress: '0x29C059B3c0E3728d93d67c72890Ccc166ea01949',
      _tokens: [Array],
      _protocol: '',
      _tokenBalances: [Object]
    },
    UniswappyV2EthPair {
      _marketAddress: '0x96853a0047bE9ee8D667256F4df976D7f5BB4703',
      _tokens: [Array],
      _protocol: '',
      _tokenBalances: [Object]
    }
  ],
  '0xc73aD9E9DD686f206F31D2899840260D6E4Ef03B': [
    UniswappyV2EthPair {
      _marketAddress: '0x5AB921B0AE1aD18AcF1EdF9fCFEE65D148703bfd',
      _tokens: [Array],
      _protocol: '',
      _tokenBalances: [Object]
    },
    UniswappyV2EthPair {
      _marketAddress: '0x2Ff859A39573028f99639B0886F7e72C97dF0363',
      _tokens: [Array],
      _protocol: '',
      _tokenBalances: [Object]
    }
  ],
  '0x6350C31d710cC7072eE8E0C6F9D2DfD642d178F2': [
    UniswappyV2EthPair {
      _marketAddress: '0xDB225Bd4C4a0a3f9d20C56505bCbD49fFE4bF60e',
      _tokens: [Array],
      _protocol: '',
      _tokenBalances: [Object]
    },
    UniswappyV2EthPair {
      _marketAddress: '0x0166489A087b1b4ead1c54d3086Aff65AA13565d',
      _tokens: [Array],
      _protocol: '',
      _tokenBalances: [Object]
    },
    UniswappyV2EthPair {
      _marketAddress: '0xf6bCC997DfA9F39b5Ede98a95Ba5433D8487AD8F',
      _tokens: [Array],
      _protocol: '',
      _tokenBalances: [Object]
    }
  ],
  '0x1b650A960cf630C9E1321d78608c818F16D12626': [
    UniswappyV2EthPair {
      _marketAddress: '0xad5D75F1694A037887F384989Db056f13958CF9f',
      _tokens: [Array],
      _protocol: '',
      _tokenBalances: [Object]
    },
    UniswappyV2EthPair {
      _marketAddress: '0x8a69Ca094A74a55767Fc971135F396B19972fcFB',
      _tokens: [Array],
      _protocol: '',
      _tokenBalances: [Object]
    }
  ],
  '0x869Dd7A64AfBe5370a8c591d9B8650BE60c0B8f6': [
    UniswappyV2EthPair {
      _marketAddress: '0xaC8264F14cDE3Eb79d35dc88971527D29b7125FA',
      _tokens: [Array],
      _protocol: '',
      _tokenBalances: [Object]
    },
    UniswappyV2EthPair {
      _marketAddress: '0x3647D4E3fBFd9E90f44516765978d76F27056A95',
      _tokens: [Array],
      _protocol: '',
      _tokenBalances: [Object]
    },
    UniswappyV2EthPair {
      _marketAddress: '0xE5f0BF146373aCa5f0daF6E15ad89289AA139e6a',
      _tokens: [Array],
      _protocol: '',
      _tokenBalances: [Object]
    },
    UniswappyV2EthPair {
      _marketAddress: '0x003CB86351568a9810f90B3a6A5c05DE5e7B27a3',
      _tokens: [Array],
      _protocol: '',
      _tokenBalances: [Object]
    }
  ],
  '0x2FA5dAF6Fe0708fBD63b1A7D1592577284f52256': [
    UniswappyV2EthPair {
      _marketAddress: '0x76A65425D33ff8818a3c2078F98B080d3cbcB291',
      _tokens: [Array],
      _protocol: '',
      _tokenBalances: [Object]
    },
    UniswappyV2EthPair {
      _marketAddress: '0x222F93187f15F354D41Ff6a7703eF7e18cdD5103',
      _tokens: [Array],
      _protocol: '',
      _tokenBalances: [Object]
    }
  ],
  '0x2e178D74165259588715a08e46140a66785Cf4f7': [
    UniswappyV2EthPair {
      _marketAddress: '0x1c1f10a4bFb1F438b9C783ED18DF77E5345AbF3e',
      _tokens: [Array],
      _protocol: '',
      _tokenBalances: [Object]
    },
    UniswappyV2EthPair {
      _marketAddress: '0x5f04535a2E10A5fd857762420A9C4f30586E0B14',
      _tokens: [Array],
      _protocol: '',
      _tokenBalances: [Object]
    }
  ],
  '0x056bC388062396a48404E659868B1eCDA3061215': [
    UniswappyV2EthPair {
      _marketAddress: '0xcFc1E80aDd7264Bbb53AFb81B06EC76B4F2BFcc4',
      _tokens: [Array],
      _protocol: '',
      _tokenBalances: [Object]
    },
    UniswappyV2EthPair {
      _marketAddress: '0x6E1862B91FaE534AA8c53e4B59A84e4F3242A4E5',
      _tokens: [Array],
      _protocol: '',
      _tokenBalances: [Object]
    }
  ],
  '0xDd3F196c59Df7bdABc18BBcfFb6440298AE117e2': [
    UniswappyV2EthPair {
      _marketAddress: '0xEffc59c638bbe1ccB4e36cFAcb16ABdAf59E9Aec',
      _tokens: [Array],
      _protocol: '',
      _tokenBalances: [Object]
    },
    UniswappyV2EthPair {
      _marketAddress: '0x903bc80BcA3D95Cd975Dd13935d507dDd9F9A494',
      _tokens: [Array],
      _protocol: '',
      _tokenBalances: [Object]
    },
    UniswappyV2EthPair {
      _marketAddress: '0x842C454a5A662e6C001F20CdfEBF618D1Fd01615',
      _tokens: [Array],
      _protocol: '',
      _tokenBalances: [Object]
    },
    UniswappyV2EthPair {
      _marketAddress: '0x22354a3fbD0c25bAc97C4A73BCd0302F8A60c440',
      _tokens: [Array],
      _protocol: '',
      _tokenBalances: [Object]
    }
  ],
  '0xDD110ce8CC33591E4A2eE75498BB599FFDa60cD9': [
    UniswappyV2EthPair {
      _marketAddress: '0xb823644b3d06d40d831a04727386d57a4f5c5c1b',
      _tokens: [Array],
      _protocol: '',
      _tokenBalances: [Object]
    },
    UniswappyV2EthPair {
      _marketAddress: '0x3FB2dD9fC94fBf559794D5bDbD2A4920C0f2239c',
      _tokens: [Array],
      _protocol: '',
      _tokenBalances: [Object]
    }
  ],
  '0xd8f90438DDd9e99B581F49257D078E8E39fC5e31': [
    UniswappyV2EthPair {
      _marketAddress: '0x9357aD410Fa14168Dda10F5Fba66FC3fa1ca574B',
      _tokens: [Array],
      _protocol: '',
      _tokenBalances: [Object]
    },
    UniswappyV2EthPair {
      _marketAddress: '0x609334146eF3305AbD1B7b6f30aDd8b431890Df5',
      _tokens: [Array],
      _protocol: '',
      _tokenBalances: [Object]
    },
    UniswappyV2EthPair {
      _marketAddress: '0xA1A376D2e7721a4a6af145C22Bd0d7C67C295146',
      _tokens: [Array],
      _protocol: '',
      _tokenBalances: [Object]
    }
  ],
  '0xd0840D5F67206f865AeE7cCE075bd4484cD3cC81': [
    UniswappyV2EthPair {
      _marketAddress: '0xcC190062cbd869DfBe69fbe89c2730747F50765E',
      _tokens: [Array],
      _protocol: '',
      _tokenBalances: [Object]
    },
    UniswappyV2EthPair {
      _marketAddress: '0xF2A224385eCBDA4C6E39d5292a44A1BAf7008A1d',
      _tokens: [Array],
      _protocol: '',
      _tokenBalances: [Object]
    }
  ],
  '0xB00f7cfF6a1BB073f8bB55Fe2260Da4D8c046ef0': [
    UniswappyV2EthPair {
      _marketAddress: '0x4f9Ae84C83B27193d01e439001C3ee37a44D34ce',
      _tokens: [Array],
      _protocol: '',
      _tokenBalances: [Object]
    },
    UniswappyV2EthPair {
      _marketAddress: '0xA4e322591C12EE008181c2866Fa262A5b9A0b647',
      _tokens: [Array],
      _protocol: '',
      _tokenBalances: [Object]
    }
  ],
  '0x7D10B6157C7C577CAa62D319dC215209Cf2dB8C3': [
    UniswappyV2EthPair {
      _marketAddress: '0xcc890208538dA343c64d34B3a1ea3bB3a27F55dF',
      _tokens: [Array],
      _protocol: '',
      _tokenBalances: [Object]
    },
    UniswappyV2EthPair {
      _marketAddress: '0xeFa4796364a2C4c48eE6a6FcC8c62123D86763C2',
      _tokens: [Array],
      _protocol: '',
      _tokenBalances: [Object]
    }
  ],
  '0xfAF58eDb5bA45B2ACD5264FeCFd4393249353482': [
    UniswappyV2EthPair {
      _marketAddress: '0xA949B9EeAC6de04D0F206e57f086EB90840a5B8d',
      _tokens: [Array],
      _protocol: '',
      _tokenBalances: [Object]
    },
    UniswappyV2EthPair {
      _marketAddress: '0x0422903F2Ea99209521C4bD5DA8E22a0bD113d55',
      _tokens: [Array],
      _protocol: '',
      _tokenBalances: [Object]
    }
  ],
  '0x743528fAfd778093022447423e0275c43Be15c95': [
    UniswappyV2EthPair {
      _marketAddress: '0xCA20185F9436698f932Edf9Cb6750e30e43Bb2c2',
      _tokens: [Array],
      _protocol: '',
      _tokenBalances: [Object]
    },
    UniswappyV2EthPair {
      _marketAddress: '0x6C2AA0830Df64BaAD7FbD13c29a44D79a5F5a885',
      _tokens: [Array],
      _protocol: '',
      _tokenBalances: [Object]
    }
  ],
  '0x44E133e71bf90cb67De4c0F31c391ADE021dEF4A': [
    UniswappyV2EthPair {
      _marketAddress: '0xc55F5D2d0767D16D5fCF04Cd4cbAfbc080A08adD',
      _tokens: [Array],
      _protocol: '',
      _tokenBalances: [Object]
    },
    UniswappyV2EthPair {
      _marketAddress: '0x81854eb1cE0Af50738ebA5418b1fe6E6C540138e',
      _tokens: [Array],
      _protocol: '',
      _tokenBalances: [Object]
    },
    UniswappyV2EthPair {
      _marketAddress: '0x2D025Fd14978e273521Afc2d976e05257cbe780a',
      _tokens: [Array],
      _protocol: '',
      _tokenBalances: [Object]
    }
  ],
  '0x017A6d12Ca6e591d684e63791fD2de1e8A550169': [
    UniswappyV2EthPair {
      _marketAddress: '0x6e5f29484F7852899293D9C6900B29F1Ae9BF03B',
      _tokens: [Array],
      _protocol: '',
      _tokenBalances: [Object]
    },
    UniswappyV2EthPair {
      _marketAddress: '0xC7FB391ce5918E7def86d26F6D687C24dE2950cF',
      _tokens: [Array],
      _protocol: '',
      _tokenBalances: [Object]
    },
    UniswappyV2EthPair {
      _marketAddress: '0x08522f620e1a17e0C36d7892f83976d31f26D94F',
      _tokens: [Array],
      _protocol: '',
      _tokenBalances: [Object]
    },
    UniswappyV2EthPair {
      _marketAddress: '0x4035c9F39C3fDa832DEbB28339e2f42e6e7e563d',
      _tokens: [Array],
      _protocol: '',
      _tokenBalances: [Object]
    }
  ],
  '0x47FdfeA2c5741Acd7Be0377029D6C507154D86B9': [
    UniswappyV2EthPair {
      _marketAddress: '0xFE592484A7DC62D5e9f9a586fd9e11aa1ebF360E',
      _tokens: [Array],
      _protocol: '',
      _tokenBalances: [Object]
    },
    UniswappyV2EthPair {
      _marketAddress: '0x5DbdE7A4617ECD5F765674a85768313ac4E5AD0a',
      _tokens: [Array],
      _protocol: '',
      _tokenBalances: [Object]
    }
  ],
  '0x50095220E2769E17E49ba42EED28b2781a5D4Dd8': [
    UniswappyV2EthPair {
      _marketAddress: '0xdC1B404149FEdb917A8C6461CE66308896F24243',
      _tokens: [Array],
      _protocol: '',
      _tokenBalances: [Object]
    },
    UniswappyV2EthPair {
      _marketAddress: '0xb140e51B80451aEf7888cAA4472eF5CE8c3104e0',
      _tokens: [Array],
      _protocol: '',
      _tokenBalances: [Object]
    }
  ],
  '0x10473B19567910D437072eAD2e5228C6FCe88633': [
    UniswappyV2EthPair {
      _marketAddress: '0xc19cac9Fff224AE6cF904AE2Eab131d320b88816',
      _tokens: [Array],
      _protocol: '',
      _tokenBalances: [Object]
    },
    UniswappyV2EthPair {
      _marketAddress: '0x33553Acf428D0B9F553ecF22848d5Db8EB6A0192',
      _tokens: [Array],
      _protocol: '',
      _tokenBalances: [Object]
    }
  ],
  '0xe6d91b7A861ce9FC9d941a70CAA21dDc52573b4E': [
    UniswappyV2EthPair {
      _marketAddress: '0x417996fd036fe9bD1fC638930f014bE3F536Bc47',
      _tokens: [Array],
      _protocol: '',
      _tokenBalances: [Object]
    },
    UniswappyV2EthPair {
      _marketAddress: '0xd4861032264940E080914B3fB1d0ba47b4051F7c',
      _tokens: [Array],
      _protocol: '',
      _tokenBalances: [Object]
    },
    UniswappyV2EthPair {
      _marketAddress: '0x49011ba3462B2Da3390Afe344736841c95f43cF1',
      _tokens: [Array],
      _protocol: '',
      _tokenBalances: [Object]
    }
  ],
  '0x82EB29D3Eb0719aF341f6b18C0d9D749c0Cd16b6': [
    UniswappyV2EthPair {
      _marketAddress: '0xb3fe71E0FC25bd5984c62958e35465688486911e',
      _tokens: [Array],
      _protocol: '',
      _tokenBalances: [Object]
    },
    UniswappyV2EthPair {
      _marketAddress: '0x95662379Ed5cAC12ED0D31089F7e9A21088770db',
      _tokens: [Array],
      _protocol: '',
      _tokenBalances: [Object]
    }
  ],
  '0x219ec2C72F3a51F851D9C9B98fc42abC6F421dAe': [
    UniswappyV2EthPair {
      _marketAddress: '0xC3E76D8281699bbA9B1ec93140d3a8BEa9932cA8',
      _tokens: [Array],
      _protocol: '',
      _tokenBalances: [Object]
    },
    UniswappyV2EthPair {
      _marketAddress: '0x111c2aa2434C74e316d3ce4E9623A6E6126B32A8',
      _tokens: [Array],
      _protocol: '',
      _tokenBalances: [Object]
    }
  ],
  '0x5488da908871B9Ca49f6C2781C0D006Ee7e2EECb': [
    UniswappyV2EthPair {
      _marketAddress: '0x71dDE42388658F095f9374F66dcAFe4F3035859b',
      _tokens: [Array],
      _protocol: '',
      _tokenBalances: [Object]
    },
    UniswappyV2EthPair {
      _marketAddress: '0xe98199BD860aFd63c300322062719ad9E59DC1f4',
      _tokens: [Array],
      _protocol: '',
      _tokenBalances: [Object]
    },
    UniswappyV2EthPair {
      _marketAddress: '0x9D3AFB6592C890ca1bA69aE452163b2FfA6C15e3',
      _tokens: [Array],
      _protocol: '',
      _tokenBalances: [Object]
    },
    UniswappyV2EthPair {
      _marketAddress: '0x85175Ae9327Edf030C6F84D524449852e271C9A9',
      _tokens: [Array],
      _protocol: '',
      _tokenBalances: [Object]
    }
  ],
  '0xdb4f6f4Da42ccb25b7A462942d81d229Ea3CA9cE': [
    UniswappyV2EthPair {
      _marketAddress: '0x218ACa91691bfFA7D88656832f66c0770A68b4bD',
      _tokens: [Array],
      _protocol: '',
      _tokenBalances: [Object]
    },
    UniswappyV2EthPair {
      _marketAddress: '0x98683831F230a6a81649D864990ebB3757021E66',
      _tokens: [Array],
      _protocol: '',
      _tokenBalances: [Object]
    }
  ],
  '0xf09611a964535b32285bFf5fCf9937C52BaB8ea5': [
    UniswappyV2EthPair {
      _marketAddress: '0x43d0cFC52caEE769f857527E326cE6af5d6A6946',
      _tokens: [Array],
      _protocol: '',
      _tokenBalances: [Object]
    },
    UniswappyV2EthPair {
      _marketAddress: '0xc04F1C8DCEd77f29132AEAB24D0b2f401a6DA5EF',
      _tokens: [Array],
      _protocol: '',
      _tokenBalances: [Object]
    },
    UniswappyV2EthPair {
      _marketAddress: '0xBc45bf969A55ba3C43ea781c93886F72A7815D6B',
      _tokens: [Array],
      _protocol: '',
      _tokenBalances: [Object]
    }
  ],
  '0xA7cA04F7602cD7A939d3E4827F442f48cF8E9daD': [
    UniswappyV2EthPair {
      _marketAddress: '0x57a0857586E4B3CD2F46AFF3f513C87c06edDF26',
      _tokens: [Array],
      _protocol: '',
      _tokenBalances: [Object]
    },
    UniswappyV2EthPair {
      _marketAddress: '0xF6b059879529Db3AB5CCFC303eEcb47c18c43984',
      _tokens: [Array],
      _protocol: '',
      _tokenBalances: [Object]
    },
    UniswappyV2EthPair {
      _marketAddress: '0xba00D58f1C4Ae9dcB151771B0802310637F12D25',
      _tokens: [Array],
      _protocol: '',
      _tokenBalances: [Object]
    },
    UniswappyV2EthPair {
      _marketAddress: '0xf7EeffE4CAde413De494F62e3fD0823Ea9b4653D',
      _tokens: [Array],
      _protocol: '',
      _tokenBalances: [Object]
    }
  ],
  '0x9C48D81125D1D88d808a994df044F396A1EF9Fc2': [
    UniswappyV2EthPair {
      _marketAddress: '0x51A487F362D720aC39A6FA3Abaa4CDabD8546d24',
      _tokens: [Array],
      _protocol: '',
      _tokenBalances: [Object]
    },
    UniswappyV2EthPair {
      _marketAddress: '0xcfa4Ebb7853455E17E7849C94a7a45BE5EFdBa1C',
      _tokens: [Array],
      _protocol: '',
      _tokenBalances: [Object]
    }
  ],
  '0xF67F7E4F0296903eDD707365f1959b0Ad5A5818E': [
    UniswappyV2EthPair {
      _marketAddress: '0x8661A6216d5246af8Dc660660CD2EE26F35a2a7E',
      _tokens: [Array],
      _protocol: '',
      _tokenBalances: [Object]
    },
    UniswappyV2EthPair {
      _marketAddress: '0x61204B24f9b6A977728E522f16dE2106BE2dAC89',
      _tokens: [Array],
      _protocol: '',
      _tokenBalances: [Object]
    }
  ],
  '0x4cD891e256d3f8B819123C590B53fB314e92A25f': [
    UniswappyV2EthPair {
      _marketAddress: '0x6C210eB71707587Af81854502bcDB951e20B2104',
      _tokens: [Array],
      _protocol: '',
      _tokenBalances: [Object]
    },
    UniswappyV2EthPair {
      _marketAddress: '0xed2dab53494652F3Ef85ff220e7598Da054D52E5',
      _tokens: [Array],
      _protocol: '',
      _tokenBalances: [Object]
    }
  ],
  '0x36f7b9C2e48Cc6C60f10C486ce9E3983fD2e1534': [
    UniswappyV2EthPair {
      _marketAddress: '0xD48F338eC33Cf50F4d8b698E50312a4ACAf7b2C8',
      _tokens: [Array],
      _protocol: '',
      _tokenBalances: [Object]
    },
    UniswappyV2EthPair {
      _marketAddress: '0x12a923ebC1D28bc77636a968B6302Cf803B3A89b',
      _tokens: [Array],
      _protocol: '',
      _tokenBalances: [Object]
    }
  ],
  '0x1E99310c5DbC7c72D88dBbC3DB24ab2F0EEf2f03': [
    UniswappyV2EthPair {
      _marketAddress: '0x84d98352f1C396fB56d251641a41e50e2e822DE7',
      _tokens: [Array],
      _protocol: '',
      _tokenBalances: [Object]
    },
    UniswappyV2EthPair {
      _marketAddress: '0x1173c30690Cb5fc02135C291059897651E6fe58d',
      _tokens: [Array],
      _protocol: '',
      _tokenBalances: [Object]
    }
  ],
  '0xE4Ae305ebE1AbE663f261Bc00534067C80ad677C': [
    UniswappyV2EthPair {
      _marketAddress: '0x39FeED7f6AB139bC59B513E35fe729bA6d3562BA',
      _tokens: [Array],
      _protocol: '',
      _tokenBalances: [Object]
    },
    UniswappyV2EthPair {
      _marketAddress: '0x2adfCa372B9BEDB44467F2485d58DC676daf77c6',
      _tokens: [Array],
      _protocol: '',
      _tokenBalances: [Object]
    },
    UniswappyV2EthPair {
      _marketAddress: '0xaaAd5d6FaB69670fAeDc8E8452Ced1e61187bc52',
      _tokens: [Array],
      _protocol: '',
      _tokenBalances: [Object]
    },
    UniswappyV2EthPair {
      _marketAddress: '0xc2c55Bd9287795c38cBD97a7A0559d7969fD9738',
      _tokens: [Array],
      _protocol: '',
      _tokenBalances: [Object]
    }
  ],
  '0xb2735D577b96DA98790cfc99E2F7B43eb7908540': [
    UniswappyV2EthPair {
      _marketAddress: '0x37335508D6866e313C1f723C6bc9569Deb5C3A0b',
      _tokens: [Array],
      _protocol: '',
      _tokenBalances: [Object]
    },
    UniswappyV2EthPair {
      _marketAddress: '0xd2D9D5799BA3828de22769aAd05e0374655A206f',
      _tokens: [Array],
      _protocol: '',
      _tokenBalances: [Object]
    },
    UniswappyV2EthPair {
      _marketAddress: '0xE8E2aF845aF77B217E731fA74F3063844e908f84',
      _tokens: [Array],
      _protocol: '',
      _tokenBalances: [Object]
    }
  ],
  '0x4d4CC29b9C4E413CFe5f898E16280f11db57E186': [
    UniswappyV2EthPair {
      _marketAddress: '0x9dfC9bCdFd101C50BA7DDA33bD9dCad99472dd18',
      _tokens: [Array],
      _protocol: '',
      _tokenBalances: [Object]
    },
    UniswappyV2EthPair {
      _marketAddress: '0x34510362413438502C89559Ee57da1C81eA1058E',
      _tokens: [Array],
      _protocol: '',
      _tokenBalances: [Object]
    },
    UniswappyV2EthPair {
      _marketAddress: '0x496Ce96c3D61f95124eCfc20008C26aF25CD226b',
      _tokens: [Array],
      _protocol: '',
      _tokenBalances: [Object]
    }
  ],
  '0xF59d04f2a9019F89C57f04F434E6DBecDc34C519': [
    UniswappyV2EthPair {
      _marketAddress: '0x16Cda96018406F0E54b108881A901487F93458Af',
      _tokens: [Array],
      _protocol: '',
      _tokenBalances: [Object]
    },
    UniswappyV2EthPair {
      _marketAddress: '0x5C213EE55B71CF8f13Ca8Eece0b3f30c3bEAF7d6',
      _tokens: [Array],
      _protocol: '',
      _tokenBalances: [Object]
    },
    UniswappyV2EthPair {
      _marketAddress: '0xd1e6fE02Ab656FeA449Cd251d6f7CE21Db1Ab347',
      _tokens: [Array],
      _protocol: '',
      _tokenBalances: [Object]
    }
  ],
  '0x6A2Daa73482B383327446751bB6a584612dA24b0': [
    UniswappyV2EthPair {
      _marketAddress: '0xc8E06E5Ac9bc629292434920fF8533383fB3309D',
      _tokens: [Array],
      _protocol: '',
      _tokenBalances: [Object]
    },
    UniswappyV2EthPair {
      _marketAddress: '0x19d6786BFF40d1022404855c89110C819CC09d98',
      _tokens: [Array],
      _protocol: '',
      _tokenBalances: [Object]
    },
    UniswappyV2EthPair {
      _marketAddress: '0x3EE02bBe2aDb551fcceDA57ab16B76E5589AEfAb',
      _tokens: [Array],
      _protocol: '',
      _tokenBalances: [Object]
    },
    UniswappyV2EthPair {
      _marketAddress: '0xeb0bcd882FFC49cd5D4bB0d046B4BbD6B438EC66',
      _tokens: [Array],
      _protocol: '',
      _tokenBalances: [Object]
    }
  ],
  '0x3A66D3d2EDB25182430d01b991BC6eaC73aD5AA8': [
    UniswappyV2EthPair {
      _marketAddress: '0xbb787391c26d5446b7933795F717d53014AE2297',
      _tokens: [Array],
      _protocol: '',
      _tokenBalances: [Object]
    },
    UniswappyV2EthPair {
      _marketAddress: '0x8b120dd3AF68BbB1E38E8e7aD92D4d666aF7e039',
      _tokens: [Array],
      _protocol: '',
      _tokenBalances: [Object]
    }
  ],
  '0x397ECE04F7E70d848E8ABf22492a3C197aeEf79A': [
    UniswappyV2EthPair {
      _marketAddress: '0xe14608bC9B4B524330826FbaD2b8C2d170315669',
      _tokens: [Array],
      _protocol: '',
      _tokenBalances: [Object]
    },
    UniswappyV2EthPair {
      _marketAddress: '0xFB3AFA7cC84240C9e602045D0308ECC8F7C31718',
      _tokens: [Array],
      _protocol: '',
      _tokenBalances: [Object]
    }
  ],
  '0x9b1e2709f860d5EF736FCb6c79697F8140237eDc': [
    UniswappyV2EthPair {
      _marketAddress: '0x40aB8A878387F540c302865f94E6993e5c7F940c',
      _tokens: [Array],
      _protocol: '',
      _tokenBalances: [Object]
    },
    UniswappyV2EthPair {
      _marketAddress: '0xA26faA5fAB6940289c124996005b5c992A084259',
      _tokens: [Array],
      _protocol: '',
      _tokenBalances: [Object]
    }
  ],
  '0x8b1649DCbd80B85686e2A0A825BA116426A18aed': [
    UniswappyV2EthPair {
      _marketAddress: '0x0f0c534A8C00ea3aCB4b33a91148cC3567E1B58E',
      _tokens: [Array],
      _protocol: '',
      _tokenBalances: [Object]
    },
    UniswappyV2EthPair {
      _marketAddress: '0x9AFB91eBee6fC635dD4C602b6B649b26177F6d66',
      _tokens: [Array],
      _protocol: '',
      _tokenBalances: [Object]
    },
    UniswappyV2EthPair {
      _marketAddress: '0xC5D1dE227B18D1A4AfcAc967cBa78bb3727d4F04',
      _tokens: [Array],
      _protocol: '',
      _tokenBalances: [Object]
    }
  ],
  '0x2aB90FBb649bA3DDD4269764eb2975d8F32b7b5a': [
    UniswappyV2EthPair {
      _marketAddress: '0x9fB55ee884f6d3022707BD45145b965554D1e39f',
      _tokens: [Array],
      _protocol: '',
      _tokenBalances: [Object]
    },
    UniswappyV2EthPair {
      _marketAddress: '0xaFd5f73bD454C1Aa0D0e09355D4A43863E09484F',
      _tokens: [Array],
      _protocol: '',
      _tokenBalances: [Object]
    }
  ],
  '0xC13B7a43223BB9Bf4B69BD68Ab20ca1B79d81C75': [
    UniswappyV2EthPair {
      _marketAddress: '0xaA035aE407bAF85f6AdF25B52007DF48d914C71C',
      _tokens: [Array],
      _protocol: '',
      _tokenBalances: [Object]
    },
    UniswappyV2EthPair {
      _marketAddress: '0xf40E699696a1192f32Da0d03961B48A36C4878AB',
      _tokens: [Array],
      _protocol: '',
      _tokenBalances: [Object]
    },
    UniswappyV2EthPair {
      _marketAddress: '0x7275278C94b5e20708380561C4Af98F38dDC6374',
      _tokens: [Array],
      _protocol: '',
      _tokenBalances: [Object]
    },
    UniswappyV2EthPair {
      _marketAddress: '0x890479844484D67e34B99e1BBc1468231b254c08',
      _tokens: [Array],
      _protocol: '',
      _tokenBalances: [Object]
    }
  ],
  '0xdaF66c0B7e8E2FC76B15B07AD25eE58E04a66796': [
    UniswappyV2EthPair {
      _marketAddress: '0x20D21c27483A3d6dA3129Eed7AE66d165Ec6761B',
      _tokens: [Array],
      _protocol: '',
      _tokenBalances: [Object]
    },
    UniswappyV2EthPair {
      _marketAddress: '0x178813466F78E44c295D89f8B3E4F24cC72C5627',
      _tokens: [Array],
      _protocol: '',
      _tokenBalances: [Object]
    }
  ],
  '0x61688da90c0E072609090d1cc2FE8D0EE8a27b21': [
    UniswappyV2EthPair {
      _marketAddress: '0x265028EB7eCa12029BEc108C05B36DBC8ef668Fc',
      _tokens: [Array],
      _protocol: '',
      _tokenBalances: [Object]
    },
    UniswappyV2EthPair {
      _marketAddress: '0xE86E1CE5b322B29dAa4AfFA9A75C3F27752fd594',
      _tokens: [Array],
      _protocol: '',
      _tokenBalances: [Object]
    }
  ],
  '0xD951d0BD6bA7cF43D2447A97c37c3C88B543549c': [
    UniswappyV2EthPair {
      _marketAddress: '0xf21fA7a573bbB32478e806Fd5572Fda94BEF5b08',
      _tokens: [Array],
      _protocol: '',
      _tokenBalances: [Object]
    },
    UniswappyV2EthPair {
      _marketAddress: '0x488F313b983C4414D6b4dEEB347A4269C66F4De9',
      _tokens: [Array],
      _protocol: '',
      _tokenBalances: [Object]
    }
  ],
  '0xf859Bf77cBe8699013d6Dbc7C2b926Aaf307F830': [
    UniswappyV2EthPair {
      _marketAddress: '0xbF9C804c64576BCeA67c784b0E5fD62882bE0221',
      _tokens: [Array],
      _protocol: '',
      _tokenBalances: [Object]
    },
    UniswappyV2EthPair {
      _marketAddress: '0x55d7935B6FB6a653499AD4528EEAF224997ebB34',
      _tokens: [Array],
      _protocol: '',
      _tokenBalances: [Object]
    },
    UniswappyV2EthPair {
      _marketAddress: '0xe7170D4fBCA7857bAaFa1d2309858ec0612dcb8B',
      _tokens: [Array],
      _protocol: '',
      _tokenBalances: [Object]
    },
    UniswappyV2EthPair {
      _marketAddress: '0x21dD71aB78EDE3033c976948f769D506E4F489eE',
      _tokens: [Array],
      _protocol: '',
      _tokenBalances: [Object]
    },
    UniswappyV2EthPair {
      _marketAddress: '0x5E3CD27F36932Bc0314aC4e2510585798C34a2fC',
      _tokens: [Array],
      _protocol: '',
      _tokenBalances: [Object]
    }
  ],
  '0x4DA996C5Fe84755C80e108cf96Fe705174c5e36A': [
    UniswappyV2EthPair {
      _marketAddress: '0xF4eEcD990577D0455b56Cf81c0d62cC3bbcb9e7D',
      _tokens: [Array],
      _protocol: '',
      _tokenBalances: [Object]
    },
    UniswappyV2EthPair {
      _marketAddress: '0x73cAbBe6E05290A09B9432eb765521941C870E4D',
      _tokens: [Array],
      _protocol: '',
      _tokenBalances: [Object]
    },
    UniswappyV2EthPair {
      _marketAddress: '0x2983C930e74dCBf5cb4E50AA92375b4914C4D055',
      _tokens: [Array],
      _protocol: '',
      _tokenBalances: [Object]
    }
  ],
  '0x78650B139471520656b9E7aA7A5e9276814a38e9': [
    UniswappyV2EthPair {
      _marketAddress: '0x1df179a35F03776DD718fa6DB30d9e2078997E82',
      _tokens: [Array],
      _protocol: '',
      _tokenBalances: [Object]
    },
    UniswappyV2EthPair {
      _marketAddress: '0xe873C00B90121f31699f56c8Ad9160ed68b3Ba63',
      _tokens: [Array],
      _protocol: '',
      _tokenBalances: [Object]
    },
    UniswappyV2EthPair {
      _marketAddress: '0xB2678C414ebC63c9CC6d1a0fC45f43E249B50fdE',
      _tokens: [Array],
      _protocol: '',
      _tokenBalances: [Object]
    },
    UniswappyV2EthPair {
      _marketAddress: '0x91589786D36fEe5B27A5539CfE638a5fc9834665',
      _tokens: [Array],
      _protocol: '',
      _tokenBalances: [Object]
    }
  ],
  '0x79F835571Ec691C853Bb4Bee4D97d53FefC25e0D': [
    UniswappyV2EthPair {
      _marketAddress: '0x93fd0995CC8DFA2045f5f50F236f46f38076Ae8e',
      _tokens: [Array],
      _protocol: '',
      _tokenBalances: [Object]
    },
    UniswappyV2EthPair {
      _marketAddress: '0x8FDa0EE736fdd349F7048A41b5E0c359f85f66E1',
      _tokens: [Array],
      _protocol: '',
      _tokenBalances: [Object]
    }
  ],
  '0x1d1f8712c164e5DeB5b3e5259E784f2eb528E82B': [
    UniswappyV2EthPair {
      _marketAddress: '0xdd1d3E4492EF67F0bA9a4b1aC7391485E152f96A',
      _tokens: [Array],
      _protocol: '',
      _tokenBalances: [Object]
    },
    UniswappyV2EthPair {
      _marketAddress: '0xE25994142c77b547b7B36BF02253E18F13dffd00',
      _tokens: [Array],
      _protocol: '',
      _tokenBalances: [Object]
    }
  ],
  '0x4780A74c56b7139029DA87B93010a4A756c0D856': [
    UniswappyV2EthPair {
      _marketAddress: '0x2b631368366C35A0Fe414fCaEEDadd96e8D03c24',
      _tokens: [Array],
      _protocol: '',
      _tokenBalances: [Object]
    },
    UniswappyV2EthPair {
      _marketAddress: '0x5CBC8b2B3bBFD765332D0Cb964563Fb898d75327',
      _tokens: [Array],
      _protocol: '',
      _tokenBalances: [Object]
    }
  ],
  '0xd5442F00B8A6636f6Ec48B729fDB7A544Ab963Be': [
    UniswappyV2EthPair {
      _marketAddress: '0x4b6Bc33FE9fB97D599b89f7b0BD9334ac7A13FCa',
      _tokens: [Array],
      _protocol: '',
      _tokenBalances: [Object]
    },
    UniswappyV2EthPair {
      _marketAddress: '0x720FbE3F727F48DeE79011797E31820Cd4A05BD4',
      _tokens: [Array],
      _protocol: '',
      _tokenBalances: [Object]
    }
  ],
  '0x0921d788E7f7498f80adb0A0A62B8A9476F2Db92': [
    UniswappyV2EthPair {
      _marketAddress: '0x7CB3ab949Babe18e2597bc68dc1af4Fb4c8C8bC4',
      _tokens: [Array],
      _protocol: '',
      _tokenBalances: [Object]
    },
    UniswappyV2EthPair {
      _marketAddress: '0x9b517B489463C8A47c3bf10CDA73D1A5231E8F77',
      _tokens: [Array],
      _protocol: '',
      _tokenBalances: [Object]
    }
  ],
  '0x890dD1EeC4D2C5EEE6C4e92644Ce8d23D9d1ee2A': [
    UniswappyV2EthPair {
      _marketAddress: '0xDE06A1208010fe8AAc1CEdd85Af95D2a4EEde58c',
      _tokens: [Array],
      _protocol: '',
      _tokenBalances: [Object]
    },
    UniswappyV2EthPair {
      _marketAddress: '0xfCe461A3B3FFDfA7fdEbd7286fF9f3Da99D9eBCF',
      _tokens: [Array],
      _protocol: '',
      _tokenBalances: [Object]
    }
  ],
  '0x514901BB1214E24E54f050F854a6a0054dF3C894': [
    UniswappyV2EthPair {
      _marketAddress: '0x7F3Dc123A5631Cd3f5d20622459484AFC85E7432',
      _tokens: [Array],
      _protocol: '',
      _tokenBalances: [Object]
    },
    UniswappyV2EthPair {
      _marketAddress: '0xC4Ae86f1C951f2F52Eb0C74dF9c9794DA752a3d8',
      _tokens: [Array],
      _protocol: '',
      _tokenBalances: [Object]
    }
  ],
  '0xfD2CEaF2A104b2817D8D3252801c52AF6B8Dae77': [
    UniswappyV2EthPair {
      _marketAddress: '0xf5Bdc61d9d08c5e5da5e82FdB6C6FE65f993ea1C',
      _tokens: [Array],
      _protocol: '',
      _tokenBalances: [Object]
    },
    UniswappyV2EthPair {
      _marketAddress: '0x17Be9AB5adD355100dbEBBD4d0F0147CDACbC709',
      _tokens: [Array],
      _protocol: '',
      _tokenBalances: [Object]
    }
  ],
  '0x6652048Fa5E66ed63a0225FFd7C82e106b0Aa18b': [
    UniswappyV2EthPair {
      _marketAddress: '0x99c07E69Db458e77935D07B2F4F2e53C6bCEB421',
      _tokens: [Array],
      _protocol: '',
      _tokenBalances: [Object]
    },
    UniswappyV2EthPair {
      _marketAddress: '0x04FCc290e2F4275dCb7254c13b54F82d4c78efC7',
      _tokens: [Array],
      _protocol: '',
      _tokenBalances: [Object]
    }
  ],
  '0x3b87AeE91571850c446cd49B7f9b13Fadc5aB691': [
    UniswappyV2EthPair {
      _marketAddress: '0xb04583eD3762C6e4AABc926C0d160A364D8ae5EE',
      _tokens: [Array],
      _protocol: '',
      _tokenBalances: [Object]
    },
    UniswappyV2EthPair {
      _marketAddress: '0x7e4f3575f8eB3d5B054Df6112CE55Bef2384f3e3',
      _tokens: [Array],
      _protocol: '',
      _tokenBalances: [Object]
    }
  ],
  '0xC6b6D8F5D9fdA08F6A02e52160Eba62a9222C4a6': [
    UniswappyV2EthPair {
      _marketAddress: '0xc74Dc30bDB35cdF6274b17af163E3dCA4B7a0399',
      _tokens: [Array],
      _protocol: '',
      _tokenBalances: [Object]
    },
    UniswappyV2EthPair {
      _marketAddress: '0x870069F1795cCc28bA535C7a72Bbe1713bD17afE',
      _tokens: [Array],
      _protocol: '',
      _tokenBalances: [Object]
    }
  ],
  '0x86Fcc748c8c959fd19b3c236a55D15259c95abd4': [
    UniswappyV2EthPair {
      _marketAddress: '0xEdBa1fe624650Fb8E44861a662D202Dc107dEA90',
      _tokens: [Array],
      _protocol: '',
      _tokenBalances: [Object]
    },
    UniswappyV2EthPair {
      _marketAddress: '0xb0A0CC061c1Bf630be4dd78DA221374a1a74d14D',
      _tokens: [Array],
      _protocol: '',
      _tokenBalances: [Object]
    }
  ],
  '0xa1E6C5115996e3C15DA15cF4a194771F44C98Ea5': [
    UniswappyV2EthPair {
      _marketAddress: '0xa26590481De2CDF1A669c900Be0E4b5Bb794b2a6',
      _tokens: [Array],
      _protocol: '',
      _tokenBalances: [Object]
    },
    UniswappyV2EthPair {
      _marketAddress: '0x185ab99CA4864fFFfD28C1f1971a3E8Fda9C3563',
      _tokens: [Array],
      _protocol: '',
      _tokenBalances: [Object]
    }
  ],
  '0x298C3721755c21f2B30cE5EdBf142914Dcae6938': [
    UniswappyV2EthPair {
      _marketAddress: '0x900f006ED3da5184841D868F65d60223B27A69a7',
      _tokens: [Array],
      _protocol: '',
      _tokenBalances: [Object]
    },
    UniswappyV2EthPair {
      _marketAddress: '0xD8dbF58E107383257014333d21fFF5e4F9467509',
      _tokens: [Array],
      _protocol: '',
      _tokenBalances: [Object]
    }
  ],
  '0x89d453108bD94B497bBB4496729cd26f92Aba533': [
    UniswappyV2EthPair {
      _marketAddress: '0x88495d215290b99dC03EcFD251B0Cd7B09766203',
      _tokens: [Array],
      _protocol: '',
      _tokenBalances: [Object]
    },
    UniswappyV2EthPair {
      _marketAddress: '0xa6993531CC6c17ddE7bD81bd7106b24C27225290',
      _tokens: [Array],
      _protocol: '',
      _tokenBalances: [Object]
    }
  ],
  '0xE5FF08EEc9F3414339C3CF233cAD14275Ed560AF': [
    UniswappyV2EthPair {
      _marketAddress: '0xbed4e27Ecc26AD2438efF5da8FB4B16c979Da696',
      _tokens: [Array],
      _protocol: '',
      _tokenBalances: [Object]
    },
    UniswappyV2EthPair {
      _marketAddress: '0x5267c64846d37B9C1C231Ce1ffF025C67AB623bb',
      _tokens: [Array],
      _protocol: '',
      _tokenBalances: [Object]
    }
  ],
  '0x08ba0619b1e7A582E0BCe5BBE9843322C954C340': [
    UniswappyV2EthPair {
      _marketAddress: '0xE8453733C61C02A3527a693473507515E7148591',
      _tokens: [Array],
      _protocol: '',
      _tokenBalances: [Object]
    },
    UniswappyV2EthPair {
      _marketAddress: '0x9194084158525BD645e6D83d59F5C3138e8e592B',
      _tokens: [Array],
      _protocol: '',
      _tokenBalances: [Object]
    },
    UniswappyV2EthPair {
      _marketAddress: '0x54d0440e5E6C76a270aF0a1173d92C33a80D0067',
      _tokens: [Array],
      _protocol: '',
      _tokenBalances: [Object]
    }
  ],
  '0x00B3eC482AbC4529e8816b0096B3D0384a6AD611': [
    UniswappyV2EthPair {
      _marketAddress: '0xF5F7603Af12B968058E3Cb5142aEBc804AbD1e41',
      _tokens: [Array],
      _protocol: '',
      _tokenBalances: [Object]
    },
    UniswappyV2EthPair {
      _marketAddress: '0x70CA4B46dbDC070c357037381C9f927d0c54B55F',
      _tokens: [Array],
      _protocol: '',
      _tokenBalances: [Object]
    },
    UniswappyV2EthPair {
      _marketAddress: '0xC1e16cd6b2bF95aEB82a99474884fAd1C9128920',
      _tokens: [Array],
      _protocol: '',
      _tokenBalances: [Object]
    },
    UniswappyV2EthPair {
      _marketAddress: '0xA0782726e32F7c873cC6dD2CCfdea13FAD1d88F4',
      _tokens: [Array],
      _protocol: '',
      _tokenBalances: [Object]
    }
  ],
  '0x57488Fcc3dC72Edb0a4c06a356c2c43C08BdfB42': [
    UniswappyV2EthPair {
      _marketAddress: '0x0A045c2eF39D7527d820294Af93879E538299d0f',
      _tokens: [Array],
      _protocol: '',
      _tokenBalances: [Object]
    },
    UniswappyV2EthPair {
      _marketAddress: '0x41cA3Bb80644fbd1DC2Ce52650003C78e07b903e',
      _tokens: [Array],
      _protocol: '',
      _tokenBalances: [Object]
    },
    UniswappyV2EthPair {
      _marketAddress: '0x541B8508dD127159e39866DaA4d9d4f30B47da61',
      _tokens: [Array],
      _protocol: '',
      _tokenBalances: [Object]
    },
    UniswappyV2EthPair {
      _marketAddress: '0x3c6e6156126F5B651a69f126e3f308a8F1C18985',
      _tokens: [Array],
      _protocol: '',
      _tokenBalances: [Object]
    }
  ],
  '0xA1fd12820F0c1C492DD87f8a0d12043d8f24f8a6': [
    UniswappyV2EthPair {
      _marketAddress: '0xf0674b5c92c637A62752F13c980bD706F94a2eee',
      _tokens: [Array],
      _protocol: '',
      _tokenBalances: [Object]
    },
    UniswappyV2EthPair {
      _marketAddress: '0xcC1BE277dBbb0a9596cEdc196284Cfe54f042285',
      _tokens: [Array],
      _protocol: '',
      _tokenBalances: [Object]
    }
  ],
  '0xA07c5b74C9B40447a954e1466938b865b6BBea36': [
    UniswappyV2EthPair {
      _marketAddress: '0x4AE7a250dB5C8A9D8Ee9C4F982f1dd63a8202CCD',
      _tokens: [Array],
      _protocol: '',
      _tokenBalances: [Object]
    },
    UniswappyV2EthPair {
      _marketAddress: '0xC67044337805c248F96226671385E6770f9B21f4',
      _tokens: [Array],
      _protocol: '',
      _tokenBalances: [Object]
    },
    UniswappyV2EthPair {
      _marketAddress: '0x6a9DA5D46da379C9C3F482a72Aa4b62D8fF7B6E9',
      _tokens: [Array],
      _protocol: '',
      _tokenBalances: [Object]
    }
  ],
  '0xc44111aD999fA2348025196b58B14A4D8F664a0c': [
    UniswappyV2EthPair {
      _marketAddress: '0x73B80CEa79e82A4f4109E4FD41Ff19aEfa51271D',
      _tokens: [Array],
      _protocol: '',
      _tokenBalances: [Object]
    },
    UniswappyV2EthPair {
      _marketAddress: '0x17b0ca6051299B047ca8e79A0aDB1842152E7ccF',
      _tokens: [Array],
      _protocol: '',
      _tokenBalances: [Object]
    }
  ],
  '0x8ab6f50cdaE1880B7dC0cbe49Ee2e3cFACF592E2': [
    UniswappyV2EthPair {
      _marketAddress: '0xEc0c4AaA5AEb9B25A94BDAaFc71f3b3fF92B019A',
      _tokens: [Array],
      _protocol: '',
      _tokenBalances: [Object]
    },
    UniswappyV2EthPair {
      _marketAddress: '0x389e1Bb00957145Fb02a6461C22251c5d88DC631',
      _tokens: [Array],
      _protocol: '',
      _tokenBalances: [Object]
    }
  ],
  '0x01Bf0FaE1bD6eD0099b356310E5493989312355e': [
    UniswappyV2EthPair {
      _marketAddress: '0x8Fa97CCe75c3B25bECAdA29cFe97B6106256151F',
      _tokens: [Array],
      _protocol: '',
      _tokenBalances: [Object]
    },
    UniswappyV2EthPair {
      _marketAddress: '0x51e6311319aa89B518a7D228442C99a2508C7c0A',
      _tokens: [Array],
      _protocol: '',
      _tokenBalances: [Object]
    }
  ],
  '0xCFEfA64B0dDD611b125157C41cD3827f2e8e8615': [
    UniswappyV2EthPair {
      _marketAddress: '0xfAcaa64089060D3bf4BBe9a0fD95775552959605',
      _tokens: [Array],
      _protocol: '',
      _tokenBalances: [Object]
    },
    UniswappyV2EthPair {
      _marketAddress: '0xe814c71945CAb93A8fF823F33d6DB9eD9e8Da63e',
      _tokens: [Array],
      _protocol: '',
      _tokenBalances: [Object]
    },
    UniswappyV2EthPair {
      _marketAddress: '0xB88C2DCa75B56544d7b3c44e31b2210836E5ee15',
      _tokens: [Array],
      _protocol: '',
      _tokenBalances: [Object]
    }
  ],
  '0x6c07fDd789E58eae94c329239D58628c35A6a481': [
    UniswappyV2EthPair {
      _marketAddress: '0x41Fef717673E5Fe9148F18CA1075d7B7c448F578',
      _tokens: [Array],
      _protocol: '',
      _tokenBalances: [Object]
    },
    UniswappyV2EthPair {
      _marketAddress: '0x3205747cf63D22Df3b3070E189D8Ad667788B8a2',
      _tokens: [Array],
      _protocol: '',
      _tokenBalances: [Object]
    },
    UniswappyV2EthPair {
      _marketAddress: '0x7F768f16eaCCa686995F5A81Ac0a17c8C88b6F6c',
      _tokens: [Array],
      _protocol: '',
      _tokenBalances: [Object]
    }
  ],
  '0xdFaAd3733089C3Cb2f053E8ac6c9F746A74f99A2': [
    UniswappyV2EthPair {
      _marketAddress: '0x1aC369a2AA8c926d5209f8BBA2e6Efd0Ae206B43',
      _tokens: [Array],
      _protocol: '',
      _tokenBalances: [Object]
    },
    UniswappyV2EthPair {
      _marketAddress: '0x2C3361cA3AF7e6f28BC36e540b19b1D77a9bF26A',
      _tokens: [Array],
      _protocol: '',
      _tokenBalances: [Object]
    }
  ],
  '0xB20b17d86F868B9C2A1e6201bA881D68c1325dE4': [
    UniswappyV2EthPair {
      _marketAddress: '0x39377E6c61C96c2a507010FEDc6133d29074a707',
      _tokens: [Array],
      _protocol: '',
      _tokenBalances: [Object]
    },
    UniswappyV2EthPair {
      _marketAddress: '0x0598eBec871213eBCD685d2d36d92392A8c6fDbb',
      _tokens: [Array],
      _protocol: '',
      _tokenBalances: [Object]
    }
  ],
  '0xcec731825A542e365327c52cCf1634764376Fc2c': [
    UniswappyV2EthPair {
      _marketAddress: '0xEe04cEc1F0D77a6C824b38f8E667ade3FFa6847E',
      _tokens: [Array],
      _protocol: '',
      _tokenBalances: [Object]
    },
    UniswappyV2EthPair {
      _marketAddress: '0x587cb68C47c9342C84D7072DD1f65888CB8006A5',
      _tokens: [Array],
      _protocol: '',
      _tokenBalances: [Object]
    },
    UniswappyV2EthPair {
      _marketAddress: '0x5Cab452566917E4A1D0055dFF239adec29fF26bF',
      _tokens: [Array],
      _protocol: '',
      _tokenBalances: [Object]
    }
  ],
  '0x2136cD209bB3D8E4c008ec2791B5D6790B5E33A9': [
    UniswappyV2EthPair {
      _marketAddress: '0xCe8E99B8285Ac16739D6C9CfB143c44F4d8a1AA2',
      _tokens: [Array],
      _protocol: '',
      _tokenBalances: [Object]
    },
    UniswappyV2EthPair {
      _marketAddress: '0x23af66c6c991d3c42B450eE9Cd24bcFce7574cf9',
      _tokens: [Array],
      _protocol: '',
      _tokenBalances: [Object]
    }
  ],
  '0x734c5Dc36393Ee8ea4389f415FD59b4990ce46dA': [
    UniswappyV2EthPair {
      _marketAddress: '0xD07D8500Ad2b292F5BDCFd4BF97D45Ea58d4b2E9',
      _tokens: [Array],
      _protocol: '',
      _tokenBalances: [Object]
    },
    UniswappyV2EthPair {
      _marketAddress: '0x18bfF28dEeE16F707aF3d5d73373B58C1FB67aD8',
      _tokens: [Array],
      _protocol: '',
      _tokenBalances: [Object]
    }
  ],
  '0xA792610BC845E86085eB4350FEa17107eD368c34': [
    UniswappyV2EthPair {
      _marketAddress: '0xFAFF5863Ab7cE343d7176E79CB70D5A516a855cc',
      _tokens: [Array],
      _protocol: '',
      _tokenBalances: [Object]
    },
    UniswappyV2EthPair {
      _marketAddress: '0x79843922439487FaC90440fD45775CBDCF8e59AB',
      _tokens: [Array],
      _protocol: '',
      _tokenBalances: [Object]
    }
  ],
  '0xFB08852c8fE1877393f2079798e4158d67bB53f0': [
    UniswappyV2EthPair {
      _marketAddress: '0x77409B861ff362c437Cc04407e7FAa4Cb922633e',
      _tokens: [Array],
      _protocol: '',
      _tokenBalances: [Object]
    },
    UniswappyV2EthPair {
      _marketAddress: '0x3f1a9a6615D46ec4F71825e03f689Df5E136C6b8',
      _tokens: [Array],
      _protocol: '',
      _tokenBalances: [Object]
    }
  ],
  '0xc2e6ca20b6088D007979Cd686C6B0696b5C2A914': [
    UniswappyV2EthPair {
      _marketAddress: '0x27A67b1D95166ddD8ADd2Efb9Dd476C91322b321',
      _tokens: [Array],
      _protocol: '',
      _tokenBalances: [Object]
    },
    UniswappyV2EthPair {
      _marketAddress: '0x46b203F7bd080F886EccE0cFc3345BB87CCB0d25',
      _tokens: [Array],
      _protocol: '',
      _tokenBalances: [Object]
    }
  ],
  '0x995f8Aa673e8bf52602B4C768463C4d652ad64ea': [
    UniswappyV2EthPair {
      _marketAddress: '0x7DED59924AF7ACc1630150a3d54FD07c05d597D4',
      _tokens: [Array],
      _protocol: '',
      _tokenBalances: [Object]
    },
    UniswappyV2EthPair {
      _marketAddress: '0x41606c06A92aaF397b015bA5a2f71f958c420784',
      _tokens: [Array],
      _protocol: '',
      _tokenBalances: [Object]
    }
  ],
  '0xaF53d56ff99f1322515E54FdDE93FF8b3b7DAFd5': [
    UniswappyV2EthPair {
      _marketAddress: '0x45a289bFB97A2c8d8E695070667AD945D465bf07',
      _tokens: [Array],
      _protocol: '',
      _tokenBalances: [Object]
    },
    UniswappyV2EthPair {
      _marketAddress: '0xC338154f96B594D875cF9A40467CaF63Ce57CA25',
      _tokens: [Array],
      _protocol: '',
      _tokenBalances: [Object]
    }
  ],
  '0x2D0C83E27B38C7CA3AAeb8306ba84FDc1Bb673d0': [
    UniswappyV2EthPair {
      _marketAddress: '0x2258d0b3acA883CAF46DA519D288E898EA7a36Fb',
      _tokens: [Array],
      _protocol: '',
      _tokenBalances: [Object]
    },
    UniswappyV2EthPair {
      _marketAddress: '0x0aC967B1CCB6387215521F1FF558ff15C3feAF54',
      _tokens: [Array],
      _protocol: '',
      _tokenBalances: [Object]
    }
  ],
  '0x658A109C5900BC6d2357c87549B651670E5b0539': [
    UniswappyV2EthPair {
      _marketAddress: '0x6E42a8FEe005D63f2522e73BEbA1994d8CC28F47',
      _tokens: [Array],
      _protocol: '',
      _tokenBalances: [Object]
    },
    UniswappyV2EthPair {
      _marketAddress: '0x842240eED07443095400cD4BC77F5358AfADff94',
      _tokens: [Array],
      _protocol: '',
      _tokenBalances: [Object]
    },
    UniswappyV2EthPair {
      _marketAddress: '0x38F75BBa32b6bfAc6B084779b8E25d361C12e683',
      _tokens: [Array],
      _protocol: '',
      _tokenBalances: [Object]
    },
    UniswappyV2EthPair {
      _marketAddress: '0x5A5d85E60fAB0067f3137856a7a85D8420718e09',
      _tokens: [Array],
      _protocol: '',
      _tokenBalances: [Object]
    }
  ],
  '0xfcb5DF42e06A39E233dc707bb3a80311eFD11576': [
    UniswappyV2EthPair {
      _marketAddress: '0x67c6EE119876E1d9A5Df3C486b5Cc802003Ad3d5',
      _tokens: [Array],
      _protocol: '',
      _tokenBalances: [Object]
    },
    UniswappyV2EthPair {
      _marketAddress: '0xf56FbFf8B5AE516Ea621B072AE497Cc2F784cD9f',
      _tokens: [Array],
      _protocol: '',
      _tokenBalances: [Object]
    },
    UniswappyV2EthPair {
      _marketAddress: '0x9e0B50940aF1828E61435183C3930edd50625451',
      _tokens: [Array],
      _protocol: '',
      _tokenBalances: [Object]
    }
  ],
  '0xB20C3C3F44b2AF0ee93Ab5Ebddb32AcCa0Fe04a2': [
    UniswappyV2EthPair {
      _marketAddress: '0x3931e4938e8b989F51186b2f2896f1382027C7E5',
      _tokens: [Array],
      _protocol: '',
      _tokenBalances: [Object]
    },
    UniswappyV2EthPair {
      _marketAddress: '0xB71D9b7E957FE0b3F6087043C4A3C29Acd883c75',
      _tokens: [Array],
      _protocol: '',
      _tokenBalances: [Object]
    }
  ],
  '0xe6DF05CE8C8301223373CF5B969AFCb1498c5528': [
    UniswappyV2EthPair {
      _marketAddress: '0x8db20e42052A08FbcB7BC18C968EDdc2d83EA0e3',
      _tokens: [Array],
      _protocol: '',
      _tokenBalances: [Object]
    },
    UniswappyV2EthPair {
      _marketAddress: '0xE427e21e4C4Dbb86D93b411a90e9Dc1d92318376',
      _tokens: [Array],
      _protocol: '',
      _tokenBalances: [Object]
    }
  ],
  '0x654456F62510EaBf663515f5b7df93b096BB7042': [
    UniswappyV2EthPair {
      _marketAddress: '0x005e054F2a36aaf5E6B13163Ee9b9af531C3B23c',
      _tokens: [Array],
      _protocol: '',
      _tokenBalances: [Object]
    },
    UniswappyV2EthPair {
      _marketAddress: '0x6BDb73941F03877569869bb22aFDb8B8e790e3fE',
      _tokens: [Array],
      _protocol: '',
      _tokenBalances: [Object]
    }
  ],
  '0x280a8f9FC9bCd8c17E5b60Ae87EEdFDf639F10B6': [
    UniswappyV2EthPair {
      _marketAddress: '0x815a585D265b1951564De9fb27E13142381e5899',
      _tokens: [Array],
      _protocol: '',
      _tokenBalances: [Object]
    },
    UniswappyV2EthPair {
      _marketAddress: '0xf553f4Dc25845A7c8cb7989e3Bbe5554EF5fCd06',
      _tokens: [Array],
      _protocol: '',
      _tokenBalances: [Object]
    }
  ],
  '0x897fE07d613037c206429628611A2665E18C657d': [
    UniswappyV2EthPair {
      _marketAddress: '0xeaF4b0538D6F1D75c1BEC1F1b391214Fc0B3A867',
      _tokens: [Array],
      _protocol: '',
      _tokenBalances: [Object]
    },
    UniswappyV2EthPair {
      _marketAddress: '0x559Fb01162CaE3bE3ed53D747f2029d4e777db0b',
      _tokens: [Array],
      _protocol: '',
      _tokenBalances: [Object]
    }
  ],
  '0x4d4e595d643dc61EA7FCbF12e4b1AAA39f9975B8': [
    UniswappyV2EthPair {
      _marketAddress: '0x229E9F691ed34cf4cb706Fae7bF65AeB9020E329',
      _tokens: [Array],
      _protocol: '',
      _tokenBalances: [Object]
    },
    UniswappyV2EthPair {
      _marketAddress: '0x0aa4B9bE1DbB8CbCA7BBDdDdB4F30894B1Afe85b',
      _tokens: [Array],
      _protocol: '',
      _tokenBalances: [Object]
    }
  ],
  '0x2EaE17386Ea67f0FA13485FA90851C03BDc5a7A9': [
    UniswappyV2EthPair {
      _marketAddress: '0x730b56b564362bf81e88cA6B0cd4898C4E4701C8',
      _tokens: [Array],
      _protocol: '',
      _tokenBalances: [Object]
    },
    UniswappyV2EthPair {
      _marketAddress: '0x0479Eaf1dB6dd801e3E4D92BdDecfB2F1a32490d',
      _tokens: [Array],
      _protocol: '',
      _tokenBalances: [Object]
    }
  ],
  '0x4247aeB8E759e575Fe350921cD174C48df304F2A': [
    UniswappyV2EthPair {
      _marketAddress: '0x3F10E6BfDc9eb24131151A90193581cCC7F15702',
      _tokens: [Array],
      _protocol: '',
      _tokenBalances: [Object]
    },
    UniswappyV2EthPair {
      _marketAddress: '0x115f50eC9Eebe808e788aD1cEE6cE85bAC0822eD',
      _tokens: [Array],
      _protocol: '',
      _tokenBalances: [Object]
    }
  ],
  '0x3664d30A612824617e3Cf6935d6c762c8B476eDA': [
    UniswappyV2EthPair {
      _marketAddress: '0x9b947628799b133df97315A8172627c9e46aBB1b',
      _tokens: [Array],
      _protocol: '',
      _tokenBalances: [Object]
    },
    UniswappyV2EthPair {
      _marketAddress: '0x4fE8016dd868CDfF7EF5a2a547012011feA5994C',
      _tokens: [Array],
      _protocol: '',
      _tokenBalances: [Object]
    },
    UniswappyV2EthPair {
      _marketAddress: '0x80BaB79E723Ae1D152531f49EB3DBeFde3799614',
      _tokens: [Array],
      _protocol: '',
      _tokenBalances: [Object]
    }
  ],
  '0x63870A18B6e42b01Ef1Ad8A2302ef50B7132054F': [
    UniswappyV2EthPair {
      _marketAddress: '0x537437A04Dee2b5E873dd9065b63feDAcb76C022',
      _tokens: [Array],
      _protocol: '',
      _tokenBalances: [Object]
    },
    UniswappyV2EthPair {
      _marketAddress: '0x356Dd24BfF8e23BdE0430f00ad0C290E33438bD7',
      _tokens: [Array],
      _protocol: '',
      _tokenBalances: [Object]
    },
    UniswappyV2EthPair {
      _marketAddress: '0xC743Dc05F03D25E1aF8eC5F8228f4BD25513c8d0',
      _tokens: [Array],
      _protocol: '',
      _tokenBalances: [Object]
    }
  ],
  '0x7f1C9c56e6b4b639008c03fb567FB76e9F2268B0': [
    UniswappyV2EthPair {
      _marketAddress: '0xFfCB81F3F69472b472F7814AAcA4DcAa767353F3',
      _tokens: [Array],
      _protocol: '',
      _tokenBalances: [Object]
    },
    UniswappyV2EthPair {
      _marketAddress: '0xd33842e9021F012C417436956803f6864B9406e5',
      _tokens: [Array],
      _protocol: '',
      _tokenBalances: [Object]
    }
  ],
  '0xBaD8571d81Ee4C459cA98494cd4A07367E10072F': [
    UniswappyV2EthPair {
      _marketAddress: '0x1662E5Ea992521BaD20032029d72AaB7316c7802',
      _tokens: [Array],
      _protocol: '',
      _tokenBalances: [Object]
    },
    UniswappyV2EthPair {
      _marketAddress: '0x83aD9010524F3e1641225cF50e4E768E23897ed0',
      _tokens: [Array],
      _protocol: '',
      _tokenBalances: [Object]
    }
  ],
  '0x250632378E573c6Be1AC2f97Fcdf00515d0Aa91B': [
    UniswappyV2EthPair {
      _marketAddress: '0x2fC2aD3c28560C97CAcA6D2DcF9B38614F48769A',
      _tokens: [Array],
      _protocol: '',
      _tokenBalances: [Object]
    },
    UniswappyV2EthPair {
      _marketAddress: '0x22671dfd5eda964a94D398A205346C23975D3FBA',
      _tokens: [Array],
      _protocol: '',
      _tokenBalances: [Object]
    },
    UniswappyV2EthPair {
      _marketAddress: '0xD6D97221068a200483d0Efe9ec2B27DDc52655a9',
      _tokens: [Array],
      _protocol: '',
      _tokenBalances: [Object]
    },
    UniswappyV2EthPair {
      _marketAddress: '0x81019ffD087a9c9E923ee15249C980D5726bC988',
      _tokens: [Array],
      _protocol: '',
      _tokenBalances: [Object]
    }
  ],
  '0xdc92264C868E730b7CdE5e1ae7bAE8650ab6d569': [
    UniswappyV2EthPair {
      _marketAddress: '0x4852d229736100f5567094d98651b0755bEA2DB3',
      _tokens: [Array],
      _protocol: '',
      _tokenBalances: [Object]
    },
    UniswappyV2EthPair {
      _marketAddress: '0x87700d97DAC8ba817c190a016cC874fA1a0c1fC3',
      _tokens: [Array],
      _protocol: '',
      _tokenBalances: [Object]
    }
  ],
  '0x00abaA93fAF8fDc4f382135a7A56F9Cf7C3EdD21': [
    UniswappyV2EthPair {
      _marketAddress: '0xF2cE130c198359c8749CF2C8D32D7b1417fF1c8e',
      _tokens: [Array],
      _protocol: '',
      _tokenBalances: [Object]
    },
    UniswappyV2EthPair {
      _marketAddress: '0xC0a49F540C08E64B739DbBBD2fed0c60263B33E9',
      _tokens: [Array],
      _protocol: '',
      _tokenBalances: [Object]
    }
  ],
  '0xdFF8cb622790b7F92686c722b02CaB55592f152C': [
    UniswappyV2EthPair {
      _marketAddress: '0xC2bca8af447322E34f89Aea0a0D5878e16852392',
      _tokens: [Array],
      _protocol: '',
      _tokenBalances: [Object]
    },
    UniswappyV2EthPair {
      _marketAddress: '0x1B415C3ec8095AfBF9d78882b3a6263c4ad141B5',
      _tokens: [Array],
      _protocol: '',
      _tokenBalances: [Object]
    },
    UniswappyV2EthPair {
      _marketAddress: '0x01ecc44Ddd2D104F44D2AA1A2bD9DFbC91aE8275',
      _tokens: [Array],
      _protocol: '',
      _tokenBalances: [Object]
    }
  ],
  '0x40318becc7106364D6C41981956423a7058b7455': [
    UniswappyV2EthPair {
      _marketAddress: '0x4Ad7b83AdDAc8146ae43eAaAc8051C3aA0587a87',
      _tokens: [Array],
      _protocol: '',
      _tokenBalances: [Object]
    },
    UniswappyV2EthPair {
      _marketAddress: '0x0fE4097e0d463254d485BFAC766deA7294585024',
      _tokens: [Array],
      _protocol: '',
      _tokenBalances: [Object]
    }
  ],
  '0x1fa31F67910cb7D20EC25d45636e64eD250D56e2': [
    UniswappyV2EthPair {
      _marketAddress: '0xf5680AD8876430e0efe03624f0DB76188bBB6583',
      _tokens: [Array],
      _protocol: '',
      _tokenBalances: [Object]
    },
    UniswappyV2EthPair {
      _marketAddress: '0x811c7143fd343E0C3A370f4A896D5DeeeFFcC4Fd',
      _tokens: [Array],
      _protocol: '',
      _tokenBalances: [Object]
    }
  ],
  '0x1189Cb79386bf2f309b86F3e3459a45CB2C05b94': [
    UniswappyV2EthPair {
      _marketAddress: '0x1329fe112AfD7F24eB302b3736Fb71BD0fecb1C6',
      _tokens: [Array],
      _protocol: '',
      _tokenBalances: [Object]
    },
    UniswappyV2EthPair {
      _marketAddress: '0x71f5dFf7800b61B7281514C3ABe916d36Baf400D',
      _tokens: [Array],
      _protocol: '',
      _tokenBalances: [Object]
    }
  ],
  '0x1F01Dc57C66C2f87D8eab9C625D335e9defE6912': [
    UniswappyV2EthPair {
      _marketAddress: '0x6FA6c86673ad5CeAA239D8b8082e63BcEcCAD463',
      _tokens: [Array],
      _protocol: '',
      _tokenBalances: [Object]
    },
    UniswappyV2EthPair {
      _marketAddress: '0x304aE067f223c56bc273AA65631630d473718602',
      _tokens: [Array],
      _protocol: '',
      _tokenBalances: [Object]
    }
  ],
  '0x31e5b96e5D4190bCb5245CBa71736736b5Ab060a': [
    UniswappyV2EthPair {
      _marketAddress: '0x0bA9b41CBFeAba459672964ba59D597b3579649d',
      _tokens: [Array],
      _protocol: '',
      _tokenBalances: [Object]
    },
    UniswappyV2EthPair {
      _marketAddress: '0x172E03BeA330EeF3256D177c7a0016C28A6D995A',
      _tokens: [Array],
      _protocol: '',
      _tokenBalances: [Object]
    }
  ],
  '0x4855a6F6ec544804e51392E563591BCC2F870705': [
    UniswappyV2EthPair {
      _marketAddress: '0xC300eb4D99386a37730D6Cf60d060D5A4c9dd25b',
      _tokens: [Array],
      _protocol: '',
      _tokenBalances: [Object]
    },
    UniswappyV2EthPair {
      _marketAddress: '0x1F5A17835c0497f39e8E7e4b20b3e9041A4C293b',
      _tokens: [Array],
      _protocol: '',
      _tokenBalances: [Object]
    }
  ],
  '0x541E619858737031A1244A5d0Cd47E5ef480342c': [
    UniswappyV2EthPair {
      _marketAddress: '0x861949Dc2ab6AFd40Bb098B2524609cF885C67F2',
      _tokens: [Array],
      _protocol: '',
      _tokenBalances: [Object]
    },
    UniswappyV2EthPair {
      _marketAddress: '0xe064C2Bc6FC489b894af591C45A1046b951eDC49',
      _tokens: [Array],
      _protocol: '',
      _tokenBalances: [Object]
    },
    UniswappyV2EthPair {
      _marketAddress: '0x7653D2c31440f04d2c6520D482dC5DbD7650f70a',
      _tokens: [Array],
      _protocol: '',
      _tokenBalances: [Object]
    },
    UniswappyV2EthPair {
      _marketAddress: '0xFfb9E2d5ce4378F1a89b29bf53F80804CC078102',
      _tokens: [Array],
      _protocol: '',
      _tokenBalances: [Object]
    }
  ],
  '0x9045B0eda6B6A556cf9B3d81C2db47411714f847': [
    UniswappyV2EthPair {
      _marketAddress: '0x5264e07B93baC8baA00807A63Fe52C7A2Ad55319',
      _tokens: [Array],
      _protocol: '',
      _tokenBalances: [Object]
    },
    UniswappyV2EthPair {
      _marketAddress: '0x9f12Cd74Fc23FDD98269d7f26474b9DD3b00A488',
      _tokens: [Array],
      _protocol: '',
      _tokenBalances: [Object]
    },
    UniswappyV2EthPair {
      _marketAddress: '0x51D810d76E46c5Acd47F5D22F3dbCc1951Eecdc0',
      _tokens: [Array],
      _protocol: '',
      _tokenBalances: [Object]
    }
  ],
  '0x79191D164F4D9c689C47aa16f99Bf0e5a955c676': [
    UniswappyV2EthPair {
      _marketAddress: '0x4b32C15E22932feae7189361F886fbe3293ADBB2',
      _tokens: [Array],
      _protocol: '',
      _tokenBalances: [Object]
    },
    UniswappyV2EthPair {
      _marketAddress: '0x4dA98a6d292b185c9Fc2fDaD5d9276331bB39c90',
      _tokens: [Array],
      _protocol: '',
      _tokenBalances: [Object]
    }
  ],
  '0x1430C804B8309FB38Aa4f6e953c2178c7fc62e34': [
    UniswappyV2EthPair {
      _marketAddress: '0x0b4828740aB9fCEd32C786fb9E60A1e6BBdc15f2',
      _tokens: [Array],
      _protocol: '',
      _tokenBalances: [Object]
    },
    UniswappyV2EthPair {
      _marketAddress: '0x693d599E163C327BC3E86F9e51E2323222C418E7',
      _tokens: [Array],
      _protocol: '',
      _tokenBalances: [Object]
    }
  ],
  '0xC484f7c862036143aB83E7972B08F4BFe3533628': [
    UniswappyV2EthPair {
      _marketAddress: '0xfF9F5E9AF3a1DF9fA4d3f4A272236598c94a5217',
      _tokens: [Array],
      _protocol: '',
      _tokenBalances: [Object]
    },
    UniswappyV2EthPair {
      _marketAddress: '0x2f318a6E698Ca11eC768e321D82C880Cf3246d29',
      _tokens: [Array],
      _protocol: '',
      _tokenBalances: [Object]
    }
  ],
  '0x4206931337dc273a630d328dA6441786BfaD668f': [
    UniswappyV2EthPair {
      _marketAddress: '0xe1480027aAdbD9d9a4Dc6f5d65f8b0DfA7A9D4d4',
      _tokens: [Array],
      _protocol: '',
      _tokenBalances: [Object]
    },
    UniswappyV2EthPair {
      _marketAddress: '0x1D51f1f6Da2D274534c93a52303a39C286EC9B8F',
      _tokens: [Array],
      _protocol: '',
      _tokenBalances: [Object]
    }
  ],
  '0xE561479bEbEE0e606c19bB1973Fc4761613e3C42': [
    UniswappyV2EthPair {
      _marketAddress: '0x2D7E1D03Da469569acb6F0fa80F0a1B2636CaC7F',
      _tokens: [Array],
      _protocol: '',
      _tokenBalances: [Object]
    },
    UniswappyV2EthPair {
      _marketAddress: '0x730E2065b9dAeE84C3003C05Bf6D2b3A08e55667',
      _tokens: [Array],
      _protocol: '',
      _tokenBalances: [Object]
    }
  ],
  '0xf6B53b4c982b9B7e87af9dc5c66C85117A5df303': [
    UniswappyV2EthPair {
      _marketAddress: '0xBf211fd2a785AEb559747d5f6F4931E2A7A840b2',
      _tokens: [Array],
      _protocol: '',
      _tokenBalances: [Object]
    },
    UniswappyV2EthPair {
      _marketAddress: '0x41A33c534Cde54B28e5aEcA8423da2dEAb0774fd',
      _tokens: [Array],
      _protocol: '',
      _tokenBalances: [Object]
    }
  ],
  '0x820d3C1407C424286856045ac31fD074c7FBD206': [
    UniswappyV2EthPair {
      _marketAddress: '0x7A40BcafA1c8a771dE2BF9c257BC2316cC3d5A73',
      _tokens: [Array],
      _protocol: '',
      _tokenBalances: [Object]
    },
    UniswappyV2EthPair {
      _marketAddress: '0x57c314F16549cDff8b11C095991Bc8a4FfC291cc',
      _tokens: [Array],
      _protocol: '',
      _tokenBalances: [Object]
    }
  ],
  '0xba4Ce0070deEf6703e1b47bFDe36f41Ade70df2D': [
    UniswappyV2EthPair {
      _marketAddress: '0x941d7dBFF850a69c0C99c42f6CBE6F96fc99149c',
      _tokens: [Array],
      _protocol: '',
      _tokenBalances: [Object]
    },
    UniswappyV2EthPair {
      _marketAddress: '0x8f3453C91ebB039B05a55e1e752cfb6D7C04252F',
      _tokens: [Array],
      _protocol: '',
      _tokenBalances: [Object]
    }
  ],
  '0xc128a5420327004f628948f5E496494EF5750654': [
    UniswappyV2EthPair {
      _marketAddress: '0x1Fe1376e28a32AfF0b8e8Ca6A2f4cD35A1ca2505',
      _tokens: [Array],
      _protocol: '',
      _tokenBalances: [Object]
    },
    UniswappyV2EthPair {
      _marketAddress: '0x9Bdac17a9EeAf407A015e0Ccfd6f29F631f3FFBf',
      _tokens: [Array],
      _protocol: '',
      _tokenBalances: [Object]
    }
  ],
  '0x855fD65272bB636a83c40Dc49d9afe73f69b2c3D': [
    UniswappyV2EthPair {
      _marketAddress: '0xA103962c5FDda15DF1Cd897d9e9BF2892691E740',
      _tokens: [Array],
      _protocol: '',
      _tokenBalances: [Object]
    },
    UniswappyV2EthPair {
      _marketAddress: '0x61b6b1aAa333d28b315450e35422dd980137C933',
      _tokens: [Array],
      _protocol: '',
      _tokenBalances: [Object]
    }
  ],
  '0x9806aec346064183b5cE441313231DFf89811f7A': [
    UniswappyV2EthPair {
      _marketAddress: '0x8bA38729af39aF22B20BE5b9302d407e67824237',
      _tokens: [Array],
      _protocol: '',
      _tokenBalances: [Object]
    },
    UniswappyV2EthPair {
      _marketAddress: '0x8fa2DF4fc993898de77839A83c69Cb3640a5BccB',
      _tokens: [Array],
      _protocol: '',
      _tokenBalances: [Object]
    },
    UniswappyV2EthPair {
      _marketAddress: '0xC728D9E8b853f9add3C8340a7990EacBe724458b',
      _tokens: [Array],
      _protocol: '',
      _tokenBalances: [Object]
    }
  ],
  '0x9d8AAC497A4b8fe697dd63101d793F0C6A6EEbB6': [
    UniswappyV2EthPair {
      _marketAddress: '0x6ba40C79C2Da5d6faF29B1eDac8C15e1fb8f7aB1',
      _tokens: [Array],
      _protocol: '',
      _tokenBalances: [Object]
    },
    UniswappyV2EthPair {
      _marketAddress: '0x4eF5C01c4ceCD87CfdC604edA447e5890a0c1b9E',
      _tokens: [Array],
      _protocol: '',
      _tokenBalances: [Object]
    }
  ],
  '0x0F8a4B1C3d16EE64A8feBcDDC24b5F39da54b708': [
    UniswappyV2EthPair {
      _marketAddress: '0x00a609412d619335f04B8a01D52b99bdA11DfbE7',
      _tokens: [Array],
      _protocol: '',
      _tokenBalances: [Object]
    },
    UniswappyV2EthPair {
      _marketAddress: '0xc9c4db9AB0A0564ffF0b6Bf31B0D793Af98a4Db2',
      _tokens: [Array],
      _protocol: '',
      _tokenBalances: [Object]
    }
  ],
  '0x355ad7aBB7bdD53beC94c068F3ABbCB2E2571d0D': [
    UniswappyV2EthPair {
      _marketAddress: '0x297cda172d8AB959EBC404Fa8fdD589DdC484A1B',
      _tokens: [Array],
      _protocol: '',
      _tokenBalances: [Object]
    },
    UniswappyV2EthPair {
      _marketAddress: '0x9F4c08Aa169973D23a90F79e2650eE81E0748462',
      _tokens: [Array],
      _protocol: '',
      _tokenBalances: [Object]
    }
  ],
  '0xc0ABD855e68090D14a8b18aaaAcD0A35E5Fd3004': [
    UniswappyV2EthPair {
      _marketAddress: '0xeEDd7953e931A88829f331D111C0A9F50cA2262D',
      _tokens: [Array],
      _protocol: '',
      _tokenBalances: [Object]
    },
    UniswappyV2EthPair {
      _marketAddress: '0x9EEB36b7F33CeE47DA9Ff65514B72F50c2Ca60b9',
      _tokens: [Array],
      _protocol: '',
      _tokenBalances: [Object]
    }
  ],
  '0x3ad28Eb2e0970F7b925a2E242EE0aAa99f55a6C3': [
    UniswappyV2EthPair {
      _marketAddress: '0x1D7a177eA6f4B72AEa1F24eF9892B8502215D3E4',
      _tokens: [Array],
      _protocol: '',
      _tokenBalances: [Object]
    },
    UniswappyV2EthPair {
      _marketAddress: '0xc3f361f809DE0434B31364Be0Ea864f8587C22B9',
      _tokens: [Array],
      _protocol: '',
      _tokenBalances: [Object]
    }
  ],
  '0xb9b29910e6495ed1B98A637aCa74AAa13Bc84b05': [
    UniswappyV2EthPair {
      _marketAddress: '0x70C52199a6aa1aCf6f6377fd2F26dFa8a1BC95Df',
      _tokens: [Array],
      _protocol: '',
      _tokenBalances: [Object]
    },
    UniswappyV2EthPair {
      _marketAddress: '0xacE4A3BD29BA676c73D103C171FD53410AbF5db3',
      _tokens: [Array],
      _protocol: '',
      _tokenBalances: [Object]
    }
  ],
  '0x86f3496b0Ff38A17c1A361ef6Cc5d040853eb0b7': [
    UniswappyV2EthPair {
      _marketAddress: '0xEB5d2D4D6aE9896B09C23307A26AF06A7FFB34cb',
      _tokens: [Array],
      _protocol: '',
      _tokenBalances: [Object]
    },
    UniswappyV2EthPair {
      _marketAddress: '0x8d0167aB78841000074DEFB0820e85873Ad1f060',
      _tokens: [Array],
      _protocol: '',
      _tokenBalances: [Object]
    }
  ],
  '0x16d9FA184E3B10a0013Ee466bAcdC9982abfEe1D': [
    UniswappyV2EthPair {
      _marketAddress: '0x1bf1AAe62511263343a2e2C9fd61286B0D13C825',
      _tokens: [Array],
      _protocol: '',
      _tokenBalances: [Object]
    },
    UniswappyV2EthPair {
      _marketAddress: '0xa3942E0c1a7e358c8267534D03F72F2B3bdb5016',
      _tokens: [Array],
      _protocol: '',
      _tokenBalances: [Object]
    }
  ],
  '0x3Fd9e7041C45622e8026199A46f763C9807f66f3': [
    UniswappyV2EthPair {
      _marketAddress: '0x3Ca09E5b350AC6f13455829c585F3A4E633759Bd',
      _tokens: [Array],
      _protocol: '',
      _tokenBalances: [Object]
    },
    UniswappyV2EthPair {
      _marketAddress: '0x32aC84a5d8aC99934BdF55Bd61f1F87c0CFA434F',
      _tokens: [Array],
      _protocol: '',
      _tokenBalances: [Object]
    },
    UniswappyV2EthPair {
      _marketAddress: '0x060425E600893F24847c6eb6aD3d1Cd6faecb1Bc',
      _tokens: [Array],
      _protocol: '',
      _tokenBalances: [Object]
    }
  ],
  '0x67c3a528C13d5b03fc5d4f847fcc8F290Dd276b7': [
    UniswappyV2EthPair {
      _marketAddress: '0xb70FEC27888002022431A052C63C63bB3DBe5E5e',
      _tokens: [Array],
      _protocol: '',
      _tokenBalances: [Object]
    },
    UniswappyV2EthPair {
      _marketAddress: '0xb3Ba255f113f3b0A0FB6EE0C236a5d43a20CEB5B',
      _tokens: [Array],
      _protocol: '',
      _tokenBalances: [Object]
    }
  ],
  '0xDCbc885e66AA5f4C340eF3995beF2d5DA71227eF': [
    UniswappyV2EthPair {
      _marketAddress: '0xcC1bE2176750883A693058578C38e634C3f67A5D',
      _tokens: [Array],
      _protocol: '',
      _tokenBalances: [Object]
    },
    UniswappyV2EthPair {
      _marketAddress: '0x2e65B9B9bb8E498DE615eE4F73fDDeA4a987BB97',
      _tokens: [Array],
      _protocol: '',
      _tokenBalances: [Object]
    }
  ],
  '0xA06f1Dee3046ff6ACB3EE1B701EF95C8dC9b7279': [
    UniswappyV2EthPair {
      _marketAddress: '0x6949ED0da1bb5c080aA04ad70bbe7F64008b2225',
      _tokens: [Array],
      _protocol: '',
      _tokenBalances: [Object]
    },
    UniswappyV2EthPair {
      _marketAddress: '0x0B02dCeda47a7515A7c77bDAC226a16c58c84F0D',
      _tokens: [Array],
      _protocol: '',
      _tokenBalances: [Object]
    }
  ],
  '0x93e7567f277F353d241973d6f85b5feA1dD84C10': [
    UniswappyV2EthPair {
      _marketAddress: '0xf2c918eAF827D40614c54452EBB1c6e84B8CcbC9',
      _tokens: [Array],
      _protocol: '',
      _tokenBalances: [Object]
    },
    UniswappyV2EthPair {
      _marketAddress: '0x618Be2eeE5BC843b671e0C870474c04950Cd1f4c',
      _tokens: [Array],
      _protocol: '',
      _tokenBalances: [Object]
    }
  ],
  '0x7bB975F06dAbEb45c7D4c869Ba20D28D1C254393': [
    UniswappyV2EthPair {
      _marketAddress: '0x36195dedeF8E5A905C438645d704258cD7e55393',
      _tokens: [Array],
      _protocol: '',
      _tokenBalances: [Object]
    },
    UniswappyV2EthPair {
      _marketAddress: '0x0CEe4A117527Ab9E70a2fE358fb7099F435b9E26',
      _tokens: [Array],
      _protocol: '',
      _tokenBalances: [Object]
    }
  ],
  '0x80C0159aa268fEd667D25cE6159A34B73EfbfCE4': [
    UniswappyV2EthPair {
      _marketAddress: '0x52691bF0c9b226118ADEf0C282eE648C2CA7a55E',
      _tokens: [Array],
      _protocol: '',
      _tokenBalances: [Object]
    },
    UniswappyV2EthPair {
      _marketAddress: '0x669d3BF40954B8E9B7362fd5E6BD6536f3c90675',
      _tokens: [Array],
      _protocol: '',
      _tokenBalances: [Object]
    }
  ],
  '0xD3A3A69c575D81CE8E7cF1298cE760055A5669c1': [
    UniswappyV2EthPair {
      _marketAddress: '0xE47d1B09a78beDc44B42d43255b87c0fC048Ee19',
      _tokens: [Array],
      _protocol: '',
      _tokenBalances: [Object]
    },
    UniswappyV2EthPair {
      _marketAddress: '0x7192698Bd1d899211770C3F4695A43A3C15B6d0a',
      _tokens: [Array],
      _protocol: '',
      _tokenBalances: [Object]
    },
    UniswappyV2EthPair {
      _marketAddress: '0x2F3685E123F9C907c18b9267f2dd384d6dD1995B',
      _tokens: [Array],
      _protocol: '',
      _tokenBalances: [Object]
    }
  ],
  '0x73854245C99529C4625139041D96Fc4E42714c51': [
    UniswappyV2EthPair {
      _marketAddress: '0x654dE4B9170b6EF1aA7E185ecF9878A27073A8A5',
      _tokens: [Array],
      _protocol: '',
      _tokenBalances: [Object]
    },
    UniswappyV2EthPair {
      _marketAddress: '0xcEC1e8045D75E059e5040aEA51c8E9080878B46a',
      _tokens: [Array],
      _protocol: '',
      _tokenBalances: [Object]
    }
  ],
  '0x2fF3f078DDd0C13Fd55bB45418730995Bfb6e908': [
    UniswappyV2EthPair {
      _marketAddress: '0x9D8CdA8b6Cd7E73E322584c6aB2B519d1b0b2795',
      _tokens: [Array],
      _protocol: '',
      _tokenBalances: [Object]
    },
    UniswappyV2EthPair {
      _marketAddress: '0x2D115768848Ab0E016AD2F48e2ded768C0Ac2cF9',
      _tokens: [Array],
      _protocol: '',
      _tokenBalances: [Object]
    }
  ],
  '0x2a4C94B84B942e1180FDEE7c096b9372a704d5B6': [
    UniswappyV2EthPair {
      _marketAddress: '0x6ad69575fE9A116e8175274Ef95F573b93625C5E',
      _tokens: [Array],
      _protocol: '',
      _tokenBalances: [Object]
    },
    UniswappyV2EthPair {
      _marketAddress: '0x77df58017F1ACD41A868166A07695D7715BBD901',
      _tokens: [Array],
      _protocol: '',
      _tokenBalances: [Object]
    }
  ],
  '0xc4b6F32B84657E9f6a73fE119f0967bE5bA8CF05': [
    UniswappyV2EthPair {
      _marketAddress: '0x3E8e3D0C58ec2e6c79A24268B1EE512249Ae7d50',
      _tokens: [Array],
      _protocol: '',
      _tokenBalances: [Object]
    },
    UniswappyV2EthPair {
      _marketAddress: '0x069784Dd0e8326C849075270c14903b77A416cC2',
      _tokens: [Array],
      _protocol: '',
      _tokenBalances: [Object]
    }
  ],
  '0xA520d7177BF0717bAa98c87c55bD834C55fe27a2': [
    UniswappyV2EthPair {
      _marketAddress: '0x8a490247c89571a37C0dF9D070A0f0B3360F7CD7',
      _tokens: [Array],
      _protocol: '',
      _tokenBalances: [Object]
    },
    UniswappyV2EthPair {
      _marketAddress: '0x026b121973BACDee96EeaBD468Cda2c97C0C81B3',
      _tokens: [Array],
      _protocol: '',
      _tokenBalances: [Object]
    }
  ],
  '0x3633144e8fA5E11f56Ff0B6eE00FE20F5fAd52D4': [
    UniswappyV2EthPair {
      _marketAddress: '0x1Bb323ae0d09E8213A54907d068D7e0a241A67F7',
      _tokens: [Array],
      _protocol: '',
      _tokenBalances: [Object]
    },
    UniswappyV2EthPair {
      _marketAddress: '0x6e6b88df3cf777b4e26cEf71c20fF37f04dE4A01',
      _tokens: [Array],
      _protocol: '',
      _tokenBalances: [Object]
    }
  ],
  '0xdCA8a5bb74Ec9536D13511C51f6A68821Bf6a1a6': [
    UniswappyV2EthPair {
      _marketAddress: '0x41f2eebcF4E92aB2D3ADD7581c97d4205970Bddc',
      _tokens: [Array],
      _protocol: '',
      _tokenBalances: [Object]
    },
    UniswappyV2EthPair {
      _marketAddress: '0xCbc85BcD677760BB8F6128703416b53811Ce5a81',
      _tokens: [Array],
      _protocol: '',
      _tokenBalances: [Object]
    },
    UniswappyV2EthPair {
      _marketAddress: '0x1fD26Dfd27f40E959fcf1cf42dC0Dc4380e496AA',
      _tokens: [Array],
      _protocol: '',
      _tokenBalances: [Object]
    }
  ],
  '0xb1b17DFf66d75b29d34f0Bf8622c406D8219B507': [
    UniswappyV2EthPair {
      _marketAddress: '0x3ed6453075a56289C465BA819Eb99352A13eB602',
      _tokens: [Array],
      _protocol: '',
      _tokenBalances: [Object]
    },
    UniswappyV2EthPair {
      _marketAddress: '0x6fb4C0E59501E5F1B82C9a49cd70ff1CFE102852',
      _tokens: [Array],
      _protocol: '',
      _tokenBalances: [Object]
    },
    UniswappyV2EthPair {
      _marketAddress: '0xe738c35f8DEfac2517170e3c8AC1C85fFDE6Ff2B',
      _tokens: [Array],
      _protocol: '',
      _tokenBalances: [Object]
    }
  ],
  '0xe1eA2E1907d93F154234CE3b5A7418faf175fE11': [
    UniswappyV2EthPair {
      _marketAddress: '0x2077bB2BAbf6e78dE2825143a1C03AbFe974DbeA',
      _tokens: [Array],
      _protocol: '',
      _tokenBalances: [Object]
    },
    UniswappyV2EthPair {
      _marketAddress: '0xD712c16e0f6955dB04d4E6167f485Cb227a0f6Ae',
      _tokens: [Array],
      _protocol: '',
      _tokenBalances: [Object]
    },
    UniswappyV2EthPair {
      _marketAddress: '0xCcdAB1c5aE3d3EB31D81B3DF3F69ff750A608830',
      _tokens: [Array],
      _protocol: '',
      _tokenBalances: [Object]
    }
  ],
  '0x279d41f3f78fe5C1f0BA41aE963d6E545113C973': [
    UniswappyV2EthPair {
      _marketAddress: '0x04146F8230C02fb88C78802413F83D3B829A27dB',
      _tokens: [Array],
      _protocol: '',
      _tokenBalances: [Object]
    },
    UniswappyV2EthPair {
      _marketAddress: '0x3512D9a9d3F369e3258D4a75D3B471CA9F37CC86',
      _tokens: [Array],
      _protocol: '',
      _tokenBalances: [Object]
    }
  ],
  '0x1d9984B2b493be23A7d572BC77Ef6A8da1DA85EE': [
    UniswappyV2EthPair {
      _marketAddress: '0xd7609D88b1aCdd69cB5F66888A0771902E796e98',
      _tokens: [Array],
      _protocol: '',
      _tokenBalances: [Object]
    },
    UniswappyV2EthPair {
      _marketAddress: '0x296568A213850335f91406CF075B4d1714B81370',
      _tokens: [Array],
      _protocol: '',
      _tokenBalances: [Object]
    }
  ],
  '0x40C6BCE4EE70ef57E065a91FBF233E427e32fF71': [
    UniswappyV2EthPair {
      _marketAddress: '0xEb4d7f3079cF49284C31d4459e4ad08AdA78a9BE',
      _tokens: [Array],
      _protocol: '',
      _tokenBalances: [Object]
    },
    UniswappyV2EthPair {
      _marketAddress: '0x98465874840a6FD1e3DBB7Eddb358AA9f1feEfDc',
      _tokens: [Array],
      _protocol: '',
      _tokenBalances: [Object]
    }
  ],
  '0xAC51066d7bEC65Dc4589368da368b212745d63E8': [
    UniswappyV2EthPair {
      _marketAddress: '0x7Dc46c32D9C72DCf190269f127E03ED8c967d87F',
      _tokens: [Array],
      _protocol: '',
      _tokenBalances: [Object]
    },
    UniswappyV2EthPair {
      _marketAddress: '0xcAD7019D6d84a3294b0494aEF02e73BD0f2572Eb',
      _tokens: [Array],
      _protocol: '',
      _tokenBalances: [Object]
    },
    UniswappyV2EthPair {
      _marketAddress: '0xe022baa3E5E87658f789c9132B10d7425Fd3a389',
      _tokens: [Array],
      _protocol: '',
      _tokenBalances: [Object]
    }
  ],
  '0x51CA0B3Aefa6fDB2575b70D9ACcb42B30060f4a0': [
    UniswappyV2EthPair {
      _marketAddress: '0x63d2E160cC0ECdb4B96802308d779758ddEDf90B',
      _tokens: [Array],
      _protocol: '',
      _tokenBalances: [Object]
    },
    UniswappyV2EthPair {
      _marketAddress: '0x1B29f680Ef6570e409DEFC19272C4aA0535F2370',
      _tokens: [Array],
      _protocol: '',
      _tokenBalances: [Object]
    }
  ],
  '0x338d44d19c8d45ed9771b8D2B95D988F0e42187F': [
    UniswappyV2EthPair {
      _marketAddress: '0x69b45802Bb25E2949b49b2A2946cFCA6648A36CC',
      _tokens: [Array],
      _protocol: '',
      _tokenBalances: [Object]
    },
    UniswappyV2EthPair {
      _marketAddress: '0x8aa21135F64Ce3f1764715d757e6f8eFa09c9922',
      _tokens: [Array],
      _protocol: '',
      _tokenBalances: [Object]
    }
  ],
  '0xB0a1DE764A033A76f28E821fBe402EDBFEe937dB': [
    UniswappyV2EthPair {
      _marketAddress: '0x6f6fd56553F47e438BD47560f25B10834E6a39c9',
      _tokens: [Array],
      _protocol: '',
      _tokenBalances: [Object]
    },
    UniswappyV2EthPair {
      _marketAddress: '0x67373BaC49746Ac2cE4c288dAb317183576Ac857',
      _tokens: [Array],
      _protocol: '',
      _tokenBalances: [Object]
    },
    UniswappyV2EthPair {
      _marketAddress: '0x91479888A889e4ceC557F15C9554255F43DC9E1C',
      _tokens: [Array],
      _protocol: '',
      _tokenBalances: [Object]
    }
  ],
  '0xBe743913b558C195a85F01aEDfEBb7027fBf25ab': [
    UniswappyV2EthPair {
      _marketAddress: '0x1001b68B1746ed7caF52957BEB8B1c0B89522614',
      _tokens: [Array],
      _protocol: '',
      _tokenBalances: [Object]
    },
    UniswappyV2EthPair {
      _marketAddress: '0x9d542E052cb58af85013D765bf78703187B4e496',
      _tokens: [Array],
      _protocol: '',
      _tokenBalances: [Object]
    }
  ],
  '0x04AD13a645748CEE762F11E43386FE2a275885b4': [
    UniswappyV2EthPair {
      _marketAddress: '0x22210B7e12702644c0b360ceA26219E4A3fDfEE2',
      _tokens: [Array],
      _protocol: '',
      _tokenBalances: [Object]
    },
    UniswappyV2EthPair {
      _marketAddress: '0x5e8023e71963D670F10C496CEE5223F64E18450d',
      _tokens: [Array],
      _protocol: '',
      _tokenBalances: [Object]
    }
  ],
  '0xeA02156f1892c2572BE8FD1A8C170Bb9d98FC7a5': [
    UniswappyV2EthPair {
      _marketAddress: '0xB5CA367F1e51e9653553B98f11DA94531e19ebc0',
      _tokens: [Array],
      _protocol: '',
      _tokenBalances: [Object]
    },
    UniswappyV2EthPair {
      _marketAddress: '0x6CE1D1B9448CC1E56D362620E91700FbA0149Ff7',
      _tokens: [Array],
      _protocol: '',
      _tokenBalances: [Object]
    }
  ],
  '0x3Eb5713CBFa8e30cF9a0EF2c3F1372E450242b58': [
    UniswappyV2EthPair {
      _marketAddress: '0xCD5C37d716D4ec688e02F4410e41D8Cd2e8C4D09',
      _tokens: [Array],
      _protocol: '',
      _tokenBalances: [Object]
    },
    UniswappyV2EthPair {
      _marketAddress: '0xdEd27a089e5cD717B0D47D6e5a9e4F1bF5F2Db03',
      _tokens: [Array],
      _protocol: '',
      _tokenBalances: [Object]
    }
  ],
  '0x9751afB4C102CCE9C2bE87FC4dEC238Be7fc625a': [
    UniswappyV2EthPair {
      _marketAddress: '0x80015ca83CCAa9DAfcf2b518379A8eA63B5E3E9c',
      _tokens: [Array],
      _protocol: '',
      _tokenBalances: [Object]
    },
    UniswappyV2EthPair {
      _marketAddress: '0xf1E1FB8c35cA4831f0b14e8eb39a56f5789F2C18',
      _tokens: [Array],
      _protocol: '',
      _tokenBalances: [Object]
    }
  ],
  '0x49F3FFe56888B587d97B6bfc8c89503c406B7C5b': [
    UniswappyV2EthPair {
      _marketAddress: '0xA5aB925FE694179B6F356b8cbF59a628ce39ffE6',
      _tokens: [Array],
      _protocol: '',
      _tokenBalances: [Object]
    },
    UniswappyV2EthPair {
      _marketAddress: '0xd5bd685B9E53C4ADDB82A9F05b80E6a43a51041A',
      _tokens: [Array],
      _protocol: '',
      _tokenBalances: [Object]
    }
  ],
  '0xc5ffD305Fe4899DE7D673439dB7a5A2C6768AB84': [
    UniswappyV2EthPair {
      _marketAddress: '0xE6DE26690413424BFABC51996ce3a892AEB13420',
      _tokens: [Array],
      _protocol: '',
      _tokenBalances: [Object]
    },
    UniswappyV2EthPair {
      _marketAddress: '0x5E1aaD9Df7404b1efc9f8280D3d9329F840873EE',
      _tokens: [Array],
      _protocol: '',
      _tokenBalances: [Object]
    }
  ],
  '0x80Dd27d8C389b1cb44FF366e048B0214d7519dc9': [
    UniswappyV2EthPair {
      _marketAddress: '0x20a237902FEd693dc925c51c7b08F659D1dEC21A',
      _tokens: [Array],
      _protocol: '',
      _tokenBalances: [Object]
    },
    UniswappyV2EthPair {
      _marketAddress: '0x5F8E37B43C31504689d2eECf1aE1b4f1BB37a233',
      _tokens: [Array],
      _protocol: '',
      _tokenBalances: [Object]
    }
  ],
  '0x5f99ACF13CAff815DD9cB4A415c0fB34e9F4545b': [
    UniswappyV2EthPair {
      _marketAddress: '0xAb8f32d5e14d84B21BeFe0cc57B63E086Af558e1',
      _tokens: [Array],
      _protocol: '',
      _tokenBalances: [Object]
    },
    UniswappyV2EthPair {
      _marketAddress: '0x87a492B19E210177E9c63938b3299770a49f14A5',
      _tokens: [Array],
      _protocol: '',
      _tokenBalances: [Object]
    }
  ],
  '0xE4fA3C576c31696322e8d7165C5965d5a1F6A1A5': [
    UniswappyV2EthPair {
      _marketAddress: '0xFf2c85F199532bF30827416896d0809897208126',
      _tokens: [Array],
      _protocol: '',
      _tokenBalances: [Object]
    },
    UniswappyV2EthPair {
      _marketAddress: '0x8aeddafF9499D6BA10C75C6C45c6ffc75211468e',
      _tokens: [Array],
      _protocol: '',
      _tokenBalances: [Object]
    }
  ],
  '0xBa79f0bE1D86723CcE79Df7E9d3aae972f06DF2E': [
    UniswappyV2EthPair {
      _marketAddress: '0xDA5E1594f03602052FA4fd8a196fEAf4E4B9247f',
      _tokens: [Array],
      _protocol: '',
      _tokenBalances: [Object]
    },
    UniswappyV2EthPair {
      _marketAddress: '0x77D9c889058FBD714fE0A208e9A3EdfbC991d055',
      _tokens: [Array],
      _protocol: '',
      _tokenBalances: [Object]
    }
  ],
  '0xf391231D3797B0187C32F8967Ab2bf80A7872038': [
    UniswappyV2EthPair {
      _marketAddress: '0x524497bAEB84E1eC6e215cCC687432c2fE1b820f',
      _tokens: [Array],
      _protocol: '',
      _tokenBalances: [Object]
    },
    UniswappyV2EthPair {
      _marketAddress: '0x59Ee05EE0fA72B86F53cdf2002257f7A57b9308F',
      _tokens: [Array],
      _protocol: '',
      _tokenBalances: [Object]
    }
  ],
  '0xAD2726074716EF235CC5bA3358a064d14C7db2FD': [
    UniswappyV2EthPair {
      _marketAddress: '0xA189AbD6728e59b4e3016D4d0e2002930D658B79',
      _tokens: [Array],
      _protocol: '',
      _tokenBalances: [Object]
    },
    UniswappyV2EthPair {
      _marketAddress: '0x1d7c3306a48F8c37560e06676Fc5393C5a33282e',
      _tokens: [Array],
      _protocol: '',
      _tokenBalances: [Object]
    }
  ],
  '0x900066A04FFCAC7EA0A5F472221A56aC6136dAD0': [
    UniswappyV2EthPair {
      _marketAddress: '0xef374358Bea77f9e2D1D0Eac7D6A7fb4f81f1496',
      _tokens: [Array],
      _protocol: '',
      _tokenBalances: [Object]
    },
    UniswappyV2EthPair {
      _marketAddress: '0x797927fA3758248479404b1a7AaEa637e174eE73',
      _tokens: [Array],
      _protocol: '',
      _tokenBalances: [Object]
    }
  ],
  '0xc9b135e7Ae2D61E374C0B3bFE654cB0ce6C28293': [
    UniswappyV2EthPair {
      _marketAddress: '0x95e8D7cc9111bf0F8163cC6B16E4dA250e3F6B74',
      _tokens: [Array],
      _protocol: '',
      _tokenBalances: [Object]
    },
    UniswappyV2EthPair {
      _marketAddress: '0x5Bb3be911de9d5440e9FE6A0CFF80C69519Cb289',
      _tokens: [Array],
      _protocol: '',
      _tokenBalances: [Object]
    }
  ],
  '0xFB09C60F0444ea8dD25C1edE629b2AB42740786F': [
    UniswappyV2EthPair {
      _marketAddress: '0x0084986a0EA656a58FdCd8E87F271EA2F0B68327',
      _tokens: [Array],
      _protocol: '',
      _tokenBalances: [Object]
    },
    UniswappyV2EthPair {
      _marketAddress: '0xa544B92C7E9baDE469bbdF9eE26C2ac0CFdeA51d',
      _tokens: [Array],
      _protocol: '',
      _tokenBalances: [Object]
    }
  ],
  '0x916792fD41855914Ba4B71285C8A05B866f0618b': [
    UniswappyV2EthPair {
      _marketAddress: '0x4E1c2DB984C5c5cEf49AC577987D9A7085dD992e',
      _tokens: [Array],
      _protocol: '',
      _tokenBalances: [Object]
    },
    UniswappyV2EthPair {
      _marketAddress: '0x80f79426119201CDA70DfbDDEe178362edECE6E2',
      _tokens: [Array],
      _protocol: '',
      _tokenBalances: [Object]
    },
    UniswappyV2EthPair {
      _marketAddress: '0x585c93Bfb2D808Bc5F8217BC43887512fA4672f4',
      _tokens: [Array],
      _protocol: '',
      _tokenBalances: [Object]
    }
  ],
  '0x7cbb20014BeF8fD587D9435c4d5953bCBdb1756F': [
    UniswappyV2EthPair {
      _marketAddress: '0x36A7e7112a663F0317AAeb03a5d8884B0002E452',
      _tokens: [Array],
      _protocol: '',
      _tokenBalances: [Object]
    },
    UniswappyV2EthPair {
      _marketAddress: '0x2e2BCBF5b8e65cA94F2dafd65d308a84c01485f9',
      _tokens: [Array],
      _protocol: '',
      _tokenBalances: [Object]
    }
  ],
  '0xBEB844ed186E8aBAc2dc81E73998e3DC58fCb9E8': [
    UniswappyV2EthPair {
      _marketAddress: '0xd1eFe81cdB4195081685Be6b16FE91c07C580B8a',
      _tokens: [Array],
      _protocol: '',
      _tokenBalances: [Object]
    },
    UniswappyV2EthPair {
      _marketAddress: '0xFb2ED1b238a022B7A25E19d72d5e6dD7ce797Acd',
      _tokens: [Array],
      _protocol: '',
      _tokenBalances: [Object]
    }
  ],
  '0x704aF5BC0CCcCd4EDD3041aadd3392f7c41a983e': [
    UniswappyV2EthPair {
      _marketAddress: '0xeCDac4672e3cF71Df144fc4f48623e94719C2974',
      _tokens: [Array],
      _protocol: '',
      _tokenBalances: [Object]
    },
    UniswappyV2EthPair {
      _marketAddress: '0xDa9C750F05cABCD738888c0731Eddcfc896A3C2c',
      _tokens: [Array],
      _protocol: '',
      _tokenBalances: [Object]
    }
  ],
  '0x40B165Fd5dDc75ad0bDDc9ADd0adAbff5431a975': [
    UniswappyV2EthPair {
      _marketAddress: '0x5c88cc9bE00a9f2dcc476Fcf46e7d1B861AE9aCF',
      _tokens: [Array],
      _protocol: '',
      _tokenBalances: [Object]
    },
    UniswappyV2EthPair {
      _marketAddress: '0x303966A54020e4AC44479BFA91b57FD826883D70',
      _tokens: [Array],
      _protocol: '',
      _tokenBalances: [Object]
    },
    UniswappyV2EthPair {
      _marketAddress: '0x58677662e24593D6C7c6dAB444dA46f2a6A71833',
      _tokens: [Array],
      _protocol: '',
      _tokenBalances: [Object]
    }
  ],
  '0x676855097117A6A32043dB65c046D53B72e72B04': [
    UniswappyV2EthPair {
      _marketAddress: '0x074864d4b53DBac092BFB7E85d31EBE580881149',
      _tokens: [Array],
      _protocol: '',
      _tokenBalances: [Object]
    },
    UniswappyV2EthPair {
      _marketAddress: '0x3b845FE78E3dF9dD6C1D2944eB93008f7Fb6fb3A',
      _tokens: [Array],
      _protocol: '',
      _tokenBalances: [Object]
    }
  ],
  '0x03834C0917258A43Fa8ed19bd8fD9e0dE47fB197': [
    UniswappyV2EthPair {
      _marketAddress: '0x010B23A4fF18992cA2e17a1d2BBE10d5126fdC14',
      _tokens: [Array],
      _protocol: '',
      _tokenBalances: [Object]
    },
    UniswappyV2EthPair {
      _marketAddress: '0xc9F13F598181D69fF703e27b165C280A67674Fc1',
      _tokens: [Array],
      _protocol: '',
      _tokenBalances: [Object]
    }
  ],
  '0x851F7a700c5d67DB59612b871338a85526752c25': [
    UniswappyV2EthPair {
      _marketAddress: '0xbF13d8d310Eed9aDf54A053591519E19b5d0c467',
      _tokens: [Array],
      _protocol: '',
      _tokenBalances: [Object]
    },
    UniswappyV2EthPair {
      _marketAddress: '0x8c1a4C5E536A75fc58585323eCD4c60da17F5066',
      _tokens: [Array],
      _protocol: '',
      _tokenBalances: [Object]
    },
    UniswappyV2EthPair {
      _marketAddress: '0x793FE5a628a79Ae3E619ACbCde1CBaf8053beFc5',
      _tokens: [Array],
      _protocol: '',
      _tokenBalances: [Object]
    }
  ],
  '0x1fBB6cA220dCBE732f796Fa9b13dd21cD654511b': [
    UniswappyV2EthPair {
      _marketAddress: '0x785Cb3Ee2457Ba4dEc109E4a64e058e768a4d35B',
      _tokens: [Array],
      _protocol: '',
      _tokenBalances: [Object]
    },
    UniswappyV2EthPair {
      _marketAddress: '0xe8611B4296aCaeC7D074C5d70D9cd6dD93736d83',
      _tokens: [Array],
      _protocol: '',
      _tokenBalances: [Object]
    },
    UniswappyV2EthPair {
      _marketAddress: '0xE573F5be8A6bE794cDA348a46443Ee8252E25567',
      _tokens: [Array],
      _protocol: '',
      _tokenBalances: [Object]
    }
  ],
  '0xEF23a5A1BE4468cdc9C8244d60AD2b4443F5E486': [
    UniswappyV2EthPair {
      _marketAddress: '0x26CcED8193264D220256846fFcc9610aeA131D0b',
      _tokens: [Array],
      _protocol: '',
      _tokenBalances: [Object]
    },
    UniswappyV2EthPair {
      _marketAddress: '0xd6Cade5d5d1320Dd1894De2713E6a2815eBD866d',
      _tokens: [Array],
      _protocol: '',
      _tokenBalances: [Object]
    },
    UniswappyV2EthPair {
      _marketAddress: '0x7b61F8962e3612DF2Cb4360876C1A91c155Dc320',
      _tokens: [Array],
      _protocol: '',
      _tokenBalances: [Object]
    }
  ],
  '0x82e7Eb8f4c307F2dcf522fDCA7b7038296584f29': [
    UniswappyV2EthPair {
      _marketAddress: '0xF28363B5467Fd86363fbf9578659e47991D03fea',
      _tokens: [Array],
      _protocol: '',
      _tokenBalances: [Object]
    },
    UniswappyV2EthPair {
      _marketAddress: '0x98dB0A30E4b47CE3cFB6503A0F4668B86e86977E',
      _tokens: [Array],
      _protocol: '',
      _tokenBalances: [Object]
    },
    UniswappyV2EthPair {
      _marketAddress: '0x5E0b8bE3Ab99E1559E0B5622f502995f79FFec62',
      _tokens: [Array],
      _protocol: '',
      _tokenBalances: [Object]
    },
    UniswappyV2EthPair {
      _marketAddress: '0xa87c2CFBFDA7CF8e1155c1d2221966B8047Ce590',
      _tokens: [Array],
      _protocol: '',
      _tokenBalances: [Object]
    }
  ],
  '0x352E5392143D054Bc6F4dF53A179BB330a408C7e': [
    UniswappyV2EthPair {
      _marketAddress: '0x937946DF9bfE7C38a77f07Be9a10a2847bF7aF14',
      _tokens: [Array],
      _protocol: '',
      _tokenBalances: [Object]
    },
    UniswappyV2EthPair {
      _marketAddress: '0x0955F56e8710f81DEDa1Eb9aB116Bb2d601517f7',
      _tokens: [Array],
      _protocol: '',
      _tokenBalances: [Object]
    }
  ],
  '0xB27ADAfFB9fEa1801459a1a81B17218288c097cc': [
    UniswappyV2EthPair {
      _marketAddress: '0xE399FD8959f38051F0f68211635db88b9d672b08',
      _tokens: [Array],
      _protocol: '',
      _tokenBalances: [Object]
    },
    UniswappyV2EthPair {
      _marketAddress: '0x0c5DA0f07962dd0256c079248633f2b43CaD6f62',
      _tokens: [Array],
      _protocol: '',
      _tokenBalances: [Object]
    },
    UniswappyV2EthPair {
      _marketAddress: '0x746a3f1a3863cf839bf0702c083cCA888AbA6EE8',
      _tokens: [Array],
      _protocol: '',
      _tokenBalances: [Object]
    }
  ],
  '0x271617ca107c3Bc6d844750276a08bFBBfEf75Fa': [
    UniswappyV2EthPair {
      _marketAddress: '0x4A038a3e9cf12D10b753bf7cc0E018ec24e18ca3',
      _tokens: [Array],
      _protocol: '',
      _tokenBalances: [Object]
    },
    UniswappyV2EthPair {
      _marketAddress: '0xFC185CAAd9D1b7736a818B9057509Ab3502AA7Ca',
      _tokens: [Array],
      _protocol: '',
      _tokenBalances: [Object]
    }
  ],
  '0xe10fCa719f73f92edeF1118e710200f0D5afCF3c': [
    UniswappyV2EthPair {
      _marketAddress: '0xb665C1C04648ef6917cF6785bF176057c6540Ed6',
      _tokens: [Array],
      _protocol: '',
      _tokenBalances: [Object]
    },
    UniswappyV2EthPair {
      _marketAddress: '0x7076E9605DbC079A3bC3fe89c07e406DD2fe6aF0',
      _tokens: [Array],
      _protocol: '',
      _tokenBalances: [Object]
    }
  ],
  '0x11187fEc3898aC44dB5777857A6772E64084CDA0': [
    UniswappyV2EthPair {
      _marketAddress: '0xbaa3Aace022D31F5B9A058c71b66f192563731e3',
      _tokens: [Array],
      _protocol: '',
      _tokenBalances: [Object]
    },
    UniswappyV2EthPair {
      _marketAddress: '0x96F8BB8913E9A10793576E768035e63fA7E2A20C',
      _tokens: [Array],
      _protocol: '',
      _tokenBalances: [Object]
    }
  ],
  '0x190e450e0345FaD4C2999461760c079bfD2F3501': [
    UniswappyV2EthPair {
      _marketAddress: '0x19B085dCe6e0CbF175A58d628d14e7383529fe94',
      _tokens: [Array],
      _protocol: '',
      _tokenBalances: [Object]
    },
    UniswappyV2EthPair {
      _marketAddress: '0x6e067DCE4A0D1497F6548A1A4dC1D7160fd97470',
      _tokens: [Array],
      _protocol: '',
      _tokenBalances: [Object]
    }
  ],
  '0x8a3E4D92396B85a319986442C402b94e623a0371': [
    UniswappyV2EthPair {
      _marketAddress: '0x305f10A0DE078e6872fEc87D3617bbF179e08ec6',
      _tokens: [Array],
      _protocol: '',
      _tokenBalances: [Object]
    },
    UniswappyV2EthPair {
      _marketAddress: '0x05382B2d2aDF4770d1eF62892e66948670Dd6b15',
      _tokens: [Array],
      _protocol: '',
      _tokenBalances: [Object]
    }
  ],
  '0x802C68730212295149f2bEa78C25e2Cf5A05B8A0': [
    UniswappyV2EthPair {
      _marketAddress: '0x01D4691553107C95287016d4c76ba6930beE9904',
      _tokens: [Array],
      _protocol: '',
      _tokenBalances: [Object]
    },
    UniswappyV2EthPair {
      _marketAddress: '0xb82F129A6Ee2df3dC685A1AdD8434402137742E3',
      _tokens: [Array],
      _protocol: '',
      _tokenBalances: [Object]
    }
  ],
  '0x7c63F96fEAFACD84e75a594C00faC3693386FBf0': [
    UniswappyV2EthPair {
      _marketAddress: '0x6277B8FA951e09b851008dcbdf47C5DA19556672',
      _tokens: [Array],
      _protocol: '',
      _tokenBalances: [Object]
    },
    UniswappyV2EthPair {
      _marketAddress: '0xb704679452DbacCEC628AF620Ce2b4860CC945a8',
      _tokens: [Array],
      _protocol: '',
      _tokenBalances: [Object]
    },
    UniswappyV2EthPair {
      _marketAddress: '0xfBc3D0e7FB4648282Ef7Ac2a2B69a61228D4371C',
      _tokens: [Array],
      _protocol: '',
      _tokenBalances: [Object]
    },
    UniswappyV2EthPair {
      _marketAddress: '0x57C4195c0E07e8A37B58b52eF9d57d1aDcF8e71E',
      _tokens: [Array],
      _protocol: '',
      _tokenBalances: [Object]
    }
  ],
  '0x5B2b5BD1e5C53870fE135Fb7b289D686f762858d': [
    UniswappyV2EthPair {
      _marketAddress: '0xdE48e3b6DC7A8e5cF0d64811Cce4B9c5A5943169',
      _tokens: [Array],
      _protocol: '',
      _tokenBalances: [Object]
    },
    UniswappyV2EthPair {
      _marketAddress: '0xe21622f02Faf53563775C6E8F6C2e95aE509D468',
      _tokens: [Array],
      _protocol: '',
      _tokenBalances: [Object]
    }
  ],
  '0xB51e0CD501CA2eC1fB454203A6fd715Aa3b6bB6c': [
    UniswappyV2EthPair {
      _marketAddress: '0x9D5c20578597B59E458e6E2c574d4cCAd58F670b',
      _tokens: [Array],
      _protocol: '',
      _tokenBalances: [Object]
    },
    UniswappyV2EthPair {
      _marketAddress: '0xEBdC4FF11A0CedDa782E02575270a50F17a343B2',
      _tokens: [Array],
      _protocol: '',
      _tokenBalances: [Object]
    }
  ],
  '0x171401a3d18B21BFa3f9bF4F9637F3691158365A': [
    UniswappyV2EthPair {
      _marketAddress: '0x87749d1a3623c2C5DF2a0C885d539Cc1c495Dad0',
      _tokens: [Array],
      _protocol: '',
      _tokenBalances: [Object]
    },
    UniswappyV2EthPair {
      _marketAddress: '0xD08841b790A125888617cBa8395cc04B226d245F',
      _tokens: [Array],
      _protocol: '',
      _tokenBalances: [Object]
    },
    UniswappyV2EthPair {
      _marketAddress: '0xAa23C415666Fc47E905886F2545BD40b0bc06fbA',
      _tokens: [Array],
      _protocol: '',
      _tokenBalances: [Object]
    }
  ],
  '0x92a42Db88Ed0F02c71D439e55962Ca7CAB0168b5': [
    UniswappyV2EthPair {
      _marketAddress: '0xB846101EAFE27A05Bea8f8C482661c0d26003A8A',
      _tokens: [Array],
      _protocol: '',
      _tokenBalances: [Object]
    },
    UniswappyV2EthPair {
      _marketAddress: '0x6b19D60F7AB8DA8448C48f59E39760caa108CE54',
      _tokens: [Array],
      _protocol: '',
      _tokenBalances: [Object]
    },
    UniswappyV2EthPair {
      _marketAddress: '0xC5c0Be18218182bF33e2585a6D9A2e6d7324BC0E',
      _tokens: [Array],
      _protocol: '',
      _tokenBalances: [Object]
    }
  ],
  '0x9813fc87522E57c6B42bdF1e159DcB1b444e92Ce': [
    UniswappyV2EthPair {
      _marketAddress: '0xf85fCe77928Cf69Eb1da4b9e07c13891DCd397C1',
      _tokens: [Array],
      _protocol: '',
      _tokenBalances: [Object]
    },
    UniswappyV2EthPair {
      _marketAddress: '0x8D1362289a6b02f650798fB0826Ed913D76B6B77',
      _tokens: [Array],
      _protocol: '',
      _tokenBalances: [Object]
    }
  ],
  '0xE0e514c71282b6f4e823703a39374Cf58dc3eA4f': [
    UniswappyV2EthPair {
      _marketAddress: '0x2BF06C0851B58628898265D534D3C77455674a66',
      _tokens: [Array],
      _protocol: '',
      _tokenBalances: [Object]
    },
    UniswappyV2EthPair {
      _marketAddress: '0xeF315887FD450e0B50ceA0fF7C24d4f846a5b94e',
      _tokens: [Array],
      _protocol: '',
      _tokenBalances: [Object]
    },
    UniswappyV2EthPair {
      _marketAddress: '0xF3Bc6FC080ffCC30d93dF48BFA2aA14b869554bb',
      _tokens: [Array],
      _protocol: '',
      _tokenBalances: [Object]
    },
    UniswappyV2EthPair {
      _marketAddress: '0x83B92D283cd279fF2e057BD86a95BdEfffED6faa',
      _tokens: [Array],
      _protocol: '',
      _tokenBalances: [Object]
    }
  ],
  '0xfFCFc813457ad31b424EE58C36BEa73415907C72': [
    UniswappyV2EthPair {
      _marketAddress: '0x297a9c4b8c64ebAA32BddF602F1CDaD43beC2CeE',
      _tokens: [Array],
      _protocol: '',
      _tokenBalances: [Object]
    },
    UniswappyV2EthPair {
      _marketAddress: '0x41f7925304665B235f64ba8250f8aC59ce988452',
      _tokens: [Array],
      _protocol: '',
      _tokenBalances: [Object]
    }
  ],
  '0xF27580F6a58FF785c60B7c15fD394AB442aAA451': [
    UniswappyV2EthPair {
      _marketAddress: '0xa90A0Bd5104dcAa4807C31D6f98D2FA20989289D',
      _tokens: [Array],
      _protocol: '',
      _tokenBalances: [Object]
    },
    UniswappyV2EthPair {
      _marketAddress: '0xDd6e3722D97D65768F229F26D5578E7Cdcd5bAfF',
      _tokens: [Array],
      _protocol: '',
      _tokenBalances: [Object]
    },
    UniswappyV2EthPair {
      _marketAddress: '0x2f869309E4a5BFF492CFfD680D41Ce894FEaf757',
      _tokens: [Array],
      _protocol: '',
      _tokenBalances: [Object]
    }
  ],
  '0x854Cd4d6E9440Df7Cc02770bb72873E7e05c2DF3': [
    UniswappyV2EthPair {
      _marketAddress: '0x1AEdc849CbBf2debF60097cff6d8132D841C19BC',
      _tokens: [Array],
      _protocol: '',
      _tokenBalances: [Object]
    },
    UniswappyV2EthPair {
      _marketAddress: '0x7487d4Ab6dA4C9dEcd968e4d9519e41d2418F545',
      _tokens: [Array],
      _protocol: '',
      _tokenBalances: [Object]
    }
  ],
  '0x13958e1eb63dFB8540Eaf6ed7DcbBc1A60FD52AF': [
    UniswappyV2EthPair {
      _marketAddress: '0x8E952633F89b79e9B3a3dD9b8afB929be60125c8',
      _tokens: [Array],
      _protocol: '',
      _tokenBalances: [Object]
    },
    UniswappyV2EthPair {
      _marketAddress: '0x996ABe1B817DF2d1B9DA2163Bc7E1D34fd05B881',
      _tokens: [Array],
      _protocol: '',
      _tokenBalances: [Object]
    },
    UniswappyV2EthPair {
      _marketAddress: '0x6CD9CA52ceC4794457331586A4Aa95Cb9EEaF51b',
      _tokens: [Array],
      _protocol: '',
      _tokenBalances: [Object]
    }
  ],
  '0x490DbA6180b089d8E36eBb1E56a33F1aE9B96b87': [
    UniswappyV2EthPair {
      _marketAddress: '0xAab2822ECf7d384F3900eFa832b84151191f4A30',
      _tokens: [Array],
      _protocol: '',
      _tokenBalances: [Object]
    },
    UniswappyV2EthPair {
      _marketAddress: '0x8e5485B962e5ebAA236a5f717F0f3bd7E9329fe4',
      _tokens: [Array],
      _protocol: '',
      _tokenBalances: [Object]
    }
  ],
  '0xA276F181690BD44299BF25D43C5B2b7Ce1dF9e65': [
    UniswappyV2EthPair {
      _marketAddress: '0x0bF03552512Ef37EB3aEfD61875A5Cdf1A933788',
      _tokens: [Array],
      _protocol: '',
      _tokenBalances: [Object]
    },
    UniswappyV2EthPair {
      _marketAddress: '0x0ABbB91BB01B7bEa07e8E25E44d205695d9179F6',
      _tokens: [Array],
      _protocol: '',
      _tokenBalances: [Object]
    }
  ],
  '0x81DC275f32F2Abd9eb498749B7A833f286e2d516': [
    UniswappyV2EthPair {
      _marketAddress: '0x33abfE9f8c29cCfd6261147C1A6cDA16E39d30D8',
      _tokens: [Array],
      _protocol: '',
      _tokenBalances: [Object]
    },
    UniswappyV2EthPair {
      _marketAddress: '0x8792ffD8c47252Eb8144a3ceACC8364ff73559d5',
      _tokens: [Array],
      _protocol: '',
      _tokenBalances: [Object]
    }
  ],
  '0x0C344b64091A8d8459d09b0430BDC0CE38674AFd': [
    UniswappyV2EthPair {
      _marketAddress: '0xD470375bd6b78Bd6C837F7986CF13Fc0D72E4Fc0',
      _tokens: [Array],
      _protocol: '',
      _tokenBalances: [Object]
    },
    UniswappyV2EthPair {
      _marketAddress: '0x4dbD5b6e720FB935DCf1501a68374fd5f2ee300D',
      _tokens: [Array],
      _protocol: '',
      _tokenBalances: [Object]
    }
  ],
  '0x5A054554b3F0C75063D29250984A921402E1E3a7': [
    UniswappyV2EthPair {
      _marketAddress: '0xE0c501e5a8B79280660F80BD7A3563B5a6B7e613',
      _tokens: [Array],
      _protocol: '',
      _tokenBalances: [Object]
    },
    UniswappyV2EthPair {
      _marketAddress: '0xf919c785F9D1CD3F66DE29645a6ed8c9A111A5AD',
      _tokens: [Array],
      _protocol: '',
      _tokenBalances: [Object]
    }
  ],
  '0x2222227E22102Fe3322098e4CBfE18cFebD57c95': [
    UniswappyV2EthPair {
      _marketAddress: '0x0D1C34C4AAA29CC9315b473aC8384DCE3B7C923A',
      _tokens: [Array],
      _protocol: '',
      _tokenBalances: [Object]
    },
    UniswappyV2EthPair {
      _marketAddress: '0xE6b421a4408c82381b226Ab5B6F8C4b639044359',
      _tokens: [Array],
      _protocol: '',
      _tokenBalances: [Object]
    },
    UniswappyV2EthPair {
      _marketAddress: '0x34e821e785A93261B697eBD2797988B3AA78ca33',
      _tokens: [Array],
      _protocol: '',
      _tokenBalances: [Object]
    }
  ],
  '0x0A5bc35F81C4e12A5aa6c09144D33f5DA7b9CeEC': [
    UniswappyV2EthPair {
      _marketAddress: '0xB0bbe0c2990dED01b49BE7fdfcC6D52D98166b77',
      _tokens: [Array],
      _protocol: '',
      _tokenBalances: [Object]
    },
    UniswappyV2EthPair {
      _marketAddress: '0x07008873137FAa84fC003F06C80CDF4ce546f9F0',
      _tokens: [Array],
      _protocol: '',
      _tokenBalances: [Object]
    }
  ],
  '0x01eb0bc650900BF49eaB65B160bACCCb3A497914': [
    UniswappyV2EthPair {
      _marketAddress: '0x625dd0c1903682945c0B3f6e55D403c29784C51d',
      _tokens: [Array],
      _protocol: '',
      _tokenBalances: [Object]
    },
    UniswappyV2EthPair {
      _marketAddress: '0x18eeB330B4db97923EEcbad3E250c35D0774d89B',
      _tokens: [Array],
      _protocol: '',
      _tokenBalances: [Object]
    }
  ],
  '0xEd438051437c22A9Ef249B68c7E292435fE8B858': [
    UniswappyV2EthPair {
      _marketAddress: '0x0e19Cf95babfAD2a0D6988B6e25647214C6F865d',
      _tokens: [Array],
      _protocol: '',
      _tokenBalances: [Object]
    },
    UniswappyV2EthPair {
      _marketAddress: '0xAE8630F110F59D399dfc4f34677d75E9a983E4d3',
      _tokens: [Array],
      _protocol: '',
      _tokenBalances: [Object]
    },
    UniswappyV2EthPair {
      _marketAddress: '0x3fbEe1c8D41C1c843C8fCad3e1195Daf61A51187',
      _tokens: [Array],
      _protocol: '',
      _tokenBalances: [Object]
    }
  ],
  '0x8f4a4B8148C2f2128fa98b0997EF7A2D2D847Dc2': [
    UniswappyV2EthPair {
      _marketAddress: '0x217185712f9cbF7acdbD0C5E85A4043135986e61',
      _tokens: [Array],
      _protocol: '',
      _tokenBalances: [Object]
    },
    UniswappyV2EthPair {
      _marketAddress: '0x6863447F682D58B6096AD50680c99F267757A184',
      _tokens: [Array],
      _protocol: '',
      _tokenBalances: [Object]
    }
  ],
  '0x38CFF5cb6e2a5834f7F48EEB5d7263ABEF2E2255': [
    UniswappyV2EthPair {
      _marketAddress: '0x2Ef1b8eD64eA66eF52eb2E90fD618Af3561997E8',
      _tokens: [Array],
      _protocol: '',
      _tokenBalances: [Object]
    },
    UniswappyV2EthPair {
      _marketAddress: '0x0fFC8D100a43aAd83A808a34358430C6e4B8a553',
      _tokens: [Array],
      _protocol: '',
      _tokenBalances: [Object]
    },
    UniswappyV2EthPair {
      _marketAddress: '0x67f3FD1BBCCC15eF936E3C846FFa42758ce682Cc',
      _tokens: [Array],
      _protocol: '',
      _tokenBalances: [Object]
    }
  ],
  '0x38Ce0aF08860194109CACe7A3AD7f142ECf57C04': [
    UniswappyV2EthPair {
      _marketAddress: '0xbed1dd8515c6B61eF66b3eFDaf4a0298Ca5e115B',
      _tokens: [Array],
      _protocol: '',
      _tokenBalances: [Object]
    },
    UniswappyV2EthPair {
      _marketAddress: '0x2bAe42f2545433cB9dC3179F13F3a2bCcb41602b',
      _tokens: [Array],
      _protocol: '',
      _tokenBalances: [Object]
    }
  ],
  '0xe28f3166F9869c14EeECeA04CeB91482243D4391': [
    UniswappyV2EthPair {
      _marketAddress: '0xb91df0687e9371CEBF7389DE5d158A6Be6F6Db51',
      _tokens: [Array],
      _protocol: '',
      _tokenBalances: [Object]
    },
    UniswappyV2EthPair {
      _marketAddress: '0x18eC6979C00aB621e0B6736EB645CE6642F89340',
      _tokens: [Array],
      _protocol: '',
      _tokenBalances: [Object]
    }
  ],
  '0x078b251907C34A6eD55D2a198511D5b213a3240d': [
    UniswappyV2EthPair {
      _marketAddress: '0x99C253A612Ec4Df8549b8a59D72975b48f0E7E22',
      _tokens: [Array],
      _protocol: '',
      _tokenBalances: [Object]
    },
    UniswappyV2EthPair {
      _marketAddress: '0x34d0FD69d5fBafe24D5DBA3e84b017039Ae31208',
      _tokens: [Array],
      _protocol: '',
      _tokenBalances: [Object]
    }
  ],
  '0xef0F6f19B5146E7fF5fF900bE68ABCAB977d0A6c': [
    UniswappyV2EthPair {
      _marketAddress: '0xc663bDEf686b15C1c3441eCf789D627b334F47a7',
      _tokens: [Array],
      _protocol: '',
      _tokenBalances: [Object]
    },
    UniswappyV2EthPair {
      _marketAddress: '0xd7f92134A7df4E98D73F2dbbf609aF415959C6C6',
      _tokens: [Array],
      _protocol: '',
      _tokenBalances: [Object]
    }
  ],
  '0x0bA6c60581210DCB0654B5Ad7fb44f1BE0a5d0BF': [
    UniswappyV2EthPair {
      _marketAddress: '0x79E545A4A019B29C1C2d111054F7dFD497452e50',
      _tokens: [Array],
      _protocol: '',
      _tokenBalances: [Object]
    },
    UniswappyV2EthPair {
      _marketAddress: '0xad37Db1f9c3Da286AFBe69D84C296eF6E53B5026',
      _tokens: [Array],
      _protocol: '',
      _tokenBalances: [Object]
    }
  ],
  '0x5e03B329c082772dB5251B08300CDBb5a64345E2': [
    UniswappyV2EthPair {
      _marketAddress: '0x596D9390595cb9Fa1621159561eBcaf80e416844',
      _tokens: [Array],
      _protocol: '',
      _tokenBalances: [Object]
    },
    UniswappyV2EthPair {
      _marketAddress: '0xD9496c20135882CB0133a3978f01a017c4b69916',
      _tokens: [Array],
      _protocol: '',
      _tokenBalances: [Object]
    }
  ],
  '0x7d9c30B7131aE9aDA3F26bdEB2206fBF08213bA5': [
    UniswappyV2EthPair {
      _marketAddress: '0x48A9A9D8Ce77Fc7A0234e1B5BE5cC9B303DDcbB8',
      _tokens: [Array],
      _protocol: '',
      _tokenBalances: [Object]
    },
    UniswappyV2EthPair {
      _marketAddress: '0xD6F98e4a9F1B871Bbf0D7D2C82bCBe8f4797d5Ee',
      _tokens: [Array],
      _protocol: '',
      _tokenBalances: [Object]
    }
  ],
  '0x9C3Bbff333F4AEAB60B3c060607b7C505Ff30C82': [
    UniswappyV2EthPair {
      _marketAddress: '0x5D3Fc622dd9485f07c4e8F29A92acCCC0c01EA97',
      _tokens: [Array],
      _protocol: '',
      _tokenBalances: [Object]
    },
    UniswappyV2EthPair {
      _marketAddress: '0xb7b3852904aB78cCF76459bb28F160589C530688',
      _tokens: [Array],
      _protocol: '',
      _tokenBalances: [Object]
    }
  ],
  '0x3076A2179A142c2b71b4B408943264d39244eb69': [
    UniswappyV2EthPair {
      _marketAddress: '0xB28320946B0bE4AC54A14813F4062785d456ABaD',
      _tokens: [Array],
      _protocol: '',
      _tokenBalances: [Object]
    },
    UniswappyV2EthPair {
      _marketAddress: '0x2974a81bC573F8733d9a6Ff993587ea6EE60A405',
      _tokens: [Array],
      _protocol: '',
      _tokenBalances: [Object]
    },
    UniswappyV2EthPair {
      _marketAddress: '0x572EfA17139Ce1a16D7c62ad2136304429624851',
      _tokens: [Array],
      _protocol: '',
      _tokenBalances: [Object]
    }
  ],
  '0x0eFBcc271885E3f6e64E2AB6B4b74F180925280C': [
    UniswappyV2EthPair {
      _marketAddress: '0xF1409863164a28ae55fd90ac38804B6Ca264519D',
      _tokens: [Array],
      _protocol: '',
      _tokenBalances: [Object]
    },
    UniswappyV2EthPair {
      _marketAddress: '0x09967Af0328a0caD1A355AA4b5d1d9758A2BceA0',
      _tokens: [Array],
      _protocol: '',
      _tokenBalances: [Object]
    }
  ],
  '0xe385e56e58A60c5F8b7CbA5579Fb065ad2eFc011': [
    UniswappyV2EthPair {
      _marketAddress: '0x46ee2a9e98387931491d80cc2d66367c88af76A0',
      _tokens: [Array],
      _protocol: '',
      _tokenBalances: [Object]
    },
    UniswappyV2EthPair {
      _marketAddress: '0x2BfC309910D71570eB7ccc5922d69BD3b4Acf6f2',
      _tokens: [Array],
      _protocol: '',
      _tokenBalances: [Object]
    }
  ],
  '0x828612167Ffe9b5d0aCC0448FE1B27da51839707': [
    UniswappyV2EthPair {
      _marketAddress: '0x7D309AB0f2eC19f2EeF403C13a73A62081F14d83',
      _tokens: [Array],
      _protocol: '',
      _tokenBalances: [Object]
    },
    UniswappyV2EthPair {
      _marketAddress: '0x9409f29D15AB9C89A24F2D4D90e0912981eD3e9D',
      _tokens: [Array],
      _protocol: '',
      _tokenBalances: [Object]
    }
  ],
  '0xE8c1C9F2F913B4cb5eFF2A396FA5CFAb308D6657': [
    UniswappyV2EthPair {
      _marketAddress: '0x32778EF22358F5558001330353e2C071Ec1CE30C',
      _tokens: [Array],
      _protocol: '',
      _tokenBalances: [Object]
    },
    UniswappyV2EthPair {
      _marketAddress: '0x622eF76Ab7FA1227Ce20639943b1Be046dF1bec2',
      _tokens: [Array],
      _protocol: '',
      _tokenBalances: [Object]
    }
  ],
  '0x51BA0b044d96C3aBfcA52B64D733603CCC4F0d4D': [
    UniswappyV2EthPair {
      _marketAddress: '0x0Ac8FCABeCBbA2edE18b2f0A51E05b0DCD4F0aBF',
      _tokens: [Array],
      _protocol: '',
      _tokenBalances: [Object]
    },
    UniswappyV2EthPair {
      _marketAddress: '0xadb7594407a1D504A6c87ed775077578ab2960d7',
      _tokens: [Array],
      _protocol: '',
      _tokenBalances: [Object]
    },
    UniswappyV2EthPair {
      _marketAddress: '0xab69c56d927292197527e3F7Bb0073386636635f',
      _tokens: [Array],
      _protocol: '',
      _tokenBalances: [Object]
    }
  ],
  '0x39BfF8613deFD221b0410eD3D4E5C07512d55F2d': [
    UniswappyV2EthPair {
      _marketAddress: '0x498d9d4a71E8EAe6af905ff4f9C0919C2233acE2',
      _tokens: [Array],
      _protocol: '',
      _tokenBalances: [Object]
    },
    UniswappyV2EthPair {
      _marketAddress: '0x079fEdd451Eb36a5f7b8fb9b90b5e275249D8904',
      _tokens: [Array],
      _protocol: '',
      _tokenBalances: [Object]
    }
  ],
  '0x9C440cAC3368f79C5d2488D5036b6943999FE3FB': [
    UniswappyV2EthPair {
      _marketAddress: '0x2D0858344A8a0F64C08e4193264d5DA9F7A9A91f',
      _tokens: [Array],
      _protocol: '',
      _tokenBalances: [Object]
    },
    UniswappyV2EthPair {
      _marketAddress: '0x2Fd482c6f5cADF504Bd168ebA8047FdB93012bFc',
      _tokens: [Array],
      _protocol: '',
      _tokenBalances: [Object]
    }
  ],
  '0x7442946FD12a18ecce43ba9383c4e8b3CaE2D5e1': [
    UniswappyV2EthPair {
      _marketAddress: '0x4b73EC06d9fD0426146098060F841517f6c7F1aF',
      _tokens: [Array],
      _protocol: '',
      _tokenBalances: [Object]
    },
    UniswappyV2EthPair {
      _marketAddress: '0x1d1bEceDd3bE5137da86B953Fa56D4166D4E4378',
      _tokens: [Array],
      _protocol: '',
      _tokenBalances: [Object]
    }
  ],
  '0xAdEF36cBb2add6F8a639AB97957fB5F2634AC3da': [
    UniswappyV2EthPair {
      _marketAddress: '0xE12032169c733e55513C7702B8A260548C273e3B',
      _tokens: [Array],
      _protocol: '',
      _tokenBalances: [Object]
    },
    UniswappyV2EthPair {
      _marketAddress: '0x16b4474fE76ce5969bed454431d4FFcbA92379f8',
      _tokens: [Array],
      _protocol: '',
      _tokenBalances: [Object]
    }
  ],
  '0x383098065E063b518743648C44C6DB86fEb0b724': [
    UniswappyV2EthPair {
      _marketAddress: '0x7A47e1d71679A77AF98Db222BA693b38488d841E',
      _tokens: [Array],
      _protocol: '',
      _tokenBalances: [Object]
    },
    UniswappyV2EthPair {
      _marketAddress: '0x25fC3C93DeEABF5B179F8620446d4E26673E820E',
      _tokens: [Array],
      _protocol: '',
      _tokenBalances: [Object]
    }
  ],
  '0xCA69C118Fa550387794d48900a866891217E5C9F': [
    UniswappyV2EthPair {
      _marketAddress: '0x8Eee29dE6039D5301e3edf6EA4444abf0eA275ae',
      _tokens: [Array],
      _protocol: '',
      _tokenBalances: [Object]
    },
    UniswappyV2EthPair {
      _marketAddress: '0xB5f3c9C2c706bCfcA28c11AF3241f1690579631D',
      _tokens: [Array],
      _protocol: '',
      _tokenBalances: [Object]
    }
  ],
  '0x346b426b5c4d3bcBb129Ed84b52D8717e245BCE1': [
    UniswappyV2EthPair {
      _marketAddress: '0x69c80221c13fBFB8c77DEe39458ddE35079F4106',
      _tokens: [Array],
      _protocol: '',
      _tokenBalances: [Object]
    },
    UniswappyV2EthPair {
      _marketAddress: '0x5178f7bc2313DcCAaD1c30078e29DF0bD7170716',
      _tokens: [Array],
      _protocol: '',
      _tokenBalances: [Object]
    }
  ],
  '0x6Ec57a49bF01d138b1FCf635170d708b21ea0442': [
    UniswappyV2EthPair {
      _marketAddress: '0xd7E474AFdA66a787134064A65d681c617c7aEaDF',
      _tokens: [Array],
      _protocol: '',
      _tokenBalances: [Object]
    },
    UniswappyV2EthPair {
      _marketAddress: '0x5F3DF1cF078e03aDd47d0513dB51dc596d4D1f8F',
      _tokens: [Array],
      _protocol: '',
      _tokenBalances: [Object]
    }
  ],
  '0xa577F5E9B658522e463e965a6fD9a5e71C9579a8': [
    UniswappyV2EthPair {
      _marketAddress: '0x7E035498A66e198d90333b13Cf64c0FD1B371564',
      _tokens: [Array],
      _protocol: '',
      _tokenBalances: [Object]
    },
    UniswappyV2EthPair {
      _marketAddress: '0x9eEa34f7c35b358e244AA59A3a5Ce4e39C4628eD',
      _tokens: [Array],
      _protocol: '',
      _tokenBalances: [Object]
    }
  ],
  '0xd7D069493685A581d27824Fc46EdA46B7EfC0063': [
    UniswappyV2EthPair {
      _marketAddress: '0x50AA03568bdc5323A38a0Dc60017E29400347A9C',
      _tokens: [Array],
      _protocol: '',
      _tokenBalances: [Object]
    },
    UniswappyV2EthPair {
      _marketAddress: '0x199A61495b276184B53F5dE7FBF6A9f964bDfD1B',
      _tokens: [Array],
      _protocol: '',
      _tokenBalances: [Object]
    }
  ],
  '0x39641F3aF5A4b7F1a62E0d719bCeeCaa0291a115': [
    UniswappyV2EthPair {
      _marketAddress: '0x1F1135D8ae0A38A35A60eb60967b68a3269727C8',
      _tokens: [Array],
      _protocol: '',
      _tokenBalances: [Object]
    },
    UniswappyV2EthPair {
      _marketAddress: '0x685a551fB8785c1cd6f6851998434Ec67F9c70C7',
      _tokens: [Array],
      _protocol: '',
      _tokenBalances: [Object]
    }
  ],
  '0x2f09cC9b239CbcbED1eD555395787e14cB096395': [
    UniswappyV2EthPair {
      _marketAddress: '0x660F70736823d2F893a7c0DF789617c832915831',
      _tokens: [Array],
      _protocol: '',
      _tokenBalances: [Object]
    },
    UniswappyV2EthPair {
      _marketAddress: '0x4F624c3a516385172Daf3db66142dbAe819744c2',
      _tokens: [Array],
      _protocol: '',
      _tokenBalances: [Object]
    }
  ],
  '0x5D5f25b316552D461A85271332E2375d02fD5FC3': [
    UniswappyV2EthPair {
      _marketAddress: '0xD787Aa27C5739291015e4a77b75F606610410730',
      _tokens: [Array],
      _protocol: '',
      _tokenBalances: [Object]
    },
    UniswappyV2EthPair {
      _marketAddress: '0x6584959aB03A9d1521Ce974E7a6FFD97c732E7e3',
      _tokens: [Array],
      _protocol: '',
      _tokenBalances: [Object]
    }
  ],
  '0x26D6e280F9687c463420908740AE59f712419147': [
    UniswappyV2EthPair {
      _marketAddress: '0x7546e47074A7d4E82Ca3240BCae9968ab633C7A8',
      _tokens: [Array],
      _protocol: '',
      _tokenBalances: [Object]
    },
    UniswappyV2EthPair {
      _marketAddress: '0xf1842C074DcAD6091ac029056A5af4F6007f0F52',
      _tokens: [Array],
      _protocol: '',
      _tokenBalances: [Object]
    }
  ],
  '0xA96d372a15d768eFBaf3dA68f52D3339e3061b01': [
    UniswappyV2EthPair {
      _marketAddress: '0x4E59DFCc7a79a94225Da3eab6b75E60ab3aB6cE8',
      _tokens: [Array],
      _protocol: '',
      _tokenBalances: [Object]
    },
    UniswappyV2EthPair {
      _marketAddress: '0xdF56C8C8Fe2d5A3E69d5A138B733E67915E3561C',
      _tokens: [Array],
      _protocol: '',
      _tokenBalances: [Object]
    }
  ],
  '0x49c1a87549354D13a74f918C745CE2e359996F9F': [
    UniswappyV2EthPair {
      _marketAddress: '0xa19DB83dc098Cd04aF909Ba414C5858954907ef6',
      _tokens: [Array],
      _protocol: '',
      _tokenBalances: [Object]
    },
    UniswappyV2EthPair {
      _marketAddress: '0xC8D43534cF31e5F44498F0A584B7138Aa50122F5',
      _tokens: [Array],
      _protocol: '',
      _tokenBalances: [Object]
    }
  ],
  '0x3642b52519ba81fD8a204b306D2369A0cc1BC612': [
    UniswappyV2EthPair {
      _marketAddress: '0x92F8E55c987eE468d32118dFd509eE6BF5e36B86',
      _tokens: [Array],
      _protocol: '',
      _tokenBalances: [Object]
    },
    UniswappyV2EthPair {
      _marketAddress: '0xCDD54b5E48fd9C17FF9093C3fec3d54AE067e026',
      _tokens: [Array],
      _protocol: '',
      _tokenBalances: [Object]
    }
  ],
  '0x451D0e4B04A16223BbaeCe67b2276223DB0d19dA': [
    UniswappyV2EthPair {
      _marketAddress: '0xb85d6B2d9C268b65Ea64C1c7FcF78237090677b4',
      _tokens: [Array],
      _protocol: '',
      _tokenBalances: [Object]
    },
    UniswappyV2EthPair {
      _marketAddress: '0x561158f853C989BE5Bf08152F890de74ABA4BAae',
      _tokens: [Array],
      _protocol: '',
      _tokenBalances: [Object]
    }
  ],
  '0xC8277dA5c6095592098605830A9Ae13A2E445DBC': [
    UniswappyV2EthPair {
      _marketAddress: '0xaEc4e4F0D90580aa4177F0348b5Da0e51e159ED7',
      _tokens: [Array],
      _protocol: '',
      _tokenBalances: [Object]
    },
    UniswappyV2EthPair {
      _marketAddress: '0xcd8c22B0e602Af6396A3f04d50CBfD79ea3a3380',
      _tokens: [Array],
      _protocol: '',
      _tokenBalances: [Object]
    }
  ],
  '0xB1eb4E3801E2d8b256d7D31e26022029eEf0E275': [
    UniswappyV2EthPair {
      _marketAddress: '0xF2Ed27f74E41066a4C4e17bFC0b2Aa25bf831dC2',
      _tokens: [Array],
      _protocol: '',
      _tokenBalances: [Object]
    },
    UniswappyV2EthPair {
      _marketAddress: '0xfC70a8E3Ee31190f845f148e5F14F8CfF45b658A',
      _tokens: [Array],
      _protocol: '',
      _tokenBalances: [Object]
    }
  ],
  '0x5E57f24415f37c7d304E85DF9B4C36bC08789794': [
    UniswappyV2EthPair {
      _marketAddress: '0xE753e6B46Cd66E1d2668a2F1364574af1CAAc186',
      _tokens: [Array],
      _protocol: '',
      _tokenBalances: [Object]
    },
    UniswappyV2EthPair {
      _marketAddress: '0x57916f4d40A7B81a387099bf94065bF4aB54cb5f',
      _tokens: [Array],
      _protocol: '',
      _tokenBalances: [Object]
    }
  ],
  '0x9F96f588cCD5143206130c9A8D4969129F7D9913': [
    UniswappyV2EthPair {
      _marketAddress: '0x5E47722d1e1bD493948C13C9c5A12e610b874d8f',
      _tokens: [Array],
      _protocol: '',
      _tokenBalances: [Object]
    },
    UniswappyV2EthPair {
      _marketAddress: '0x3bc59DC4167C719E11E210C87fE69C4aB1b56855',
      _tokens: [Array],
      _protocol: '',
      _tokenBalances: [Object]
    }
  ],
  '0xDfD58FfdD4FCdf6277050Da5214E7eC208cfC086': [
    UniswappyV2EthPair {
      _marketAddress: '0x6029a65afA216CE1E20C190A673BB1Fae626d910',
      _tokens: [Array],
      _protocol: '',
      _tokenBalances: [Object]
    },
    UniswappyV2EthPair {
      _marketAddress: '0x1233B3030505ca5FD56E547c51eB5F8CcF15bFC4',
      _tokens: [Array],
      _protocol: '',
      _tokenBalances: [Object]
    }
  ],
  '0xCe45faCbA1037E7cba660ceFAEF829d6f9280974': [
    UniswappyV2EthPair {
      _marketAddress: '0x1e7C77f57DD098dbD3BA0aBd8b972C89B363615A',
      _tokens: [Array],
      _protocol: '',
      _tokenBalances: [Object]
    },
    UniswappyV2EthPair {
      _marketAddress: '0xa8c218A7F1278CE02704fdb5FbeA15d6ec9833c3',
      _tokens: [Array],
      _protocol: '',
      _tokenBalances: [Object]
    }
  ],
  '0xA182306887Ed2752a8c39aFF0d3A02DBDBb082c2': [
    UniswappyV2EthPair {
      _marketAddress: '0x22E8ed4C5f3418612F27598f684E9eE4F70305EB',
      _tokens: [Array],
      _protocol: '',
      _tokenBalances: [Object]
    },
    UniswappyV2EthPair {
      _marketAddress: '0x3B27b6F2E1E2bB4E1A91C69811FFE1395aA506Cb',
      _tokens: [Array],
      _protocol: '',
      _tokenBalances: [Object]
    }
  ],
  '0x08c9aa1e4Fc83CdF1F2c0CB120C8e28F0Da5C8E5': [
    UniswappyV2EthPair {
      _marketAddress: '0xA44BEdA254e50C08a66a71b5B0f63b60526b0C1a',
      _tokens: [Array],
      _protocol: '',
      _tokenBalances: [Object]
    },
    UniswappyV2EthPair {
      _marketAddress: '0xcFF7Cb8DD783e80aA0ABcf893D11D46A6a725da9',
      _tokens: [Array],
      _protocol: '',
      _tokenBalances: [Object]
    }
  ],
  '0x07518190BCA89c349F4393c36C5c5258Babe131c': [
    UniswappyV2EthPair {
      _marketAddress: '0x2C8e684864C4A74eE8494ceCC61A54e16aC584c3',
      _tokens: [Array],
      _protocol: '',
      _tokenBalances: [Object]
    },
    UniswappyV2EthPair {
      _marketAddress: '0x299A84C43A5Ba233Ae3Fa83e87969aB9abcDd61F',
      _tokens: [Array],
      _protocol: '',
      _tokenBalances: [Object]
    }
  ],
  '0xf326b42A237086F1De4E7D68F2d2456fC787bc01': [
    UniswappyV2EthPair {
      _marketAddress: '0xC1dAE0547F7183cb3D28Df871d357d6cE43ba007',
      _tokens: [Array],
      _protocol: '',
      _tokenBalances: [Object]
    },
    UniswappyV2EthPair {
      _marketAddress: '0x1Dca3266974E15cC88891a2C1122424f018a9A70',
      _tokens: [Array],
      _protocol: '',
      _tokenBalances: [Object]
    }
  ],
  '0x630d98424eFe0Ea27fB1b3Ab7741907DFFEaAd78': [
    UniswappyV2EthPair {
      _marketAddress: '0x201126225E33d43F4a17619DB807744b2a48fE58',
      _tokens: [Array],
      _protocol: '',
      _tokenBalances: [Object]
    },
    UniswappyV2EthPair {
      _marketAddress: '0x41140a1650372Fb8cb2f71e335448ab8cfc1c4f3',
      _tokens: [Array],
      _protocol: '',
      _tokenBalances: [Object]
    }
  ],
  '0x4CeaAFD1b2E5464E221c5cb3BdCE5Fb4629B7Aae': [
    UniswappyV2EthPair {
      _marketAddress: '0x4b2DBaa8Caf2CeBA30fBfB91678D1dC56c510E39',
      _tokens: [Array],
      _protocol: '',
      _tokenBalances: [Object]
    },
    UniswappyV2EthPair {
      _marketAddress: '0x3f636A156D7Edf1fe33Beb4F3Cf9497b96CCc987',
      _tokens: [Array],
      _protocol: '',
      _tokenBalances: [Object]
    }
  ],
  '0x2DD337F94A36449C6e5fD4f523Ce2e55A5Ad1008': [
    UniswappyV2EthPair {
      _marketAddress: '0x15D337348Fa4c6b9485a0D82A91dd49e8F94d3C9',
      _tokens: [Array],
      _protocol: '',
      _tokenBalances: [Object]
    },
    UniswappyV2EthPair {
      _marketAddress: '0xf1F06f9a6B07aae94e3adDfEC1052D0586337F3e',
      _tokens: [Array],
      _protocol: '',
      _tokenBalances: [Object]
    }
  ],
  '0x1644963b9fF4321FE19669DBfaED4a89a59E849f': [
    UniswappyV2EthPair {
      _marketAddress: '0x492FbF0AD333E1476B0C3510E28D299778c6Aa40',
      _tokens: [Array],
      _protocol: '',
      _tokenBalances: [Object]
    },
    UniswappyV2EthPair {
      _marketAddress: '0x385EBDEb8f48383ca7a81f590f6db812fa407BF0',
      _tokens: [Array],
      _protocol: '',
      _tokenBalances: [Object]
    }
  ],
  '0x4a68C250486a116DC8D6A0C5B0677dE07cc09C5D': [
    UniswappyV2EthPair {
      _marketAddress: '0x4058477cc959d67c9B635a493ed64F30Bd43BFB1',
      _tokens: [Array],
      _protocol: '',
      _tokenBalances: [Object]
    },
    UniswappyV2EthPair {
      _marketAddress: '0x12FC9D611b27E9E1B75A134f416eF071d7cbFF12',
      _tokens: [Array],
      _protocol: '',
      _tokenBalances: [Object]
    }
  ],
  '0x8dC90342DcbF8C97e8219a58F83a27bcf6F1d651': [
    UniswappyV2EthPair {
      _marketAddress: '0x3AadC83Bba072a171A6B22be6cD30b443904552C',
      _tokens: [Array],
      _protocol: '',
      _tokenBalances: [Object]
    },
    UniswappyV2EthPair {
      _marketAddress: '0xe8F7B1712a0468e889c9153eFF3030BD09F21298',
      _tokens: [Array],
      _protocol: '',
      _tokenBalances: [Object]
    }
  ],
  '0x27327672D1dc51F4Dc58c9F413E1FA7e7ad8245e': [
    UniswappyV2EthPair {
      _marketAddress: '0xA2D67141B92AfFe0Cf218C87Cc97C90d88bd7956',
      _tokens: [Array],
      _protocol: '',
      _tokenBalances: [Object]
    },
    UniswappyV2EthPair {
      _marketAddress: '0xEd6504Dc61D9ED5538A8d1b4C8eA6E7c8530Aa7e',
      _tokens: [Array],
      _protocol: '',
      _tokenBalances: [Object]
    }
  ],
  '0xf1bE8ecC990cBcb90e166b71E368299f0116d421': [
    UniswappyV2EthPair {
      _marketAddress: '0x06b127C0d3EAdd406a29D671656677538074EA0a',
      _tokens: [Array],
      _protocol: '',
      _tokenBalances: [Object]
    },
    UniswappyV2EthPair {
      _marketAddress: '0xA67F6D1D80174a29e732981A6d82Eb5937BbF4E2',
      _tokens: [Array],
      _protocol: '',
      _tokenBalances: [Object]
    }
  ],
  '0xAD3622eb833c9fBfc8c7BCbd4eE8b727D088b8e5': [
    UniswappyV2EthPair {
      _marketAddress: '0x587f91c2689f81a45116df48a24C10aADc4e68B7',
      _tokens: [Array],
      _protocol: '',
      _tokenBalances: [Object]
    },
    UniswappyV2EthPair {
      _marketAddress: '0xd100944e8370e883dACEE8b1E46FEa924AC71f03',
      _tokens: [Array],
      _protocol: '',
      _tokenBalances: [Object]
    }
  ],
  '0xd3e1786D54e848e70C6f6dfd5AC96F505d297A1C': [
    UniswappyV2EthPair {
      _marketAddress: '0x3635652c015E479226E39b5A88a8bA73a6eD56dE',
      _tokens: [Array],
      _protocol: '',
      _tokenBalances: [Object]
    },
    UniswappyV2EthPair {
      _marketAddress: '0x59d67bBb9C8f361618074ffFe0F2aDA3A4C6Bd05',
      _tokens: [Array],
      _protocol: '',
      _tokenBalances: [Object]
    }
  ],
  '0xB37A818e4CD930a043dB764FbFF1DAe501a213fc': [
    UniswappyV2EthPair {
      _marketAddress: '0x85f2C8Ea516094973356c25D31C2ce83F80e4081',
      _tokens: [Array],
      _protocol: '',
      _tokenBalances: [Object]
    },
    UniswappyV2EthPair {
      _marketAddress: '0x98b72FD7cb6513d2AE25e49b92304C9bab095810',
      _tokens: [Array],
      _protocol: '',
      _tokenBalances: [Object]
    }
  ],
  '0xb7CEF49d89321e22dd3F51a212d58398Ad542640': [
    UniswappyV2EthPair {
      _marketAddress: '0x7f813cE91AeD1D16B6366c8CC567FD0f472DC61D',
      _tokens: [Array],
      _protocol: '',
      _tokenBalances: [Object]
    },
    UniswappyV2EthPair {
      _marketAddress: '0x661485194bdebe64aBa8a3C2f3227061242A365c',
      _tokens: [Array],
      _protocol: '',
      _tokenBalances: [Object]
    },
    UniswappyV2EthPair {
      _marketAddress: '0x18e13207EF3032275cBCA9F210B2fB513D3bA1b1',
      _tokens: [Array],
      _protocol: '',
      _tokenBalances: [Object]
    }
  ],
  '0x7283DfA2d8D7e277b148cc263B5d8Ae02f1076D3': [
    UniswappyV2EthPair {
      _marketAddress: '0x471b475EDF6BB0703c135eBbf6594670E5D548E0',
      _tokens: [Array],
      _protocol: '',
      _tokenBalances: [Object]
    },
    UniswappyV2EthPair {
      _marketAddress: '0x4D18ddD4705aB79d977520Ad6541d47294C869d5',
      _tokens: [Array],
      _protocol: '',
      _tokenBalances: [Object]
    }
  ],
  '0xa2a542749D9aB6DF22775F87930b6DF5863f7aEA': [
    UniswappyV2EthPair {
      _marketAddress: '0x6c623dD53764C5E7Ac9fA7e933B07c126aC95eD6',
      _tokens: [Array],
      _protocol: '',
      _tokenBalances: [Object]
    },
    UniswappyV2EthPair {
      _marketAddress: '0x4bAd32F1ebb2F5E3E9AA0624fd03834630fe2D4F',
      _tokens: [Array],
      _protocol: '',
      _tokenBalances: [Object]
    }
  ],
  '0x0D6A59cEF44BaC622e91313B366C7F802b2670D6': [
    UniswappyV2EthPair {
      _marketAddress: '0x38C32A2799Fce930f45Eef6aaf5D66d3D733FC40',
      _tokens: [Array],
      _protocol: '',
      _tokenBalances: [Object]
    },
    UniswappyV2EthPair {
      _marketAddress: '0x35E10780089E8f0D1C18CE932c5db1191373fCE7',
      _tokens: [Array],
      _protocol: '',
      _tokenBalances: [Object]
    }
  ],
  '0xb5bEa8a26D587CF665f2d78f077CcA3C7f6341BD': [
    UniswappyV2EthPair {
      _marketAddress: '0xe79291C1fE7259BD2A4a9C5F18D207d61DeE7205',
      _tokens: [Array],
      _protocol: '',
      _tokenBalances: [Object]
    },
    UniswappyV2EthPair {
      _marketAddress: '0x4BA75Cc8df406215dDec960a9081911666C6235D',
      _tokens: [Array],
      _protocol: '',
      _tokenBalances: [Object]
    },
    UniswappyV2EthPair {
      _marketAddress: '0x43cCfDD6BF22997d6A9FFa5D57fb38075e0Be65b',
      _tokens: [Array],
      _protocol: '',
      _tokenBalances: [Object]
    }
  ],
  '0xbA88080ca45f95D1893E6B754e33bA34A5185A78': [
    UniswappyV2EthPair {
      _marketAddress: '0x1234D4916f46b931719e3fA3DE4254a91a9785B2',
      _tokens: [Array],
      _protocol: '',
      _tokenBalances: [Object]
    },
    UniswappyV2EthPair {
      _marketAddress: '0x13073a0fDE9Ac336f7D7979774b11ca460d2E38B',
      _tokens: [Array],
      _protocol: '',
      _tokenBalances: [Object]
    }
  ],
  '0x540a335EA0e418b5c856581bF882362144b4f287': [
    UniswappyV2EthPair {
      _marketAddress: '0x16D07E2746780629d6985Eb34f3c937E88660462',
      _tokens: [Array],
      _protocol: '',
      _tokenBalances: [Object]
    },
    UniswappyV2EthPair {
      _marketAddress: '0x0149C56e0EB04C8E61aD6F79c095dDD816e72F05',
      _tokens: [Array],
      _protocol: '',
      _tokenBalances: [Object]
    }
  ],
  '0x795303C5Fc35A2c60555e468A2e7b4AB984143EC': [
    UniswappyV2EthPair {
      _marketAddress: '0x3aa6066ec27cb17B60af87eb741307d6d7B8702C',
      _tokens: [Array],
      _protocol: '',
      _tokenBalances: [Object]
    },
    UniswappyV2EthPair {
      _marketAddress: '0xCC10f62a6D2c4Cb475b24C5e58448aAf6B5d9167',
      _tokens: [Array],
      _protocol: '',
      _tokenBalances: [Object]
    }
  ],
  '0x96058f8C3e16576D9BD68766f3836d9A33158f89': [
    UniswappyV2EthPair {
      _marketAddress: '0x56c6c72193F26014CDa330DC7463bdF45C1b7A70',
      _tokens: [Array],
      _protocol: '',
      _tokenBalances: [Object]
    },
    UniswappyV2EthPair {
      _marketAddress: '0x7AAbC7a2055977F26e0feb2663E9744E7443549C',
      _tokens: [Array],
      _protocol: '',
      _tokenBalances: [Object]
    },
    UniswappyV2EthPair {
      _marketAddress: '0xb8b4383B49d451BBeA63BC4421466E1086da6f18',
      _tokens: [Array],
      _protocol: '',
      _tokenBalances: [Object]
    },
    UniswappyV2EthPair {
      _marketAddress: '0x67581BFB4fc13BB73C71489b504E9b5354769063',
      _tokens: [Array],
      _protocol: '',
      _tokenBalances: [Object]
    }
  ],
  '0x17D749D3E2ac204a07e19D8096d9a05c423ea3af': [
    UniswappyV2EthPair {
      _marketAddress: '0xd7018724d06C2e9B05d44F969F051a0cE2D0831c',
      _tokens: [Array],
      _protocol: '',
      _tokenBalances: [Object]
    },
    UniswappyV2EthPair {
      _marketAddress: '0x9d6d4d01EC30801e60589a24AB3D8ca4B2aFc188',
      _tokens: [Array],
      _protocol: '',
      _tokenBalances: [Object]
    }
  ],
  '0x944854f404c7C0dF9780651D9B29947C89D8fD19': [
    UniswappyV2EthPair {
      _marketAddress: '0x0e4a02f3b152747fdd1733A5a8DB61f2e13Ce51D',
      _tokens: [Array],
      _protocol: '',
      _tokenBalances: [Object]
    },
    UniswappyV2EthPair {
      _marketAddress: '0x4604fF131c0e4b33F5391756DEDa329b069dbab0',
      _tokens: [Array],
      _protocol: '',
      _tokenBalances: [Object]
    },
    UniswappyV2EthPair {
      _marketAddress: '0x6488c4df5491C82da6a578ad3D629e4A02AE27da',
      _tokens: [Array],
      _protocol: '',
      _tokenBalances: [Object]
    }
  ],
  '0x6bFfFb176F02d92037Da5954a80690Df19b74283': [
    UniswappyV2EthPair {
      _marketAddress: '0xbF2564c47E463c42703DB1Eae9a3Ee41f3Ea7b67',
      _tokens: [Array],
      _protocol: '',
      _tokenBalances: [Object]
    },
    UniswappyV2EthPair {
      _marketAddress: '0x8F53283749BcB00290cA3527E13802D1af04B44E',
      _tokens: [Array],
      _protocol: '',
      _tokenBalances: [Object]
    }
  ],
  '0x7FFE861bd4B8eD4eA3F8Be750e1d81171f7EBeDf': [
    UniswappyV2EthPair {
      _marketAddress: '0xd5a5EE6f416e43C5b868652283AC170D39d8De3f',
      _tokens: [Array],
      _protocol: '',
      _tokenBalances: [Object]
    },
    UniswappyV2EthPair {
      _marketAddress: '0xFf873FbCe419308eA6F73e4a36f941b28DEeF765',
      _tokens: [Array],
      _protocol: '',
      _tokenBalances: [Object]
    }
  ],
  '0xb1765c8469BA3FE3d1d77b047606dad42E1Fa2e4': [
    UniswappyV2EthPair {
      _marketAddress: '0xAFC71474EdB3007470bFc96a7b2f8DC552178352',
      _tokens: [Array],
      _protocol: '',
      _tokenBalances: [Object]
    },
    UniswappyV2EthPair {
      _marketAddress: '0x38B545b8db3C1c30587d0a371f36a1b0c761508F',
      _tokens: [Array],
      _protocol: '',
      _tokenBalances: [Object]
    }
  ],
  '0x5a893C2FeBAcD9f5dE1C0ee9Fd8cFae6d07E03df': [
    UniswappyV2EthPair {
      _marketAddress: '0xfa29DF9DEbE8c6ab1d41253117bf664e05A21A9E',
      _tokens: [Array],
      _protocol: '',
      _tokenBalances: [Object]
    },
    UniswappyV2EthPair {
      _marketAddress: '0x2b5f97FDA2006BDD927296F379c73CA617E7FeFF',
      _tokens: [Array],
      _protocol: '',
      _tokenBalances: [Object]
    }
  ],
  '0xF5bA00dc2243DEa1dCdd7B4f6FB3D39843Eeb9D5': [
    UniswappyV2EthPair {
      _marketAddress: '0xAd89B6Fb35fd2AD8E7ec694954b0d02AfDF817Cf',
      _tokens: [Array],
      _protocol: '',
      _tokenBalances: [Object]
    },
    UniswappyV2EthPair {
      _marketAddress: '0xA53f41FF7A370c1F7E4817958295213DDce070a1',
      _tokens: [Array],
      _protocol: '',
      _tokenBalances: [Object]
    }
  ],
  '0xCed0CE92F4bdC3c2201E255FAF12f05cf8206dA8': [
    UniswappyV2EthPair {
      _marketAddress: '0x4b5242E37159d89e217c9D0594D3C55E11FD44FF',
      _tokens: [Array],
      _protocol: '',
      _tokenBalances: [Object]
    },
    UniswappyV2EthPair {
      _marketAddress: '0x9EEC092593d846A7DB0095dfb6F92fF08e4E62D0',
      _tokens: [Array],
      _protocol: '',
      _tokenBalances: [Object]
    }
  ],
  '0x5505b1D047Ac0CDf96f009770cbfdCCC0b76a28b': [
    UniswappyV2EthPair {
      _marketAddress: '0x27c5b58eA1f5258ac5666F8A1e152470f34c274B',
      _tokens: [Array],
      _protocol: '',
      _tokenBalances: [Object]
    },
    UniswappyV2EthPair {
      _marketAddress: '0xFcd2f2Ca850BC1678678dF9D3055D73Afe4a73Ac',
      _tokens: [Array],
      _protocol: '',
      _tokenBalances: [Object]
    }
  ],
  '0x0F48128537ad795B70fE0FF505386EdE303dB185': [
    UniswappyV2EthPair {
      _marketAddress: '0x3B16DD5161971a025D7a62314c0ec674c3136c85',
      _tokens: [Array],
      _protocol: '',
      _tokenBalances: [Object]
    },
    UniswappyV2EthPair {
      _marketAddress: '0x86A0555A4187C3f00D894572699aff2262c436B8',
      _tokens: [Array],
      _protocol: '',
      _tokenBalances: [Object]
    }
  ],
  '0x42E509c1749E6daABB9a6dD9340145b225A9296C': [
    UniswappyV2EthPair {
      _marketAddress: '0xf64a095Fb94d712C039F349ef848aF9ea757c0A3',
      _tokens: [Array],
      _protocol: '',
      _tokenBalances: [Object]
    },
    UniswappyV2EthPair {
      _marketAddress: '0x550D4d0bc739e99096a2F485Ede327cA6C0Bf9C8',
      _tokens: [Array],
      _protocol: '',
      _tokenBalances: [Object]
    }
  ],
  '0x3ce82472c40Fd55139D64f58f70EFA5f68073135': [
    UniswappyV2EthPair {
      _marketAddress: '0x100a4f3b71e788485Ffc27aBd51AfD62dc92A75A',
      _tokens: [Array],
      _protocol: '',
      _tokenBalances: [Object]
    },
    UniswappyV2EthPair {
      _marketAddress: '0x53b218E4e0471792a4ec82c50797Bd6DA1cE54E5',
      _tokens: [Array],
      _protocol: '',
      _tokenBalances: [Object]
    }
  ],
  '0x02fF5065692783374947393723dbA9599e59F591': [
    UniswappyV2EthPair {
      _marketAddress: '0x0e9874Effb5C9e90E2A86e5B03b47Bc1fE893B16',
      _tokens: [Array],
      _protocol: '',
      _tokenBalances: [Object]
    },
    UniswappyV2EthPair {
      _marketAddress: '0xbf91F0E16568D789380928e7F61d8b3865943c5B',
      _tokens: [Array],
      _protocol: '',
      _tokenBalances: [Object]
    }
  ],
  '0xF497F490A2E302d2ab74A78D2CE0156efd63EEF5': [
    UniswappyV2EthPair {
      _marketAddress: '0x474b215E1a03f5Ab12EdDE3d4Bf72CecfCf519B7',
      _tokens: [Array],
      _protocol: '',
      _tokenBalances: [Object]
    },
    UniswappyV2EthPair {
      _marketAddress: '0x035Bdd59795E042E16C9019B7DD4F06b42A452c0',
      _tokens: [Array],
      _protocol: '',
      _tokenBalances: [Object]
    },
    UniswappyV2EthPair {
      _marketAddress: '0x1024492Ab1cE58994Bd48feD5eD697Ad224dBcBb',
      _tokens: [Array],
      _protocol: '',
      _tokenBalances: [Object]
    }
  ],
  '0x237180100dE7e9805AC3B69B0179596Be02d94c6': [
    UniswappyV2EthPair {
      _marketAddress: '0x0EeF2b645C299335dF2afe47C1bb72e9bB37Dc7c',
      _tokens: [Array],
      _protocol: '',
      _tokenBalances: [Object]
    },
    UniswappyV2EthPair {
      _marketAddress: '0x5E314fbD16D0E549C6Bfa4A7F03bcC56D2616891',
      _tokens: [Array],
      _protocol: '',
      _tokenBalances: [Object]
    }
  ],
  '0x7C9e73d4C71dae564d41F78d56439bB4ba87592f': [
    UniswappyV2EthPair {
      _marketAddress: '0xc89Ead9A72a27528f53DF9364ccaB96917100B1E',
      _tokens: [Array],
      _protocol: '',
      _tokenBalances: [Object]
    },
    UniswappyV2EthPair {
      _marketAddress: '0x3c80C32Fe6D75432650dAd0EF866898c768324f1',
      _tokens: [Array],
      _protocol: '',
      _tokenBalances: [Object]
    }
  ],
  '0xB99172949554E6C10c28c880eC0306d2A9d5C753': [
    UniswappyV2EthPair {
      _marketAddress: '0x6755566F1757c036d5D642a0D6c5ec9f15531b3c',
      _tokens: [Array],
      _protocol: '',
      _tokenBalances: [Object]
    },
    UniswappyV2EthPair {
      _marketAddress: '0xb0711d96790456360893c1d82f6C3021760b5295',
      _tokens: [Array],
      _protocol: '',
      _tokenBalances: [Object]
    }
  ],
  '0x325de09207389318B73C8e9eFeF153DdBA34732c': [
    UniswappyV2EthPair {
      _marketAddress: '0x9A3e89F79B83EAc9fD81041C78db97E7b5A92CFa',
      _tokens: [Array],
      _protocol: '',
      _tokenBalances: [Object]
    },
    UniswappyV2EthPair {
      _marketAddress: '0x9485C5Efc2E14A6F34b4a4c97daE2094808f1922',
      _tokens: [Array],
      _protocol: '',
      _tokenBalances: [Object]
    }
  ],
  '0x4B63a4348a953732D44B0D8cBFf48814a661535B': [
    UniswappyV2EthPair {
      _marketAddress: '0xA679e4e64656409340eadC64fE223D1D89c4a4A5',
      _tokens: [Array],
      _protocol: '',
      _tokenBalances: [Object]
    },
    UniswappyV2EthPair {
      _marketAddress: '0x4b122de30De9753b64a3445B5FC9ACb7987d55f7',
      _tokens: [Array],
      _protocol: '',
      _tokenBalances: [Object]
    }
  ],
  '0xd1ee4225B7F40840BeDC4Cdf3f069178B79261E3': [
    UniswappyV2EthPair {
      _marketAddress: '0xb4Afda7a3A3214432Fd09Bd44aA02F9C42739597',
      _tokens: [Array],
      _protocol: '',
      _tokenBalances: [Object]
    },
    UniswappyV2EthPair {
      _marketAddress: '0xA4f16D9d8F67DcE15d2ee367bD9072f8f7Aa7E48',
      _tokens: [Array],
      _protocol: '',
      _tokenBalances: [Object]
    }
  ],
  '0x7D783DE510782F2aEa952CeCD7Fb69baA8e9b614': [
    UniswappyV2EthPair {
      _marketAddress: '0xF530D07Ed03F4e329C1Fb7e4C37a954ff1B0C322',
      _tokens: [Array],
      _protocol: '',
      _tokenBalances: [Object]
    },
    UniswappyV2EthPair {
      _marketAddress: '0x3FD570A3324a92bEb6C85Bd168EfD7547E5BC8Ab',
      _tokens: [Array],
      _protocol: '',
      _tokenBalances: [Object]
    }
  ],
  '0x14C5CB0975AaB7880cDABD013011c42B1ef59592': [
    UniswappyV2EthPair {
      _marketAddress: '0x53ACF25cd25C132Da0bd500081705D40B5Db814F',
      _tokens: [Array],
      _protocol: '',
      _tokenBalances: [Object]
    },
    UniswappyV2EthPair {
      _marketAddress: '0x36C94CECd10d84d3134CDf1697A08326d15E8A97',
      _tokens: [Array],
      _protocol: '',
      _tokenBalances: [Object]
    }
  ],
  '0xdb97A4f51804C0FF7304E865580aA299d1DcF8BE': [
    UniswappyV2EthPair {
      _marketAddress: '0x55af244E417609cbeFf58903b5E4DC3C8f9e8eb3',
      _tokens: [Array],
      _protocol: '',
      _tokenBalances: [Object]
    },
    UniswappyV2EthPair {
      _marketAddress: '0xE1233d0609bd1b004d63a66a77749FCA43d00BC9',
      _tokens: [Array],
      _protocol: '',
      _tokenBalances: [Object]
    }
  ],
  '0x7097b7EBA7afFf870331D42A46E3f34f2A6a9243': [
    UniswappyV2EthPair {
      _marketAddress: '0x3F315F08BE260Cc3bB209e1Bbf10afc46c30CA7d',
      _tokens: [Array],
      _protocol: '',
      _tokenBalances: [Object]
    },
    UniswappyV2EthPair {
      _marketAddress: '0xd1d7f870ce27cfF7c6F8733a0dB16686E4Ea6Be2',
      _tokens: [Array],
      _protocol: '',
      _tokenBalances: [Object]
    }
  ],
  '0x933549B555b621713ef41B224E49B302daA0C27d': [
    UniswappyV2EthPair {
      _marketAddress: '0x91fd6aBD5E4ef17534c2f9AB3D014dFA621bC558',
      _tokens: [Array],
      _protocol: '',
      _tokenBalances: [Object]
    },
    UniswappyV2EthPair {
      _marketAddress: '0x021f4Ff02e98deDcBDEf63DC895373a793c98981',
      _tokens: [Array],
      _protocol: '',
      _tokenBalances: [Object]
    }
  ],
  '0x7869044D36ea75975B793ca4312608cc3817895B': [
    UniswappyV2EthPair {
      _marketAddress: '0xBC144AE98Beb23A1D07728eb754d36296189bBfC',
      _tokens: [Array],
      _protocol: '',
      _tokenBalances: [Object]
    },
    UniswappyV2EthPair {
      _marketAddress: '0x5B75607f3f38a335671C16A897664e3023bcc82c',
      _tokens: [Array],
      _protocol: '',
      _tokenBalances: [Object]
    }
  ],
  '0xD4BBb12F81c98D7ceC71c384742402fD56FEac83': [
    UniswappyV2EthPair {
      _marketAddress: '0xC2d573857A43c6002D95F2993a791Dd868c65f14',
      _tokens: [Array],
      _protocol: '',
      _tokenBalances: [Object]
    },
    UniswappyV2EthPair {
      _marketAddress: '0x8dFcA83C4942570a58668a4F2D558b0383E59C50',
      _tokens: [Array],
      _protocol: '',
      _tokenBalances: [Object]
    }
  ],
  '0x50780aBFC6e6aBF8c42540EFAD47bF2596B34D2d': [
    UniswappyV2EthPair {
      _marketAddress: '0x38f7fE718367467Affc17f7ba66006467bF92348',
      _tokens: [Array],
      _protocol: '',
      _tokenBalances: [Object]
    },
    UniswappyV2EthPair {
      _marketAddress: '0xC4B7ab18e3D07e06c5dDC07BAA1d586e2Df62176',
      _tokens: [Array],
      _protocol: '',
      _tokenBalances: [Object]
    }
  ],
  '0x09Ad270120d873a2b2fAB0b01DfF00c679880919': [
    UniswappyV2EthPair {
      _marketAddress: '0x5909D6982e8f9dB50A56E1cB4e26B11ee460f189',
      _tokens: [Array],
      _protocol: '',
      _tokenBalances: [Object]
    },
    UniswappyV2EthPair {
      _marketAddress: '0x4821aE99B9bF14890515D72abAeDcd423ba31D6C',
      _tokens: [Array],
      _protocol: '',
      _tokenBalances: [Object]
    }
  ],
  '0xFe737fb267117eA7d8E6900Ef17605B721442C4A': [
    UniswappyV2EthPair {
      _marketAddress: '0x54Bf3AB7D8d882d7BF54d86363e22137879fa1b5',
      _tokens: [Array],
      _protocol: '',
      _tokenBalances: [Object]
    },
    UniswappyV2EthPair {
      _marketAddress: '0xA66bBE4b72e710dbB8bf67B617FF2147370a2e09',
      _tokens: [Array],
      _protocol: '',
      _tokenBalances: [Object]
    },
    UniswappyV2EthPair {
      _marketAddress: '0x02a693eb72170632C3BC16C2a491d16E1FbC2Ba4',
      _tokens: [Array],
      _protocol: '',
      _tokenBalances: [Object]
    }
  ],
  '0xF017E2773e4ee0590C81D79ccbcF1B2De1D22877': [
    UniswappyV2EthPair {
      _marketAddress: '0xFEEA02FA954A47573487B6b3Ab3ddf5D4fe1ccec',
      _tokens: [Array],
      _protocol: '',
      _tokenBalances: [Object]
    },
    UniswappyV2EthPair {
      _marketAddress: '0xd1F369Eca93b9fAd77Ad768F515b939A0c116d26',
      _tokens: [Array],
      _protocol: '',
      _tokenBalances: [Object]
    },
    UniswappyV2EthPair {
      _marketAddress: '0x748b57aCF6A85c66D12925760E05D46e79776083',
      _tokens: [Array],
      _protocol: '',
      _tokenBalances: [Object]
    }
  ],
  '0xF1167721032A47dA6402737989775CAF0F5bE3A4': [
    UniswappyV2EthPair {
      _marketAddress: '0xbbAAC9a654aCAF5e30043FdBF4BD77fDEa87A075',
      _tokens: [Array],
      _protocol: '',
      _tokenBalances: [Object]
    },
    UniswappyV2EthPair {
      _marketAddress: '0x1fC5cad613e4c6B3a664d667Da4eC241693f05b9',
      _tokens: [Array],
      _protocol: '',
      _tokenBalances: [Object]
    }
  ],
  '0x2AADa8138787Eb7A8907232dA6756c6Ac6186ef2': [
    UniswappyV2EthPair {
      _marketAddress: '0xD0544768Cf4B427A9578ca10aAD8635faAAD8a6E',
      _tokens: [Array],
      _protocol: '',
      _tokenBalances: [Object]
    },
    UniswappyV2EthPair {
      _marketAddress: '0x0831e20Db7b36BCE72dA51F75D773312A973c845',
      _tokens: [Array],
      _protocol: '',
      _tokenBalances: [Object]
    }
  ],
  '0xAcab3Ee32aacdbC745667FB261ED7af1de5c5EcD': [
    UniswappyV2EthPair {
      _marketAddress: '0x09cF7befa01f764aC59c3e1EFfF01cF45538f523',
      _tokens: [Array],
      _protocol: '',
      _tokenBalances: [Object]
    },
    UniswappyV2EthPair {
      _marketAddress: '0xf7f6cF93a71eD98F473feb34f0a9d79cF19857bF',
      _tokens: [Array],
      _protocol: '',
      _tokenBalances: [Object]
    }
  ],
  '0x8F15ab190b7376762243A75Fc607FBf6b238bf19': [
    UniswappyV2EthPair {
      _marketAddress: '0x2564129DfBbF21Ce02C68704a56Bb156B5B4e782',
      _tokens: [Array],
      _protocol: '',
      _tokenBalances: [Object]
    },
    UniswappyV2EthPair {
      _marketAddress: '0x181ef9aB710693fcC478e64edbB7963C965B3C34',
      _tokens: [Array],
      _protocol: '',
      _tokenBalances: [Object]
    }
  ],
  '0x1e1Ad8e74d31604a4c65cfDf0cBdc3D6e8bAfA71': [
    UniswappyV2EthPair {
      _marketAddress: '0x31034642fFf419b886b090D51F25699d8B0706aB',
      _tokens: [Array],
      _protocol: '',
      _tokenBalances: [Object]
    },
    UniswappyV2EthPair {
      _marketAddress: '0x38Aa4A7FBA9D5BFe8a2a14d97911fD22e8F70268',
      _tokens: [Array],
      _protocol: '',
      _tokenBalances: [Object]
    }
  ],
  '0x06F12925bDa57C3F7b93fF27DE94C134c30D23Ad': [
    UniswappyV2EthPair {
      _marketAddress: '0x97A53cdAAd9464d831350723A7eeFAaE8aC49DC5',
      _tokens: [Array],
      _protocol: '',
      _tokenBalances: [Object]
    },
    UniswappyV2EthPair {
      _marketAddress: '0x3F195Af15661bfc2A06C4C4c2FeFd503A1a7EC71',
      _tokens: [Array],
      _protocol: '',
      _tokenBalances: [Object]
    }
  ],
  '0x78fd945e31862be3738De5a14c17005dD5aC7593': [
    UniswappyV2EthPair {
      _marketAddress: '0xb0C4774217D7e80892B1bAfC7393a04412420c02',
      _tokens: [Array],
      _protocol: '',
      _tokenBalances: [Object]
    },
    UniswappyV2EthPair {
      _marketAddress: '0xF8669605b1993bb1c7eFC2b8f94243eA199EbF28',
      _tokens: [Array],
      _protocol: '',
      _tokenBalances: [Object]
    }
  ],
  '0x421f3387c6E7be9Cf20621e273b637d2e73fF451': [
    UniswappyV2EthPair {
      _marketAddress: '0x2E3528cc7dd25458Ef5CeDDE7ADB358Cb85ad05c',
      _tokens: [Array],
      _protocol: '',
      _tokenBalances: [Object]
    },
    UniswappyV2EthPair {
      _marketAddress: '0xDe01d410c175a8559105E3581f2694214EC1aaC5',
      _tokens: [Array],
      _protocol: '',
      _tokenBalances: [Object]
    },
    UniswappyV2EthPair {
      _marketAddress: '0x9A8fb0DE87271212D5bc398bc64B9718C41439e6',
      _tokens: [Array],
      _protocol: '',
      _tokenBalances: [Object]
    }
  ],
  '0x34735974DFD6F30f7Cb10B47F0345761C5Abbd3e': [
    UniswappyV2EthPair {
      _marketAddress: '0x99fB44c6e74527C73B1A43F2c805A4c32723Ba85',
      _tokens: [Array],
      _protocol: '',
      _tokenBalances: [Object]
    },
    UniswappyV2EthPair {
      _marketAddress: '0x20213eE898953F6267EE91Ffc3bc3cCA85A8f302',
      _tokens: [Array],
      _protocol: '',
      _tokenBalances: [Object]
    }
  ],
  '0x22018B5457D30C340826B0b9c01A211b4220f68B': [
    UniswappyV2EthPair {
      _marketAddress: '0x85eA70A954B6956E94e36Eaa8A4cDa80Ab8D8b91',
      _tokens: [Array],
      _protocol: '',
      _tokenBalances: [Object]
    },
    UniswappyV2EthPair {
      _marketAddress: '0xeE5959962DF7B5B9ff402D46E37e541586BBc054',
      _tokens: [Array],
      _protocol: '',
      _tokenBalances: [Object]
    }
  ],
  '0x6c2c869944cACc9248c9BDFC865061670ECD11a7': [
    UniswappyV2EthPair {
      _marketAddress: '0xb1b7CF741FEF394410857f526d781027D542F5F1',
      _tokens: [Array],
      _protocol: '',
      _tokenBalances: [Object]
    },
    UniswappyV2EthPair {
      _marketAddress: '0x851C73BaAbFBECd205f320A6878BBfb4B0F03F55',
      _tokens: [Array],
      _protocol: '',
      _tokenBalances: [Object]
    },
    UniswappyV2EthPair {
      _marketAddress: '0xF5ff56d3b7E056A9700732e7AA4F4f0efb2802eD',
      _tokens: [Array],
      _protocol: '',
      _tokenBalances: [Object]
    }
  ],
  '0x533C6fb1646Ac5Ea0682d164fe89b89b7657969b': [
    UniswappyV2EthPair {
      _marketAddress: '0xab28B093AfD73de4f28F0F2F288334FDf3c38686',
      _tokens: [Array],
      _protocol: '',
      _tokenBalances: [Object]
    },
    UniswappyV2EthPair {
      _marketAddress: '0xD5684C072623659ED1cBcdF0E2747d0787d16abd',
      _tokens: [Array],
      _protocol: '',
      _tokenBalances: [Object]
    }
  ],
  '0xAc0C8dA4A4748d8d821A0973d00b157aA78C473D': [
    UniswappyV2EthPair {
      _marketAddress: '0xf60663A3A99dC8add0D5e3969D216B30071D2c6d',
      _tokens: [Array],
      _protocol: '',
      _tokenBalances: [Object]
    },
    UniswappyV2EthPair {
      _marketAddress: '0x462cCea7c669A304a5bFcD1E35A14Ba3B6f5b3c4',
      _tokens: [Array],
      _protocol: '',
      _tokenBalances: [Object]
    }
  ],
  '0x9A065d2EC9afc9C9f7D12bC0fa53C402B57757fa': [
    UniswappyV2EthPair {
      _marketAddress: '0x4157A654C7e1FE7b98e0AC1e970695459D87B1BD',
      _tokens: [Array],
      _protocol: '',
      _tokenBalances: [Object]
    },
    UniswappyV2EthPair {
      _marketAddress: '0x878E1eE64FF5BEa1F3277661bCDdE2dD63877a64',
      _tokens: [Array],
      _protocol: '',
      _tokenBalances: [Object]
    }
  ],
  '0xF315cfC8550F6FcA969D397cA8b807C5033fA122': [
    UniswappyV2EthPair {
      _marketAddress: '0xAD19E7D581b6f252AFA5aAE3c6C8dC3680A475c3',
      _tokens: [Array],
      _protocol: '',
      _tokenBalances: [Object]
    },
    UniswappyV2EthPair {
      _marketAddress: '0x05F802fa3ebc5E14254E55668Bf8a0d8037bE1d3',
      _tokens: [Array],
      _protocol: '',
      _tokenBalances: [Object]
    }
  ],
  '0x50D809c74e0B8e49e7B4c65BB3109AbE3Ff4C1C1': [
    UniswappyV2EthPair {
      _marketAddress: '0x133f3408059cEcecB522590c70C18Ee812EF4986',
      _tokens: [Array],
      _protocol: '',
      _tokenBalances: [Object]
    },
    UniswappyV2EthPair {
      _marketAddress: '0xc08C74dC9EF46C6dB122b30c48a659831017DD2E',
      _tokens: [Array],
      _protocol: '',
      _tokenBalances: [Object]
    }
  ],
  '0x901c31a669616Fec1420fe74cF7abAC9b59C8fE3': [
    UniswappyV2EthPair {
      _marketAddress: '0xBB99f6d601221d8C647820300094541b8cD05ecE',
      _tokens: [Array],
      _protocol: '',
      _tokenBalances: [Object]
    },
    UniswappyV2EthPair {
      _marketAddress: '0x7135a277d35e7b92b83C82eB0c83F12fEc65241F',
      _tokens: [Array],
      _protocol: '',
      _tokenBalances: [Object]
    }
  ],
  '0x0025B42bfc22CbbA6c02d23d4Ec2aBFcf6E014d4': [
    UniswappyV2EthPair {
      _marketAddress: '0xFd8ca0543e6fA705eB2cc7dF40f18b49e17fB5D0',
      _tokens: [Array],
      _protocol: '',
      _tokenBalances: [Object]
    },
    UniswappyV2EthPair {
      _marketAddress: '0x912DCfBf1105504fB4FF8ce351BEb4d929cE9c24',
      _tokens: [Array],
      _protocol: '',
      _tokenBalances: [Object]
    }
  ],
  '0x6EB2Ea8BBD4D327fd790CC111EF741fD6361598B': [
    UniswappyV2EthPair {
      _marketAddress: '0xF0EC8d18afa2A844945F41773bDA4bc4420E05fC',
      _tokens: [Array],
      _protocol: '',
      _tokenBalances: [Object]
    },
    UniswappyV2EthPair {
      _marketAddress: '0xb7690Ac6A77b8AA1eab28DA1eEb5432a7C88e183',
      _tokens: [Array],
      _protocol: '',
      _tokenBalances: [Object]
    }
  ],
  '0x47aE05B2bd0f508E818250f589699fD85399Bc59': [
    UniswappyV2EthPair {
      _marketAddress: '0xFDd93A50b0Cf1081cf5533bb2e860EC93d65d490',
      _tokens: [Array],
      _protocol: '',
      _tokenBalances: [Object]
    },
    UniswappyV2EthPair {
      _marketAddress: '0xAF2D9EF6770A323f9210f81C0e51E8B256181F7C',
      _tokens: [Array],
      _protocol: '',
      _tokenBalances: [Object]
    }
  ],
  '0xdFd9e2A17596caD6295EcFfDa42D9B6F63F7B5d5': [
    UniswappyV2EthPair {
      _marketAddress: '0x91408A6A3379e587FAAf4b457b3686cd5A6A05a9',
      _tokens: [Array],
      _protocol: '',
      _tokenBalances: [Object]
    },
    UniswappyV2EthPair {
      _marketAddress: '0x80B3b02B52eD80B366eBEA1B197Fd3E1647E32D9',
      _tokens: [Array],
      _protocol: '',
      _tokenBalances: [Object]
    }
  ],
  '0xfE1d7f7a8f0bdA6E415593a2e4F82c64b446d404': [
    UniswappyV2EthPair {
      _marketAddress: '0xAf660ca1A09D2Ed09730a4a3E84931381481116e',
      _tokens: [Array],
      _protocol: '',
      _tokenBalances: [Object]
    },
    UniswappyV2EthPair {
      _marketAddress: '0xF160aCF92Ff2510B13952cC54A846E4fC33AF1B7',
      _tokens: [Array],
      _protocol: '',
      _tokenBalances: [Object]
    }
  ],
  '0x5c232176D54a2ffC9524178b42fD070F5a6928A8': [
    UniswappyV2EthPair {
      _marketAddress: '0x6deB8B2dC9Db13B30168Ebed5357521FcBD2eA10',
      _tokens: [Array],
      _protocol: '',
      _tokenBalances: [Object]
    },
    UniswappyV2EthPair {
      _marketAddress: '0x6A4B6D6d8C91797220C54cc6c431fc85384cCaf6',
      _tokens: [Array],
      _protocol: '',
      _tokenBalances: [Object]
    }
  ],
  '0x2a332EED811c69d244994009Ff046B3E9fca59A7': [
    UniswappyV2EthPair {
      _marketAddress: '0x73D85eCC018268b3670cf5e39306768dDAcd6596',
      _tokens: [Array],
      _protocol: '',
      _tokenBalances: [Object]
    },
    UniswappyV2EthPair {
      _marketAddress: '0xBb935f0F7C9348D8467790046f166EA3c6534e5c',
      _tokens: [Array],
      _protocol: '',
      _tokenBalances: [Object]
    }
  ],
  '0x548848ED9b70ec604062dAcE5A02272A16670983': [
    UniswappyV2EthPair {
      _marketAddress: '0xc5DE498a98ABF44d2e98Fe584a561978886A3Bf4',
      _tokens: [Array],
      _protocol: '',
      _tokenBalances: [Object]
    },
    UniswappyV2EthPair {
      _marketAddress: '0xa333Ae07970933E7cD471c017415Ec692FA2C955',
      _tokens: [Array],
      _protocol: '',
      _tokenBalances: [Object]
    }
  ],
  '0xE1C110E1B1b4A1deD0cAf3E42BfBdbB7b5d7cE1C': [
    UniswappyV2EthPair {
      _marketAddress: '0x5a7ba2BBBbc4c082b735878677F661B335C95b6a',
      _tokens: [Array],
      _protocol: '',
      _tokenBalances: [Object]
    },
    UniswappyV2EthPair {
      _marketAddress: '0x14A9c644333Ada8B566612FA9cffcAf62aa1EC86',
      _tokens: [Array],
      _protocol: '',
      _tokenBalances: [Object]
    }
  ],
  '0x6E195853ca6981093a289C0ED62359bdA2972A45': [
    UniswappyV2EthPair {
      _marketAddress: '0x04448d17027Ad5261A84fff21F6F2ED777dBd9a6',
      _tokens: [Array],
      _protocol: '',
      _tokenBalances: [Object]
    },
    UniswappyV2EthPair {
      _marketAddress: '0x725CEA20610f6Dfa3958A6B7CECaeaA58837b2E3',
      _tokens: [Array],
      _protocol: '',
      _tokenBalances: [Object]
    }
  ],
  '0x32299c93960bB583A43c2220Dc89152391A610c5': [
    UniswappyV2EthPair {
      _marketAddress: '0x974497FfF51a4ee2F84F8a5372cFD0163702aA0d',
      _tokens: [Array],
      _protocol: '',
      _tokenBalances: [Object]
    },
    UniswappyV2EthPair {
      _marketAddress: '0x032042aDE4d7fCE28CCa0d505D943cCdCEbe1449',
      _tokens: [Array],
      _protocol: '',
      _tokenBalances: [Object]
    }
  ],
  '0xd8e37cf65fa3E071c1059E5aA78C3A6CAFd25CFd': [
    UniswappyV2EthPair {
      _marketAddress: '0x3370Bad038c8eB7140B443503095a294ad392658',
      _tokens: [Array],
      _protocol: '',
      _tokenBalances: [Object]
    },
    UniswappyV2EthPair {
      _marketAddress: '0xba2bDD7153CF5a290457f21551e4D5185D0198fd',
      _tokens: [Array],
      _protocol: '',
      _tokenBalances: [Object]
    }
  ],
  '0xDBFD69cc63cDD5Bb1591c9ef4B535Bb23a94335A': [
    UniswappyV2EthPair {
      _marketAddress: '0x99956c490bc46B2e5943958B34abd15418a6eDDd',
      _tokens: [Array],
      _protocol: '',
      _tokenBalances: [Object]
    },
    UniswappyV2EthPair {
      _marketAddress: '0x44d81caF5D9005b5B9dd3c7323aC2d8Cef35874A',
      _tokens: [Array],
      _protocol: '',
      _tokenBalances: [Object]
    }
  ],
  '0x2B3F34e9D4b127797CE6244Ea341a83733ddd6E4': [
    UniswappyV2EthPair {
      _marketAddress: '0x9dFDc3BC34459c822C8289aB4068b291d17B7344',
      _tokens: [Array],
      _protocol: '',
      _tokenBalances: [Object]
    },
    UniswappyV2EthPair {
      _marketAddress: '0xba491c22f6b16E69A6730Ed882Ad65e3A89f0eD2',
      _tokens: [Array],
      _protocol: '',
      _tokenBalances: [Object]
    }
  ],
  '0x51e1963947c7FC069733dd1d75455Cd2Ba92a5f0': [
    UniswappyV2EthPair {
      _marketAddress: '0x806776f0b6C60a0f1170482107b2451636939685',
      _tokens: [Array],
      _protocol: '',
      _tokenBalances: [Object]
    },
    UniswappyV2EthPair {
      _marketAddress: '0xde20DBA1D8466274bd40d4877C03797008fFc83a',
      _tokens: [Array],
      _protocol: '',
      _tokenBalances: [Object]
    }
  ],
  '0x56Fa3Bb4353c1aE0c9EcF96156C1545F8c989184': [
    UniswappyV2EthPair {
      _marketAddress: '0x9e5A15fD18E95783d53A9c77BAbF6130DcB87C55',
      _tokens: [Array],
      _protocol: '',
      _tokenBalances: [Object]
    },
    UniswappyV2EthPair {
      _marketAddress: '0xD946e5F1e5Da81e7329bdb2AfEA61822472C7E17',
      _tokens: [Array],
      _protocol: '',
      _tokenBalances: [Object]
    }
  ],
  '0xD7d9e6Ed2762B3403534d7152018686f3d03c4F6': [
    UniswappyV2EthPair {
      _marketAddress: '0xC9A5ccf8dA34D6386047A3a93f3fB265F3930C96',
      _tokens: [Array],
      _protocol: '',
      _tokenBalances: [Object]
    },
    UniswappyV2EthPair {
      _marketAddress: '0x33732413d6DeCa749840733D87EE3a30D0B1d42B',
      _tokens: [Array],
      _protocol: '',
      _tokenBalances: [Object]
    }
  ],
  '0x768E2F1ef63B97368aB2a606658d411d9630945F': [
    UniswappyV2EthPair {
      _marketAddress: '0xc5199507377A56868f5CC6790640846d678e0249',
      _tokens: [Array],
      _protocol: '',
      _tokenBalances: [Object]
    },
    UniswappyV2EthPair {
      _marketAddress: '0xd8334103187C6B334deAf9E453ad7FC0e8672E96',
      _tokens: [Array],
      _protocol: '',
      _tokenBalances: [Object]
    }
  ],
  '0x8afdb4DB2D4d2F755AffE57c5F0c0A22ef8C8A3a': [
    UniswappyV2EthPair {
      _marketAddress: '0xFcfDA80a9D0ac11bF15216E056b4abD6D56B5c1a',
      _tokens: [Array],
      _protocol: '',
      _tokenBalances: [Object]
    },
    UniswappyV2EthPair {
      _marketAddress: '0x2E0C6E864e6fB7BffbfffCAC63a3cF0e80d40F5F',
      _tokens: [Array],
      _protocol: '',
      _tokenBalances: [Object]
    }
  ],
  '0x217b2174822Dce3cB8AA86556A12b544aEAe4b8b': [
    UniswappyV2EthPair {
      _marketAddress: '0xF3018DEDE94eA1b0555645C2186ad196A5486280',
      _tokens: [Array],
      _protocol: '',
      _tokenBalances: [Object]
    },
    UniswappyV2EthPair {
      _marketAddress: '0xD4d8d9dac9fEd70c52cC8F419a0824a805691087',
      _tokens: [Array],
      _protocol: '',
      _tokenBalances: [Object]
    }
  ],
  '0xf7069e41C57EcC5F122093811d8c75bdB5f7c14e': [
    UniswappyV2EthPair {
      _marketAddress: '0x69eE7a482A55534Ebe9c648Cd986b9cD9BD9C4Fd',
      _tokens: [Array],
      _protocol: '',
      _tokenBalances: [Object]
    },
    UniswappyV2EthPair {
      _marketAddress: '0x109c550312b25b74FE0Ac8B738a40c86E7453F9b',
      _tokens: [Array],
      _protocol: '',
      _tokenBalances: [Object]
    }
  ],
  '0x909aa6E4C6f8bc49263321092Ba41c6Ea3F8a9a4': [
    UniswappyV2EthPair {
      _marketAddress: '0x96F4E642c14D80DA857A3fe0fB54804b66dE0fAD',
      _tokens: [Array],
      _protocol: '',
      _tokenBalances: [Object]
    },
    UniswappyV2EthPair {
      _marketAddress: '0xA4f4A5077E934D76AE9d2EeE2Ea7F77eA5c29788',
      _tokens: [Array],
      _protocol: '',
      _tokenBalances: [Object]
    }
  ],
  '0xfcf93a7Ce9B1f5b80E7b1e630752D7045A2Be985': [
    UniswappyV2EthPair {
      _marketAddress: '0x118C29E29A6f02e9640021848AADC940df81FbdE',
      _tokens: [Array],
      _protocol: '',
      _tokenBalances: [Object]
    },
    UniswappyV2EthPair {
      _marketAddress: '0xd9eA28B7a814844CD9B52c3F99dF3Dd0A90cbA39',
      _tokens: [Array],
      _protocol: '',
      _tokenBalances: [Object]
    }
  ],
  '0xCE86F7fcD3B40791F63B86C3ea3B8B355Ce2685b': [
    UniswappyV2EthPair {
      _marketAddress: '0x9E9fb1E9F3c5620e488FA06F7aB19D903056E3d9',
      _tokens: [Array],
      _protocol: '',
      _tokenBalances: [Object]
    },
    UniswappyV2EthPair {
      _marketAddress: '0x6C2229A083466e07B9e47F8730899D06337b7289',
      _tokens: [Array],
      _protocol: '',
      _tokenBalances: [Object]
    },
    UniswappyV2EthPair {
      _marketAddress: '0xF749D107Bc1bdF5Eb7519feD4438F530aF333c95',
      _tokens: [Array],
      _protocol: '',
      _tokenBalances: [Object]
    }
  ],
  '0x9C65AB58d8d978DB963e63f2bfB7121627e3a739': [
    UniswappyV2EthPair {
      _marketAddress: '0xAf9Aa53146C5752BF6068A84B970E9fBB22a87bc',
      _tokens: [Array],
      _protocol: '',
      _tokenBalances: [Object]
    },
    UniswappyV2EthPair {
      _marketAddress: '0xe50DB6F7A819037Bcc590c06BE9ec1FE7189bDf2',
      _tokens: [Array],
      _protocol: '',
      _tokenBalances: [Object]
    }
  ],
  '0x56b6fB708fC5732DEC1Afc8D8556423A2EDcCbD6': [
    UniswappyV2EthPair {
      _marketAddress: '0x79B0DE721bCf2D6d03708D5e7f5eEca8d4df5F88',
      _tokens: [Array],
      _protocol: '',
      _tokenBalances: [Object]
    },
    UniswappyV2EthPair {
      _marketAddress: '0xC65eDA012A83756798fb920c9E0C17d8dec73E59',
      _tokens: [Array],
      _protocol: '',
      _tokenBalances: [Object]
    },
    UniswappyV2EthPair {
      _marketAddress: '0xB6e34b5C65Eda51bb1BD4ea5F79d385Fb94b9504',
      _tokens: [Array],
      _protocol: '',
      _tokenBalances: [Object]
    },
    UniswappyV2EthPair {
      _marketAddress: '0x981d2Ba1b298888408d342C39c2Ab92e8991691e',
      _tokens: [Array],
      _protocol: '',
      _tokenBalances: [Object]
    }
  ],
  '0x47541848D3B3d9702Ed9a66e519bbacaCB45fD0d': [
    UniswappyV2EthPair {
      _marketAddress: '0xf935405365932A6a926A2d07b09aa2281B01e63d',
      _tokens: [Array],
      _protocol: '',
      _tokenBalances: [Object]
    },
    UniswappyV2EthPair {
      _marketAddress: '0xeCb8D5DC55150c9127Ea1FF571204CcAEe068EA9',
      _tokens: [Array],
      _protocol: '',
      _tokenBalances: [Object]
    },
    UniswappyV2EthPair {
      _marketAddress: '0x5B0a6FF0C982BAb57eeFBBF9666D406cB21B6fA6',
      _tokens: [Array],
      _protocol: '',
      _tokenBalances: [Object]
    }
  ],
  '0x948d2a81086A075b3130BAc19e4c6DEe1D2E3fE8': [
    UniswappyV2EthPair {
      _marketAddress: '0x83d8E2E030cD820dfdD94723c3bcf2BC52e1701A',
      _tokens: [Array],
      _protocol: '',
      _tokenBalances: [Object]
    },
    UniswappyV2EthPair {
      _marketAddress: '0xC869A9943b702B03770B6A92d2b2d25cf3a3f571',
      _tokens: [Array],
      _protocol: '',
      _tokenBalances: [Object]
    },
    UniswappyV2EthPair {
      _marketAddress: '0x6411310C07d8c48730172146Fd6F31FA84034a8b',
      _tokens: [Array],
      _protocol: '',
      _tokenBalances: [Object]
    }
  ],
  '0x2f9c1e720A8892B7cCf74d02309178F65cBc4888': [
    UniswappyV2EthPair {
      _marketAddress: '0x7913FC8f2a80532cFAF4C4B1849685b8d9De278C',
      _tokens: [Array],
      _protocol: '',
      _tokenBalances: [Object]
    },
    UniswappyV2EthPair {
      _marketAddress: '0x41ccBeEf7F1909d5d2a1F8573413bc726F22B6Be',
      _tokens: [Array],
      _protocol: '',
      _tokenBalances: [Object]
    }
  ],
  '0x8fF795a6F4D97E7887C79beA79aba5cc76444aDf': [
    UniswappyV2EthPair {
      _marketAddress: '0x6b35eb6CF670452Fa3Be8396b54678b1727aFA6b',
      _tokens: [Array],
      _protocol: '',
      _tokenBalances: [Object]
    },
    UniswappyV2EthPair {
      _marketAddress: '0xEb943f0eA74a433bB90A32522F5Aeb534E8fc3Ec',
      _tokens: [Array],
      _protocol: '',
      _tokenBalances: [Object]
    },
    UniswappyV2EthPair {
      _marketAddress: '0x29b839540C07Cc0D4B06611859B01A762Cf94cf4',
      _tokens: [Array],
      _protocol: '',
      _tokenBalances: [Object]
    },
    UniswappyV2EthPair {
      _marketAddress: '0x54EdD846dB17f43b6e43296134ECD96284671E81',
      _tokens: [Array],
      _protocol: '',
      _tokenBalances: [Object]
    }
  ],
  '0x3FdA9383A84C05eC8f7630Fe10AdF1fAC13241CC': [
    UniswappyV2EthPair {
      _marketAddress: '0xbBBEBb8BdE444480AD374e325D80337011d4ce10',
      _tokens: [Array],
      _protocol: '',
      _tokenBalances: [Object]
    },
    UniswappyV2EthPair {
      _marketAddress: '0xB9697589Bc2E800224D883A7FC6657433f8a4D40',
      _tokens: [Array],
      _protocol: '',
      _tokenBalances: [Object]
    },
    UniswappyV2EthPair {
      _marketAddress: '0xF1Ec67fA1881796BFf63Db3E1A301cE9cb787Fad',
      _tokens: [Array],
      _protocol: '',
      _tokenBalances: [Object]
    },
    UniswappyV2EthPair {
      _marketAddress: '0x17F0b998B81cE75074a7CDAdAe6D63Da3cb23572',
      _tokens: [Array],
      _protocol: '',
      _tokenBalances: [Object]
    }
  ],
  '0x9001fD53504F7Bf253296cfFAdF5b6030CD61abb': [
    UniswappyV2EthPair {
      _marketAddress: '0x90B9068e8ee88bc6E446666D837AA7f49E81C653',
      _tokens: [Array],
      _protocol: '',
      _tokenBalances: [Object]
    },
    UniswappyV2EthPair {
      _marketAddress: '0x3BA0EBb3d4aA55a52966F3275824472a613D6FFe',
      _tokens: [Array],
      _protocol: '',
      _tokenBalances: [Object]
    },
    UniswappyV2EthPair {
      _marketAddress: '0x37376f0B96CCE642eE5b394b7a51708355dCE102',
      _tokens: [Array],
      _protocol: '',
      _tokenBalances: [Object]
    },
    UniswappyV2EthPair {
      _marketAddress: '0x4Daa10e57da63c4707A7B12f3f6BeaB5Ca37eC6B',
      _tokens: [Array],
      _protocol: '',
      _tokenBalances: [Object]
    }
  ],
  '0xe52C5A3590952F3ed6fcCf89A0bD7F38e11C5B98': [
    UniswappyV2EthPair {
      _marketAddress: '0xCa6D3688bc725789B89ED1197b209Ad2e5BAEaa9',
      _tokens: [Array],
      _protocol: '',
      _tokenBalances: [Object]
    },
    UniswappyV2EthPair {
      _marketAddress: '0x7f22343B5bbb223dD87193d3B8F0413A981a665d',
      _tokens: [Array],
      _protocol: '',
      _tokenBalances: [Object]
    }
  ],
  '0xF1932eC9784B695520258F968b9575724af6eFa8': [
    UniswappyV2EthPair {
      _marketAddress: '0x1122eA41A0D5277255EEF0a44ec8993AEf77e045',
      _tokens: [Array],
      _protocol: '',
      _tokenBalances: [Object]
    },
    UniswappyV2EthPair {
      _marketAddress: '0x083a1581624F75997297Ce289875F4C5C5a25BD9',
      _tokens: [Array],
      _protocol: '',
      _tokenBalances: [Object]
    },
    UniswappyV2EthPair {
      _marketAddress: '0x91b88C28F96f309bD4100F9146f0696422f2BE72',
      _tokens: [Array],
      _protocol: '',
      _tokenBalances: [Object]
    }
  ],
  '0x3B73c1B2ea59835cbfcADade5462b6aB630D9890': [
    UniswappyV2EthPair {
      _marketAddress: '0xa21B4103e4501A5a3076bAa31bce7D184E1e79C7',
      _tokens: [Array],
      _protocol: '',
      _tokenBalances: [Object]
    },
    UniswappyV2EthPair {
      _marketAddress: '0x5f891947b75f0e43580357dAd3DeEF12e25E86B6',
      _tokens: [Array],
      _protocol: '',
      _tokenBalances: [Object]
    }
  ],
  '0x7f1296e5aA692a98d86EaAe3ac1CD7723E74878d': [
    UniswappyV2EthPair {
      _marketAddress: '0xC58965FFBDe6B43672DF6B0F19F3cF10e0B4DfaC',
      _tokens: [Array],
      _protocol: '',
      _tokenBalances: [Object]
    },
    UniswappyV2EthPair {
      _marketAddress: '0x0EcAB2EC7AC1Ed54D4E0AF866352D5312Cabde06',
      _tokens: [Array],
      _protocol: '',
      _tokenBalances: [Object]
    }
  ],
  '0x2aBB1d12fE3021B501041C3c20c7FE25043f070C': [
    UniswappyV2EthPair {
      _marketAddress: '0x2d7eb98A96365E3dbAC92736e538445c20Eea89c',
      _tokens: [Array],
      _protocol: '',
      _tokenBalances: [Object]
    },
    UniswappyV2EthPair {
      _marketAddress: '0xD9B2583E104FDc575312014FCa1e52f530bef5e8',
      _tokens: [Array],
      _protocol: '',
      _tokenBalances: [Object]
    }
  ],
  '0x38606C32E4eAEbE9f0145c23cD3420440290EE39': [
    UniswappyV2EthPair {
      _marketAddress: '0x70fF039Ca28a0A96dE53B21dc2822521BCdB6483',
      _tokens: [Array],
      _protocol: '',
      _tokenBalances: [Object]
    },
    UniswappyV2EthPair {
      _marketAddress: '0x1004D3600Ea8c5fF4c22fDc9bBAeB768F4EfDE49',
      _tokens: [Array],
      _protocol: '',
      _tokenBalances: [Object]
    }
  ],
  '0xF5318b3941b3f1239DD910c941bBe2259f32311b': [
    UniswappyV2EthPair {
      _marketAddress: '0x463882e334c712723Db8639a75d33cE13dA363a7',
      _tokens: [Array],
      _protocol: '',
      _tokenBalances: [Object]
    },
    UniswappyV2EthPair {
      _marketAddress: '0x939bC3CA18bEF80Bc3Ec6c2b7c3895219b6a91d3',
      _tokens: [Array],
      _protocol: '',
      _tokenBalances: [Object]
    },
    UniswappyV2EthPair {
      _marketAddress: '0xB443d19e5448C8a58916cA8e0a33c41212668aD3',
      _tokens: [Array],
      _protocol: '',
      _tokenBalances: [Object]
    }
  ],
  '0x2bcF9c1861FaE2d5a7D2b3242b71e2a8d461F61e': [
    UniswappyV2EthPair {
      _marketAddress: '0x3488f5C086b4F5b817C420EB8B691f20904b4310',
      _tokens: [Array],
      _protocol: '',
      _tokenBalances: [Object]
    },
    UniswappyV2EthPair {
      _marketAddress: '0xE412Bb517EF447b29847227408988ae1eeA25b1B',
      _tokens: [Array],
      _protocol: '',
      _tokenBalances: [Object]
    }
  ],
  '0xb478cCb0C76a8Fde28B1F5f2A67AA960E3eE44F6': [
    UniswappyV2EthPair {
      _marketAddress: '0x87e5f6764441d8b764F141e0dF5e0c6E544C0e71',
      _tokens: [Array],
      _protocol: '',
      _tokenBalances: [Object]
    },
    UniswappyV2EthPair {
      _marketAddress: '0x339a96e14baf1C9a3DDBe2149285a51181466F1B',
      _tokens: [Array],
      _protocol: '',
      _tokenBalances: [Object]
    }
  ],
  '0xC498A3C9C61bD4Eb8Bc4BFCcf48c8C571C15b6E0': [
    UniswappyV2EthPair {
      _marketAddress: '0x0e16e7bAcA23d1E163fAaCA4Ce8888BBb0cf0407',
      _tokens: [Array],
      _protocol: '',
      _tokenBalances: [Object]
    },
    UniswappyV2EthPair {
      _marketAddress: '0xd4cFa9A69bb6c33Cc35A6640878AC33fe939F738',
      _tokens: [Array],
      _protocol: '',
      _tokenBalances: [Object]
    }
  ],
  '0x1d5bF045d1651A411138Fe7dA5fc5E023f26CB70': [
    UniswappyV2EthPair {
      _marketAddress: '0x79201dC4E8761768EE6412909bc74F2C02076Fa1',
      _tokens: [Array],
      _protocol: '',
      _tokenBalances: [Object]
    },
    UniswappyV2EthPair {
      _marketAddress: '0xE4592b54D248D73a9a9A112d2Ff968c220B8b694',
      _tokens: [Array],
      _protocol: '',
      _tokenBalances: [Object]
    }
  ],
  '0x622550242d615aEe918DEbfa10Ca01beb9444F8E': [
    UniswappyV2EthPair {
      _marketAddress: '0xB14Dbf6E5Ce1e2e9A566427bd487496FF452Db39',
      _tokens: [Array],
      _protocol: '',
      _tokenBalances: [Object]
    },
    UniswappyV2EthPair {
      _marketAddress: '0x70A9f7f32d127fdfCB81a4AAF3918CDedeA53625',
      _tokens: [Array],
      _protocol: '',
      _tokenBalances: [Object]
    }
  ],
  '0xC6bfcf0469a74b36c070b807162fFcbF7B0a1103': [
    UniswappyV2EthPair {
      _marketAddress: '0xbf8b1cfCF8c8bca198098BB4b1B86D221a6Fcef5',
      _tokens: [Array],
      _protocol: '',
      _tokenBalances: [Object]
    },
    UniswappyV2EthPair {
      _marketAddress: '0x8d7f836451e5Be9f55237f1331D9AA10eCD14091',
      _tokens: [Array],
      _protocol: '',
      _tokenBalances: [Object]
    }
  ],
  '0x47a13C792A3c07dE94eB824204364A85F696e465': [
    UniswappyV2EthPair {
      _marketAddress: '0x8506301Db5f5B64Dff1A126f22d82479550712FF',
      _tokens: [Array],
      _protocol: '',
      _tokenBalances: [Object]
    },
    UniswappyV2EthPair {
      _marketAddress: '0x8EE15D6842A405C4a93FF6F8702F7982AcD65C7e',
      _tokens: [Array],
      _protocol: '',
      _tokenBalances: [Object]
    },
    UniswappyV2EthPair {
      _marketAddress: '0x548a4e2Dafa2D70b97D1838a84a9a563F37D5764',
      _tokens: [Array],
      _protocol: '',
      _tokenBalances: [Object]
    }
  ],
  '0xa9044F45039B798D21E02CB77F396A2d387cACdD': [
    UniswappyV2EthPair {
      _marketAddress: '0x0d44ade309e654949b428f8a2F8174041B18a7a0',
      _tokens: [Array],
      _protocol: '',
      _tokenBalances: [Object]
    },
    UniswappyV2EthPair {
      _marketAddress: '0x15c921AF5F4E89a420f4257cf556C15C333d460d',
      _tokens: [Array],
      _protocol: '',
      _tokenBalances: [Object]
    }
  ],
  '0x9DFc14549793BdB04d85b8b1e51183b87C5564b2': [
    UniswappyV2EthPair {
      _marketAddress: '0x43f1984462E7371b0A066c2de8055977Dc040908',
      _tokens: [Array],
      _protocol: '',
      _tokenBalances: [Object]
    },
    UniswappyV2EthPair {
      _marketAddress: '0x8EC0c83098836C978D30B53F4f66024FF3d7A539',
      _tokens: [Array],
      _protocol: '',
      _tokenBalances: [Object]
    }
  ],
  '0xACB8f52DC63BB752a51186D1c55868ADbFfEe9C1': [
    UniswappyV2EthPair {
      _marketAddress: '0x8742d9Af525c5Cd5a6A01FAEEBf9013bD3D3cEBC',
      _tokens: [Array],
      _protocol: '',
      _tokenBalances: [Object]
    },
    UniswappyV2EthPair {
      _marketAddress: '0x66334Ff929841920e1a1dC378ABc85167344C8DD',
      _tokens: [Array],
      _protocol: '',
      _tokenBalances: [Object]
    },
    UniswappyV2EthPair {
      _marketAddress: '0x2bF2dEB40639201C9A94c9e33b4852D9AEa5fd2D',
      _tokens: [Array],
      _protocol: '',
      _tokenBalances: [Object]
    }
  ],
  '0xB093B645Dcbe0E86F224855993e7C1Cec6B7D987': [
    UniswappyV2EthPair {
      _marketAddress: '0x43EB27d91a8be9A3b23AC4F343A7D8F289f6E55d',
      _tokens: [Array],
      _protocol: '',
      _tokenBalances: [Object]
    },
    UniswappyV2EthPair {
      _marketAddress: '0x3f3adeC96372AA92775BCF089d2a155158782Dd3',
      _tokens: [Array],
      _protocol: '',
      _tokenBalances: [Object]
    },
    UniswappyV2EthPair {
      _marketAddress: '0x958B68F20c22423C8eE5d20FC4825d045B1F2Fbb',
      _tokens: [Array],
      _protocol: '',
      _tokenBalances: [Object]
    }
  ],
  '0x4197C6EF3879a08cD51e5560da5064B773aa1d29': [
    UniswappyV2EthPair {
      _marketAddress: '0x478d6c9FFa3609Faa1bfc4afc2770447CA327705',
      _tokens: [Array],
      _protocol: '',
      _tokenBalances: [Object]
    },
    UniswappyV2EthPair {
      _marketAddress: '0xf6209599a3eE6D9456506aCa8406dB0d1050424d',
      _tokens: [Array],
      _protocol: '',
      _tokenBalances: [Object]
    },
    UniswappyV2EthPair {
      _marketAddress: '0x2366eC9dDD1eB27506Fa2Ed48Da8f2D9e99ed3c7',
      _tokens: [Array],
      _protocol: '',
      _tokenBalances: [Object]
    }
  ],
  '0x6f7CdF4e7A083d03aD1bd8aa581fB9503C4a1f46': [
    UniswappyV2EthPair {
      _marketAddress: '0x693f6F807db4dCa48ae50DC427108851DB4af44c',
      _tokens: [Array],
      _protocol: '',
      _tokenBalances: [Object]
    },
    UniswappyV2EthPair {
      _marketAddress: '0x25942655E2Cb283a231755B8EE3D753173fa3ac9',
      _tokens: [Array],
      _protocol: '',
      _tokenBalances: [Object]
    },
    UniswappyV2EthPair {
      _marketAddress: '0x538fdA824a2d132BAE70583A80bd06888952a4C6',
      _tokens: [Array],
      _protocol: '',
      _tokenBalances: [Object]
    }
  ],
  '0xC0366a104b429f0806BfA98d0008DAA9555b2BEd': [
    UniswappyV2EthPair {
      _marketAddress: '0xBB38cA54b85424Bc92B358bB59F9b266723d334A',
      _tokens: [Array],
      _protocol: '',
      _tokenBalances: [Object]
    },
    UniswappyV2EthPair {
      _marketAddress: '0xFD94E36C1F84dD91Df47600697484Ba014862c76',
      _tokens: [Array],
      _protocol: '',
      _tokenBalances: [Object]
    }
  ],
  '0x5232B3f532b58FBf96Ec7cbDBf10C01cB0520c87': [
    UniswappyV2EthPair {
      _marketAddress: '0xDaF0BC0dC46f8b9Fc0Bbf5e23eA3eC238b41e8a7',
      _tokens: [Array],
      _protocol: '',
      _tokenBalances: [Object]
    },
    UniswappyV2EthPair {
      _marketAddress: '0x3Db534113a7E3C80591dAc86ceBFFDf7aC2b8B88',
      _tokens: [Array],
      _protocol: '',
      _tokenBalances: [Object]
    },
    UniswappyV2EthPair {
      _marketAddress: '0x9439A0416002855dAD9726091fEdd7bacAa8B1bA',
      _tokens: [Array],
      _protocol: '',
      _tokenBalances: [Object]
    }
  ],
  '0x68590a47578E5060a29fd99654f4556dBfa05D10': [
    UniswappyV2EthPair {
      _marketAddress: '0x03775d1872ba1c7a5B1D423D2bC1Fd25B284CAAd',
      _tokens: [Array],
      _protocol: '',
      _tokenBalances: [Object]
    },
    UniswappyV2EthPair {
      _marketAddress: '0x90b4320D89AbC65B7129043000Db6c1eCd7E24E6',
      _tokens: [Array],
      _protocol: '',
      _tokenBalances: [Object]
    }
  ],
  '0xa2B726B1145A4773F68593CF171187d8EBe4d495': [
    UniswappyV2EthPair {
      _marketAddress: '0x59AdC6FA202be153C4479b0142801A1e7cEF7787',
      _tokens: [Array],
      _protocol: '',
      _tokenBalances: [Object]
    },
    UniswappyV2EthPair {
      _marketAddress: '0x0B8C1718b680f36b4F56a63CbbA1fAeD6bfBa78B',
      _tokens: [Array],
      _protocol: '',
      _tokenBalances: [Object]
    },
    UniswappyV2EthPair {
      _marketAddress: '0x1BdCebcA3b93af70b58C41272AEa2231754B23ca',
      _tokens: [Array],
      _protocol: '',
      _tokenBalances: [Object]
    },
    UniswappyV2EthPair {
      _marketAddress: '0x7a34bd64d18e44CfdE3ef4B81b87BAf3EB3315B6',
      _tokens: [Array],
      _protocol: '',
      _tokenBalances: [Object]
    }
  ],
  '0x07af67b392B7A202fAD8E0FBc64C34F33102165B': [
    UniswappyV2EthPair {
      _marketAddress: '0xa1848632ff4C7aB3B992A9d09B67D95F3545b255',
      _tokens: [Array],
      _protocol: '',
      _tokenBalances: [Object]
    },
    UniswappyV2EthPair {
      _marketAddress: '0xc6238f3B64354826a34E98551d158CbAa58A8861',
      _tokens: [Array],
      _protocol: '',
      _tokenBalances: [Object]
    },
    UniswappyV2EthPair {
      _marketAddress: '0xb241B05F3066C3DC34Eba34745d9950A84f1Ce0B',
      _tokens: [Array],
      _protocol: '',
      _tokenBalances: [Object]
    }
  ],
  '0x3177b2A0550b9030ec86317d069706635c5aa15F': [
    UniswappyV2EthPair {
      _marketAddress: '0x82C4E85541e017C328AB1eA96094B4c2FcF45B46',
      _tokens: [Array],
      _protocol: '',
      _tokenBalances: [Object]
    },
    UniswappyV2EthPair {
      _marketAddress: '0xe76Be0F48fb168cc6CAd80178d8b5427756AF205',
      _tokens: [Array],
      _protocol: '',
      _tokenBalances: [Object]
    }
  ],
  '0xEc507ABb3824b0f72a6A0D735531743dB3a15432': [
    UniswappyV2EthPair {
      _marketAddress: '0xB230887090bb8b1fA5916d781C5c50D093F00428',
      _tokens: [Array],
      _protocol: '',
      _tokenBalances: [Object]
    },
    UniswappyV2EthPair {
      _marketAddress: '0xe5d5270197A358a0fee8759F4F9187EE5Fa768dF',
      _tokens: [Array],
      _protocol: '',
      _tokenBalances: [Object]
    }
  ],
  '0x6c77BB19C69d66bEA9E3CDAea108A76eA8D2Fd2A': [
    UniswappyV2EthPair {
      _marketAddress: '0x69a8c127D762FBF12e3D05bE17e8ecb00D9B8514',
      _tokens: [Array],
      _protocol: '',
      _tokenBalances: [Object]
    },
    UniswappyV2EthPair {
      _marketAddress: '0xcabb1C6a1f13AB959F6B85323466c264b8f60467',
      _tokens: [Array],
      _protocol: '',
      _tokenBalances: [Object]
    }
  ],
  '0xeB22C12429ff03688dD15a34824d736741605ca0': [
    UniswappyV2EthPair {
      _marketAddress: '0xCCB2977C69da7e34EF138623fd78Ad954AFAA777',
      _tokens: [Array],
      _protocol: '',
      _tokenBalances: [Object]
    },
    UniswappyV2EthPair {
      _marketAddress: '0x18d94d3609509B9D8D9d687a8588eEE13366Fb86',
      _tokens: [Array],
      _protocol: '',
      _tokenBalances: [Object]
    }
  ],
  '0xF0902eB0049A4003793BAb33F3566A22D2834442': [
    UniswappyV2EthPair {
      _marketAddress: '0x8D717454cE9e137Aa30ecF8A4ab71Cf3cEdB106E',
      _tokens: [Array],
      _protocol: '',
      _tokenBalances: [Object]
    },
    UniswappyV2EthPair {
      _marketAddress: '0xcC4D5F99C6493cf8d4AF39B9Aa0F2A2eCEd15934',
      _tokens: [Array],
      _protocol: '',
      _tokenBalances: [Object]
    }
  ],
  '0x7969Dc3C6e925bccbEA9f7FC466a63C74F0115B8': [
    UniswappyV2EthPair {
      _marketAddress: '0x42a3650Bf919a1Bf2Ef321b6bD5777dA43B22F0F',
      _tokens: [Array],
      _protocol: '',
      _tokenBalances: [Object]
    },
    UniswappyV2EthPair {
      _marketAddress: '0xdeA781bFDAf150a0cfe89D0BEbd9ab7baA548F37',
      _tokens: [Array],
      _protocol: '',
      _tokenBalances: [Object]
    }
  ],
  '0x81cFB5E400Eb2caA319130A0DAE3B32cfb19392d': [
    UniswappyV2EthPair {
      _marketAddress: '0xFe530Ab0f18a56830C9e4c3823A9424a10c8e4AF',
      _tokens: [Array],
      _protocol: '',
      _tokenBalances: [Object]
    },
    UniswappyV2EthPair {
      _marketAddress: '0x703d4ba2bCaBB38E5D067879C9424045ffb28685',
      _tokens: [Array],
      _protocol: '',
      _tokenBalances: [Object]
    }
  ],
  '0xBBe899c61198D1826a43e20ea19efC46E50c2B00': [
    UniswappyV2EthPair {
      _marketAddress: '0x71c1A44c3182B664432dF4Ba84cF98636477b159',
      _tokens: [Array],
      _protocol: '',
      _tokenBalances: [Object]
    },
    UniswappyV2EthPair {
      _marketAddress: '0x5e182792564441545f64459dd7C1f90A9b94266E',
      _tokens: [Array],
      _protocol: '',
      _tokenBalances: [Object]
    }
  ],
  '0xf81002B608f8BB5206F28118070Ab3f5B0Dc73fF': [
    UniswappyV2EthPair {
      _marketAddress: '0xA852A41fC826A4d94Ca859396E90EF3901F914cB',
      _tokens: [Array],
      _protocol: '',
      _tokenBalances: [Object]
    },
    UniswappyV2EthPair {
      _marketAddress: '0x48E34cFcF1183439b0C1c5c06800cE5d14FE28fF',
      _tokens: [Array],
      _protocol: '',
      _tokenBalances: [Object]
    }
  ],
  '0x14e90E5d7884b03aB2d57266a4A4b2272c73aCbb': [
    UniswappyV2EthPair {
      _marketAddress: '0x36e62591A0FadA2d57FeDBa02A2dD59b43ab5e74',
      _tokens: [Array],
      _protocol: '',
      _tokenBalances: [Object]
    },
    UniswappyV2EthPair {
      _marketAddress: '0x7ac5F478377a5fe4C728899f1d689b38dF159400',
      _tokens: [Array],
      _protocol: '',
      _tokenBalances: [Object]
    }
  ],
  '0xA5043373edC09f3f7d87Fe35CA933e0a7B59D005': [
    UniswappyV2EthPair {
      _marketAddress: '0x91C127c672d045EFC0cE5643fdf5CA7614fF808C',
      _tokens: [Array],
      _protocol: '',
      _tokenBalances: [Object]
    },
    UniswappyV2EthPair {
      _marketAddress: '0x2D64EbF3074491d3Cb517b0e47DD84D5EeDc66e0',
      _tokens: [Array],
      _protocol: '',
      _tokenBalances: [Object]
    }
  ],
  '0x375483CfA7Fc18F6b455E005D835A8335FbdbB1f': [
    UniswappyV2EthPair {
      _marketAddress: '0xc3Bf557dC9c4a73281B2f9544FA254489747e2D6',
      _tokens: [Array],
      _protocol: '',
      _tokenBalances: [Object]
    },
    UniswappyV2EthPair {
      _marketAddress: '0xaB788779502394896Ca8DFeF890BE746E1C0a4cd',
      _tokens: [Array],
      _protocol: '',
      _tokenBalances: [Object]
    },
    UniswappyV2EthPair {
      _marketAddress: '0x40D91625AEd59257132495f01f073E7C2084Cf7f',
      _tokens: [Array],
      _protocol: '',
      _tokenBalances: [Object]
    }
  ],
  '0x050787DE0cF5Da03D9387b344334D51cAE5DD0Fd': [
    UniswappyV2EthPair {
      _marketAddress: '0x17B1c08e15Bb0e898D8EC783F0eC268259e51252',
      _tokens: [Array],
      _protocol: '',
      _tokenBalances: [Object]
    },
    UniswappyV2EthPair {
      _marketAddress: '0x6A28256FA0564eF195F9c5dd7D02b5E95f77c7c4',
      _tokens: [Array],
      _protocol: '',
      _tokenBalances: [Object]
    },
    UniswappyV2EthPair {
      _marketAddress: '0x491163c826E00A7510AD2ECb79f0c827CA3C2F70',
      _tokens: [Array],
      _protocol: '',
      _tokenBalances: [Object]
    }
  ],
  '0x49969019255D948Dc2F1D9E4485AAeA8cF701487': [
    UniswappyV2EthPair {
      _marketAddress: '0x416adf16F37E8b747E0CFa8C7e7D3405CBe70ce7',
      _tokens: [Array],
      _protocol: '',
      _tokenBalances: [Object]
    },
    UniswappyV2EthPair {
      _marketAddress: '0xf5Ad8986bEE21A2D62cE0f9d42416E31EF917Aff',
      _tokens: [Array],
      _protocol: '',
      _tokenBalances: [Object]
    }
  ],
  '0xb7b36CA86685Af52186f1f9394e91d115A9Da654': [
    UniswappyV2EthPair {
      _marketAddress: '0xD12ad2BCb2b0DFd1BC449769491B9d4D2f0cb032',
      _tokens: [Array],
      _protocol: '',
      _tokenBalances: [Object]
    },
    UniswappyV2EthPair {
      _marketAddress: '0xc2593E02BdE03EdD37eEa6660fF17B61F2DAaDf2',
      _tokens: [Array],
      _protocol: '',
      _tokenBalances: [Object]
    }
  ],
  '0xd25E367D2feA95196DA2d98bef65F938ce2a0F25': [
    UniswappyV2EthPair {
      _marketAddress: '0xf71dAD634f9091dA3E7188F8BAA81472978B626c',
      _tokens: [Array],
      _protocol: '',
      _tokenBalances: [Object]
    },
    UniswappyV2EthPair {
      _marketAddress: '0x86F1dA5D21a073Ed29668c883e39C6c55Ee7373c',
      _tokens: [Array],
      _protocol: '',
      _tokenBalances: [Object]
    }
  ],
  '0xD3b77Ac07c963b8cEAD47000A5208434D9A8734d': [
    UniswappyV2EthPair {
      _marketAddress: '0x5f9517a11AEe5C716733d6f5c2D9E6e5fC2F2876',
      _tokens: [Array],
      _protocol: '',
      _tokenBalances: [Object]
    },
    UniswappyV2EthPair {
      _marketAddress: '0xC87E83FBC160E9BC368e77602c4E59A5044d1b86',
      _tokens: [Array],
      _protocol: '',
      _tokenBalances: [Object]
    }
  ],
  '0x7784d4F87d656E7fB4F5ff4721348BC44c2f5c9A': [
    UniswappyV2EthPair {
      _marketAddress: '0xE716125B8051d01a34E2711F46Fc25AD81a1101e',
      _tokens: [Array],
      _protocol: '',
      _tokenBalances: [Object]
    },
    UniswappyV2EthPair {
      _marketAddress: '0xfca5f9217b3D33aFcC13b9919a98169fdFf89d75',
      _tokens: [Array],
      _protocol: '',
      _tokenBalances: [Object]
    }
  ],
  '0x9d9AFFAc2175Ef541642035aB66f5FE7Df813851': [
    UniswappyV2EthPair {
      _marketAddress: '0x9E41a2BA968a820E60Bbb26a364e5696b9366762',
      _tokens: [Array],
      _protocol: '',
      _tokenBalances: [Object]
    },
    UniswappyV2EthPair {
      _marketAddress: '0x62616Fe5495C04487EA15739045D4284EE99FDEA',
      _tokens: [Array],
      _protocol: '',
      _tokenBalances: [Object]
    }
  ],
  '0xEB1112Ac78D537853150E2a07E8b765E29d3F019': [
    UniswappyV2EthPair {
      _marketAddress: '0x2F1F7114D0ED2168C0D0b6e2134214450dc97C84',
      _tokens: [Array],
      _protocol: '',
      _tokenBalances: [Object]
    },
    UniswappyV2EthPair {
      _marketAddress: '0xB17EbD66542070432654D5cd3491e0b4a86e0F63',
      _tokens: [Array],
      _protocol: '',
      _tokenBalances: [Object]
    },
    UniswappyV2EthPair {
      _marketAddress: '0xf5212048E32a9f2b42ff0f0F9Fef55047a01678b',
      _tokens: [Array],
      _protocol: '',
      _tokenBalances: [Object]
    },
    UniswappyV2EthPair {
      _marketAddress: '0xE2F25Bc211D63cd30E749Be728C69b000ECc1646',
      _tokens: [Array],
      _protocol: '',
      _tokenBalances: [Object]
    }
  ],
  '0x717fb7B6d0c3d7f1421Cc60260412558283A6ae5': [
    UniswappyV2EthPair {
      _marketAddress: '0xc96aB45F37002b215A191cb3E288D7417FEA8FCE',
      _tokens: [Array],
      _protocol: '',
      _tokenBalances: [Object]
    },
    UniswappyV2EthPair {
      _marketAddress: '0x257f7B51515cA52fE91D814ee3Da3d41Cf088784',
      _tokens: [Array],
      _protocol: '',
      _tokenBalances: [Object]
    }
  ],
  '0x965b0Df5BDA0E7a0649324D78f03D5F7F2De086a': [
    UniswappyV2EthPair {
      _marketAddress: '0xeb3A1f2b852A3919Ed476Ab135f3aDe48ef2B799',
      _tokens: [Array],
      _protocol: '',
      _tokenBalances: [Object]
    },
    UniswappyV2EthPair {
      _marketAddress: '0x48E29cacd1186A3264E9cfBaAc632c5Cb1F2df60',
      _tokens: [Array],
      _protocol: '',
      _tokenBalances: [Object]
    },
    UniswappyV2EthPair {
      _marketAddress: '0xAA01DAeeab24430FC035E6de25e3c103bded8598',
      _tokens: [Array],
      _protocol: '',
      _tokenBalances: [Object]
    }
  ],
  '0x80B8dB1688fe559E18e86EaFD9Acc05A624ee783': [
    UniswappyV2EthPair {
      _marketAddress: '0x175488f40a16f6e91a294d33a9F2B7Cb6D4a3F6F',
      _tokens: [Array],
      _protocol: '',
      _tokenBalances: [Object]
    },
    UniswappyV2EthPair {
      _marketAddress: '0x4c34964CeC1d4244A394e94f60494185FA03cF49',
      _tokens: [Array],
      _protocol: '',
      _tokenBalances: [Object]
    }
  ],
  '0x1b5a24e705Fc84ec7aa27810dBAB6349f7BA5CFc': [
    UniswappyV2EthPair {
      _marketAddress: '0x45369E1E8Ad8919776a47cdb857462ceCEAEC2fc',
      _tokens: [Array],
      _protocol: '',
      _tokenBalances: [Object]
    },
    UniswappyV2EthPair {
      _marketAddress: '0x69234948175662779E2bc97635C362BB3DF6985d',
      _tokens: [Array],
      _protocol: '',
      _tokenBalances: [Object]
    }
  ],
  '0xD25631648E3Ad4863332319E8E0d6f2A8EC6f267': [
    UniswappyV2EthPair {
      _marketAddress: '0x8E949822087E9d2f5B816FCc79Ba4B05453eeF89',
      _tokens: [Array],
      _protocol: '',
      _tokenBalances: [Object]
    },
    UniswappyV2EthPair {
      _marketAddress: '0xAFa18Ae173CC2Ba17De4c2863B838ADE2768E564',
      _tokens: [Array],
      _protocol: '',
      _tokenBalances: [Object]
    }
  ],
  '0x931FA04e4f3612bE4cB95490056D97b34E4621eA': [
    UniswappyV2EthPair {
      _marketAddress: '0x3f10026E5f8138b070D751f41AE2Faf6A0bcAb62',
      _tokens: [Array],
      _protocol: '',
      _tokenBalances: [Object]
    },
    UniswappyV2EthPair {
      _marketAddress: '0xd241d1df9f0E987a4482B0BadCFEf3BC3d58183d',
      _tokens: [Array],
      _protocol: '',
      _tokenBalances: [Object]
    }
  ],
  '0xa1faa113cbE53436Df28FF0aEe54275c13B40975': [
    UniswappyV2EthPair {
      _marketAddress: '0xFfCc1111454d4a9bF9320956752E6Afe40c79e23',
      _tokens: [Array],
      _protocol: '',
      _tokenBalances: [Object]
    },
    UniswappyV2EthPair {
      _marketAddress: '0xACF47CBEaab5c8A6Ee99263cfE43995f89fB3206',
      _tokens: [Array],
      _protocol: '',
      _tokenBalances: [Object]
    },
    UniswappyV2EthPair {
      _marketAddress: '0x4e0f3385d932F7179DeE045369286FFa6B03d887',
      _tokens: [Array],
      _protocol: '',
      _tokenBalances: [Object]
    }
  ],
  '0xAD6cAEb32CD2c308980a548bD0Bc5AA4306c6c18': [
    UniswappyV2EthPair {
      _marketAddress: '0x8dfB6fAFb2D0439E6f683675DF0f78B7E5b19151',
      _tokens: [Array],
      _protocol: '',
      _tokenBalances: [Object]
    },
    UniswappyV2EthPair {
      _marketAddress: '0x168B273278F3A8d302De5E879aA30690B7E6c28f',
      _tokens: [Array],
      _protocol: '',
      _tokenBalances: [Object]
    },
    UniswappyV2EthPair {
      _marketAddress: '0xc639187ef82271D8f517de6FEAE4FaF5b517533c',
      _tokens: [Array],
      _protocol: '',
      _tokenBalances: [Object]
    }
  ],
  '0x23396cF899Ca06c4472205fC903bDB4de249D6fC': [
    UniswappyV2EthPair {
      _marketAddress: '0xa4D75BfA3F1757b0517c3D58518Fe340998145d9',
      _tokens: [Array],
      _protocol: '',
      _tokenBalances: [Object]
    },
    UniswappyV2EthPair {
      _marketAddress: '0x348e414212e99fAb834DF43155947a2D6ebA70f9',
      _tokens: [Array],
      _protocol: '',
      _tokenBalances: [Object]
    },
    UniswappyV2EthPair {
      _marketAddress: '0x03fF6c83226CDB10c7a42A2c54c67D63A135Ab69',
      _tokens: [Array],
      _protocol: '',
      _tokenBalances: [Object]
    }
  ],
  '0xA8c2B8eec3d368C0253ad3dae65a5F2BBB89c929': [
    UniswappyV2EthPair {
      _marketAddress: '0xAF6642391960814369ba855e347f133Bf608E97b',
      _tokens: [Array],
      _protocol: '',
      _tokenBalances: [Object]
    },
    UniswappyV2EthPair {
      _marketAddress: '0x460b4193Ec4C1a17372Aa5FDcd44c520ba658646',
      _tokens: [Array],
      _protocol: '',
      _tokenBalances: [Object]
    },
    UniswappyV2EthPair {
      _marketAddress: '0x7793870484647a7278907498ec504879d6971EAb',
      _tokens: [Array],
      _protocol: '',
      _tokenBalances: [Object]
    }
  ],
  '0x067a5ad3f0f91AcF512fFE66Ea77f37b4DcaaF18': [
    UniswappyV2EthPair {
      _marketAddress: '0x6c751E9c99F918dEDb20c5f4893bfd0B6852eaCe',
      _tokens: [Array],
      _protocol: '',
      _tokenBalances: [Object]
    },
    UniswappyV2EthPair {
      _marketAddress: '0x10EdDDDbA7993310Dd54992f95D1e99338a7f748',
      _tokens: [Array],
      _protocol: '',
      _tokenBalances: [Object]
    },
    UniswappyV2EthPair {
      _marketAddress: '0xA8D547D000349b28a4E8C0289E15407c453Ad009',
      _tokens: [Array],
      _protocol: '',
      _tokenBalances: [Object]
    }
  ],
  '0x4d073E46009BF3FbCc65F12045c446B1D4d9a5Ba': [
    UniswappyV2EthPair {
      _marketAddress: '0x59fe10A38740f845129EaCD217F09D7770C24202',
      _tokens: [Array],
      _protocol: '',
      _tokenBalances: [Object]
    },
    UniswappyV2EthPair {
      _marketAddress: '0x046Dd8D297bd2432a400C1Add628873d3962e155',
      _tokens: [Array],
      _protocol: '',
      _tokenBalances: [Object]
    }
  ],
  '0x049d68029688eAbF473097a2fC38ef61633A3C7A': [
    UniswappyV2EthPair {
      _marketAddress: '0x0e2410d85340b9706DfbE2680be3ad260B491A12',
      _tokens: [Array],
      _protocol: '',
      _tokenBalances: [Object]
    },
    UniswappyV2EthPair {
      _marketAddress: '0xDF6a4da8F6b324683732e524e21370866b8bD1D6',
      _tokens: [Array],
      _protocol: '',
      _tokenBalances: [Object]
    }
  ],
  '0xeeEEeEEe82a747508b66431cFe9443aCE4e30881': [
    UniswappyV2EthPair {
      _marketAddress: '0x8f34858f6288739495490114A3b18F1b69410634',
      _tokens: [Array],
      _protocol: '',
      _tokenBalances: [Object]
    },
    UniswappyV2EthPair {
      _marketAddress: '0x6afa6b0a6635bB43b5250d7B360Ee1Eb4731077E',
      _tokens: [Array],
      _protocol: '',
      _tokenBalances: [Object]
    },
    UniswappyV2EthPair {
      _marketAddress: '0x6aa8dcd0AD0b48076A9b7Ea0fcF8B5b50fBc707a',
      _tokens: [Array],
      _protocol: '',
      _tokenBalances: [Object]
    }
  ],
  '0x7A1Da9F49224EF98389B071b8A3294D1Cc5e3e6A': [
    UniswappyV2EthPair {
      _marketAddress: '0xDff4Bee4f5058B1265F21a25E90166Cb9E8A0693',
      _tokens: [Array],
      _protocol: '',
      _tokenBalances: [Object]
    },
    UniswappyV2EthPair {
      _marketAddress: '0x53edd7F84BC6674E156b41DBC77aF79c75386F09',
      _tokens: [Array],
      _protocol: '',
      _tokenBalances: [Object]
    }
  ],
  '0x1b400c6496D3B9202D1910Ef749756f4D04Fa9b2': [
    UniswappyV2EthPair {
      _marketAddress: '0x6cae3e5cBdafA80eD5dFf123F49c5A0f032c5939',
      _tokens: [Array],
      _protocol: '',
      _tokenBalances: [Object]
    },
    UniswappyV2EthPair {
      _marketAddress: '0xD3E84da31172F6454EB37c04eC8A70Ff6d819c01',
      _tokens: [Array],
      _protocol: '',
      _tokenBalances: [Object]
    }
  ],
  '0x145fAD68704371b4CA62A44845b46d12F46137e8': [
    UniswappyV2EthPair {
      _marketAddress: '0xBd52b4A556E3f28092db10b8ffcc713597ab44c0',
      _tokens: [Array],
      _protocol: '',
      _tokenBalances: [Object]
    },
    UniswappyV2EthPair {
      _marketAddress: '0x8703C88AA4f5657D685d4E81b5982b1D27ec9A33',
      _tokens: [Array],
      _protocol: '',
      _tokenBalances: [Object]
    },
    UniswappyV2EthPair {
      _marketAddress: '0xF9A25cc47afEd187Ab23740fD4789A9585a44b92',
      _tokens: [Array],
      _protocol: '',
      _tokenBalances: [Object]
    }
  ],
  '0x8634Dc453AF697Bb6B06aCDfF99cafAefb2cbdB4': [
    UniswappyV2EthPair {
      _marketAddress: '0xBaf40E7E4b1f95AafEBE6971CbA96F84D9a5Aba5',
      _tokens: [Array],
      _protocol: '',
      _tokenBalances: [Object]
    },
    UniswappyV2EthPair {
      _marketAddress: '0xF1F7Ea3A67B9D9603d8E07129E94E6F950E95621',
      _tokens: [Array],
      _protocol: '',
      _tokenBalances: [Object]
    },
    UniswappyV2EthPair {
      _marketAddress: '0x02E515E15501A2f97C412A899208FeBe4681Ffd7',
      _tokens: [Array],
      _protocol: '',
      _tokenBalances: [Object]
    }
  ],
  '0xe60eaf5A997DFAe83739e035b005A33AfdCc6df5': [
    UniswappyV2EthPair {
      _marketAddress: '0xBbf54d852ac2fB59eFF0166b478C5CFE608dD11d',
      _tokens: [Array],
      _protocol: '',
      _tokenBalances: [Object]
    },
    UniswappyV2EthPair {
      _marketAddress: '0x354C59D277c49ec7A296613a6f04dB89E74aa252',
      _tokens: [Array],
      _protocol: '',
      _tokenBalances: [Object]
    }
  ],
  '0x58D41FF7f1f7b8000209363427B20F4A9373d389': [
    UniswappyV2EthPair {
      _marketAddress: '0x4A99fbdaBf735758907a984fee2b4F562E0Ff460',
      _tokens: [Array],
      _protocol: '',
      _tokenBalances: [Object]
    },
    UniswappyV2EthPair {
      _marketAddress: '0x714E4fD4e91387809f05AdF704F06B5854b7bC07',
      _tokens: [Array],
      _protocol: '',
      _tokenBalances: [Object]
    }
  ],
  '0x97300A4f628701672096460B5469C41a8d3ECb1A': [
    UniswappyV2EthPair {
      _marketAddress: '0x0Fb437607FD05Bb7F1E324481eAA7c2909a15978',
      _tokens: [Array],
      _protocol: '',
      _tokenBalances: [Object]
    },
    UniswappyV2EthPair {
      _marketAddress: '0xD39B572891F3898f4812d30DE5e2314DdF5Fc914',
      _tokens: [Array],
      _protocol: '',
      _tokenBalances: [Object]
    }
  ],
  '0x4EDfd5E7c6DF24b4037C5cD62767d0521cDD81d2': [
    UniswappyV2EthPair {
      _marketAddress: '0x72004e3bD5dffA605Ad5C3CAEA877B331DB4076E',
      _tokens: [Array],
      _protocol: '',
      _tokenBalances: [Object]
    },
    UniswappyV2EthPair {
      _marketAddress: '0x88b7d84BAb582a7068Efe00Fe114378c93E2B4ef',
      _tokens: [Array],
      _protocol: '',
      _tokenBalances: [Object]
    }
  ],
  '0xA03ABBc1b26dF575a93a969045d9B72066A864D1': [
    UniswappyV2EthPair {
      _marketAddress: '0x3745894B666A693B84060C258732cc2180Cfe0d0',
      _tokens: [Array],
      _protocol: '',
      _tokenBalances: [Object]
    },
    UniswappyV2EthPair {
      _marketAddress: '0x9D05AAA3155C6962b0b18a12BBd48ca3F049D62A',
      _tokens: [Array],
      _protocol: '',
      _tokenBalances: [Object]
    }
  ],
  '0xA1efCe38CB265Af369e891bC3026d0285545D4E5': [
    UniswappyV2EthPair {
      _marketAddress: '0xe59C262E03114F692d1BD2BCc91205eF3d329134',
      _tokens: [Array],
      _protocol: '',
      _tokenBalances: [Object]
    },
    UniswappyV2EthPair {
      _marketAddress: '0xab993E39379F27390f0892a28A5A48E2f6a9a6c0',
      _tokens: [Array],
      _protocol: '',
      _tokenBalances: [Object]
    },
    UniswappyV2EthPair {
      _marketAddress: '0x57867E19b814fe8e1A6A9D5ca58FF3b7Beca3417',
      _tokens: [Array],
      _protocol: '',
      _tokenBalances: [Object]
    }
  ],
  '0xdBaAa36B347d56b77Ce0e36f050fCeEBbF9fbc38': [
    UniswappyV2EthPair {
      _marketAddress: '0xA54dFD881794309d63aAcBc071BC9867DEE3A527',
      _tokens: [Array],
      _protocol: '',
      _tokenBalances: [Object]
    },
    UniswappyV2EthPair {
      _marketAddress: '0x3344942c2e3ADbDD973b15a958C701f2a0DE86DB',
      _tokens: [Array],
      _protocol: '',
      _tokenBalances: [Object]
    }
  ],
  '0x6fC13EACE26590B80cCCAB1ba5d51890577D83B2': [
    UniswappyV2EthPair {
      _marketAddress: '0xd37f36b6d125f7BA574303a4fc594Fb3728A221b',
      _tokens: [Array],
      _protocol: '',
      _tokenBalances: [Object]
    },
    UniswappyV2EthPair {
      _marketAddress: '0xAaF578cc385Ac341BDedB36349d7191D11232616',
      _tokens: [Array],
      _protocol: '',
      _tokenBalances: [Object]
    },
    UniswappyV2EthPair {
      _marketAddress: '0x30E58FD744419EEB739d4CE414fd70d9aA641579',
      _tokens: [Array],
      _protocol: '',
      _tokenBalances: [Object]
    }
  ],
  '0x7c190e773d9115f2032b3bcBA034E6696f91703F': [
    UniswappyV2EthPair {
      _marketAddress: '0x0A0c05B81052C795485fA0aeBB2048Fe3Ba39139',
      _tokens: [Array],
      _protocol: '',
      _tokenBalances: [Object]
    },
    UniswappyV2EthPair {
      _marketAddress: '0x7B2c92907C1bA184F016834Bd965c2Cf074a285e',
      _tokens: [Array],
      _protocol: '',
      _tokenBalances: [Object]
    }
  ],
  '0xAA9ddC73B0853cEDEC92b4b7b107495d8B06c4BA': [
    UniswappyV2EthPair {
      _marketAddress: '0xb089175Fa3Eb999F732CBeDb3f911aAf25bDFA1A',
      _tokens: [Array],
      _protocol: '',
      _tokenBalances: [Object]
    },
    UniswappyV2EthPair {
      _marketAddress: '0x74C03B5351fB18aF226296D722B1dBa401b46D9F',
      _tokens: [Array],
      _protocol: '',
      _tokenBalances: [Object]
    }
  ],
  '0xdFfCDDD97e4a359339473581202acd643e19a5A7': [
    UniswappyV2EthPair {
      _marketAddress: '0x774E080A16260a2edd4F1e27E9E903C930aE2d3D',
      _tokens: [Array],
      _protocol: '',
      _tokenBalances: [Object]
    },
    UniswappyV2EthPair {
      _marketAddress: '0x4Fe9C04B77DA67094fdC2ce9A1b9010c3D37a614',
      _tokens: [Array],
      _protocol: '',
      _tokenBalances: [Object]
    },
    UniswappyV2EthPair {
      _marketAddress: '0x4b854f07EDE2d20a31B203A5F1E218aaE0B5AFcB',
      _tokens: [Array],
      _protocol: '',
      _tokenBalances: [Object]
    }
  ],
  '0xF93295C9FA4e65C744a2868e33ecDD74E56bF92B': [
    UniswappyV2EthPair {
      _marketAddress: '0xbB6667f82ADddcE086AAf59429DB183abA93128f',
      _tokens: [Array],
      _protocol: '',
      _tokenBalances: [Object]
    },
    UniswappyV2EthPair {
      _marketAddress: '0x4a2373E9F862055ECE2d9976C9E2506c36060665',
      _tokens: [Array],
      _protocol: '',
      _tokenBalances: [Object]
    }
  ],
  '0x2826AC9F66EC1f57736e44dAf7365221394aC59d': [
    UniswappyV2EthPair {
      _marketAddress: '0x35e941F60e6927e152d34596f5168196cD62D72c',
      _tokens: [Array],
      _protocol: '',
      _tokenBalances: [Object]
    },
    UniswappyV2EthPair {
      _marketAddress: '0xD8bc3EddFFa9EcB9Bdb58268cAbD34Bf97173Ad4',
      _tokens: [Array],
      _protocol: '',
      _tokenBalances: [Object]
    }
  ],
  '0x84302ED3Da058D7f659ce3A3511108A7A557B156': [
    UniswappyV2EthPair {
      _marketAddress: '0xF36CDd526174941f915E9a2f1133c7840678BbD3',
      _tokens: [Array],
      _protocol: '',
      _tokenBalances: [Object]
    },
    UniswappyV2EthPair {
      _marketAddress: '0xABf365A60044FdE58426Ed3624B96a5255aA0356',
      _tokens: [Array],
      _protocol: '',
      _tokenBalances: [Object]
    }
  ],
  '0x2ca68467BdE33AB3a0607Bf8B4A3B476e216f58B': [
    UniswappyV2EthPair {
      _marketAddress: '0x76048842f17981c77e8de738dBe8c30490153849',
      _tokens: [Array],
      _protocol: '',
      _tokenBalances: [Object]
    },
    UniswappyV2EthPair {
      _marketAddress: '0xC4B797FCBf5D5FD2da76F1c04985bBB00572FFA7',
      _tokens: [Array],
      _protocol: '',
      _tokenBalances: [Object]
    }
  ],
  '0x509949c4ee0C1C2c765CF9B23c75D823981E22aE': [
    UniswappyV2EthPair {
      _marketAddress: '0x07A0e35C83D889EEe4000bf2Cd95d210Ba8A3C5B',
      _tokens: [Array],
      _protocol: '',
      _tokenBalances: [Object]
    },
    UniswappyV2EthPair {
      _marketAddress: '0xb16C331afeEeBb0d857b7D5E5C0BBBfB64e0B938',
      _tokens: [Array],
      _protocol: '',
      _tokenBalances: [Object]
    }
  ],
  '0x71DE20e0C4616E7fcBfDD3f875d568492cBE4739': [
    UniswappyV2EthPair {
      _marketAddress: '0x2384b03016340c77Ae5FB0acEf1B5F309e94f9Aa',
      _tokens: [Array],
      _protocol: '',
      _tokenBalances: [Object]
    },
    UniswappyV2EthPair {
      _marketAddress: '0x4Fd6D315bEf387fAD2322fbc64368fC443F0886D',
      _tokens: [Array],
      _protocol: '',
      _tokenBalances: [Object]
    },
    UniswappyV2EthPair {
      _marketAddress: '0x4576C456AF93a37a096235e5d83f812AC9aeD027',
      _tokens: [Array],
      _protocol: '',
      _tokenBalances: [Object]
    }
  ],
  '0x518445F0dB93863E5e93A7F70617c05AFa8048f1': [
    UniswappyV2EthPair {
      _marketAddress: '0x8c48a72aF326DF23e5c16F8858A66eDD56C64a6f',
      _tokens: [Array],
      _protocol: '',
      _tokenBalances: [Object]
    },
    UniswappyV2EthPair {
      _marketAddress: '0xc8B10083476EDffBfEf3145eb2F7bd61DADacA5C',
      _tokens: [Array],
      _protocol: '',
      _tokenBalances: [Object]
    }
  ],
  '0x9dB667fbf51FdD3f9E7447199929449119cFc711': [
    UniswappyV2EthPair {
      _marketAddress: '0x4585371aB37DD37ee2918B9753F9B89D6d90f42A',
      _tokens: [Array],
      _protocol: '',
      _tokenBalances: [Object]
    },
    UniswappyV2EthPair {
      _marketAddress: '0xc38C14EfB2b27f14163915F7e9900E702fD3661C',
      _tokens: [Array],
      _protocol: '',
      _tokenBalances: [Object]
    }
  ],
  '0x70f98CC678f1B7282f26ACbEFCD099F4e02aF527': [
    UniswappyV2EthPair {
      _marketAddress: '0x7639067e6BFe0F6D3650BffACd97346Ce304fECc',
      _tokens: [Array],
      _protocol: '',
      _tokenBalances: [Object]
    },
    UniswappyV2EthPair {
      _marketAddress: '0xf0df9372b004463468AC7C101A4CEA7F666C8bd9',
      _tokens: [Array],
      _protocol: '',
      _tokenBalances: [Object]
    }
  ],
  '0xAcD7B3D9c10e97d0efA418903C0c7669E702E4C0': [
    UniswappyV2EthPair {
      _marketAddress: '0x17F484257cC1E7B4a11a3DEc7D9660f6E47183B9',
      _tokens: [Array],
      _protocol: '',
      _tokenBalances: [Object]
    },
    UniswappyV2EthPair {
      _marketAddress: '0xA9338126a645AcA52aa74cE65fBC1092eb67d335',
      _tokens: [Array],
      _protocol: '',
      _tokenBalances: [Object]
    },
    UniswappyV2EthPair {
      _marketAddress: '0x1f43e18A2558Aef9276A00E041c57ba589813eB2',
      _tokens: [Array],
      _protocol: '',
      _tokenBalances: [Object]
    }
  ],
  '0xB2BD0749DBE21f623d9BABa856D3B0f0e1BFEc9C': [
    UniswappyV2EthPair {
      _marketAddress: '0xE74be1f4CE32672B0b891BF3b32dc5f7f764E349',
      _tokens: [Array],
      _protocol: '',
      _tokenBalances: [Object]
    },
    UniswappyV2EthPair {
      _marketAddress: '0x678EDb8B268e73dB57b7694c163e1dc296b6e219',
      _tokens: [Array],
      _protocol: '',
      _tokenBalances: [Object]
    },
    UniswappyV2EthPair {
      _marketAddress: '0xB7918560273FD56e50E9c215CC0DFE8D764C36C5',
      _tokens: [Array],
      _protocol: '',
      _tokenBalances: [Object]
    }
  ],
  '0x6B8227A0E18bd35A10849601dB194B24aAB2C8ea': [
    UniswappyV2EthPair {
      _marketAddress: '0xe8D210507905E5D60ebdB8af4e4B1f41E2e04b0C',
      _tokens: [Array],
      _protocol: '',
      _tokenBalances: [Object]
    },
    UniswappyV2EthPair {
      _marketAddress: '0x51E681081fc861F13b5F3c74a221571Db5b5c8C0',
      _tokens: [Array],
      _protocol: '',
      _tokenBalances: [Object]
    },
    UniswappyV2EthPair {
      _marketAddress: '0xCcb7808fDc67aDB369D52c651c825A16C1bD9a11',
      _tokens: [Array],
      _protocol: '',
      _tokenBalances: [Object]
    }
  ],
  '0x0471ebA86443AE0a25d13C3f6B880DADA2c80565': [
    UniswappyV2EthPair {
      _marketAddress: '0x56697a5E7636FC3D700AE367AC68535fABAA0c7e',
      _tokens: [Array],
      _protocol: '',
      _tokenBalances: [Object]
    },
    UniswappyV2EthPair {
      _marketAddress: '0xeCb75d305e81135407C1a32ea5A9492006164926',
      _tokens: [Array],
      _protocol: '',
      _tokenBalances: [Object]
    }
  ],
  '0x41aFc4220b08D1F336eACf231cd8Ce5C7e7fB9c9': [
    UniswappyV2EthPair {
      _marketAddress: '0x2A9d2e91D6FD1c62decb80A1E15DF1639f746311',
      _tokens: [Array],
      _protocol: '',
      _tokenBalances: [Object]
    },
    UniswappyV2EthPair {
      _marketAddress: '0x822c8FBb90E206089c76b254Db01fB797c97E673',
      _tokens: [Array],
      _protocol: '',
      _tokenBalances: [Object]
    }
  ],
  '0x2F88FABf9AB8d01c301eb7168b2A7B4Cae09EB2e': [
    UniswappyV2EthPair {
      _marketAddress: '0x1F1fA559A1C810242bCA0657D860C3321deEc088',
      _tokens: [Array],
      _protocol: '',
      _tokenBalances: [Object]
    },
    UniswappyV2EthPair {
      _marketAddress: '0x30989272a5B1F54D5168345F28d527eD01EE80B8',
      _tokens: [Array],
      _protocol: '',
      _tokenBalances: [Object]
    }
  ],
  '0x50340c3927f42F056a070cA544d187c448782cad': [
    UniswappyV2EthPair {
      _marketAddress: '0xc8C2Be42A0c0861b80d7DeE8D78b485d44FCf42c',
      _tokens: [Array],
      _protocol: '',
      _tokenBalances: [Object]
    },
    UniswappyV2EthPair {
      _marketAddress: '0x88d90e197E86cCcccd52b9151F86bD676Da96EE7',
      _tokens: [Array],
      _protocol: '',
      _tokenBalances: [Object]
    }
  ],
  '0x7509d0378dd52a697A69883367b2dabe7Ab37F05': [
    UniswappyV2EthPair {
      _marketAddress: '0x5eEB626cC87b2e5E0dc2c97F64a2171adc210221',
      _tokens: [Array],
      _protocol: '',
      _tokenBalances: [Object]
    },
    UniswappyV2EthPair {
      _marketAddress: '0xC80F83bFAC7658D4D074b51bcFd5a09EEdCbF3C0',
      _tokens: [Array],
      _protocol: '',
      _tokenBalances: [Object]
    }
  ],
  '0x9361aE10df4F4DA9260FF01963ec369C0e09c154': [
    UniswappyV2EthPair {
      _marketAddress: '0x0d2843f9ab665E31332Ee09BD86175CAD373c325',
      _tokens: [Array],
      _protocol: '',
      _tokenBalances: [Object]
    },
    UniswappyV2EthPair {
      _marketAddress: '0x51ff4A3A5D474546678e71B3ceb0706752791CE1',
      _tokens: [Array],
      _protocol: '',
      _tokenBalances: [Object]
    }
  ],
  '0x09C64CA3235A248ceA67939FCb4F618B7b8A2cd2': [
    UniswappyV2EthPair {
      _marketAddress: '0x12C54d328c504e9a6B65d26cE624FFbf3bbE675D',
      _tokens: [Array],
      _protocol: '',
      _tokenBalances: [Object]
    },
    UniswappyV2EthPair {
      _marketAddress: '0x3d1F6558c190520fb46CA288E1Bb0642C11a5355',
      _tokens: [Array],
      _protocol: '',
      _tokenBalances: [Object]
    }
  ],
  '0x52e22D2480bC39F4aB13d4788014AEc3195bbCf7': [
    UniswappyV2EthPair {
      _marketAddress: '0xAebAC562Ee092bc12f2cfeA75f5635df5e59bFA8',
      _tokens: [Array],
      _protocol: '',
      _tokenBalances: [Object]
    },
    UniswappyV2EthPair {
      _marketAddress: '0x5BB03f002a6C6169c01752fcedE82a6E3d49B6Eb',
      _tokens: [Array],
      _protocol: '',
      _tokenBalances: [Object]
    }
  ],
  '0x33d08D8C7a168333a85285a68C0042b39fC3741D': [
    UniswappyV2EthPair {
      _marketAddress: '0x5D0929505e2C19E94c36549159A7694eF3304eB1',
      _tokens: [Array],
      _protocol: '',
      _tokenBalances: [Object]
    },
    UniswappyV2EthPair {
      _marketAddress: '0x3D2Bcc3Ec4f97b0d4209Fd947FC70F666F39D995',
      _tokens: [Array],
      _protocol: '',
      _tokenBalances: [Object]
    },
    UniswappyV2EthPair {
      _marketAddress: '0x2646a80915E5428a1818FA9DA2600F555F1a5b74',
      _tokens: [Array],
      _protocol: '',
      _tokenBalances: [Object]
    }
  ],
  '0x1fB94385ae40d9cf9Fa6fF45808f5cc52F5F3Cee': [
    UniswappyV2EthPair {
      _marketAddress: '0xD58596628B645Ca49684d1F944Fcc7604f0f6De0',
      _tokens: [Array],
      _protocol: '',
      _tokenBalances: [Object]
    },
    UniswappyV2EthPair {
      _marketAddress: '0x778E94CBF4D1413bA27764152bc69c594c4Ed5F0',
      _tokens: [Array],
      _protocol: '',
      _tokenBalances: [Object]
    }
  ],
  '0xA33Ed1f55A00a70e4eA0212e205995F833C6f642': [
    UniswappyV2EthPair {
      _marketAddress: '0xB30f692a23f4c3b60e10929b66146F646AD53BBF',
      _tokens: [Array],
      _protocol: '',
      _tokenBalances: [Object]
    },
    UniswappyV2EthPair {
      _marketAddress: '0x92d3a0aF3bCbF781f5a796b2A8B3fCd14a5C3Df9',
      _tokens: [Array],
      _protocol: '',
      _tokenBalances: [Object]
    }
  ],
  '0x73EfAdf9D033A43b6C42987699e3724cE8CefB2A': [
    UniswappyV2EthPair {
      _marketAddress: '0x81Ab3b5cF5CAcE1dad2A0302dc6276BEe668040f',
      _tokens: [Array],
      _protocol: '',
      _tokenBalances: [Object]
    },
    UniswappyV2EthPair {
      _marketAddress: '0xdD765153e13E5B1bc1310615501F984696c56e12',
      _tokens: [Array],
      _protocol: '',
      _tokenBalances: [Object]
    }
  ],
  '0xAeb8f809B693c47c6b045c4c8F148fcC6553007C': [
    UniswappyV2EthPair {
      _marketAddress: '0x31DaD6737063F042675D5625DB2bC67860e5e360',
      _tokens: [Array],
      _protocol: '',
      _tokenBalances: [Object]
    },
    UniswappyV2EthPair {
      _marketAddress: '0x3635A6D6022624EF8DEFD63a597292aA22764325',
      _tokens: [Array],
      _protocol: '',
      _tokenBalances: [Object]
    }
  ],
  '0xC7d8D35EBA58a0935ff2D5a33Df105DD9f071731': [
    UniswappyV2EthPair {
      _marketAddress: '0x897a4A810d6546e434F3debcDeCB7E951A1Cc9D0',
      _tokens: [Array],
      _protocol: '',
      _tokenBalances: [Object]
    },
    UniswappyV2EthPair {
      _marketAddress: '0xF74ee1e10e097dc326a2ad004F9Cc95CB71088d3',
      _tokens: [Array],
      _protocol: '',
      _tokenBalances: [Object]
    },
    UniswappyV2EthPair {
      _marketAddress: '0x66b9E1eAc8a81F3752F7f3A5E95dE460688A17Ee',
      _tokens: [Array],
      _protocol: '',
      _tokenBalances: [Object]
    }
  ],
  '0x2E291e1c9f85a86d0C58Ae15621aaC005a8b2EAD': [
    UniswappyV2EthPair {
      _marketAddress: '0x3593eaA31C8750421540b1562d0E84A7e9229dE8',
      _tokens: [Array],
      _protocol: '',
      _tokenBalances: [Object]
    },
    UniswappyV2EthPair {
      _marketAddress: '0x5dDc71221CE7C49ad5C1C63d78DAF76Ef59eEf60',
      _tokens: [Array],
      _protocol: '',
      _tokenBalances: [Object]
    }
  ],
  '0x384d2AD03706Bedec502A61a2bBeA3041b22FEB2': [
    UniswappyV2EthPair {
      _marketAddress: '0xBdad4e2111fE5664DF68E4c826192DFBE8C72bA0',
      _tokens: [Array],
      _protocol: '',
      _tokenBalances: [Object]
    },
    UniswappyV2EthPair {
      _marketAddress: '0x3a37242d6cebd661fA2707C3b5CB984F5f2B5fA2',
      _tokens: [Array],
      _protocol: '',
      _tokenBalances: [Object]
    }
  ],
  '0xC808592e5b4585F982bc728d63b227634bc007a4': [
    UniswappyV2EthPair {
      _marketAddress: '0xEF1e930C4D4183170dE0A0FF89f06a37f4B44923',
      _tokens: [Array],
      _protocol: '',
      _tokenBalances: [Object]
    },
    UniswappyV2EthPair {
      _marketAddress: '0xE7cBa17D09DB91a3f1dA0051A2286BEDdA00cBE0',
      _tokens: [Array],
      _protocol: '',
      _tokenBalances: [Object]
    },
    UniswappyV2EthPair {
      _marketAddress: '0x78c52891d0FB16Dc3F7b5E0defe5D35A0BEaaCf8',
      _tokens: [Array],
      _protocol: '',
      _tokenBalances: [Object]
    }
  ],
  '0x1A2fb0Af670D0234c2857FaD35b789F8Cb725584': [
    UniswappyV2EthPair {
      _marketAddress: '0xb27D1bCb7FcCf2AD02e1FbbE2cB97FaB4bf446Ac',
      _tokens: [Array],
      _protocol: '',
      _tokenBalances: [Object]
    },
    UniswappyV2EthPair {
      _marketAddress: '0x981d9F294A55962A8BA4f0473718e310A3209d70',
      _tokens: [Array],
      _protocol: '',
      _tokenBalances: [Object]
    }
  ],
  '0x0Eb3a705fc54725037CC9e008bDede697f62F335': [
    UniswappyV2EthPair {
      _marketAddress: '0xa7FE658138446a9b1C37782CDca906cd84B575c4',
      _tokens: [Array],
      _protocol: '',
      _tokenBalances: [Object]
    },
    UniswappyV2EthPair {
      _marketAddress: '0x468b2DC8DC75990eE3E9dc0648965Ad6294E7914',
      _tokens: [Array],
      _protocol: '',
      _tokenBalances: [Object]
    },
    UniswappyV2EthPair {
      _marketAddress: '0x2333c77FC0B2875c11409cdCD3C75D42D402E834',
      _tokens: [Array],
      _protocol: '',
      _tokenBalances: [Object]
    }
  ],
  '0x5cd50Aae14E14B3fdF3fF13c7A40e8cf5ae8b0A5': [
    UniswappyV2EthPair {
      _marketAddress: '0x186C0EC17055e91Ccf543C3bB8dbC9324354a570',
      _tokens: [Array],
      _protocol: '',
      _tokenBalances: [Object]
    },
    UniswappyV2EthPair {
      _marketAddress: '0xE0B642bA8C3054e61dae87c872fC3A7546AD4Af4',
      _tokens: [Array],
      _protocol: '',
      _tokenBalances: [Object]
    },
    UniswappyV2EthPair {
      _marketAddress: '0x698aa347d65aBEBb52901163f65B77C4Ce441939',
      _tokens: [Array],
      _protocol: '',
      _tokenBalances: [Object]
    }
  ],
  '0x14357D294fBabbE0fbF59503370c772d563b35b6': [
    UniswappyV2EthPair {
      _marketAddress: '0x57fD34AFaD11785148Ee1250CB4ECE8fd7bC23d8',
      _tokens: [Array],
      _protocol: '',
      _tokenBalances: [Object]
    },
    UniswappyV2EthPair {
      _marketAddress: '0x472D5D9266B5794309c353d703fC1A44A864AC82',
      _tokens: [Array],
      _protocol: '',
      _tokenBalances: [Object]
    }
  ],
  '0xB39Cd5cc9Fa44981DF277015671A4F96e8d5F497': [
    UniswappyV2EthPair {
      _marketAddress: '0x5848018Fb3b099991ef43c0a78Bed8F77c2cCa6a',
      _tokens: [Array],
      _protocol: '',
      _tokenBalances: [Object]
    },
    UniswappyV2EthPair {
      _marketAddress: '0x50dD01Ce77BcAa4928fcEd7F6D6ca8d8b18F8F8E',
      _tokens: [Array],
      _protocol: '',
      _tokenBalances: [Object]
    }
  ],
  '0x728C5baC3C3e370E372Fc4671f9ef6916b814d8B': [
    UniswappyV2EthPair {
      _marketAddress: '0x61659eFfC55624277D974ddA6730E6C251bf1D12',
      _tokens: [Array],
      _protocol: '',
      _tokenBalances: [Object]
    },
    UniswappyV2EthPair {
      _marketAddress: '0x44EA47F2765fd5D26b7eF0222736AD6FD6f61950',
      _tokens: [Array],
      _protocol: '',
      _tokenBalances: [Object]
    },
    UniswappyV2EthPair {
      _marketAddress: '0xbEA35584b9a88107102ABEf0BDeE2c4FaE5D8c31',
      _tokens: [Array],
      _protocol: '',
      _tokenBalances: [Object]
    }
  ],
  '0x2a49De60cc6204c3AFC3e770FDB30A0554147519': [
    UniswappyV2EthPair {
      _marketAddress: '0x06f5955A5EEf1bFfa429165B264119Bb4776F749',
      _tokens: [Array],
      _protocol: '',
      _tokenBalances: [Object]
    },
    UniswappyV2EthPair {
      _marketAddress: '0xa2881389D523B26cdAd546BfAfB0ae09DA253405',
      _tokens: [Array],
      _protocol: '',
      _tokenBalances: [Object]
    }
  ],
  '0x4A5a34212404f30C5aB7eB61b078fA4A55AdC5a5': [
    UniswappyV2EthPair {
      _marketAddress: '0x9F616cF9A2506E6BEb9c4A5C9424ffF5cB30fBEf',
      _tokens: [Array],
      _protocol: '',
      _tokenBalances: [Object]
    },
    UniswappyV2EthPair {
      _marketAddress: '0x9e8a0AD0B1E67BbC96c88463B193b77aF0C55A7C',
      _tokens: [Array],
      _protocol: '',
      _tokenBalances: [Object]
    },
    UniswappyV2EthPair {
      _marketAddress: '0x1bF2609946B0583Eac8c9A3136A24f7Ea06C91BC',
      _tokens: [Array],
      _protocol: '',
      _tokenBalances: [Object]
    }
  ],
  '0x61Ed1C66239d29Cc93C8597c6167159e8F69a823': [
    UniswappyV2EthPair {
      _marketAddress: '0xA3Da91c1E9aA429341b99aC49A3B840d7F2F7957',
      _tokens: [Array],
      _protocol: '',
      _tokenBalances: [Object]
    },
    UniswappyV2EthPair {
      _marketAddress: '0xBCcE91952f2CCeAa61358c863394230094fc88cA',
      _tokens: [Array],
      _protocol: '',
      _tokenBalances: [Object]
    },
    UniswappyV2EthPair {
      _marketAddress: '0x97448FA0630D2348530d9cd6d6Ac421DFd3cF19c',
      _tokens: [Array],
      _protocol: '',
      _tokenBalances: [Object]
    }
  ],
  '0xacb2d47827C9813AE26De80965845D80935afd0B': [
    UniswappyV2EthPair {
      _marketAddress: '0xeF5c6d394302cC99A916B5a03e619a07F02D9fdA',
      _tokens: [Array],
      _protocol: '',
      _tokenBalances: [Object]
    },
    UniswappyV2EthPair {
      _marketAddress: '0xe8D5d81dac092Ae61d097f84EFE230759BF2e522',
      _tokens: [Array],
      _protocol: '',
      _tokenBalances: [Object]
    },
    UniswappyV2EthPair {
      _marketAddress: '0xc8f900Cd8052862A8A5Abf9278aD088611B2BD04',
      _tokens: [Array],
      _protocol: '',
      _tokenBalances: [Object]
    }
  ],
  '0x69fa8e7F6bf1ca1fB0de61e1366f7412b827CC51': [
    UniswappyV2EthPair {
      _marketAddress: '0x8cc8605f2B54852b54A77B7e9711BB1156581EE9',
      _tokens: [Array],
      _protocol: '',
      _tokenBalances: [Object]
    },
    UniswappyV2EthPair {
      _marketAddress: '0x3f42D686000ca93A023e951A0150C1D392491eE4',
      _tokens: [Array],
      _protocol: '',
      _tokenBalances: [Object]
    }
  ],
  '0x7F70642d88cf1C4a3a7abb072B53B929b653edA5': [
    UniswappyV2EthPair {
      _marketAddress: '0x04EB8D58a47D2B45C9c2f673Ceb6ff26E32385E3',
      _tokens: [Array],
      _protocol: '',
      _tokenBalances: [Object]
    },
    UniswappyV2EthPair {
      _marketAddress: '0x574a978c2D0d36D707a05E459466C7A1054F1210',
      _tokens: [Array],
      _protocol: '',
      _tokenBalances: [Object]
    }
  ],
  '0x72fAa679E1008Ad8382959FF48E392042A8b06f7': [
    UniswappyV2EthPair {
      _marketAddress: '0x24EB18bA412701f278B172ef96697c4622b19da6',
      _tokens: [Array],
      _protocol: '',
      _tokenBalances: [Object]
    },
    UniswappyV2EthPair {
      _marketAddress: '0xbe14f3a89A4F7f279Af9d99554cf12E8C29dB921',
      _tokens: [Array],
      _protocol: '',
      _tokenBalances: [Object]
    }
  ],
  '0x928e55daB735aa8260AF3cEDadA18B5f70C72f1b': [
    UniswappyV2EthPair {
      _marketAddress: '0xC6b668548aA4A56792e8002A920d3159728121D5',
      _tokens: [Array],
      _protocol: '',
      _tokenBalances: [Object]
    },
    UniswappyV2EthPair {
      _marketAddress: '0x36b7D2e5C7877392Fb17f9219efaD56F3D794700',
      _tokens: [Array],
      _protocol: '',
      _tokenBalances: [Object]
    }
  ],
  '0xbF7c81FFF98BbE61B40Ed186e4AfD6DDd01337fe': [
    UniswappyV2EthPair {
      _marketAddress: '0xcD68856b6E72E99b5eEaAE7d41Bb4A3b484c700D',
      _tokens: [Array],
      _protocol: '',
      _tokenBalances: [Object]
    },
    UniswappyV2EthPair {
      _marketAddress: '0x3Ef4952C7a9AfbE374EA02d1Bf5eD5a0015b7716',
      _tokens: [Array],
      _protocol: '',
      _tokenBalances: [Object]
    }
  ],
  '0xb59490aB09A0f526Cc7305822aC65f2Ab12f9723': [
    UniswappyV2EthPair {
      _marketAddress: '0x1F37d4226d23d09044B8005c127C0517BD7e94fD',
      _tokens: [Array],
      _protocol: '',
      _tokenBalances: [Object]
    },
    UniswappyV2EthPair {
      _marketAddress: '0x60bB03D1010b99CEAdD0dd209b64bC8bd83da161',
      _tokens: [Array],
      _protocol: '',
      _tokenBalances: [Object]
    }
  ],
  '0x44754455564474A89358B2C2265883DF993b12F0': [
    UniswappyV2EthPair {
      _marketAddress: '0x8e799cB0737525CeB8A6C6Ad07f748535fF6377B',
      _tokens: [Array],
      _protocol: '',
      _tokenBalances: [Object]
    },
    UniswappyV2EthPair {
      _marketAddress: '0xB5Ab3996808c7e489DCDc0f1Af2AB212ae0059aF',
      _tokens: [Array],
      _protocol: '',
      _tokenBalances: [Object]
    }
  ],
  '0x67ee3Cb086F8a16f34beE3ca72FAD36F7Db929e2': [
    UniswappyV2EthPair {
      _marketAddress: '0xA9986Fcbdb23c2E8B11AB40102990a08f8E58f06',
      _tokens: [Array],
      _protocol: '',
      _tokenBalances: [Object]
    },
    UniswappyV2EthPair {
      _marketAddress: '0x9e642d174B14fAEa31D842Dc83037c42b53236E6',
      _tokens: [Array],
      _protocol: '',
      _tokenBalances: [Object]
    }
  ],
  '0xF35262a9d427F96d2437379eF090db986eaE5d42': [
    UniswappyV2EthPair {
      _marketAddress: '0xc7A9c2af263ebB86139Cca9349e49b17129Ba033',
      _tokens: [Array],
      _protocol: '',
      _tokenBalances: [Object]
    },
    UniswappyV2EthPair {
      _marketAddress: '0x9d8b7e4a9D53654D82F12c83448D8f92732bC761',
      _tokens: [Array],
      _protocol: '',
      _tokenBalances: [Object]
    }
  ],
  '0x92D7756c60dcfD4c689290E8A9F4d263b3b32241': [
    UniswappyV2EthPair {
      _marketAddress: '0xe094c686aD6cDda57b9564457F541FBF099B948A',
      _tokens: [Array],
      _protocol: '',
      _tokenBalances: [Object]
    },
    UniswappyV2EthPair {
      _marketAddress: '0x86E650350C40a5178a5D014ba37FE8556232B898',
      _tokens: [Array],
      _protocol: '',
      _tokenBalances: [Object]
    }
  ],
  '0x8443f091997f06a61670B735ED92734F5628692F': [
    UniswappyV2EthPair {
      _marketAddress: '0x69DEE989c30b5fFe40867f5FC14F00E4bCE7B681',
      _tokens: [Array],
      _protocol: '',
      _tokenBalances: [Object]
    },
    UniswappyV2EthPair {
      _marketAddress: '0xAB97952a2806D5c92b7046c7aB13a72A87e0097b',
      _tokens: [Array],
      _protocol: '',
      _tokenBalances: [Object]
    }
  ],
  '0x81859801b01764D4f0Fa5E64729f5a6C3b91435b': [
    UniswappyV2EthPair {
      _marketAddress: '0x153Ad7d25B0b810497483d0cEE8AF42Fc533FeC8',
      _tokens: [Array],
      _protocol: '',
      _tokenBalances: [Object]
    },
    UniswappyV2EthPair {
      _marketAddress: '0x45a9e8D48BC560416008D122C9437927fEd50E7d',
      _tokens: [Array],
      _protocol: '',
      _tokenBalances: [Object]
    }
  ],
  '0x211FfbE424b90e25a15531ca322adF1559779E45': [
    UniswappyV2EthPair {
      _marketAddress: '0x222C3CbB89647bF77822435Bd4c234A04272A77A',
      _tokens: [Array],
      _protocol: '',
      _tokenBalances: [Object]
    },
    UniswappyV2EthPair {
      _marketAddress: '0x0F556f4E47513d1a19Be456a9aF778d7e1A226B9',
      _tokens: [Array],
      _protocol: '',
      _tokenBalances: [Object]
    }
  ],
  '0x96Dd399F9c3AFda1F194182F71600F1B65946501': [
    UniswappyV2EthPair {
      _marketAddress: '0xe98585bBb2dc81854fF100A3d9D7B0F53E0dafEd',
      _tokens: [Array],
      _protocol: '',
      _tokenBalances: [Object]
    },
    UniswappyV2EthPair {
      _marketAddress: '0x7b1e440240B220244761C9D9A3B07fbA1995BD84',
      _tokens: [Array],
      _protocol: '',
      _tokenBalances: [Object]
    }
  ],
  '0x7af173F350D916358AF3e218Bdf2178494Beb748': [
    UniswappyV2EthPair {
      _marketAddress: '0x8F6baf368E7A4f6e2C9c995f22702d5e654A0237',
      _tokens: [Array],
      _protocol: '',
      _tokenBalances: [Object]
    },
    UniswappyV2EthPair {
      _marketAddress: '0x2562f94E90dE6D9eb4fB6B3b8Eab56b15Aa4FC72',
      _tokens: [Array],
      _protocol: '',
      _tokenBalances: [Object]
    }
  ],
  '0x857B222Fc79e1cBBf8Ca5f78CB133d1b7CF34BBd': [
    UniswappyV2EthPair {
      _marketAddress: '0xa5Bb44c6F5fD9B836E5a654c8AbbCCc96A15deE5',
      _tokens: [Array],
      _protocol: '',
      _tokenBalances: [Object]
    },
    UniswappyV2EthPair {
      _marketAddress: '0x85644FcD00C401E1A0a0a10d2aE6Bbe04A73e4ab',
      _tokens: [Array],
      _protocol: '',
      _tokenBalances: [Object]
    }
  ],
  '0xb86AbCb37C3A4B64f74f59301AFF131a1BEcC787': [
    UniswappyV2EthPair {
      _marketAddress: '0x6A97867a4b7Eb7646ffB1F359ad582e9903aa1C2',
      _tokens: [Array],
      _protocol: '',
      _tokenBalances: [Object]
    },
    UniswappyV2EthPair {
      _marketAddress: '0xc746337b5F800a0e19eD4eB3bda03FF1401B8167',
      _tokens: [Array],
      _protocol: '',
      _tokenBalances: [Object]
    }
  ],
  '0x5d684ADaf3FcFe9CFb5ceDe3abf02F0Cdd1012E3': [
    UniswappyV2EthPair {
      _marketAddress: '0xa4963B38b271c0D714593063497Fc786Fa4029Ce',
      _tokens: [Array],
      _protocol: '',
      _tokenBalances: [Object]
    },
    UniswappyV2EthPair {
      _marketAddress: '0xcd14855150335AAE984aa6D281E090c27035C692',
      _tokens: [Array],
      _protocol: '',
      _tokenBalances: [Object]
    }
  ],
  '0x250b211EE44459dAd5Cd3bCa803dD6a7EcB5d46C': [
    UniswappyV2EthPair {
      _marketAddress: '0x123D475E13aA54A43a7421d94CAa4459dA021c77',
      _tokens: [Array],
      _protocol: '',
      _tokenBalances: [Object]
    },
    UniswappyV2EthPair {
      _marketAddress: '0x8c5cFfad6cddb96Ee33DA685D0d50a37e030E115',
      _tokens: [Array],
      _protocol: '',
      _tokenBalances: [Object]
    }
  ],
  '0x42712dF5009c20fee340B245b510c0395896cF6e': [
    UniswappyV2EthPair {
      _marketAddress: '0x24d3B0eD4C444A4f6882d527cBF67aDc8c026582',
      _tokens: [Array],
      _protocol: '',
      _tokenBalances: [Object]
    },
    UniswappyV2EthPair {
      _marketAddress: '0x8FbCbD7e30b1733965a8980bf7Ae2ca1c0C456cc',
      _tokens: [Array],
      _protocol: '',
      _tokenBalances: [Object]
    }
  ],
  '0xeD28A457A5A76596ac48d87C0f577020F6Ea1c4C': [
    UniswappyV2EthPair {
      _marketAddress: '0x0362ba706DFE8ED12Ec1470aB171d8Dcb1C72B8D',
      _tokens: [Array],
      _protocol: '',
      _tokenBalances: [Object]
    },
    UniswappyV2EthPair {
      _marketAddress: '0xb5F6f7dAD23132d40d778085D795BD0FD4B859CD',
      _tokens: [Array],
      _protocol: '',
      _tokenBalances: [Object]
    }
  ],
  '0xc53708664b99DF348dd27C3Ac0759d2DA9c40462': [
    UniswappyV2EthPair {
      _marketAddress: '0x28Ea5894D4DBbE90bB58eE3BAB2869387d711c87',
      _tokens: [Array],
      _protocol: '',
      _tokenBalances: [Object]
    },
    UniswappyV2EthPair {
      _marketAddress: '0x155645cDF8e4B28d5B7790b65d9f79efc222740C',
      _tokens: [Array],
      _protocol: '',
      _tokenBalances: [Object]
    }
  ],
  '0x7C17c8bED8d14bAccE824D020f994F4880D6Ab3B': [
    UniswappyV2EthPair {
      _marketAddress: '0x20c6De8983Fb2D641c55004646aEF40b4EA66E18',
      _tokens: [Array],
      _protocol: '',
      _tokenBalances: [Object]
    },
    UniswappyV2EthPair {
      _marketAddress: '0xBD1eC00B0d1CCA9D5B28fbE0bB7d664238af2fFa',
      _tokens: [Array],
      _protocol: '',
      _tokenBalances: [Object]
    }
  ],
  '0xCD40F2670CF58720b694968698A5514e924F742d': [
    UniswappyV2EthPair {
      _marketAddress: '0x3c2c77353E2F6AC1578807b6b2336Bf3a3CbB014',
      _tokens: [Array],
      _protocol: '',
      _tokenBalances: [Object]
    },
    UniswappyV2EthPair {
      _marketAddress: '0x61376B56Ff33c618B115131712A4138f98810A6a',
      _tokens: [Array],
      _protocol: '',
      _tokenBalances: [Object]
    }
  ],
  '0x37dfACfaeDA801437Ff648A1559d73f4C40aAcb7': [
    UniswappyV2EthPair {
      _marketAddress: '0x510b29a93ebf098f3fC24A16541aAA0114D07056',
      _tokens: [Array],
      _protocol: '',
      _tokenBalances: [Object]
    },
    UniswappyV2EthPair {
      _marketAddress: '0xE5783Cc9dFb3E7e474B81B07369a008e80F1cEdb',
      _tokens: [Array],
      _protocol: '',
      _tokenBalances: [Object]
    }
  ],
  '0x04C747b40Be4D535fC83D09939fb0f626F32800B': [
    UniswappyV2EthPair {
      _marketAddress: '0xd02DA76c813b9cd4516eD50442923E625f90228f',
      _tokens: [Array],
      _protocol: '',
      _tokenBalances: [Object]
    },
    UniswappyV2EthPair {
      _marketAddress: '0xCdC53345192D0e31eEAD03D7E9e008Ee659FAEbE',
      _tokens: [Array],
      _protocol: '',
      _tokenBalances: [Object]
    }
  ],
  '0x4CfbBdfBd5BF0814472fF35C72717Bd095ADa055': [
    UniswappyV2EthPair {
      _marketAddress: '0x2d5DB889392Bc3c8B023A8631ca230A033eEA1B8',
      _tokens: [Array],
      _protocol: '',
      _tokenBalances: [Object]
    },
    UniswappyV2EthPair {
      _marketAddress: '0x6Ff75C20656A0E4745E7c114972D361F483AFa5f',
      _tokens: [Array],
      _protocol: '',
      _tokenBalances: [Object]
    }
  ],
  '0x1613957159E9B0ac6c80e824F7Eea748a32a0AE2': [
    UniswappyV2EthPair {
      _marketAddress: '0x0604471c532F9fEBAD3E37190B667f44BD0894b3',
      _tokens: [Array],
      _protocol: '',
      _tokenBalances: [Object]
    },
    UniswappyV2EthPair {
      _marketAddress: '0x484c60f6202c8043DCA0236bB3101ada7ec50AD4',
      _tokens: [Array],
      _protocol: '',
      _tokenBalances: [Object]
    }
  ],
  '0xae63595ed0bcfdDefF2ebb74a20aE96727783a67': [
    UniswappyV2EthPair {
      _marketAddress: '0x2eD490E672E1f19073DD1Fe0Ce78837FFe0b653C',
      _tokens: [Array],
      _protocol: '',
      _tokenBalances: [Object]
    },
    UniswappyV2EthPair {
      _marketAddress: '0x5974648f10e983B3edAD1933599Cd1dD42c0e8Ef',
      _tokens: [Array],
      _protocol: '',
      _tokenBalances: [Object]
    }
  ],
  '0x30FC82c9E3EED8d6D0E4Cd2D752bBdf0C9355780': [
    UniswappyV2EthPair {
      _marketAddress: '0x9F847D03dF7751deF53F35D9f19201492717C570',
      _tokens: [Array],
      _protocol: '',
      _tokenBalances: [Object]
    },
    UniswappyV2EthPair {
      _marketAddress: '0x29C7C01c4B7967FB9424b7EE6bfcCe5F699d2a67',
      _tokens: [Array],
      _protocol: '',
      _tokenBalances: [Object]
    }
  ],
  '0x069B2619Eb24367A46Fda638Bd1b88Aa4daD7879': [
    UniswappyV2EthPair {
      _marketAddress: '0x837D208c8d8Ea43F4fdFF4EDE1E79534d9367016',
      _tokens: [Array],
      _protocol: '',
      _tokenBalances: [Object]
    },
    UniswappyV2EthPair {
      _marketAddress: '0x2edB318d3Af9424D434576860686A3Bb9d04CCA7',
      _tokens: [Array],
      _protocol: '',
      _tokenBalances: [Object]
    }
  ],
  '0xa7Bfc1BA79B2Ef4e1Db62BebEFBA2cEe885c6A58': [
    UniswappyV2EthPair {
      _marketAddress: '0xEF780557a7a18ef587A767B4fB35B325c90342Cb',
      _tokens: [Array],
      _protocol: '',
      _tokenBalances: [Object]
    },
    UniswappyV2EthPair {
      _marketAddress: '0x198237466177AFD537122059f7c88025c9a09B1c',
      _tokens: [Array],
      _protocol: '',
      _tokenBalances: [Object]
    }
  ],
  '0x1D1eb8E8293222e1a29d2C0E4cE6C0Acfd89AaaC': [
    UniswappyV2EthPair {
      _marketAddress: '0xC4cE7EEb1288419321807263e92c3e92999f06D6',
      _tokens: [Array],
      _protocol: '',
      _tokenBalances: [Object]
    },
    UniswappyV2EthPair {
      _marketAddress: '0xdA317fA1e8E1DC7c6A0C3428E02106C9F0D4c6D1',
      _tokens: [Array],
      _protocol: '',
      _tokenBalances: [Object]
    }
  ],
  '0xAB9D0Fae6eB062F2698C2D429a1BE9185A5D4F6E': [
    UniswappyV2EthPair {
      _marketAddress: '0xb1D88a0B291183898770088F43EdE279Ef10482e',
      _tokens: [Array],
      _protocol: '',
      _tokenBalances: [Object]
    },
    UniswappyV2EthPair {
      _marketAddress: '0x7C516F8CB24F89fc689C31655304e70812dC1F75',
      _tokens: [Array],
      _protocol: '',
      _tokenBalances: [Object]
    }
  ],
  '0xA03C3a233940485D46eE77407343DA3221198427': [
    UniswappyV2EthPair {
      _marketAddress: '0x99bEbFA3eAB75874d82353C63f967b4BDED56ACd',
      _tokens: [Array],
      _protocol: '',
      _tokenBalances: [Object]
    },
    UniswappyV2EthPair {
      _marketAddress: '0x14687b19eaf1BaB479b3ab25f8B1B44D5B463539',
      _tokens: [Array],
      _protocol: '',
      _tokenBalances: [Object]
    }
  ],
  '0x86c3E4FfAcdB3AF628ef985a518cd6ee22A22b28': [
    UniswappyV2EthPair {
      _marketAddress: '0x50e3C9bAC4568853D311Cf2227c19f5E35493b23',
      _tokens: [Array],
      _protocol: '',
      _tokenBalances: [Object]
    },
    UniswappyV2EthPair {
      _marketAddress: '0x42E32b5BdF0f249aefbEe0f604Be25e8fc81ac52',
      _tokens: [Array],
      _protocol: '',
      _tokenBalances: [Object]
    }
  ],
  '0x4e0f2fd3cAda61d891C653a7fbbF2DF7e2214757': [
    UniswappyV2EthPair {
      _marketAddress: '0xDAA066B672069Cc29b80F2f60281850e6d29d579',
      _tokens: [Array],
      _protocol: '',
      _tokenBalances: [Object]
    },
    UniswappyV2EthPair {
      _marketAddress: '0xb2bAcce54CE21AF2000Da2AF52130424d21EbbB5',
      _tokens: [Array],
      _protocol: '',
      _tokenBalances: [Object]
    }
  ],
  '0x30C98768fB3F97539FE3ED6275cf74C80322DbDB': [
    UniswappyV2EthPair {
      _marketAddress: '0x5B05902D1091ce65AEAB011dD8Cb286e12418155',
      _tokens: [Array],
      _protocol: '',
      _tokenBalances: [Object]
    },
    UniswappyV2EthPair {
      _marketAddress: '0x345b5eBF8C8Cfc9D0ED499f99455A94A866dE714',
      _tokens: [Array],
      _protocol: '',
      _tokenBalances: [Object]
    }
  ],
  '0x3Ea50B7Ef6a7eaf7E966E2cb72b519C16557497c': [
    UniswappyV2EthPair {
      _marketAddress: '0x43E3aFe415C67c0df9D6777427d4b5E591E94f31',
      _tokens: [Array],
      _protocol: '',
      _tokenBalances: [Object]
    },
    UniswappyV2EthPair {
      _marketAddress: '0xe7dB7e3AAd8213b56Cf193fbBdCA62a50e03214c',
      _tokens: [Array],
      _protocol: '',
      _tokenBalances: [Object]
    }
  ],
  '0x4Bfc74CA51871c2bA274aBcc11F5D58D5F31b9De': [
    UniswappyV2EthPair {
      _marketAddress: '0x121656c3EC9A5240d12D8D7FA275ebd4C2Bd6370',
      _tokens: [Array],
      _protocol: '',
      _tokenBalances: [Object]
    },
    UniswappyV2EthPair {
      _marketAddress: '0xd8b72ecd5f8AcCe09087153FEA39CdFd2a7e726C',
      _tokens: [Array],
      _protocol: '',
      _tokenBalances: [Object]
    }
  ],
  '0x21Da60B286BaEfD4725A41Bb50a9237eb836a9Ed': [
    UniswappyV2EthPair {
      _marketAddress: '0x6596953ae097D45585F6A73c2f5FeD39c0Bd7Cc3',
      _tokens: [Array],
      _protocol: '',
      _tokenBalances: [Object]
    },
    UniswappyV2EthPair {
      _marketAddress: '0xb449889db544546D2E82b4975eCa6ADca5164e8C',
      _tokens: [Array],
      _protocol: '',
      _tokenBalances: [Object]
    }
  ],
  '0x3920123482070C1a2dff73AaD695c60e7c6F6862': [
    UniswappyV2EthPair {
      _marketAddress: '0x09907AA171cD131Eba5AcbAEEC4991d66A21294F',
      _tokens: [Array],
      _protocol: '',
      _tokenBalances: [Object]
    },
    UniswappyV2EthPair {
      _marketAddress: '0xd4B293586cb74770749Aea799e277241B339C62C',
      _tokens: [Array],
      _protocol: '',
      _tokenBalances: [Object]
    }
  ],
  '0x9678E42ceBEb63F23197D726B29b1CB20d0064E5': [
    UniswappyV2EthPair {
      _marketAddress: '0x1C4D17440d6ae1d1BBCF6cf2DED2c36163D9B2F8',
      _tokens: [Array],
      _protocol: '',
      _tokenBalances: [Object]
    },
    UniswappyV2EthPair {
      _marketAddress: '0x08C5345353b3d523115aB9b445B7CDeFF99537F4',
      _tokens: [Array],
      _protocol: '',
      _tokenBalances: [Object]
    }
  ],
  '0x1af3B59a839e97e944C65177aB3a024B499133F8': [
    UniswappyV2EthPair {
      _marketAddress: '0x493d4dc2aE91455E22CB1f3444a71404d9f13886',
      _tokens: [Array],
      _protocol: '',
      _tokenBalances: [Object]
    },
    UniswappyV2EthPair {
      _marketAddress: '0xE5dc0db6566C8ab329945C87c89a44601976cF9c',
      _tokens: [Array],
      _protocol: '',
      _tokenBalances: [Object]
    }
  ],
  '0x0cF011A946f23a03CeFF92A4632d5f9288c6C70D': [
    UniswappyV2EthPair {
      _marketAddress: '0x9cFd340Cd8879478Bdf813F4d9564e9632E314F2',
      _tokens: [Array],
      _protocol: '',
      _tokenBalances: [Object]
    },
    UniswappyV2EthPair {
      _marketAddress: '0x25fa6319F878f328FD9095d171e82D592c94c624',
      _tokens: [Array],
      _protocol: '',
      _tokenBalances: [Object]
    }
  ],
  '0x7CCE48f8F4B67E2318f22F676975C49ff58D0FbE': [
    UniswappyV2EthPair {
      _marketAddress: '0x8d0A7889D206ca88A754759BfD547e8e2DfE2506',
      _tokens: [Array],
      _protocol: '',
      _tokenBalances: [Object]
    },
    UniswappyV2EthPair {
      _marketAddress: '0x7b45057aB04b73CDe08E0c1a6E32da9657DB1B98',
      _tokens: [Array],
      _protocol: '',
      _tokenBalances: [Object]
    }
  ],
  '0x33A3d962955A3862C8093D1273344719f03cA17C': [
    UniswappyV2EthPair {
      _marketAddress: '0x4aA8F0ef7dd950e260d5EeaF50A1D796D0cefd2f',
      _tokens: [Array],
      _protocol: '',
      _tokenBalances: [Object]
    },
    UniswappyV2EthPair {
      _marketAddress: '0x137794c612c0532E69ab4d66cC87D18B88D99c71',
      _tokens: [Array],
      _protocol: '',
      _tokenBalances: [Object]
    }
  ],
  '0x8BD778B12b15416359A227F0533Ce2D91844e1eD': [
    UniswappyV2EthPair {
      _marketAddress: '0x82BD14E848f584777Ca8EDd720DAD9dF833Fe994',
      _tokens: [Array],
      _protocol: '',
      _tokenBalances: [Object]
    },
    UniswappyV2EthPair {
      _marketAddress: '0x314181425D409833FCD7C7e4b07F8b797Ba74f01',
      _tokens: [Array],
      _protocol: '',
      _tokenBalances: [Object]
    }
  ],
  '0x7B5A8F4C92BA4796C932654ba1DAAA1E74C1a3B2': [
    UniswappyV2EthPair {
      _marketAddress: '0x2EEE7702eC12075287dE73035D5f5FA2ABc9ECf1',
      _tokens: [Array],
      _protocol: '',
      _tokenBalances: [Object]
    },
    UniswappyV2EthPair {
      _marketAddress: '0xd50Da686c6ff035363F2C06361F052Fe561fF9F9',
      _tokens: [Array],
      _protocol: '',
      _tokenBalances: [Object]
    }
  ],
  '0x6Ff2d9e5891a7a7c554b80e0D1B791483C78BcE9': [
    UniswappyV2EthPair {
      _marketAddress: '0xdFFBC21d7d06d657322F487a7D60fB6862ED5a9e',
      _tokens: [Array],
      _protocol: '',
      _tokenBalances: [Object]
    },
    UniswappyV2EthPair {
      _marketAddress: '0x1f280a4fA78f5805bAC193dDdAfEB77B16da4614',
      _tokens: [Array],
      _protocol: '',
      _tokenBalances: [Object]
    }
  ],
  '0xca1AA93724be5F7459D76c6DE984D22C9fBcB7Aa': [
    UniswappyV2EthPair {
      _marketAddress: '0x25425760C5C953a196f150DC410Ad6A7a766164A',
      _tokens: [Array],
      _protocol: '',
      _tokenBalances: [Object]
    },
    UniswappyV2EthPair {
      _marketAddress: '0x1b8724c8b329D3AB2D11bC1e8Cf41F86bC4Cac97',
      _tokens: [Array],
      _protocol: '',
      _tokenBalances: [Object]
    }
  ],
  '0x3b1B01441f8Ae64d7d72c1e8A4A8646831fDA0c2': [
    UniswappyV2EthPair {
      _marketAddress: '0xBe15846881B0A8da4c0AdC4c70F12087D079BbC6',
      _tokens: [Array],
      _protocol: '',
      _tokenBalances: [Object]
    },
    UniswappyV2EthPair {
      _marketAddress: '0x9542762aA43fb5ed0bD109d34713A1100aA3615e',
      _tokens: [Array],
      _protocol: '',
      _tokenBalances: [Object]
    }
  ],
  '0x7b41e1860c91Be188c18341AE53a18B49C4b8D15': [
    UniswappyV2EthPair {
      _marketAddress: '0x6E0Dc1a125D82f51515965c299c917C636A27013',
      _tokens: [Array],
      _protocol: '',
      _tokenBalances: [Object]
    },
    UniswappyV2EthPair {
      _marketAddress: '0xD5308D266Da4FbEc65ea3AE227FdA05E89576cb6',
      _tokens: [Array],
      _protocol: '',
      _tokenBalances: [Object]
    }
  ],
  '0x0000000000004946c0e9F43F4Dee607b0eF1fA1c': [
    UniswappyV2EthPair {
      _marketAddress: '0xA79B675D02B7e8f796f086133Ac97e5FD2dB1b5C',
      _tokens: [Array],
      _protocol: '',
      _tokenBalances: [Object]
    },
    UniswappyV2EthPair {
      _marketAddress: '0xe5C63FB1DaA8F1DCD71781917729586972dAe553',
      _tokens: [Array],
      _protocol: '',
      _tokenBalances: [Object]
    }
  ],
  '0x8CD6e29d3686d24d3C2018CEe54621eA0f89313B': [
    UniswappyV2EthPair {
      _marketAddress: '0xe957aE5ddC238D9485bD352a1BAbA20416dA40b5',
      _tokens: [Array],
      _protocol: '',
      _tokenBalances: [Object]
    },
    UniswappyV2EthPair {
      _marketAddress: '0xad7E515409e5a7d516411a85aCc88C5E993F570a',
      _tokens: [Array],
      _protocol: '',
      _tokenBalances: [Object]
    }
  ],
  '0x4f5AfC97E501907201F94ef7De9F36C4633dcc75': [
    UniswappyV2EthPair {
      _marketAddress: '0x241e90b6D4a618eD941663f637177b5800ACD0e5',
      _tokens: [Array],
      _protocol: '',
      _tokenBalances: [Object]
    },
    UniswappyV2EthPair {
      _marketAddress: '0x45C6a6EE856356C91e9c1ddcaBD2D0E437bB66cD',
      _tokens: [Array],
      _protocol: '',
      _tokenBalances: [Object]
    }
  ],
  '0x91a92482526EB04E60E4372A919B74027f1ad935': [
    UniswappyV2EthPair {
      _marketAddress: '0x8Cc1d6Ba820a01D7F89b3De4b86B98443319CaB6',
      _tokens: [Array],
      _protocol: '',
      _tokenBalances: [Object]
    },
    UniswappyV2EthPair {
      _marketAddress: '0x769081689169eCCF8950B9Ff150F48c181935b78',
      _tokens: [Array],
      _protocol: '',
      _tokenBalances: [Object]
    }
  ],
  '0x81E4d494b85A24a58a6BA45c9B418b32a4E039de': [
    UniswappyV2EthPair {
      _marketAddress: '0x1543b4E56a7b0f4A67f3F2824e4e20D326BDF649',
      _tokens: [Array],
      _protocol: '',
      _tokenBalances: [Object]
    },
    UniswappyV2EthPair {
      _marketAddress: '0xc87678eD091B52e03146D7e75a99222c9319f9E5',
      _tokens: [Array],
      _protocol: '',
      _tokenBalances: [Object]
    }
  ],
  '0x5A3010d4d8D3B5fB49f8B6E57FB9E48063f16700': [
    UniswappyV2EthPair {
      _marketAddress: '0xba01662E978DE7d67F8FfC937726215eb8995d17',
      _tokens: [Array],
      _protocol: '',
      _tokenBalances: [Object]
    },
    UniswappyV2EthPair {
      _marketAddress: '0x1e47DA535D9E96E2F9348d00c18fBe967566bc28',
      _tokens: [Array],
      _protocol: '',
      _tokenBalances: [Object]
    }
  ],
  '0x2cD1075682b0FCCaADd0Ca629e138E64015Ba11c': [
    UniswappyV2EthPair {
      _marketAddress: '0x554F966fA8EE2B66E42e3829e9a5a20388ecaB24',
      _tokens: [Array],
      _protocol: '',
      _tokenBalances: [Object]
    },
    UniswappyV2EthPair {
      _marketAddress: '0x2A5C5b2a22C5078B5C64Bd0BB48b6C2793a58B76',
      _tokens: [Array],
      _protocol: '',
      _tokenBalances: [Object]
    }
  ],
  '0xCe5814eFfF15D53EFd8025B9F2006D4d7D640b9B': [
    UniswappyV2EthPair {
      _marketAddress: '0x3636D9F9d3879A8E1343236D4194F95Ed9076010',
      _tokens: [Array],
      _protocol: '',
      _tokenBalances: [Object]
    },
    UniswappyV2EthPair {
      _marketAddress: '0xCA0D13a8A591eDe1001233aa60D5ab38165cdc17',
      _tokens: [Array],
      _protocol: '',
      _tokenBalances: [Object]
    }
  ],
  '0x9E95cB3D0560f9Cba88991f828322526851BFb56': [
    UniswappyV2EthPair {
      _marketAddress: '0x32898e10a77594b45114cf7Fd0f84AE2AfBB997C',
      _tokens: [Array],
      _protocol: '',
      _tokenBalances: [Object]
    },
    UniswappyV2EthPair {
      _marketAddress: '0xB31dc5632018BF8b17BA8a155D5d88932404C468',
      _tokens: [Array],
      _protocol: '',
      _tokenBalances: [Object]
    }
  ],
  '0x1BD7dF20aE5e884C61b7017FaC557e82cCA6baEe': [
    UniswappyV2EthPair {
      _marketAddress: '0x11F76ae623575feDbaf722B89ED7a89E6E5952f6',
      _tokens: [Array],
      _protocol: '',
      _tokenBalances: [Object]
    },
    UniswappyV2EthPair {
      _marketAddress: '0x196b71dCB07F2BEDfD67d7A9d7669130472E425b',
      _tokens: [Array],
      _protocol: '',
      _tokenBalances: [Object]
    }
  ],
  '0x2a6Fc55A05EFb9FEe4B88ece2F3c5AE0596e0F88': [
    UniswappyV2EthPair {
      _marketAddress: '0xC7a48c63F1F86a5ab017eFA1dd918B868863Ba71',
      _tokens: [Array],
      _protocol: '',
      _tokenBalances: [Object]
    },
    UniswappyV2EthPair {
      _marketAddress: '0xab327D46a37C4Db43437f6C36c004a338D5ebfB4',
      _tokens: [Array],
      _protocol: '',
      _tokenBalances: [Object]
    }
  ],
  '0x0Ca958394bf4F68D30454421388A6A4Af8652E4B': [
    UniswappyV2EthPair {
      _marketAddress: '0x837770b493Cd0ad03c99F324914e0f2523aB13E8',
      _tokens: [Array],
      _protocol: '',
      _tokenBalances: [Object]
    },
    UniswappyV2EthPair {
      _marketAddress: '0xAEF1CF31ED0217e442adBdCCf2100dB09e8611E6',
      _tokens: [Array],
      _protocol: '',
      _tokenBalances: [Object]
    }
  ],
  '0x4F0c54c06bC401D02Df557FD65eE30F622155cf6': [
    UniswappyV2EthPair {
      _marketAddress: '0x90ED076FBaa22d27bd1fB810D992909CEfc11ec8',
      _tokens: [Array],
      _protocol: '',
      _tokenBalances: [Object]
    },
    UniswappyV2EthPair {
      _marketAddress: '0xC5c7A798d485174ac7d5C3B40871e6B747E3D48c',
      _tokens: [Array],
      _protocol: '',
      _tokenBalances: [Object]
    }
  ],
  '0x8597ba143AC509189E89aaB3BA28d661A5dD9830': [
    UniswappyV2EthPair {
      _marketAddress: '0xF589Ad858f165A4a8026A54c5aafD2F2867919fA',
      _tokens: [Array],
      _protocol: '',
      _tokenBalances: [Object]
    },
    UniswappyV2EthPair {
      _marketAddress: '0x10782EF4b26E71cfacf8Bd2F9316A24E3fd26e79',
      _tokens: [Array],
      _protocol: '',
      _tokenBalances: [Object]
    }
  ],
  '0xc2e1acef50aE55661855E8dcB72adB182A3cC259': [
    UniswappyV2EthPair {
      _marketAddress: '0x952d9Fe8bF8F14E0F7ea42318DCb96fA388E0CDC',
      _tokens: [Array],
      _protocol: '',
      _tokenBalances: [Object]
    },
    UniswappyV2EthPair {
      _marketAddress: '0xF8Dc310188c830288c930a16400074eA4698603a',
      _tokens: [Array],
      _protocol: '',
      _tokenBalances: [Object]
    }
  ],
  '0x1AfD7B4FaF6940872f69e55237155c7B36fd5153': [
    UniswappyV2EthPair {
      _marketAddress: '0xF8c5517Ce86E709877B6Ebc2a920DBdB015b5814',
      _tokens: [Array],
      _protocol: '',
      _tokenBalances: [Object]
    },
    UniswappyV2EthPair {
      _marketAddress: '0x5D5b267322b87d29c4ffe811905920044B8f3e9B',
      _tokens: [Array],
      _protocol: '',
      _tokenBalances: [Object]
    }
  ],
  '0x95111f630aC215Eb74599ED42C67E2c2790d69e2': [
    UniswappyV2EthPair {
      _marketAddress: '0xD65f0885208545d5DB30c959d32B5cC0E3a6587E',
      _tokens: [Array],
      _protocol: '',
      _tokenBalances: [Object]
    },
    UniswappyV2EthPair {
      _marketAddress: '0x420E7359Cf7C8ca374aA93A6054eE3417bc90032',
      _tokens: [Array],
      _protocol: '',
      _tokenBalances: [Object]
    }
  ],
  '0xB0f912532e4fb81620c1a27b55433cbd7fec2f2b': [
    UniswappyV2EthPair {
      _marketAddress: '0xb233BC132352FCcB94a5708113F30fE6A0e90238',
      _tokens: [Array],
      _protocol: '',
      _tokenBalances: [Object]
    },
    UniswappyV2EthPair {
      _marketAddress: '0x7db5D4E82147f4bb0CF853A153a973B078bA3606',
      _tokens: [Array],
      _protocol: '',
      _tokenBalances: [Object]
    }
  ],
  '0xbA8A6Ef5f15ED18e7184f44a775060a6bF91d8d0': [
    UniswappyV2EthPair {
      _marketAddress: '0xC0885c71442E5a598ad55a0772A8351f5be9751e',
      _tokens: [Array],
      _protocol: '',
      _tokenBalances: [Object]
    },
    UniswappyV2EthPair {
      _marketAddress: '0xa6846394f9765A9aB6Ff1f516777D615e8556003',
      _tokens: [Array],
      _protocol: '',
      _tokenBalances: [Object]
    }
  ],
  '0x4A22e79E03De5b79b8ba78c2F4c1B76ef49d0e36': [
    UniswappyV2EthPair {
      _marketAddress: '0xD19De62ec3BaE3bD79265317bdEfa4942E65EA9E',
      _tokens: [Array],
      _protocol: '',
      _tokenBalances: [Object]
    },
    UniswappyV2EthPair {
      _marketAddress: '0x1Bc915dE8C34FDC97797B06D4F1F2e874b60f5A8',
      _tokens: [Array],
      _protocol: '',
      _tokenBalances: [Object]
    }
  ],
  '0x0abd3E3502c15ec252f90F64341cbA74a24fba06': [
    UniswappyV2EthPair {
      _marketAddress: '0x309438d5C12B34C8857e029b19c0F09945187d1a',
      _tokens: [Array],
      _protocol: '',
      _tokenBalances: [Object]
    },
    UniswappyV2EthPair {
      _marketAddress: '0x78D9a0c50F6484291b4122f61888Bb9EE71879Ff',
      _tokens: [Array],
      _protocol: '',
      _tokenBalances: [Object]
    }
  ],
  '0xb93ba7DC61ECFced69067151FC00C41cA369A797': [
    UniswappyV2EthPair {
      _marketAddress: '0xE40E300F8A03f448c4Dd5848e413A765800086C8',
      _tokens: [Array],
      _protocol: '',
      _tokenBalances: [Object]
    },
    UniswappyV2EthPair {
      _marketAddress: '0x902bf98452653A8D7F9112E3D6B39eF6DF5Ab094',
      _tokens: [Array],
      _protocol: '',
      _tokenBalances: [Object]
    }
  ],
  '0xa96f3414334F5A0A529ff5d9D8ea95f42147b8C9': [
    UniswappyV2EthPair {
      _marketAddress: '0x35361266344e225B293619c11c236EC49068F3A8',
      _tokens: [Array],
      _protocol: '',
      _tokenBalances: [Object]
    },
    UniswappyV2EthPair {
      _marketAddress: '0x55dDDdfdDaB484146db25C42a4E3A4b3C161Be8e',
      _tokens: [Array],
      _protocol: '',
      _tokenBalances: [Object]
    }
  ],
  '0x52d86850bc8207b520340B7E39cDaF22561b9E56': [
    UniswappyV2EthPair {
      _marketAddress: '0x8EE8481DEDc313B0cb6393a9B04C7ad96943182B',
      _tokens: [Array],
      _protocol: '',
      _tokenBalances: [Object]
    },
    UniswappyV2EthPair {
      _marketAddress: '0x135AeDCFb35b0b5dCf61Db7891a21253452Eb970',
      _tokens: [Array],
      _protocol: '',
      _tokenBalances: [Object]
    }
  ],
  '0x2f801292924433F41E34669b0817F990764EcAA0': [
    UniswappyV2EthPair {
      _marketAddress: '0x1E41fE437f56a2113390D1e9D7486052C0Ad8C27',
      _tokens: [Array],
      _protocol: '',
      _tokenBalances: [Object]
    },
    UniswappyV2EthPair {
      _marketAddress: '0x6C7cE87BC9BE97F15ff83C4b0ed55147890091f6',
      _tokens: [Array],
      _protocol: '',
      _tokenBalances: [Object]
    }
  ],
  '0x48729c61cb13385150a1Ec1C5b72702F9BF98DC6': [
    UniswappyV2EthPair {
      _marketAddress: '0x08364bA362F835bAaD1EB8E258a34C8a87A43c2c',
      _tokens: [Array],
      _protocol: '',
      _tokenBalances: [Object]
    },
    UniswappyV2EthPair {
      _marketAddress: '0x979A1e723A9E441ea28b6b75CE65620941C08130',
      _tokens: [Array],
      _protocol: '',
      _tokenBalances: [Object]
    }
  ],
  '0xD8Ab3285722CA8C78F92D636485495F54848EfF9': [
    UniswappyV2EthPair {
      _marketAddress: '0x2d6f85c2c782A2768c665A6b47850E1f9cA602ca',
      _tokens: [Array],
      _protocol: '',
      _tokenBalances: [Object]
    },
    UniswappyV2EthPair {
      _marketAddress: '0x28120eE9cbbdbefE5ee401A31DbA2dc06B9AE819',
      _tokens: [Array],
      _protocol: '',
      _tokenBalances: [Object]
    }
  ],
  '0x5B6DcF557E2aBE2323c48445E8CC948910d8c2c9': [
    UniswappyV2EthPair {
      _marketAddress: '0x70D19B51141D21e5E8324DC569b6669dAfc4AdCF',
      _tokens: [Array],
      _protocol: '',
      _tokenBalances: [Object]
    },
    UniswappyV2EthPair {
      _marketAddress: '0x7edc1099397E822771f57BD193aB355ADEE2a872',
      _tokens: [Array],
      _protocol: '',
      _tokenBalances: [Object]
    }
  ],
  '0xb68a67048596502A8B88f1C10ABFF4fA99dfEc71': [
    UniswappyV2EthPair {
      _marketAddress: '0x15Ca4b2A1263505EFaeEd81b5956Dd32f2eBB7D6',
      _tokens: [Array],
      _protocol: '',
      _tokenBalances: [Object]
    },
    UniswappyV2EthPair {
      _marketAddress: '0xB4771D6B484d782980Ad00CcBDA58CdcEE34BB22',
      _tokens: [Array],
      _protocol: '',
      _tokenBalances: [Object]
    }
  ],
  '0xEE738a9e5FB78c24D26ceCD30389ED977C38D0Ca': [
    UniswappyV2EthPair {
      _marketAddress: '0xBE1d39E9d6FFF2f6d4bb692793e638878E6Abe96',
      _tokens: [Array],
      _protocol: '',
      _tokenBalances: [Object]
    },
    UniswappyV2EthPair {
      _marketAddress: '0xF3f4c69d6275067ba454580166AeAD745e78C7af',
      _tokens: [Array],
      _protocol: '',
      _tokenBalances: [Object]
    }
  ],
  '0x692cDF8E8F33A8E4b07D1c8cE1763fA70DB3A4e4': [
    UniswappyV2EthPair {
      _marketAddress: '0x91AfbFeDAe5419Dc7b6097597a55239E0b4D163F',
      _tokens: [Array],
      _protocol: '',
      _tokenBalances: [Object]
    },
    UniswappyV2EthPair {
      _marketAddress: '0xf5C3287bB9500dD75B35a13a3ef1771207B248ca',
      _tokens: [Array],
      _protocol: '',
      _tokenBalances: [Object]
    }
  ],
  '0x85c128eE1feEb39A59490c720A9C563554B51D33': [
    UniswappyV2EthPair {
      _marketAddress: '0x9303613fefAf05a573d046CFEdd2519B776BC29F',
      _tokens: [Array],
      _protocol: '',
      _tokenBalances: [Object]
    },
    UniswappyV2EthPair {
      _marketAddress: '0xc3ED1ebF16c11e28c6477C78577aE455D21577CA',
      _tokens: [Array],
      _protocol: '',
      _tokenBalances: [Object]
    }
  ],
  '0x893D97A1CeC3D41Cac28942477D8aF4dFb05BA72': [
    UniswappyV2EthPair {
      _marketAddress: '0x332D8788EbBE467c84715e6B8f0043008ba5c35f',
      _tokens: [Array],
      _protocol: '',
      _tokenBalances: [Object]
    },
    UniswappyV2EthPair {
      _marketAddress: '0xc2811d877D1113f59bcE7955cef5B062c8443927',
      _tokens: [Array],
      _protocol: '',
      _tokenBalances: [Object]
    }
  ],
  '0x7cE4AcCd9bb261508ABd20B134D6278902369057': [
    UniswappyV2EthPair {
      _marketAddress: '0x45b5bB40ddE6AA153a3E4F803f76dB283C5de268',
      _tokens: [Array],
      _protocol: '',
      _tokenBalances: [Object]
    },
    UniswappyV2EthPair {
      _marketAddress: '0x5Faa7D45c4fa2A0691E0F8dab05a726e179134D8',
      _tokens: [Array],
      _protocol: '',
      _tokenBalances: [Object]
    }
  ],
  '0x3b831d36ed418e893F42d46ff308C326C239429f': [
    UniswappyV2EthPair {
      _marketAddress: '0xA9f1Ba511cd36f53703692Cc66Ce02F0CBc8BDcf',
      _tokens: [Array],
      _protocol: '',
      _tokenBalances: [Object]
    },
    UniswappyV2EthPair {
      _marketAddress: '0x4f4f33936276BD0603953Bd6b1b2B7EecB7F5518',
      _tokens: [Array],
      _protocol: '',
      _tokenBalances: [Object]
    }
  ],
  '0x7b674129D7cE4b17D7D69c4c68A00aa429230e88': [
    UniswappyV2EthPair {
      _marketAddress: '0x43943814034fC2777eb44D8A56E4E45873ccFE32',
      _tokens: [Array],
      _protocol: '',
      _tokenBalances: [Object]
    },
    UniswappyV2EthPair {
      _marketAddress: '0x00b1E33D02aE4e4D023b0e9e9E9f09f480BdA716',
      _tokens: [Array],
      _protocol: '',
      _tokenBalances: [Object]
    }
  ],
  '0x068968b263fCBD260b73175e930c6C920E7E1ba0': [
    UniswappyV2EthPair {
      _marketAddress: '0x8355c74c085CC7A50C137f96139700Ecd81A8C9c',
      _tokens: [Array],
      _protocol: '',
      _tokenBalances: [Object]
    },
    UniswappyV2EthPair {
      _marketAddress: '0xb518d607fe580E6FB0b9a1921CA26256E61679ED',
      _tokens: [Array],
      _protocol: '',
      _tokenBalances: [Object]
    }
  ],
  '0x18DA686F4E9770EfBbe75f309AE50B0Be8eeBb80': [
    UniswappyV2EthPair {
      _marketAddress: '0xae7C81806449D768e50F5639397AF6d8B34DdAD5',
      _tokens: [Array],
      _protocol: '',
      _tokenBalances: [Object]
    },
    UniswappyV2EthPair {
      _marketAddress: '0x4D4e2e8a8BB9d0458D32CF578e9aFC37E184d6b3',
      _tokens: [Array],
      _protocol: '',
      _tokenBalances: [Object]
    }
  ],
  '0x26C3638fF8D0027C904AB085D66b5Da2B8D61FF8': [
    UniswappyV2EthPair {
      _marketAddress: '0xe5fAfc46657235A18640233a7a9DD532C2C43A11',
      _tokens: [Array],
      _protocol: '',
      _tokenBalances: [Object]
    },
    UniswappyV2EthPair {
      _marketAddress: '0x496644DC4B8290E3f52928dAe091b7AB58bd735f',
      _tokens: [Array],
      _protocol: '',
      _tokenBalances: [Object]
    }
  ],
  '0xF42443863a0a18c3bd6B1dB5B01F11Bf71e91f73': [
    UniswappyV2EthPair {
      _marketAddress: '0xBbae8c98895E9fc74AC98b1d34f16Bb1cd854065',
      _tokens: [Array],
      _protocol: '',
      _tokenBalances: [Object]
    },
    UniswappyV2EthPair {
      _marketAddress: '0x03Dc155709bEE56126d291F3358708F3a92b3236',
      _tokens: [Array],
      _protocol: '',
      _tokenBalances: [Object]
    }
  ],
  '0x4aC27C1B7eb76e28D1E24849C2da124790C00aBc': [
    UniswappyV2EthPair {
      _marketAddress: '0x952a90bCD1b0a9AEA7e8A1D054C6f79FE4141908',
      _tokens: [Array],
      _protocol: '',
      _tokenBalances: [Object]
    },
    UniswappyV2EthPair {
      _marketAddress: '0xf5b28e1127Ee6698D553991CDdFe72491e2111A9',
      _tokens: [Array],
      _protocol: '',
      _tokenBalances: [Object]
    }
  ],
  '0xAec7e1f531Bb09115103C53ba76829910Ec48966': [
    UniswappyV2EthPair {
      _marketAddress: '0xa2821E86158a0a5A0a1054f8DF720e46D871Bd8F',
      _tokens: [Array],
      _protocol: '',
      _tokenBalances: [Object]
    },
    UniswappyV2EthPair {
      _marketAddress: '0x9F3E2F94E70cdCD600cbb0FE499b24A7c1995554',
      _tokens: [Array],
      _protocol: '',
      _tokenBalances: [Object]
    }
  ],
  '0xA25Dab5B75aC0E0738E58E49734295baD43d73F1': [
    UniswappyV2EthPair {
      _marketAddress: '0x4b842b8887a92C32BA9059070Eb415054FF834C0',
      _tokens: [Array],
      _protocol: '',
      _tokenBalances: [Object]
    },
    UniswappyV2EthPair {
      _marketAddress: '0xBE105c43Fe09E0BF1697f079ed09E1A2d956e602',
      _tokens: [Array],
      _protocol: '',
      _tokenBalances: [Object]
    }
  ],
  '0xEF2ec90e0b8D4CdFdB090989EA1Bc663F0D680BF': [
    UniswappyV2EthPair {
      _marketAddress: '0x676Af01766b22760d9e9Ef9130C28AF0fbb2C17b',
      _tokens: [Array],
      _protocol: '',
      _tokenBalances: [Object]
    },
    UniswappyV2EthPair {
      _marketAddress: '0x98dE283a561f76096B5C4df10C0C7f75A9fCb029',
      _tokens: [Array],
      _protocol: '',
      _tokenBalances: [Object]
    }
  ],
  '0x810EE35443639348aDbbC467b33310d2AB43c168': [
    UniswappyV2EthPair {
      _marketAddress: '0xECf30FbecfA642012f54212a3bE92eEF1e48eDaC',
      _tokens: [Array],
      _protocol: '',
      _tokenBalances: [Object]
    },
    UniswappyV2EthPair {
      _marketAddress: '0x9634CfD96f1499990695EBBC081B4ee8D63d2E12',
      _tokens: [Array],
      _protocol: '',
      _tokenBalances: [Object]
    }
  ],
  '0x16939ef78684453bfDFb47825F8a5F714f12623a': [
    UniswappyV2EthPair {
      _marketAddress: '0x7f7411e820B32d799231ca502ED80Ba7dCe4B9E1',
      _tokens: [Array],
      _protocol: '',
      _tokenBalances: [Object]
    },
    UniswappyV2EthPair {
      _marketAddress: '0x5acaC332F0F49c8bAdC7aFd0134aD19D3DB972e6',
      _tokens: [Array],
      _protocol: '',
      _tokenBalances: [Object]
    }
  ],
  '0x26A5dFab467d4f58fB266648CAe769503CEC9580': [
    UniswappyV2EthPair {
      _marketAddress: '0x60ff758F01DE801D896a5f2003525f3f012D90Bf',
      _tokens: [Array],
      _protocol: '',
      _tokenBalances: [Object]
    },
    UniswappyV2EthPair {
      _marketAddress: '0x8bFF4C7792CCB2eA00c7ffed8bFa56f7BA3ed75d',
      _tokens: [Array],
      _protocol: '',
      _tokenBalances: [Object]
    }
  ],
  '0xE1316066af35fbfF54f870eA6d1468255602a696': [
    UniswappyV2EthPair {
      _marketAddress: '0x7cC127d3e1E9Ea3ABb3692F747556Aec9a51e9f9',
      _tokens: [Array],
      _protocol: '',
      _tokenBalances: [Object]
    },
    UniswappyV2EthPair {
      _marketAddress: '0x95dCb8a62d2d8dc51dcef3E2f0Ff376583A14b9C',
      _tokens: [Array],
      _protocol: '',
      _tokenBalances: [Object]
    }
  ],
  '0x82D2f8E02Afb160Dd5A480a617692e62de9038C4': [
    UniswappyV2EthPair {
      _marketAddress: '0x160D258F807cdd58b9cB500631eF58f8d01Cd508',
      _tokens: [Array],
      _protocol: '',
      _tokenBalances: [Object]
    },
    UniswappyV2EthPair {
      _marketAddress: '0x646384595AC396891433565A2c50aEf2BaAf37B4',
      _tokens: [Array],
      _protocol: '',
      _tokenBalances: [Object]
    }
  ],
  '0x904d7Ac5d005d16DBDc69f713D029e3C1800F8Ca': [
    UniswappyV2EthPair {
      _marketAddress: '0x540Ae90b3753c842172Cc4D0d76c8A9A973a3a58',
      _tokens: [Array],
      _protocol: '',
      _tokenBalances: [Object]
    },
    UniswappyV2EthPair {
      _marketAddress: '0xc363276D2DB357C9d96d6Ce43c0Fb815D436E796',
      _tokens: [Array],
      _protocol: '',
      _tokenBalances: [Object]
    }
  ],
  '0xF0a0913BA2b173c1fbCa1c1b2FCFC0E3678f66a9': [
    UniswappyV2EthPair {
      _marketAddress: '0xbD16F28b88BbcafF333828025dDC11cE43f22790',
      _tokens: [Array],
      _protocol: '',
      _tokenBalances: [Object]
    },
    UniswappyV2EthPair {
      _marketAddress: '0xBd3e678F2f1b3ea086b28ea4CFCdAb37ef6B890b',
      _tokens: [Array],
      _protocol: '',
      _tokenBalances: [Object]
    }
  ],
  '0xAD90c05BC51672eEdfeE36E58b3ff1A78bbC146d': [
    UniswappyV2EthPair {
      _marketAddress: '0x0104aa05dAac35EEa989C8DBBa4a451881ECC591',
      _tokens: [Array],
      _protocol: '',
      _tokenBalances: [Object]
    },
    UniswappyV2EthPair {
      _marketAddress: '0xaf3BD996E96db70C997E5F15A65DCC4389769e3d',
      _tokens: [Array],
      _protocol: '',
      _tokenBalances: [Object]
    }
  ],
  '0x826b1B827E2D6271C06ccb48c5C4D78f5a8d9503': [
    UniswappyV2EthPair {
      _marketAddress: '0x08278bAb467d13B1c50292779275134Ac74768B7',
      _tokens: [Array],
      _protocol: '',
      _tokenBalances: [Object]
    },
    UniswappyV2EthPair {
      _marketAddress: '0xea2fCE4EdC30A04618c3B2044Df96f5C7e7b6355',
      _tokens: [Array],
      _protocol: '',
      _tokenBalances: [Object]
    }
  ],
  '0x6b06F4b2e3c3AbA9A4cB90e42B68fb3663609465': [
    UniswappyV2EthPair {
      _marketAddress: '0x514e25197754B124fD22EccA6f6aE6F8DcDE309a',
      _tokens: [Array],
      _protocol: '',
      _tokenBalances: [Object]
    },
    UniswappyV2EthPair {
      _marketAddress: '0x011d238d8F91d98Bd74DAa10A6B7EDaB81d7Ec3E',
      _tokens: [Array],
      _protocol: '',
      _tokenBalances: [Object]
    }
  ],
  '0x070625d5A14706c30b8E2264753B2f5D035Bc1B4': [
    UniswappyV2EthPair {
      _marketAddress: '0x93Ab11D667ACd9Fd60Fd20E9D7F4Ae3fb437a4d0',
      _tokens: [Array],
      _protocol: '',
      _tokenBalances: [Object]
    },
    UniswappyV2EthPair {
      _marketAddress: '0x798985b9cC6b1DAc0d49b633570BEe0B454594aA',
      _tokens: [Array],
      _protocol: '',
      _tokenBalances: [Object]
    }
  ],
  '0x94F559aE621F1c810F31a6a620Ad7376776fe09E': [
    UniswappyV2EthPair {
      _marketAddress: '0x169FD2aB53E1c62f7E9e5cD09dc89FE8b1ea7ffE',
      _tokens: [Array],
      _protocol: '',
      _tokenBalances: [Object]
    },
    UniswappyV2EthPair {
      _marketAddress: '0x284A5D8712C351Ca28417d131003120808dcE48B',
      _tokens: [Array],
      _protocol: '',
      _tokenBalances: [Object]
    }
  ],
  '0xe17b001cE782ad7ba40acbf27Feb9Ad1EEa2f09E': [
    UniswappyV2EthPair {
      _marketAddress: '0xba8Cf060b12487c82C39E68635b15aed66b6BB82',
      _tokens: [Array],
      _protocol: '',
      _tokenBalances: [Object]
    },
    UniswappyV2EthPair {
      _marketAddress: '0xbfE8a52F03596dc37FE7756A862Dd0ae37bd9a58',
      _tokens: [Array],
      _protocol: '',
      _tokenBalances: [Object]
    }
  ],
  '0x3f670f65B9Ce89b82e82121fD68c340ac22C08D6': [
    UniswappyV2EthPair {
      _marketAddress: '0xAFcEEdA753dFaB8ec0437daCE6Ff29dc40698c4F',
      _tokens: [Array],
      _protocol: '',
      _tokenBalances: [Object]
    },
    UniswappyV2EthPair {
      _marketAddress: '0x41E538fEea5C4FCa2f2e05748B4BB29Cf5E5881B',
      _tokens: [Array],
      _protocol: '',
      _tokenBalances: [Object]
    }
  ],
  '0x44969fdFEeAb1D7F6E500a5A8f1AEeBd74785Aef': [
    UniswappyV2EthPair {
      _marketAddress: '0x09F7bdB7F7eB649444d93B61CFd0aBc5a1f9FE8D',
      _tokens: [Array],
      _protocol: '',
      _tokenBalances: [Object]
    },
    UniswappyV2EthPair {
      _marketAddress: '0x159d16109c05351EB2A5b179e046A626287F6D04',
      _tokens: [Array],
      _protocol: '',
      _tokenBalances: [Object]
    }
  ],
  '0x89675DcCFE0c19bca178A0E0384Bd8E273a45cbA': [
    UniswappyV2EthPair {
      _marketAddress: '0x9aD4aEfaB3FE832C6D3E4b544D8fD5C355fe25e9',
      _tokens: [Array],
      _protocol: '',
      _tokenBalances: [Object]
    },
    UniswappyV2EthPair {
      _marketAddress: '0x483ba02833F570c659B4a185daE02Bba1BA21E30',
      _tokens: [Array],
      _protocol: '',
      _tokenBalances: [Object]
    }
  ],
  '0x1b79708EeA29900DbbbcA8A5Ae620aC741618ae4': [
    UniswappyV2EthPair {
      _marketAddress: '0x21304a32f902B04366F7882bE5Cf9592D9E6a708',
      _tokens: [Array],
      _protocol: '',
      _tokenBalances: [Object]
    },
    UniswappyV2EthPair {
      _marketAddress: '0x20e1Ba02f486b22dfeE5601933833BAF1CC83eFF',
      _tokens: [Array],
      _protocol: '',
      _tokenBalances: [Object]
    }
  ],
  '0x925f2C11b99c1A4c46606898ee91eD3D450cFedA': [
    UniswappyV2EthPair {
      _marketAddress: '0xB49581719dEB164DC7921f9198A0D9A4f5f03315',
      _tokens: [Array],
      _protocol: '',
      _tokenBalances: [Object]
    },
    UniswappyV2EthPair {
      _marketAddress: '0xa8e70BC353B14d077AEEfd936039e4fe53dca169',
      _tokens: [Array],
      _protocol: '',
      _tokenBalances: [Object]
    }
  ],
  '0x29A4D4DBE9f88214A0770949EDE1A731ff6dcEEa': [
    UniswappyV2EthPair {
      _marketAddress: '0xbe0ff41b8279Cc5cE84C7d587d80CfB6aDe672B7',
      _tokens: [Array],
      _protocol: '',
      _tokenBalances: [Object]
    },
    UniswappyV2EthPair {
      _marketAddress: '0xc97Ff949E68671CD39553736D065CDDadfA0Af2F',
      _tokens: [Array],
      _protocol: '',
      _tokenBalances: [Object]
    }
  ],
  '0x984D3E9906ef5F3e44576140cD0cf649ba1bEFa8': [
    UniswappyV2EthPair {
      _marketAddress: '0xF0490cA3FcC5Ace42f3261E705DD0b393BFbe116',
      _tokens: [Array],
      _protocol: '',
      _tokenBalances: [Object]
    },
    UniswappyV2EthPair {
      _marketAddress: '0x3156B469819F852F82E6DA679539Bab59D2B2Cf7',
      _tokens: [Array],
      _protocol: '',
      _tokenBalances: [Object]
    }
  ],
  '0x066fc8DD5955534A01a9f892314c9B01b59A9C11': [
    UniswappyV2EthPair {
      _marketAddress: '0x9a0BFEE1303EA950bb99b8c60f986489eC4eC7D9',
      _tokens: [Array],
      _protocol: '',
      _tokenBalances: [Object]
    },
    UniswappyV2EthPair {
      _marketAddress: '0xA91B5f55343fcedECD9E3fD7b19bcD2D3fa2dfEc',
      _tokens: [Array],
      _protocol: '',
      _tokenBalances: [Object]
    }
  ],
  '0x039cB485212f996A9DBb85A9a75d898F94d38dA6': [
    UniswappyV2EthPair {
      _marketAddress: '0x4D19fE8e7d6164291bB5616DDC06C47913757157',
      _tokens: [Array],
      _protocol: '',
      _tokenBalances: [Object]
    },
    UniswappyV2EthPair {
      _marketAddress: '0xdc81ACFDd93A566A506B165bE707d1709faB9A62',
      _tokens: [Array],
      _protocol: '',
      _tokenBalances: [Object]
    }
  ],
  '0x4BD17003473389A42DAF6a0a729f6Fdb328BbBd7': [
    UniswappyV2EthPair {
      _marketAddress: '0x3955d04E88cAa2482ab4815431e703E4d65Ec93C',
      _tokens: [Array],
      _protocol: '',
      _tokenBalances: [Object]
    },
    UniswappyV2EthPair {
      _marketAddress: '0xe62C5A3355068Cc383D89ab831E000473C043Cae',
      _tokens: [Array],
      _protocol: '',
      _tokenBalances: [Object]
    }
  ],
  '0xfaFf5251EA98f90540D6BacDf7A458f61b456C06': [
    UniswappyV2EthPair {
      _marketAddress: '0x6a3a2Ed72e06A03d3C658d61364ddFd35eC3383d',
      _tokens: [Array],
      _protocol: '',
      _tokenBalances: [Object]
    },
    UniswappyV2EthPair {
      _marketAddress: '0x996E467AdE0340553a644d1Ea7b2bF25198031D1',
      _tokens: [Array],
      _protocol: '',
      _tokenBalances: [Object]
    }
  ],
  '0x62D7aA57125169101626a993fa46685313A774Ce': [
    UniswappyV2EthPair {
      _marketAddress: '0xB1ea86591C8F596B7f4Cd6e3C74dBC1Aaf83FE5d',
      _tokens: [Array],
      _protocol: '',
      _tokenBalances: [Object]
    },
    UniswappyV2EthPair {
      _marketAddress: '0x3211227231BB246B0401d6CDD72abF3DB3A154F4',
      _tokens: [Array],
      _protocol: '',
      _tokenBalances: [Object]
    }
  ],
  '0xA31E4E30e05A846a450fC8dcD18C449E9E607512': [
    UniswappyV2EthPair {
      _marketAddress: '0xbA7b2027BF3304dfC7Ae8419455Bf467f01372Bf',
      _tokens: [Array],
      _protocol: '',
      _tokenBalances: [Object]
    },
    UniswappyV2EthPair {
      _marketAddress: '0x6855b66bf36BE425A0F83E0EA4d53077528e463B',
      _tokens: [Array],
      _protocol: '',
      _tokenBalances: [Object]
    }
  ],
  '0x4Bf4B5E6e13d01123844Ff60F4D6595cCAd9e202': [
    UniswappyV2EthPair {
      _marketAddress: '0xdeD85a918B3d58d76336D55572A50f48666beAd6',
      _tokens: [Array],
      _protocol: '',
      _tokenBalances: [Object]
    },
    UniswappyV2EthPair {
      _marketAddress: '0x8354BbDCB749E830401689c6b46D1e190e092646',
      _tokens: [Array],
      _protocol: '',
      _tokenBalances: [Object]
    }
  ],
  '0x31B5d91806AF3364678715f4C5Bf50c1e3bAE10A': [
    UniswappyV2EthPair {
      _marketAddress: '0xD62Ea91D58c0E050C629643Cb20713d4f206B1e9',
      _tokens: [Array],
      _protocol: '',
      _tokenBalances: [Object]
    },
    UniswappyV2EthPair {
      _marketAddress: '0xa4B9963AD14DC02e081CC81b4f8fEd99CC90F0b1',
      _tokens: [Array],
      _protocol: '',
      _tokenBalances: [Object]
    }
  ],
  '0xf05E45aD22150677a017Fbd94b84fBB63dc9b44c': [
    UniswappyV2EthPair {
      _marketAddress: '0xab7753468Ba47ca6B6fD0A0A14a0fE41ce5D66b8',
      _tokens: [Array],
      _protocol: '',
      _tokenBalances: [Object]
    },
    UniswappyV2EthPair {
      _marketAddress: '0x64373608f2E93Ea97aD4D8Ca2CCE6B2575dB2F55',
      _tokens: [Array],
      _protocol: '',
      _tokenBalances: [Object]
    }
  ],
  '0xB1aC5dAC9099fDA18390901371Ce03c5eC637C89': [
    UniswappyV2EthPair {
      _marketAddress: '0xDE80B3d21E88a6eD808eF335bEdC5b14Dba1646c',
      _tokens: [Array],
      _protocol: '',
      _tokenBalances: [Object]
    },
    UniswappyV2EthPair {
      _marketAddress: '0xFAdc9F1E264c9f174340901F5840C811f6eF3292',
      _tokens: [Array],
      _protocol: '',
      _tokenBalances: [Object]
    }
  ],
  '0x0De08C1AbE5fB86Dd7FD2ac90400AcE305138d5B': [
    UniswappyV2EthPair {
      _marketAddress: '0xaA4dCe8585528265c6BaC502ca9578343F82630F',
      _tokens: [Array],
      _protocol: '',
      _tokenBalances: [Object]
    },
    UniswappyV2EthPair {
      _marketAddress: '0xbC0a3Ebe441471C87AD6814E87DFcC70ADA6DEC0',
      _tokens: [Array],
      _protocol: '',
      _tokenBalances: [Object]
    }
  ],
  '0x22A213852Cee93EB6d41601133414d180c5684C2': [
    UniswappyV2EthPair {
      _marketAddress: '0xC9C677fa91d713e6db0bC812302CCDA01D175Da6',
      _tokens: [Array],
      _protocol: '',
      _tokenBalances: [Object]
    },
    UniswappyV2EthPair {
      _marketAddress: '0xfCBe1ED9deb671E436123cBF64481B0a0e181C5D',
      _tokens: [Array],
      _protocol: '',
      _tokenBalances: [Object]
    }
  ],
  '0x62D71B23bF15218C7d2D7E48DBbD9e9c650B173f': [
    UniswappyV2EthPair {
      _marketAddress: '0xf2Fa2C37244449e6058F29F7Dec8b526A2960ea7',
      _tokens: [Array],
      _protocol: '',
      _tokenBalances: [Object]
    },
    UniswappyV2EthPair {
      _marketAddress: '0x94E380065419563AEb4359E21CCb692DdA55fAfe',
      _tokens: [Array],
      _protocol: '',
      _tokenBalances: [Object]
    }
  ],
  '0x7c67DCCb04b67d4666fd97B2a00bb6D9B8D82E3F': [
    UniswappyV2EthPair {
      _marketAddress: '0xe6Fc0a8a4c5105b8D93776801E5fD48492c0C6b8',
      _tokens: [Array],
      _protocol: '',
      _tokenBalances: [Object]
    },
    UniswappyV2EthPair {
      _marketAddress: '0xa129848749fdF3C8b2EFc7392126f482869522d5',
      _tokens: [Array],
      _protocol: '',
      _tokenBalances: [Object]
    }
  ],
  '0x3947B992DC0147D2D89dF0392213781b04B25075': [
    UniswappyV2EthPair {
      _marketAddress: '0xf75A1b424DffA600062A19BE004E5784f46f8f15',
      _tokens: [Array],
      _protocol: '',
      _tokenBalances: [Object]
    },
    UniswappyV2EthPair {
      _marketAddress: '0x1317974bA623C8ef58F13800a9d9a2e02e92E69f',
      _tokens: [Array],
      _protocol: '',
      _tokenBalances: [Object]
    }
  ],
  '0xF215A127A196e3988C09d052e16BcFD365Cd7AA3': [
    UniswappyV2EthPair {
      _marketAddress: '0x2D98300A4113A46c2fe5053f3b948BF87A131090',
      _tokens: [Array],
      _protocol: '',
      _tokenBalances: [Object]
    },
    UniswappyV2EthPair {
      _marketAddress: '0x34e1e7a240863b899e29E478f4C595CE93612563',
      _tokens: [Array],
      _protocol: '',
      _tokenBalances: [Object]
    }
  ],
  '0xc603b1fba6A5b502Be4f1Ab27591bF4e75A3460c': [
    UniswappyV2EthPair {
      _marketAddress: '0xceE6767E7ec4a16356EC431CA1BE54ae76Df37e1',
      _tokens: [Array],
      _protocol: '',
      _tokenBalances: [Object]
    },
    UniswappyV2EthPair {
      _marketAddress: '0xcf6aaDC9cD4E572f5E96426a58da70984881e887',
      _tokens: [Array],
      _protocol: '',
      _tokenBalances: [Object]
    }
  ],
  '0x988c11625472340b7B36FF1534893780E0d8d841': [
    UniswappyV2EthPair {
      _marketAddress: '0x523D5d8aE2F38Dd2D8900eB195c132ff19bF6D18',
      _tokens: [Array],
      _protocol: '',
      _tokenBalances: [Object]
    },
    UniswappyV2EthPair {
      _marketAddress: '0x2DE718208a1F15F590CB90C4a1bB4B42331fdCfe',
      _tokens: [Array],
      _protocol: '',
      _tokenBalances: [Object]
    }
  ],
  '0x557b3aB377bbD68DFC6dADEFafA3CC4e4B6677c6': [
    UniswappyV2EthPair {
      _marketAddress: '0x68632f8A5B96292a6BF2B694B7aeff69635377eD',
      _tokens: [Array],
      _protocol: '',
      _tokenBalances: [Object]
    },
    UniswappyV2EthPair {
      _marketAddress: '0x1eDAB54A00dc0D5B824BfbD7aA4E124F7b9b456D',
      _tokens: [Array],
      _protocol: '',
      _tokenBalances: [Object]
    }
  ],
  '0x4108edD642d6C862a0f9bDb7a767b9177eFc567c': [
    UniswappyV2EthPair {
      _marketAddress: '0x857B69D0aE3dEdeCe8cbAABC3F391c01FCA76659',
      _tokens: [Array],
      _protocol: '',
      _tokenBalances: [Object]
    },
    UniswappyV2EthPair {
      _marketAddress: '0x6F5D6333746722706BBd4c2981AE79439c0678e6',
      _tokens: [Array],
      _protocol: '',
      _tokenBalances: [Object]
    }
  ],
  '0xa04F060077D90Fe2647B61e4dA4aD1F97d6649dc': [
    UniswappyV2EthPair {
      _marketAddress: '0x01872C7FA611E5f23c0dC4D146c483a7f79Eac99',
      _tokens: [Array],
      _protocol: '',
      _tokenBalances: [Object]
    },
    UniswappyV2EthPair {
      _marketAddress: '0x3F7Af1d48Bb81ed815F85fa23f4307B6103535eD',
      _tokens: [Array],
      _protocol: '',
      _tokenBalances: [Object]
    }
  ],
  '0x1a1c6f9F6B4E535130E9b1de46bBc76130b61Feb': [
    UniswappyV2EthPair {
      _marketAddress: '0x0541Ad728B01A4174A1e901Bc2f80E1386AD46C2',
      _tokens: [Array],
      _protocol: '',
      _tokenBalances: [Object]
    },
    UniswappyV2EthPair {
      _marketAddress: '0x85366ADbaa87B3492f863549EE2698239a7c086B',
      _tokens: [Array],
      _protocol: '',
      _tokenBalances: [Object]
    }
  ],
  '0x97c2585717913168A1555a6e6445aE747097fEF5': [
    UniswappyV2EthPair {
      _marketAddress: '0x87741d56dF632b134f66EaF18D05FC3DF9dE7a47',
      _tokens: [Array],
      _protocol: '',
      _tokenBalances: [Object]
    },
    UniswappyV2EthPair {
      _marketAddress: '0x3Cdbd154079342Ccfa5545d0D84c0059e57E0f29',
      _tokens: [Array],
      _protocol: '',
      _tokenBalances: [Object]
    }
  ],
  '0x3aD4eC50f30dAb25C60e0e71755AF6B9690B1297': [
    UniswappyV2EthPair {
      _marketAddress: '0x4C6feC4eF4Ba7B9d8d55A0CddBB1fe90496e3967',
      _tokens: [Array],
      _protocol: '',
      _tokenBalances: [Object]
    },
    UniswappyV2EthPair {
      _marketAddress: '0x28Ca0964AE39812F4c3d8c5a0E038De3D2B42832',
      _tokens: [Array],
      _protocol: '',
      _tokenBalances: [Object]
    }
  ],
  '0x93929997FfbeF701D52e6B0f6f36947F60075060': [
    UniswappyV2EthPair {
      _marketAddress: '0x1BCc972c74eEc0095f4Fa0f80b0215e1Ed6B3801',
      _tokens: [Array],
      _protocol: '',
      _tokenBalances: [Object]
    },
    UniswappyV2EthPair {
      _marketAddress: '0xdFA1b398dD3819A01DF976BAbcD1E368CC591Ef5',
      _tokens: [Array],
      _protocol: '',
      _tokenBalances: [Object]
    }
  ],
  '0x9b93c29595dd603f75854EbA3C5f4EE078EE4454': [
    UniswappyV2EthPair {
      _marketAddress: '0x022f7508e56957EB1B3E9e086091A6f566af5b91',
      _tokens: [Array],
      _protocol: '',
      _tokenBalances: [Object]
    },
    UniswappyV2EthPair {
      _marketAddress: '0xF7fAc8B64B4e92a420EdC3178bCAf4847Fe2cF75',
      _tokens: [Array],
      _protocol: '',
      _tokenBalances: [Object]
    }
  ],
  '0x2F95985348018a72b7DB6d0401E0A6535d370A39': [
    UniswappyV2EthPair {
      _marketAddress: '0xc704C2492c72702587EA395DDBD83647c265a21D',
      _tokens: [Array],
      _protocol: '',
      _tokenBalances: [Object]
    },
    UniswappyV2EthPair {
      _marketAddress: '0x698B4DF16034bAD4254941aB5662e4b3f2A5ea4a',
      _tokens: [Array],
      _protocol: '',
      _tokenBalances: [Object]
    }
  ],
  '0xe8B9b396c59A6BC136cF1f05C4D1A68A0F7C2Dd7': [
    UniswappyV2EthPair {
      _marketAddress: '0xBfCf2B3da134308b0F479544784CFC98415dBF85',
      _tokens: [Array],
      _protocol: '',
      _tokenBalances: [Object]
    },
    UniswappyV2EthPair {
      _marketAddress: '0x40B243067FfDaF9197a6cC6317058FB98FBc320B',
      _tokens: [Array],
      _protocol: '',
      _tokenBalances: [Object]
    }
  ],
  '0x65B050DEA610eC5b70C170D078c03937b01b9c76': [
    UniswappyV2EthPair {
      _marketAddress: '0x09b6E1e91d7F25a1762A3896AD44b360d7dF9B9C',
      _tokens: [Array],
      _protocol: '',
      _tokenBalances: [Object]
    },
    UniswappyV2EthPair {
      _marketAddress: '0x48f2125439A8E0A648b0b508f13Ed6C2Df9e92BE',
      _tokens: [Array],
      _protocol: '',
      _tokenBalances: [Object]
    }
  ],
  '0x9C28E48Ea9170d9A9cB76d338655b8bd4124BC7A': [
    UniswappyV2EthPair {
      _marketAddress: '0x74d3e176b913419bDa9f77FF02974FCec2fbFaf8',
      _tokens: [Array],
      _protocol: '',
      _tokenBalances: [Object]
    },
    UniswappyV2EthPair {
      _marketAddress: '0x7DC3e5F8B400a5D0e2201534B3547bc57cA9A20A',
      _tokens: [Array],
      _protocol: '',
      _tokenBalances: [Object]
    }
  ],
  '0xd632Bd021a07AF70592CE1E18717Ab9aA126DECB': [
    UniswappyV2EthPair {
      _marketAddress: '0x4E3f77687dd3C61F4e1B919aa4Ded90AE1766894',
      _tokens: [Array],
      _protocol: '',
      _tokenBalances: [Object]
    },
    UniswappyV2EthPair {
      _marketAddress: '0x98D91241711931cAa1024c91dE8A0Ce968FE8f21',
      _tokens: [Array],
      _protocol: '',
      _tokenBalances: [Object]
    }
  ],
  '0x90e767A68a7d707B74D569C8E79f9bBb79b98a8b': [
    UniswappyV2EthPair {
      _marketAddress: '0x57Ca669d9C346bB5211c94316F358Bb1B8ABca21',
      _tokens: [Array],
      _protocol: '',
      _tokenBalances: [Object]
    },
    UniswappyV2EthPair {
      _marketAddress: '0xf1ca7d746699eaB612E616c5C44B4C53D90DB8AE',
      _tokens: [Array],
      _protocol: '',
      _tokenBalances: [Object]
    }
  ],
  '0x3fd5B5746315E3F8d43A46b09c826a001EBb977d': [
    UniswappyV2EthPair {
      _marketAddress: '0x8A4B517D8eCcC2178B2c93D3A23e9B328726FbBD',
      _tokens: [Array],
      _protocol: '',
      _tokenBalances: [Object]
    },
    UniswappyV2EthPair {
      _marketAddress: '0x44C3dD9C5B49296b97Ba58725116D4d63f0E81D4',
      _tokens: [Array],
      _protocol: '',
      _tokenBalances: [Object]
    }
  ],
  '0x762539b45A1dCcE3D36d080F74d1AED37844b878': [
    UniswappyV2EthPair {
      _marketAddress: '0x46bF5D5B39e82790b5C44725AD41c724fE1d4628',
      _tokens: [Array],
      _protocol: '',
      _tokenBalances: [Object]
    },
    UniswappyV2EthPair {
      _marketAddress: '0xF5e44f3311391E21acF6321d7845e2684633bBBe',
      _tokens: [Array],
      _protocol: '',
      _tokenBalances: [Object]
    }
  ],
  '0x2773f3FB0f7babA01cdcaAB002FD3373dE2860b3': [
    UniswappyV2EthPair {
      _marketAddress: '0xd6E271A184091C6F3AD7561250CA5Ce1BB8d25b6',
      _tokens: [Array],
      _protocol: '',
      _tokenBalances: [Object]
    },
    UniswappyV2EthPair {
      _marketAddress: '0x51B29dA4F244453A64776151d5aabf615F7A345d',
      _tokens: [Array],
      _protocol: '',
      _tokenBalances: [Object]
    }
  ],
  '0xC66087b151E5de3a414a22d442f073c0E19f17F2': [
    UniswappyV2EthPair {
      _marketAddress: '0xFCb1a7Cf1FdD16a2Ce7013E91750eedBE33C2D99',
      _tokens: [Array],
      _protocol: '',
      _tokenBalances: [Object]
    },
    UniswappyV2EthPair {
      _marketAddress: '0x73514Cdb43DAc676B7de1fD869Af681eee013bAF',
      _tokens: [Array],
      _protocol: '',
      _tokenBalances: [Object]
    }
  ],
  '0x143364622fc215cACAF155ff9239369643126a55': [
    UniswappyV2EthPair {
      _marketAddress: '0x20a9ab11b6f7fEF408CD50e62e6c25b8384769C0',
      _tokens: [Array],
      _protocol: '',
      _tokenBalances: [Object]
    },
    UniswappyV2EthPair {
      _marketAddress: '0xe69b0025401380A6986abA233e23d631141C8aC2',
      _tokens: [Array],
      _protocol: '',
      _tokenBalances: [Object]
    }
  ],
  '0x2084907e318C6c45f74ae20792b366559FAAa791': [
    UniswappyV2EthPair {
      _marketAddress: '0x49DE3a513Cadb7dD7a5742eE911A9cC5eD43191C',
      _tokens: [Array],
      _protocol: '',
      _tokenBalances: [Object]
    },
    UniswappyV2EthPair {
      _marketAddress: '0x7a4EB328639F867982b23BE6fb3B4EC6D2116371',
      _tokens: [Array],
      _protocol: '',
      _tokenBalances: [Object]
    }
  ],
  '0x7979F6C54ebA05E18Ded44C4F986F49a5De551c2': [
    UniswappyV2EthPair {
      _marketAddress: '0x6F03DFB041fE89ED2E4604140569e544C47F2595',
      _tokens: [Array],
      _protocol: '',
      _tokenBalances: [Object]
    },
    UniswappyV2EthPair {
      _marketAddress: '0x25fd42D82d5c238ee7AA277261AA6CA5BDFE5CD4',
      _tokens: [Array],
      _protocol: '',
      _tokenBalances: [Object]
    }
  ],
  '0xaEde8306171b2Aac22Cf4F39A63aAe09e99a488C': [
    UniswappyV2EthPair {
      _marketAddress: '0xfD9C3FB804A5A0be950e27397425dbb89ae19414',
      _tokens: [Array],
      _protocol: '',
      _tokenBalances: [Object]
    },
    UniswappyV2EthPair {
      _marketAddress: '0x4a3cDBb02d8ABeE7c3403291AaA6266103b1cc93',
      _tokens: [Array],
      _protocol: '',
      _tokenBalances: [Object]
    }
  ],
  '0x1cD137eb5BDf426AaE58C3Ed80383f74e42D9bF2': [
    UniswappyV2EthPair {
      _marketAddress: '0x7ad8f1A3eaF556DC04fd661AC65B4a4264AC55d0',
      _tokens: [Array],
      _protocol: '',
      _tokenBalances: [Object]
    },
    UniswappyV2EthPair {
      _marketAddress: '0xa836ca69ee88a7ab6Bd9c61F8C02d180651E7eE8',
      _tokens: [Array],
      _protocol: '',
      _tokenBalances: [Object]
    }
  ],
  '0x6dEf012027b261c0Bb320e74cEce31bbAbcb197c': [
    UniswappyV2EthPair {
      _marketAddress: '0x84F7863DdB1Cdb6231b6C0D4fca5c9427D9B75Db',
      _tokens: [Array],
      _protocol: '',
      _tokenBalances: [Object]
    },
    UniswappyV2EthPair {
      _marketAddress: '0x1C73C94f3691d856F4810625b06cd802B654B1bb',
      _tokens: [Array],
      _protocol: '',
      _tokenBalances: [Object]
    }
  ],
  '0x6306e883493824Ccf606D90E25F68a28e47b98a3': [
    UniswappyV2EthPair {
      _marketAddress: '0xF9FE86EB36cEDb3b2F610c4fa78c79192025Fc42',
      _tokens: [Array],
      _protocol: '',
      _tokenBalances: [Object]
    },
    UniswappyV2EthPair {
      _marketAddress: '0x17cB600737BF84e7CBc57e04335352e835Be9294',
      _tokens: [Array],
      _protocol: '',
      _tokenBalances: [Object]
    }
  ],
  '0x5986D5c77c65e5801a5cAa4fAE80089f870A71dA': [
    UniswappyV2EthPair {
      _marketAddress: '0xFBAda41B1Be184dDe2B0eCF350d0D802a5dB8f1B',
      _tokens: [Array],
      _protocol: '',
      _tokenBalances: [Object]
    },
    UniswappyV2EthPair {
      _marketAddress: '0x7Eaf52285B85986182AE38724fc6207F682C9B33',
      _tokens: [Array],
      _protocol: '',
      _tokenBalances: [Object]
    }
  ],
  '0x035f0470755dBb305fB2B4Ff775Fb7B4Ce2354E5': [
    UniswappyV2EthPair {
      _marketAddress: '0x3526D6f633C56F93376623E9c327625256aB78b7',
      _tokens: [Array],
      _protocol: '',
      _tokenBalances: [Object]
    },
    UniswappyV2EthPair {
      _marketAddress: '0x56774B78108A2d3747FA86E7762edE0404652fDB',
      _tokens: [Array],
      _protocol: '',
      _tokenBalances: [Object]
    }
  ],
  '0x9066e87Bac891409D690cfEfA41379b34af06391': [
    UniswappyV2EthPair {
      _marketAddress: '0x57c5EA70883Bb61Baa56FF4270A1BC35a3eb303e',
      _tokens: [Array],
      _protocol: '',
      _tokenBalances: [Object]
    },
    UniswappyV2EthPair {
      _marketAddress: '0x5590d45592C846DD820D360dd5Ba6b2610cDeeFB',
      _tokens: [Array],
      _protocol: '',
      _tokenBalances: [Object]
    }
  ],
  '0x844FA82f1E54824655470970F7004Dd90546bB28': [
    UniswappyV2EthPair {
      _marketAddress: '0x070659c37D40029280DfEc931b20E315f2cdFfbC',
      _tokens: [Array],
      _protocol: '',
      _tokenBalances: [Object]
    },
    UniswappyV2EthPair {
      _marketAddress: '0xA86365c3e6BF2E3C90D5fdF20d95C8fe7732A4fe',
      _tokens: [Array],
      _protocol: '',
      _tokenBalances: [Object]
    }
  ],
  '0x31045e7023e6c388F9447E632a3f9EaFF90393fa': [
    UniswappyV2EthPair {
      _marketAddress: '0x51dddb90F8ec85BE147A4B7f9922BDbA063aC07E',
      _tokens: [Array],
      _protocol: '',
      _tokenBalances: [Object]
    },
    UniswappyV2EthPair {
      _marketAddress: '0x1A9aA2a681b95112dc980eDee56D23313A416ac8',
      _tokens: [Array],
      _protocol: '',
      _tokenBalances: [Object]
    }
  ],
  '0x4f45F6025be6C65573dAa0b9965a75e837848Da0': [
    UniswappyV2EthPair {
      _marketAddress: '0x32aeDF0c5B1C16E1068B5dA786FD5cC8F06D87f5',
      _tokens: [Array],
      _protocol: '',
      _tokenBalances: [Object]
    },
    UniswappyV2EthPair {
      _marketAddress: '0x6F8aeD31e0fC1De722Aaf9BACE3189954c5A7ACd',
      _tokens: [Array],
      _protocol: '',
      _tokenBalances: [Object]
    }
  ],
  '0x1F7216fdB338247512Ec99715587bb97BBf96eae': [
    UniswappyV2EthPair {
      _marketAddress: '0xFd6ba353459153ab5193AAdF794EC0b2Fc99a850',
      _tokens: [Array],
      _protocol: '',
      _tokenBalances: [Object]
    },
    UniswappyV2EthPair {
      _marketAddress: '0xE9e1cb6D91704650EAd5F907Aa2fa90e29258207',
      _tokens: [Array],
      _protocol: '',
      _tokenBalances: [Object]
    }
  ],
  '0x9337B9A8432a2097106a1BC0616D3D3894c7Cc3C': [
    UniswappyV2EthPair {
      _marketAddress: '0xb03ff4330F7060071127071a4159C5111D6e1604',
      _tokens: [Array],
      _protocol: '',
      _tokenBalances: [Object]
    },
    UniswappyV2EthPair {
      _marketAddress: '0x57588238414a606E890023CFf69B98ffa852D6e3',
      _tokens: [Array],
      _protocol: '',
      _tokenBalances: [Object]
    }
  ],
  '0xbC0D8Bb2D449EECb109e74441dd565E078D764ec': [
    UniswappyV2EthPair {
      _marketAddress: '0x4769DaC1FFb543bA537e9CaF0A4cFbB241042f14',
      _tokens: [Array],
      _protocol: '',
      _tokenBalances: [Object]
    },
    UniswappyV2EthPair {
      _marketAddress: '0xCEaBE7BbBa216C5A23Fb2c265A259d6bFb4dcea8',
      _tokens: [Array],
      _protocol: '',
      _tokenBalances: [Object]
    }
  ],
  '0x7c65AAa29054866f63027516008191a65961f41B': [
    UniswappyV2EthPair {
      _marketAddress: '0x807ff457d8DA21033AF369bEC8158DA9725d30bC',
      _tokens: [Array],
      _protocol: '',
      _tokenBalances: [Object]
    },
    UniswappyV2EthPair {
      _marketAddress: '0xF6FdF1EA6845d0A269419e524D7003Dc111CbdBb',
      _tokens: [Array],
      _protocol: '',
      _tokenBalances: [Object]
    }
  ],
  '0xE1d1F66215998786110Ba0102ef558b22224C016': [
    UniswappyV2EthPair {
      _marketAddress: '0x44cBA6CA5D1838A51dA91E37Fc15b1665ae6C71d',
      _tokens: [Array],
      _protocol: '',
      _tokenBalances: [Object]
    },
    UniswappyV2EthPair {
      _marketAddress: '0x1A45941B2659DA4dE62CfcBCf8B1DC04CDAd9b1B',
      _tokens: [Array],
      _protocol: '',
      _tokenBalances: [Object]
    }
  ],
  '0x1CC2CBE99959D9620c60434B3272AC491752DEaA': [
    UniswappyV2EthPair {
      _marketAddress: '0x3257f489189B4234db6B86e05C16a435BF11F8EE',
      _tokens: [Array],
      _protocol: '',
      _tokenBalances: [Object]
    },
    UniswappyV2EthPair {
      _marketAddress: '0x26A42aD79B1308225E7507CD653a327D4C03271b',
      _tokens: [Array],
      _protocol: '',
      _tokenBalances: [Object]
    }
  ],
  '0x3De70DD9F65a860140F69F286A483f46e9Be875A': [
    UniswappyV2EthPair {
      _marketAddress: '0xbA1C00165d05fa4604092ac15B19d0E28834ccF8',
      _tokens: [Array],
      _protocol: '',
      _tokenBalances: [Object]
    },
    UniswappyV2EthPair {
      _marketAddress: '0xa296d4794D576DD7Fe4FDD4dfd768c8421F1DEC8',
      _tokens: [Array],
      _protocol: '',
      _tokenBalances: [Object]
    }
  ],
  '0xcE5E3183f499DA1740fD8B50D03Ed4B0837058f3': [
    UniswappyV2EthPair {
      _marketAddress: '0xaC699A10F39C3B58105031EC800E54EA5caFD8Dc',
      _tokens: [Array],
      _protocol: '',
      _tokenBalances: [Object]
    },
    UniswappyV2EthPair {
      _marketAddress: '0xE7eAB652beF784874242c78c4201F26fD02Af2fA',
      _tokens: [Array],
      _protocol: '',
      _tokenBalances: [Object]
    }
  ],
  '0x1060ae67986a1a5A02eE023E3F5DfC2f5D04eBb4': [
    UniswappyV2EthPair {
      _marketAddress: '0x9636C6830da84e53565bAef6c2082b2ABe397907',
      _tokens: [Array],
      _protocol: '',
      _tokenBalances: [Object]
    },
    UniswappyV2EthPair {
      _marketAddress: '0xa0650b1cC47b8d0ADf21c400670de897BC23c478',
      _tokens: [Array],
      _protocol: '',
      _tokenBalances: [Object]
    }
  ],
  '0x0231f91e02DebD20345Ae8AB7D71A41f8E140cE7': [
    UniswappyV2EthPair {
      _marketAddress: '0x30C35Bf0837B05208aD46A2e79B1BE11D7976208',
      _tokens: [Array],
      _protocol: '',
      _tokenBalances: [Object]
    },
    UniswappyV2EthPair {
      _marketAddress: '0x6C7cdffA997f46598B9616bC0481372e45A00DC4',
      _tokens: [Array],
      _protocol: '',
      _tokenBalances: [Object]
    }
  ],
  '0x35DE111558F691F77f791fb0c08b2D6B931A9d47': [
    UniswappyV2EthPair {
      _marketAddress: '0xDb1823a668247bE84F35126B93754d33a4E2e63a',
      _tokens: [Array],
      _protocol: '',
      _tokenBalances: [Object]
    },
    UniswappyV2EthPair {
      _marketAddress: '0x11a20E449911302bB8BA92ca67e90FE5961BDA04',
      _tokens: [Array],
      _protocol: '',
      _tokenBalances: [Object]
    }
  ],
  '0x5D186E28934c6B0fF5Fc2feCE15D1F34f78cBd87': [
    UniswappyV2EthPair {
      _marketAddress: '0x18a92E9B63Eae101Eb635Bff7881Db1Fe5B4593F',
      _tokens: [Array],
      _protocol: '',
      _tokenBalances: [Object]
    },
    UniswappyV2EthPair {
      _marketAddress: '0xf70815FCD1dCC4F53e8c984541Fce145ACE71DE3',
      _tokens: [Array],
      _protocol: '',
      _tokenBalances: [Object]
    }
  ],
  '0xc9132C76060F6b319764Ea075973a650A1a53bC9': [
    UniswappyV2EthPair {
      _marketAddress: '0x17A503dF58D153301AAE70Be62de03E49e2B089b',
      _tokens: [Array],
      _protocol: '',
      _tokenBalances: [Object]
    },
    UniswappyV2EthPair {
      _marketAddress: '0xc4bFfEb1cB148E75BC1F720faADD30E247ea0A3B',
      _tokens: [Array],
      _protocol: '',
      _tokenBalances: [Object]
    }
  ],
  '0xb29044f6072Bc5017BEd7f70d933E3Da8B8659EB': [
    UniswappyV2EthPair {
      _marketAddress: '0xAd9DC014e913fF8B550a4062a12502092933C9DA',
      _tokens: [Array],
      _protocol: '',
      _tokenBalances: [Object]
    },
    UniswappyV2EthPair {
      _marketAddress: '0x799BA38ec4d0D63F5FeB3f5801CE98a2E42e6204',
      _tokens: [Array],
      _protocol: '',
      _tokenBalances: [Object]
    }
  ],
  '0x5B45A9be49c94236E127EFCc601b7e7a1a485d0a': [
    UniswappyV2EthPair {
      _marketAddress: '0x9e9877f2e46a7B74af77429afD7Ce08512179946',
      _tokens: [Array],
      _protocol: '',
      _tokenBalances: [Object]
    },
    UniswappyV2EthPair {
      _marketAddress: '0x15dc1182767c5cE0FE1168A3865AF5cc959F2703',
      _tokens: [Array],
      _protocol: '',
      _tokenBalances: [Object]
    }
  ],
  '0x25E9d05365c867E59C1904E7463Af9F312296f9E': [
    UniswappyV2EthPair {
      _marketAddress: '0xa7027970fB98D918A419D6Cc0108079228F737dB',
      _tokens: [Array],
      _protocol: '',
      _tokenBalances: [Object]
    },
    UniswappyV2EthPair {
      _marketAddress: '0xd5B3ebF1a85D32C73A82B40F75e1cd929cAf4029',
      _tokens: [Array],
      _protocol: '',
      _tokenBalances: [Object]
    }
  ],
  '0x988D2980FcEAFc5a3B3199324C1fA2fdBDC16e5e': [
    UniswappyV2EthPair {
      _marketAddress: '0xF8D05C7CEE1873365F3b7569D47dEedbA03cFA54',
      _tokens: [Array],
      _protocol: '',
      _tokenBalances: [Object]
    },
    UniswappyV2EthPair {
      _marketAddress: '0x2b1aD96539bb2Aa7Aca5111cA7D9903f416c9B68',
      _tokens: [Array],
      _protocol: '',
      _tokenBalances: [Object]
    }
  ],
  '0xc2c23a86DEF9e9f5972a633b3d25F7ecBFA5e575': [
    UniswappyV2EthPair {
      _marketAddress: '0xaE044407E0aFa4C0031efbD31Deb90fd4b2a030a',
      _tokens: [Array],
      _protocol: '',
      _tokenBalances: [Object]
    },
    UniswappyV2EthPair {
      _marketAddress: '0xD8477c8BAD4EDCd2Ef1d3B0c97ff5e424A910435',
      _tokens: [Array],
      _protocol: '',
      _tokenBalances: [Object]
    }
  ],
  '0x6BF2Be9468314281cD28A94c35f967caFd388325': [
    UniswappyV2EthPair {
      _marketAddress: '0xCB947258d38F45fffb53e7930F38Cb8B6Dc69D4F',
      _tokens: [Array],
      _protocol: '',
      _tokenBalances: [Object]
    },
    UniswappyV2EthPair {
      _marketAddress: '0x3FCf28D80A6ADBA032D9Cc1162Dc5F8Ff8556099',
      _tokens: [Array],
      _protocol: '',
      _tokenBalances: [Object]
    }
  ],
  '0x7B9c3Df47F3326FbC0674d51dc3EB0f2Df29F37F': [
    UniswappyV2EthPair {
      _marketAddress: '0x246BF77ab1574023B8673f995c5A7f2aa7205B03',
      _tokens: [Array],
      _protocol: '',
      _tokenBalances: [Object]
    },
    UniswappyV2EthPair {
      _marketAddress: '0x81a2c3833b89797c7F5C7FCe682df2F5E30738aF',
      _tokens: [Array],
      _protocol: '',
      _tokenBalances: [Object]
    }
  ],
  '0x627524d78B4fC840C887ffeC90563c7A42b671fD': [
    UniswappyV2EthPair {
      _marketAddress: '0x234fDFd3CF53682E03AD57fD20F6ed3c4ECDb2eB',
      _tokens: [Array],
      _protocol: '',
      _tokenBalances: [Object]
    },
    UniswappyV2EthPair {
      _marketAddress: '0x308ad083Ddff27Fc6c31Ee2a96f3b588bedEB4e3',
      _tokens: [Array],
      _protocol: '',
      _tokenBalances: [Object]
    }
  ],
  '0xf664264e835Bc27cBF71Da6a6633A6C7B99B9De1': [
    UniswappyV2EthPair {
      _marketAddress: '0xe016F42DD5D21263cc1E94a119F872849dA1721A',
      _tokens: [Array],
      _protocol: '',
      _tokenBalances: [Object]
    },
    UniswappyV2EthPair {
      _marketAddress: '0x93f8a4F989aA5DA30f4CC2E262394F4F33db0632',
      _tokens: [Array],
      _protocol: '',
      _tokenBalances: [Object]
    }
  ],
  '0x0D94335595ae842890BEC091eF8C47d62F545d99': [
    UniswappyV2EthPair {
      _marketAddress: '0x026298651282d1b987080c5bb95Ab9B104f97E5B',
      _tokens: [Array],
      _protocol: '',
      _tokenBalances: [Object]
    },
    UniswappyV2EthPair {
      _marketAddress: '0xB798FC689Bf199dDC09F8e3392145521E47a5bC4',
      _tokens: [Array],
      _protocol: '',
      _tokenBalances: [Object]
    }
  ],
  '0xf0443834B7b21104b7102Edbe8F9ec06204Cd395': [
    UniswappyV2EthPair {
      _marketAddress: '0x6FF49875C670c7e2A3d7F29Fd4a27cC6E9Af5dae',
      _tokens: [Array],
      _protocol: '',
      _tokenBalances: [Object]
    },
    UniswappyV2EthPair {
      _marketAddress: '0xD6af37e75d62684Dea3490Ec5684FeB1e50F006A',
      _tokens: [Array],
      _protocol: '',
      _tokenBalances: [Object]
    }
  ],
  '0x61aD00BF78EAC98158A5f83144B245F91C2e95BC': [
    UniswappyV2EthPair {
      _marketAddress: '0x2a41361a8383705E06765EB6FFE9AAc0D836da0D',
      _tokens: [Array],
      _protocol: '',
      _tokenBalances: [Object]
    },
    UniswappyV2EthPair {
      _marketAddress: '0xF506cDBd8137D04a5130dB30396CFB9e5bcD60A9',
      _tokens: [Array],
      _protocol: '',
      _tokenBalances: [Object]
    }
  ],
  '0x07AaA29E63FFEB2EBf59B33eE61437E1a91A3bb2': [
    UniswappyV2EthPair {
      _marketAddress: '0x7b3ae32eE8C532016f3E31C8941D937c59e055B9',
      _tokens: [Array],
      _protocol: '',
      _tokenBalances: [Object]
    },
    UniswappyV2EthPair {
      _marketAddress: '0xc2Ee966Fa83FD87600450b525c0AB08b89E4b533',
      _tokens: [Array],
      _protocol: '',
      _tokenBalances: [Object]
    }
  ],
  '0x75de745a333a47Fe786e8DbBf3E9440d3d5Bc809': [
    UniswappyV2EthPair {
      _marketAddress: '0xbED3925E507D5C7e995eEc369E70Ecfbe8Cd1b0e',
      _tokens: [Array],
      _protocol: '',
      _tokenBalances: [Object]
    },
    UniswappyV2EthPair {
      _marketAddress: '0x0A88Bd9Bb4Ad2625d693b521D18485EA020FEB0D',
      _tokens: [Array],
      _protocol: '',
      _tokenBalances: [Object]
    }
  ],
  '0xe5AF3E22bFc99781391BB52F73f208E6B84b78F2': [
    UniswappyV2EthPair {
      _marketAddress: '0x7A3F23406D61EBB76c40ac0c7A2cAfb19788ea12',
      _tokens: [Array],
      _protocol: '',
      _tokenBalances: [Object]
    },
    UniswappyV2EthPair {
      _marketAddress: '0x995Ed2dE476123e75E50d3D396FE917D394CC4fb',
      _tokens: [Array],
      _protocol: '',
      _tokenBalances: [Object]
    }
  ],
  '0xfA160F26AE82C92AB0C583bc1ae46A25512C9F87': [
    UniswappyV2EthPair {
      _marketAddress: '0x450cFB8c28a552BF19dEe01fd335B6950dF797bf',
      _tokens: [Array],
      _protocol: '',
      _tokenBalances: [Object]
    },
    UniswappyV2EthPair {
      _marketAddress: '0x8496CEEC5dF4b230dE42771C75faf812AC106695',
      _tokens: [Array],
      _protocol: '',
      _tokenBalances: [Object]
    }
  ],
  '0x5Cb09911c7beA3396b4B0e997471a4989D65c2Da': [
    UniswappyV2EthPair {
      _marketAddress: '0x37C00b8094246bc46eC874D57AA4F6a7Ee7ca079',
      _tokens: [Array],
      _protocol: '',
      _tokenBalances: [Object]
    },
    UniswappyV2EthPair {
      _marketAddress: '0xF48427Db888e16B207EE0aD782a42466d0b88514',
      _tokens: [Array],
      _protocol: '',
      _tokenBalances: [Object]
    }
  ],
  '0x5A032954b64FDCb0bA5F0A4467Ec6E5262Eff80c': [
    UniswappyV2EthPair {
      _marketAddress: '0xceCd102b54D69FC640f3f600a9e25641CD63534b',
      _tokens: [Array],
      _protocol: '',
      _tokenBalances: [Object]
    },
    UniswappyV2EthPair {
      _marketAddress: '0x6bbF0809223A87f3d3D852148663518265a32CDE',
      _tokens: [Array],
      _protocol: '',
      _tokenBalances: [Object]
    }
  ],
  '0x300698589B7Ef7449e6974a0142c2aD0f077FfFC': [
    UniswappyV2EthPair {
      _marketAddress: '0x1d913E4bFF453ae9464a8AE65E8C3ae4a8bbCBdA',
      _tokens: [Array],
      _protocol: '',
      _tokenBalances: [Object]
    },
    UniswappyV2EthPair {
      _marketAddress: '0x43dF2BDC1F05135b965AAF4C58BF9a11d11f1DdD',
      _tokens: [Array],
      _protocol: '',
      _tokenBalances: [Object]
    }
  ],
  '0x2dBd86A424a815AD2A08a2D8dAE07007fed6Dc91': [
    UniswappyV2EthPair {
      _marketAddress: '0x6eeBf6E8C3a12Fb7265496D94CB65b6c42Bc411D',
      _tokens: [Array],
      _protocol: '',
      _tokenBalances: [Object]
    },
    UniswappyV2EthPair {
      _marketAddress: '0xEFC4322880eeC01a1bFb4B153497831d5F1bbAF9',
      _tokens: [Array],
      _protocol: '',
      _tokenBalances: [Object]
    }
  ],
  '0xBFEf6cCFC830D3BaCA4F6766a0d4AaA242Ca9F3D': [
    UniswappyV2EthPair {
      _marketAddress: '0xc31fc5D88871A3BAc6BEc7E6306e16e02053eEC1',
      _tokens: [Array],
      _protocol: '',
      _tokenBalances: [Object]
    },
    UniswappyV2EthPair {
      _marketAddress: '0x16D5Ede0aADa680BB51898437C7c70ACBE39E928',
      _tokens: [Array],
      _protocol: '',
      _tokenBalances: [Object]
    }
  ],
  '0x8B571fE684133aCA1E926bEB86cb545E549C832D': [
    UniswappyV2EthPair {
      _marketAddress: '0x0d5B76B7120736000D20A5E33bFF2185DCA79e9a',
      _tokens: [Array],
      _protocol: '',
      _tokenBalances: [Object]
    },
    UniswappyV2EthPair {
      _marketAddress: '0x7Fb2C6B9377480FcFB3afB987fD5be6F6139d8c4',
      _tokens: [Array],
      _protocol: '',
      _tokenBalances: [Object]
    }
  ],
  '0x7919586dEF7BbA0150a76023aFF18E096E85B0cA': [
    UniswappyV2EthPair {
      _marketAddress: '0x85b2EF494eD99548EddcB90c77581DA93Be50307',
      _tokens: [Array],
      _protocol: '',
      _tokenBalances: [Object]
    },
    UniswappyV2EthPair {
      _marketAddress: '0x2D97D354D37Bf77e8a7341758e74d74e4932A76c',
      _tokens: [Array],
      _protocol: '',
      _tokenBalances: [Object]
    }
  ],
  '0x1099E778846bAa6aAD3C6F26Ad42419AA7f95103': [
    UniswappyV2EthPair {
      _marketAddress: '0x2D3b6307Ac8fFA21ac08fd89fC5c9CcfFb642986',
      _tokens: [Array],
      _protocol: '',
      _tokenBalances: [Object]
    },
    UniswappyV2EthPair {
      _marketAddress: '0xe04F2F29FA953547DA6Eb7cC4c91f518AE19874C',
      _tokens: [Array],
      _protocol: '',
      _tokenBalances: [Object]
    }
  ],
  '0x242E46490397ACCa94ED930F2C4EdF16250237fa': [
    UniswappyV2EthPair {
      _marketAddress: '0x49A70c5cF80Be761D366A8ede59552C6A7616571',
      _tokens: [Array],
      _protocol: '',
      _tokenBalances: [Object]
    },
    UniswappyV2EthPair {
      _marketAddress: '0x2cc757ce0AB344D7567642F4a7fa9283cfF0B4E6',
      _tokens: [Array],
      _protocol: '',
      _tokenBalances: [Object]
    }
  ],
  '0x8dBC995946ad745dD77186d1aC10019b8Ea6694A': [
    UniswappyV2EthPair {
      _marketAddress: '0xf48D05E9714D93D730B587F258898B864a13D83D',
      _tokens: [Array],
      _protocol: '',
      _tokenBalances: [Object]
    },
    UniswappyV2EthPair {
      _marketAddress: '0x84BA7B7e0b687078d65aF43986719720e7f3E71C',
      _tokens: [Array],
      _protocol: '',
      _tokenBalances: [Object]
    }
  ],
  '0xFF4245b8Fd43f75476608a94768EbB29bb678c2C': [
    UniswappyV2EthPair {
      _marketAddress: '0x6aD2fC29B1BE94f990B72eA24Cf0f246658fbE7a',
      _tokens: [Array],
      _protocol: '',
      _tokenBalances: [Object]
    },
    UniswappyV2EthPair {
      _marketAddress: '0x7c31b1Fb807c0DD27aEA931b81A2C5525841C7A7',
      _tokens: [Array],
      _protocol: '',
      _tokenBalances: [Object]
    }
  ],
  '0x57067A6BD75c0E95a6A5f158455926e43E79BeB0': [
    UniswappyV2EthPair {
      _marketAddress: '0x07D441367c2F97144BC6a9D4242ff9A2bFb72259',
      _tokens: [Array],
      _protocol: '',
      _tokenBalances: [Object]
    },
    UniswappyV2EthPair {
      _marketAddress: '0x27A5a5c1fF96447F2a0c4baDcF26E7c65C040E3C',
      _tokens: [Array],
      _protocol: '',
      _tokenBalances: [Object]
    }
  ],
  '0xa1FD60c51C0BDAC1Ff5BB6067A24d61441E39569': [
    UniswappyV2EthPair {
      _marketAddress: '0xeeECFec49ccC27162c350d987A8CB3dda74691ea',
      _tokens: [Array],
      _protocol: '',
      _tokenBalances: [Object]
    },
    UniswappyV2EthPair {
      _marketAddress: '0x66ab58A99c7B45Da36ea711d8551CF69858435f6',
      _tokens: [Array],
      _protocol: '',
      _tokenBalances: [Object]
    }
  ],
  '0x4B5C23cac08a567ecf0c1fFcA8372A45a5D33743': [
    UniswappyV2EthPair {
      _marketAddress: '0x1CA5a0ec1FfC1e7365Ae1912D9f2e66914d19111',
      _tokens: [Array],
      _protocol: '',
      _tokenBalances: [Object]
    },
    UniswappyV2EthPair {
      _marketAddress: '0x96338e2F96A088fF740eD165D10C9C08F0f8D173',
      _tokens: [Array],
      _protocol: '',
      _tokenBalances: [Object]
    }
  ],
  '0x4960761d99FE51a6EbF08FF6d89AB47fA69be15c': [
    UniswappyV2EthPair {
      _marketAddress: '0x3073E68b98f38AF00bA54B9e0504D17bca33B215',
      _tokens: [Array],
      _protocol: '',
      _tokenBalances: [Object]
    },
    UniswappyV2EthPair {
      _marketAddress: '0x05bCe2E7248e0CC996305fE2E546DE6230084D8D',
      _tokens: [Array],
      _protocol: '',
      _tokenBalances: [Object]
    }
  ],
  '0x4a3027204a98231B53A0798fB373e3B5016eaf82': [
    UniswappyV2EthPair {
      _marketAddress: '0x8eeD7e73e1454733fEaC1F7D4Eb8a1aCA1485eAc',
      _tokens: [Array],
      _protocol: '',
      _tokenBalances: [Object]
    },
    UniswappyV2EthPair {
      _marketAddress: '0x4d8BD040e2959B4569673a33EfE75669254d147E',
      _tokens: [Array],
      _protocol: '',
      _tokenBalances: [Object]
    }
  ],
  '0x460232bf1b4C08da3E2D7Fb13469a35D120de961': [
    UniswappyV2EthPair {
      _marketAddress: '0xccF4a16C32284EAFcedDe91ac1423A908836f6eD',
      _tokens: [Array],
      _protocol: '',
      _tokenBalances: [Object]
    },
    UniswappyV2EthPair {
      _marketAddress: '0xE29e094E1E4d9B8E5535bb3c6685E86f5fFd296D',
      _tokens: [Array],
      _protocol: '',
      _tokenBalances: [Object]
    }
  ],
  '0x8d4FBB3AC63bf33851dCE80D63613Df1A515BC00': [
    UniswappyV2EthPair {
      _marketAddress: '0x5f4d846f085486fAe301E30375eFE17552b0f08D',
      _tokens: [Array],
      _protocol: '',
      _tokenBalances: [Object]
    },
    UniswappyV2EthPair {
      _marketAddress: '0x18CCA70DDa1699148cB37941d75ccF4847BEa188',
      _tokens: [Array],
      _protocol: '',
      _tokenBalances: [Object]
    }
  ],
  '0xa5360c2070FaECFc231fd6bd743FE88382F2991d': [
    UniswappyV2EthPair {
      _marketAddress: '0xCf68268785783d6c9000B55F343b4D53519833d3',
      _tokens: [Array],
      _protocol: '',
      _tokenBalances: [Object]
    },
    UniswappyV2EthPair {
      _marketAddress: '0x899Bf55985480403B0869F6216f1813f6C9bAf0b',
      _tokens: [Array],
      _protocol: '',
      _tokenBalances: [Object]
    }
  ],
  '0x617724974218A18769020A70162165A539c07E8a': [
    UniswappyV2EthPair {
      _marketAddress: '0x51123Dd7BF791929BBfA75E913f7632A0eF1B82c',
      _tokens: [Array],
      _protocol: '',
      _tokenBalances: [Object]
    },
    UniswappyV2EthPair {
      _marketAddress: '0x8E9A1C74f8b194933f1B520CE58Eb3405ea68008',
      _tokens: [Array],
      _protocol: '',
      _tokenBalances: [Object]
    }
  ],
  '0x279AB2A36841161f718b49F0CC72FFAF755b7aed': [
    UniswappyV2EthPair {
      _marketAddress: '0xcE244C180CBef123333655a644d248993b4bCD99',
      _tokens: [Array],
      _protocol: '',
      _tokenBalances: [Object]
    },
    UniswappyV2EthPair {
      _marketAddress: '0x6e95a85443d21c20cceA279043E925249F8e73Fd',
      _tokens: [Array],
      _protocol: '',
      _tokenBalances: [Object]
    }
  ],
  '0xFB161ddA30991A4E48DE65F0AC4eB17809f0c6b2': [
    UniswappyV2EthPair {
      _marketAddress: '0x79281DCeeb082c0d9D93B378E90F0c6cF5C357BB',
      _tokens: [Array],
      _protocol: '',
      _tokenBalances: [Object]
    },
    UniswappyV2EthPair {
      _marketAddress: '0x8fB078A3602fB74Dd3f690851523db01a6f08B49',
      _tokens: [Array],
      _protocol: '',
      _tokenBalances: [Object]
    }
  ],
  '0xC3d1eD10072092f9Ee2A2eCdf887517059547E54': [
    UniswappyV2EthPair {
      _marketAddress: '0x41402C5e6d8C4279Fc5900350b6203B537CD3287',
      _tokens: [Array],
      _protocol: '',
      _tokenBalances: [Object]
    },
    UniswappyV2EthPair {
      _marketAddress: '0x2466D8eaA917d954e4CC5A03392Ed5b5A1746BD1',
      _tokens: [Array],
      _protocol: '',
      _tokenBalances: [Object]
    }
  ],
  '0xD1587Ee50e0333f0C4aDcF261379A61B1486c5d2': [
    UniswappyV2EthPair {
      _marketAddress: '0x8b469572Fa719CDFf3E0998EdEAeF500d9afc7e0',
      _tokens: [Array],
      _protocol: '',
      _tokenBalances: [Object]
    },
    UniswappyV2EthPair {
      _marketAddress: '0xb6EC86562E0cd125b4a1586036b6f13D47Fd09B6',
      _tokens: [Array],
      _protocol: '',
      _tokenBalances: [Object]
    }
  ],
  '0xD37c1417DA7Bf5b02ffDEa8d5427022DC88A0eE2': [
    UniswappyV2EthPair {
      _marketAddress: '0xff98f860131B2D698d56305f04425f90150fd1f1',
      _tokens: [Array],
      _protocol: '',
      _tokenBalances: [Object]
    },
    UniswappyV2EthPair {
      _marketAddress: '0xf5e4f190827F643Dc145F364f74B8577bc22C6d8',
      _tokens: [Array],
      _protocol: '',
      _tokenBalances: [Object]
    }
  ],
  '0xe4a43f8Bdaf4fC6a3b118A5448983fe783724BC8': [
    UniswappyV2EthPair {
      _marketAddress: '0x6843881F2205E0417362BD498a2a524A573405a9',
      _tokens: [Array],
      _protocol: '',
      _tokenBalances: [Object]
    },
    UniswappyV2EthPair {
      _marketAddress: '0x5E2d0ec700AD4aaD5cd8242c673077Fd9f689445',
      _tokens: [Array],
      _protocol: '',
      _tokenBalances: [Object]
    }
  ],
  '0x4dA95bd392811897cde899d25FACe253a424BfD4': [
    UniswappyV2EthPair {
      _marketAddress: '0x2428921696d429C316058CDE31eB1d1bf3Cb466c',
      _tokens: [Array],
      _protocol: '',
      _tokenBalances: [Object]
    },
    UniswappyV2EthPair {
      _marketAddress: '0xF26d31c7aF6Dd54c9660EdDcE7c00795802e650f',
      _tokens: [Array],
      _protocol: '',
      _tokenBalances: [Object]
    }
  ],
  '0x5E9280d53F28281Ce098C8F64e49F5f5DC9Ea185': [
    UniswappyV2EthPair {
      _marketAddress: '0xE659FbF675c48234FFbE0b0C317268B18B05E8A7',
      _tokens: [Array],
      _protocol: '',
      _tokenBalances: [Object]
    },
    UniswappyV2EthPair {
      _marketAddress: '0xb8bbAcbe07aa77Bf17fCA35B06b39a03504e7Ace',
      _tokens: [Array],
      _protocol: '',
      _tokenBalances: [Object]
    }
  ],
  '0x78832Bd03078fb75A72d72FbF567BA90B6dAB317': [
    UniswappyV2EthPair {
      _marketAddress: '0x7C1a05c28cD92155ca7dCdeDFaA8b5E51c4b4700',
      _tokens: [Array],
      _protocol: '',
      _tokenBalances: [Object]
    },
    UniswappyV2EthPair {
      _marketAddress: '0xF0176FC16e8A1340d228c0d450Ce15B882AEE554',
      _tokens: [Array],
      _protocol: '',
      _tokenBalances: [Object]
    }
  ],
  '0x706954491EBFD6b38e5B1e6F079dBEfae0F5EBa0': [
    UniswappyV2EthPair {
      _marketAddress: '0xbF3d936d9C5697C41C1a4D8784F8aCF84EFAc16D',
      _tokens: [Array],
      _protocol: '',
      _tokenBalances: [Object]
    },
    UniswappyV2EthPair {
      _marketAddress: '0xfd8D10fCeD6B2644303D12b2b671a947E5783eF7',
      _tokens: [Array],
      _protocol: '',
      _tokenBalances: [Object]
    }
  ],
  '0x37Ac4D6140e54304D77437A5c11924f61a2D976f': [
    UniswappyV2EthPair {
      _marketAddress: '0xE890444AC7CA864975877B61068edaf92ba6090c',
      _tokens: [Array],
      _protocol: '',
      _tokenBalances: [Object]
    },
    UniswappyV2EthPair {
      _marketAddress: '0x078113f736255aD4254838EF8FB804bfdb2Cf945',
      _tokens: [Array],
      _protocol: '',
      _tokenBalances: [Object]
    }
  ],
  '0x63a18BC38D1101DB7F0efCbCBdCbe927A5879039': [
    UniswappyV2EthPair {
      _marketAddress: '0xD1DAE66F273B50C6CF6C755b3a96259370b78E0B',
      _tokens: [Array],
      _protocol: '',
      _tokenBalances: [Object]
    },
    UniswappyV2EthPair {
      _marketAddress: '0xb895903D5144Ef651BCb86E0Fe49bF15D1c938F4',
      _tokens: [Array],
      _protocol: '',
      _tokenBalances: [Object]
    }
  ],
  '0xbcd82B459063Ab80518B391A7e2a054F022DcA67': [
    UniswappyV2EthPair {
      _marketAddress: '0x1740678ecEB8167936d310D9259d9B7109227E4a',
      _tokens: [Array],
      _protocol: '',
      _tokenBalances: [Object]
    },
    UniswappyV2EthPair {
      _marketAddress: '0x2a4aF2568aF754b213ED6F485a50a4eF5b7feaE6',
      _tokens: [Array],
      _protocol: '',
      _tokenBalances: [Object]
    }
  ],
  '0x51373354FD353CF9748cEabdAD4e87D7b43EDE0c': [
    UniswappyV2EthPair {
      _marketAddress: '0x7021eE3E5d683CA7B7ACD4270f7A04212385DC3C',
      _tokens: [Array],
      _protocol: '',
      _tokenBalances: [Object]
    },
    UniswappyV2EthPair {
      _marketAddress: '0xbbB31e1aF305066B63643b99513B0f1361216217',
      _tokens: [Array],
      _protocol: '',
      _tokenBalances: [Object]
    }
  ],
  '0x8C0B2ecc326678FAa406D717d89335A32aEf3540': [
    UniswappyV2EthPair {
      _marketAddress: '0xf278c1E4Bac1F1574375A7f10103F69441708a60',
      _tokens: [Array],
      _protocol: '',
      _tokenBalances: [Object]
    },
    UniswappyV2EthPair {
      _marketAddress: '0x821ED6EFEae5F043f28e3B0Ef33225d0ca7fB64f',
      _tokens: [Array],
      _protocol: '',
      _tokenBalances: [Object]
    }
  ],
  '0x4495e673eE53c61CE79c35D5e299733639362aEc': [
    UniswappyV2EthPair {
      _marketAddress: '0x91649446095135aD5e0B597Fe8069f0922Ce5C7e',
      _tokens: [Array],
      _protocol: '',
      _tokenBalances: [Object]
    },
    UniswappyV2EthPair {
      _marketAddress: '0x96c3Bef501F5ddC82e0717839Dba5F4e1F75429d',
      _tokens: [Array],
      _protocol: '',
      _tokenBalances: [Object]
    }
  ],
  '0xaa9DF8EFd66b8dB4914472AB581e7D9e990d0B32': [
    UniswappyV2EthPair {
      _marketAddress: '0x8417574a0EF92F27446b9E1a260c06Dd0fcB236c',
      _tokens: [Array],
      _protocol: '',
      _tokenBalances: [Object]
    },
    UniswappyV2EthPair {
      _marketAddress: '0x7F92E97Dbe2ADc8ddBA6577a75192f9046dB0788',
      _tokens: [Array],
      _protocol: '',
      _tokenBalances: [Object]
    }
  ],
  '0x14b1166aB53A237c8cEaeE2BBc4BbCa200cb7da8': [
    UniswappyV2EthPair {
      _marketAddress: '0x6C8014FA1b4D1907B20A8edB146718af9a33baA0',
      _tokens: [Array],
      _protocol: '',
      _tokenBalances: [Object]
    },
    UniswappyV2EthPair {
      _marketAddress: '0x1A91d819521B32c57E1deaeFe456683823aD81b5',
      _tokens: [Array],
      _protocol: '',
      _tokenBalances: [Object]
    }
  ],
  '0x8b303d5BbfBbf46F1a4d9741E491e06986894e18': [
    UniswappyV2EthPair {
      _marketAddress: '0x2AE94A6C768D59f5DDc25bd7f12C7cBE1D51dc04',
      _tokens: [Array],
      _protocol: '',
      _tokenBalances: [Object]
    },
    UniswappyV2EthPair {
      _marketAddress: '0x8FBD89B44403b6Da70737A02bfdE39685BFE47bB',
      _tokens: [Array],
      _protocol: '',
      _tokenBalances: [Object]
    }
  ],
  '0xC966Ad1C98d7C804985c547785F8308dee026bD9': [
    UniswappyV2EthPair {
      _marketAddress: '0x4f6E151Cb9a5FD1aF29A6B87c94BA8d7ECeb427c',
      _tokens: [Array],
      _protocol: '',
      _tokenBalances: [Object]
    },
    UniswappyV2EthPair {
      _marketAddress: '0x53303dd10922389d0F0541ebCa748Fecae5095Dd',
      _tokens: [Array],
      _protocol: '',
      _tokenBalances: [Object]
    }
  ],
  '0xa9eA4b786ee5b7A733c035564Bfd9341A4c9FC1e': [
    UniswappyV2EthPair {
      _marketAddress: '0x08a2749863D8353dcEe9869131192784E783F48a',
      _tokens: [Array],
      _protocol: '',
      _tokenBalances: [Object]
    },
    UniswappyV2EthPair {
      _marketAddress: '0x73E83B4Cc6c03e60f86D816C5ED3050136b7ab78',
      _tokens: [Array],
      _protocol: '',
      _tokenBalances: [Object]
    }
  ],
  '0xC7d0CE2961396d02059f06e8DF7Dd37E6809d478': [
    UniswappyV2EthPair {
      _marketAddress: '0xB3aeD717FF994eaac638F005997A7A06d1731CdF',
      _tokens: [Array],
      _protocol: '',
      _tokenBalances: [Object]
    },
    UniswappyV2EthPair {
      _marketAddress: '0xE716FbCE470e7AADdb5f149548A70347d38a0B1D',
      _tokens: [Array],
      _protocol: '',
      _tokenBalances: [Object]
    }
  ],
  '0x1C9491865a1DE77C5b6e19d2E6a5F1D7a6F2b25F': [
    UniswappyV2EthPair {
      _marketAddress: '0x066Fb0F33CAF9f477beaf8E284A2BE11B8Df7500',
      _tokens: [Array],
      _protocol: '',
      _tokenBalances: [Object]
    },
    UniswappyV2EthPair {
      _marketAddress: '0x9feEb086eAd845Cc9A09Fb3dCBbe86Eb9C0706d8',
      _tokens: [Array],
      _protocol: '',
      _tokenBalances: [Object]
    }
  ],
  '0x04F9118d66BB2e7563996cC88Dbb02C70d7E5FAd': [
    UniswappyV2EthPair {
      _marketAddress: '0x25a174A77DAB5D478a05F3B6C90ac8529b20427e',
      _tokens: [Array],
      _protocol: '',
      _tokenBalances: [Object]
    },
    UniswappyV2EthPair {
      _marketAddress: '0x909D1CCD8101efbf2E0aC25952D541d0F7b831D7',
      _tokens: [Array],
      _protocol: '',
      _tokenBalances: [Object]
    }
  ],
  '0x76280AF9D18a868a0aF3dcA95b57DDE816c1aaf2': [
    UniswappyV2EthPair {
      _marketAddress: '0x7FDC8AC65C9a8790Cf7CC5ebe423e8a1f9FF154c',
      _tokens: [Array],
      _protocol: '',
      _tokenBalances: [Object]
    },
    UniswappyV2EthPair {
      _marketAddress: '0x61DFa412E82894166Ac3A7AC27D6De3b6bdBDF62',
      _tokens: [Array],
      _protocol: '',
      _tokenBalances: [Object]
    }
  ],
  '0x5ddAe05d2f854926E8070b435d2dfe5edCa246D9': [
    UniswappyV2EthPair {
      _marketAddress: '0x56750c85358C998c28E22b5e6A9cB88e1B6EE0C9',
      _tokens: [Array],
      _protocol: '',
      _tokenBalances: [Object]
    },
    UniswappyV2EthPair {
      _marketAddress: '0xE4753Ca505C5E3C59464dD068bcDDa970D5f4Cd2',
      _tokens: [Array],
      _protocol: '',
      _tokenBalances: [Object]
    }
  ],
  '0x31D0a7AdA4d4c131Eb612DB48861211F63e57610': [
    UniswappyV2EthPair {
      _marketAddress: '0x4560B6B6c4982fAF49aEaEC10986B5e598D4240a',
      _tokens: [Array],
      _protocol: '',
      _tokenBalances: [Object]
    },
    UniswappyV2EthPair {
      _marketAddress: '0x67B78318DB88EeB6c9271816114d3ca6423fD66d',
      _tokens: [Array],
      _protocol: '',
      _tokenBalances: [Object]
    }
  ],
  '0x16C0e0936E1B38Ff1F9b8a1e75d8ba29aDf87d30': [
    UniswappyV2EthPair {
      _marketAddress: '0x8e53470B95d52A3D83637BF9E42891b17E785Ba4',
      _tokens: [Array],
      _protocol: '',
      _tokenBalances: [Object]
    },
    UniswappyV2EthPair {
      _marketAddress: '0xe13CB5bcff475065e1Eea1c9fbd1a4f621eAe21D',
      _tokens: [Array],
      _protocol: '',
      _tokenBalances: [Object]
    }
  ],
  '0xa45f92fE427B3Fa3C3FF9b9069819798E030b734': [
    UniswappyV2EthPair {
      _marketAddress: '0xFE13Bd0f8268f23ab72D18FfD0fEC589b94C9233',
      _tokens: [Array],
      _protocol: '',
      _tokenBalances: [Object]
    },
    UniswappyV2EthPair {
      _marketAddress: '0x07bc3e5EE8e77D4E33E9871e6E54239508aDc91e',
      _tokens: [Array],
      _protocol: '',
      _tokenBalances: [Object]
    }
  ],
  '0x5749085C36A521f71AD2050Cb600B2165aabdF68': [
    UniswappyV2EthPair {
      _marketAddress: '0xA844D5a4315013485195D4D5a75f4Ec3C198ED4c',
      _tokens: [Array],
      _protocol: '',
      _tokenBalances: [Object]
    },
    UniswappyV2EthPair {
      _marketAddress: '0xa2C123D91A24987acEc07361D44008a1f8e637C1',
      _tokens: [Array],
      _protocol: '',
      _tokenBalances: [Object]
    }
  ],
  '0xAFb2997fE9a99022E61C7e01B974E0e3D7704B02': [
    UniswappyV2EthPair {
      _marketAddress: '0xBDB9EeD8119405c4c0a9dC91e965AdC82246B2CC',
      _tokens: [Array],
      _protocol: '',
      _tokenBalances: [Object]
    },
    UniswappyV2EthPair {
      _marketAddress: '0xfd0fE39Fe5aD487219d3e7cAFad1b1C425C725B6',
      _tokens: [Array],
      _protocol: '',
      _tokenBalances: [Object]
    }
  ],
  '0x901D17006A9E161Ba226735de60cfD0cd7A4c817': [
    UniswappyV2EthPair {
      _marketAddress: '0x3c110611Bf2599dBfABdC5fbDEb7f7F6E44cf9F2',
      _tokens: [Array],
      _protocol: '',
      _tokenBalances: [Object]
    },
    UniswappyV2EthPair {
      _marketAddress: '0xB54D210Cc2Cc92e0338647be89469Cf02Bee4Df1',
      _tokens: [Array],
      _protocol: '',
      _tokenBalances: [Object]
    }
  ],
  '0x5BCcFbd33873A5498F8406146868eDdd5E998962': [
    UniswappyV2EthPair {
      _marketAddress: '0x4384bB8e73E9A0637beE6152F2cFd7aA8Ed2dAaE',
      _tokens: [Array],
      _protocol: '',
      _tokenBalances: [Object]
    },
    UniswappyV2EthPair {
      _marketAddress: '0x28E7bf64B9891a9008fCF94E6a8BDE87a7B62f88',
      _tokens: [Array],
      _protocol: '',
      _tokenBalances: [Object]
    }
  ],
  '0xeBB59CeBFb63f218db6B5094DC14AbF34d56D35D': [
    UniswappyV2EthPair {
      _marketAddress: '0x960120083d597f4B2e5b3227c9eE9108A879E3dD',
      _tokens: [Array],
      _protocol: '',
      _tokenBalances: [Object]
    },
    UniswappyV2EthPair {
      _marketAddress: '0xb9d67132A5aa6bbF93f665932BC30734163d06f7',
      _tokens: [Array],
      _protocol: '',
      _tokenBalances: [Object]
    }
  ],
  '0x818221B4BaA65F34eFaF7Aba58E5C2bb22B9EfB9': [
    UniswappyV2EthPair {
      _marketAddress: '0x99eD58b45b75F0174B71946B4D4C5a57D73DbCF0',
      _tokens: [Array],
      _protocol: '',
      _tokenBalances: [Object]
    },
    UniswappyV2EthPair {
      _marketAddress: '0x609A805Fd5cf120D539ef63b1B7988B9dA9B5596',
      _tokens: [Array],
      _protocol: '',
      _tokenBalances: [Object]
    }
  ],
  '0xBc5609612b7C44BEf426De600B5fd1379DB2EcF1': [
    UniswappyV2EthPair {
      _marketAddress: '0x132BDb6374B1273Baabe542e814eAe29AadD45f9',
      _tokens: [Array],
      _protocol: '',
      _tokenBalances: [Object]
    },
    UniswappyV2EthPair {
      _marketAddress: '0x9c4f6a5050CF863e67a402E8b377973b4E3372c1',
      _tokens: [Array],
      _protocol: '',
      _tokenBalances: [Object]
    }
  ],
  '0x194AE307E00488271D0811CfeeF49E3C3bB4D225': [
    UniswappyV2EthPair {
      _marketAddress: '0x31f391E0C53bDF90A0Ec785a96EA055665C09670',
      _tokens: [Array],
      _protocol: '',
      _tokenBalances: [Object]
    },
    UniswappyV2EthPair {
      _marketAddress: '0x2B55dC7b64b7EcAA6207B524C0a0F939bb9d616b',
      _tokens: [Array],
      _protocol: '',
      _tokenBalances: [Object]
    }
  ],
  '0x532e77192ba6B2e94F2501c6DF2EcB6625243DA4': [
    UniswappyV2EthPair {
      _marketAddress: '0xd98Aa93a27eb3a571b0C8EeC98ad76D37e30a05e',
      _tokens: [Array],
      _protocol: '',
      _tokenBalances: [Object]
    },
    UniswappyV2EthPair {
      _marketAddress: '0x49f284F5849003C71673487Bacc7139ace24217e',
      _tokens: [Array],
      _protocol: '',
      _tokenBalances: [Object]
    }
  ],
  '0xB42e1c3902b85b410334f5fff79cDc51fBeE6950': [
    UniswappyV2EthPair {
      _marketAddress: '0x1C9BF61956631248A39b39369e7997Dd6A905c46',
      _tokens: [Array],
      _protocol: '',
      _tokenBalances: [Object]
    },
    UniswappyV2EthPair {
      _marketAddress: '0x989b107CBE05aF601573dc7d02e54747148e5dFc',
      _tokens: [Array],
      _protocol: '',
      _tokenBalances: [Object]
    }
  ],
  '0xb4c20Bb1C75300Fa724ec3196B5d1C854a7d58a0': [
    UniswappyV2EthPair {
      _marketAddress: '0x70E38EdB1616cd2Bd8254389AFef7d38362A3d41',
      _tokens: [Array],
      _protocol: '',
      _tokenBalances: [Object]
    },
    UniswappyV2EthPair {
      _marketAddress: '0xA9382eEaeB526467D79005bdaF89e1351ca51B04',
      _tokens: [Array],
      _protocol: '',
      _tokenBalances: [Object]
    }
  ],
  '0xCA68100Dc0CC00CfBA894370B60cCcceB0C6Cb2c': [
    UniswappyV2EthPair {
      _marketAddress: '0x03EF5DE50547AfccFb5574362417D03aB50a7285',
      _tokens: [Array],
      _protocol: '',
      _tokenBalances: [Object]
    },
    UniswappyV2EthPair {
      _marketAddress: '0x7Fe7Fb4E479E396b5479E6A703389e0a79D54c28',
      _tokens: [Array],
      _protocol: '',
      _tokenBalances: [Object]
    }
  ],
  '0x9E691FD624410D631c082202b050694233031cB7': [
    UniswappyV2EthPair {
      _marketAddress: '0xB3f2BDdb3006146E725F4fa7D78d1C5364F93836',
      _tokens: [Array],
      _protocol: '',
      _tokenBalances: [Object]
    },
    UniswappyV2EthPair {
      _marketAddress: '0x3E820DF7D7086DE2D46d908d04c0A24968B32b94',
      _tokens: [Array],
      _protocol: '',
      _tokenBalances: [Object]
    }
  ],
  '0xFcb055630D7F29CF16d70a3B5b51A2Aa0cC92ed0': [
    UniswappyV2EthPair {
      _marketAddress: '0xBF3b4D4b2Fb586B528B632291105A2512D70948E',
      _tokens: [Array],
      _protocol: '',
      _tokenBalances: [Object]
    },
    UniswappyV2EthPair {
      _marketAddress: '0xffd47B4a1887538D24E9FB001C376C61271Ee088',
      _tokens: [Array],
      _protocol: '',
      _tokenBalances: [Object]
    }
  ],
  '0x58dC5158cC1c1306A2209d30a6Bd37677d1aD0eB': [
    UniswappyV2EthPair {
      _marketAddress: '0x7e072274b4ff436d8F2155E354fbd3062E518317',
      _tokens: [Array],
      _protocol: '',
      _tokenBalances: [Object]
    },
    UniswappyV2EthPair {
      _marketAddress: '0xeE8C714da5A365B9d95d60a97fF62B72EDfa5bE0',
      _tokens: [Array],
      _protocol: '',
      _tokenBalances: [Object]
    }
  ],
  '0x0742b62eFB5f2eaBBc14567dfC0860CE0565bCf4': [
    UniswappyV2EthPair {
      _marketAddress: '0x00688Ba3dc50D8A7a88Ad9b31B6301aeBC480974',
      _tokens: [Array],
      _protocol: '',
      _tokenBalances: [Object]
    },
    UniswappyV2EthPair {
      _marketAddress: '0x010584E13CceFE717B8E5B904C67F314D88f5B61',
      _tokens: [Array],
      _protocol: '',
      _tokenBalances: [Object]
    }
  ],
  '0x25dfE3386525465802AF6Bfe499ded48017155ad': [
    UniswappyV2EthPair {
      _marketAddress: '0x32cA6BE11FFbB258CBa76e896ee273350D1C73c1',
      _tokens: [Array],
      _protocol: '',
      _tokenBalances: [Object]
    },
    UniswappyV2EthPair {
      _marketAddress: '0x5519Da31083fa11aBF6BB90865bEc67CE1Ba3357',
      _tokens: [Array],
      _protocol: '',
      _tokenBalances: [Object]
    }
  ],
  '0x78dF9f9731139905c7AA4c0eac3e7B7847608154': [
    UniswappyV2EthPair {
      _marketAddress: '0x5d99f52cf5Fc369f4C6f90DfeaC7e7B32605C42b',
      _tokens: [Array],
      _protocol: '',
      _tokenBalances: [Object]
    },
    UniswappyV2EthPair {
      _marketAddress: '0xF9e6a94F5A9C223Ba626D6b221C793D032d123CC',
      _tokens: [Array],
      _protocol: '',
      _tokenBalances: [Object]
    }
  ],
  '0x5a10661a64969c912Af3cC9a69F4f3AD61afad7E': [
    UniswappyV2EthPair {
      _marketAddress: '0x7Cd72FE772CaF880BBE91E55618F99a51f94D9e5',
      _tokens: [Array],
      _protocol: '',
      _tokenBalances: [Object]
    },
    UniswappyV2EthPair {
      _marketAddress: '0x7f988B9482Bee806BE3AA3215ffe31597B4097c4',
      _tokens: [Array],
      _protocol: '',
      _tokenBalances: [Object]
    }
  ],
  '0x79a98FC6774CA51C320E6B02a7C2aB7AE4255e4F': [
    UniswappyV2EthPair {
      _marketAddress: '0xB87A76D9ebab5E738FEC59324a0502B269881975',
      _tokens: [Array],
      _protocol: '',
      _tokenBalances: [Object]
    },
    UniswappyV2EthPair {
      _marketAddress: '0xa420C4B383218b9f5Ee0d81b520d2D65BbcaB0A8',
      _tokens: [Array],
      _protocol: '',
      _tokenBalances: [Object]
    }
  ],
  '0xAd9787017e82f6368BbE4893b475CaadA2258564': [
    UniswappyV2EthPair {
      _marketAddress: '0x050f4e1E5EF352910493f8a8C9283d970C02a539',
      _tokens: [Array],
      _protocol: '',
      _tokenBalances: [Object]
    },
    UniswappyV2EthPair {
      _marketAddress: '0x97B82cC7e9C495f1acE154fAFAC2481b22635dDD',
      _tokens: [Array],
      _protocol: '',
      _tokenBalances: [Object]
    }
  ],
  '0x6019BFf77503B804F186AaE8aAf947761a46bCEA': [
    UniswappyV2EthPair {
      _marketAddress: '0xB44088D3c058D55546B5b9F7b8877f36691fF9B7',
      _tokens: [Array],
      _protocol: '',
      _tokenBalances: [Object]
    },
    UniswappyV2EthPair {
      _marketAddress: '0xEf2A3788e36a6880a4556950520d7C944AF2C1bf',
      _tokens: [Array],
      _protocol: '',
      _tokenBalances: [Object]
    }
  ],
  '0xD1102332a213E21faF78B69C03572031F3552c33': [
    UniswappyV2EthPair {
      _marketAddress: '0xf6d3F7821C76b5DB87BAB31A9214F1Ad1293C718',
      _tokens: [Array],
      _protocol: '',
      _tokenBalances: [Object]
    },
    UniswappyV2EthPair {
      _marketAddress: '0xcCeab974330BE537f9BB7C4DEd20Dbd295b3DCC9',
      _tokens: [Array],
      _protocol: '',
      _tokenBalances: [Object]
    }
  ],
  '0x69A227cc0d566bdE085Ada5E5d3258407026237a': [
    UniswappyV2EthPair {
      _marketAddress: '0x1EE7C1b401675F3789E1ce648E6745f8D1370A4D',
      _tokens: [Array],
      _protocol: '',
      _tokenBalances: [Object]
    },
    UniswappyV2EthPair {
      _marketAddress: '0xc16727293129D776840985ED956b44B1FAB17253',
      _tokens: [Array],
      _protocol: '',
      _tokenBalances: [Object]
    }
  ],
  '0xC4B35d3A24E3e8941c5d87fD21D0725642F50308': [
    UniswappyV2EthPair {
      _marketAddress: '0xC72DB6Ed5A34f41E7b1b1DCB14A2965b174cc664',
      _tokens: [Array],
      _protocol: '',
      _tokenBalances: [Object]
    },
    UniswappyV2EthPair {
      _marketAddress: '0xA8BD1014Ed6c063dF3c6313E86B3831c20ff8716',
      _tokens: [Array],
      _protocol: '',
      _tokenBalances: [Object]
    }
  ],
  '0x1f63670f1faC519eC57FCa17B986871d6Cf7B52F': [
    UniswappyV2EthPair {
      _marketAddress: '0xe7D37e7d913dc94C3d82Ca5071d374cA634b2913',
      _tokens: [Array],
      _protocol: '',
      _tokenBalances: [Object]
    },
    UniswappyV2EthPair {
      _marketAddress: '0x06381eA5097794f57bEDddb9b62989Fe7E820Ca1',
      _tokens: [Array],
      _protocol: '',
      _tokenBalances: [Object]
    }
  ],
  '0x6840923894870Fa3DEE8a881D4C46f7f7552fb7f': [
    UniswappyV2EthPair {
      _marketAddress: '0x880E9Dc5c1704Cd75CF72B1Bfbf5C08264C7A036',
      _tokens: [Array],
      _protocol: '',
      _tokenBalances: [Object]
    },
    UniswappyV2EthPair {
      _marketAddress: '0xefa5Fe7252FA618B103388274E3AE6457a8fAa86',
      _tokens: [Array],
      _protocol: '',
      _tokenBalances: [Object]
    }
  ],
  '0x2F1a2228341cE1CCAE52C6DBA1f692BcAD020970': [
    UniswappyV2EthPair {
      _marketAddress: '0xB87736F8278559cfECFA7029a09286588ADe7866',
      _tokens: [Array],
      _protocol: '',
      _tokenBalances: [Object]
    },
    UniswappyV2EthPair {
      _marketAddress: '0x376b3636711c9CaD8cF48EC30f819598088eDfE9',
      _tokens: [Array],
      _protocol: '',
      _tokenBalances: [Object]
    }
  ],
  '0x8789337a176e6e7223Ff115F1CD85C993D42C25c': [
    UniswappyV2EthPair {
      _marketAddress: '0xA5534B2731dD122474260FF60E0397a121165B7F',
      _tokens: [Array],
      _protocol: '',
      _tokenBalances: [Object]
    },
    UniswappyV2EthPair {
      _marketAddress: '0x058e1927A1B99ec69f8CE4B7196b6a00e0188326',
      _tokens: [Array],
      _protocol: '',
      _tokenBalances: [Object]
    }
  ],
  '0xedCE6A832E6FC821cb43c9eBE144a3440056ef1c': [
    UniswappyV2EthPair {
      _marketAddress: '0x34D9C5bEc4417951F366A84c1E962095635fb3bc',
      _tokens: [Array],
      _protocol: '',
      _tokenBalances: [Object]
    },
    UniswappyV2EthPair {
      _marketAddress: '0x06Cc2B2fbb8ccd90b4Bfc61675fbBBbd7383f9CD',
      _tokens: [Array],
      _protocol: '',
      _tokenBalances: [Object]
    }
  ],
  '0x0456c33f24038bf277a1F1CA27C1999a416BbA0d': [
    UniswappyV2EthPair {
      _marketAddress: '0x7AEdd1d8f0737c7193cCCE7953134072Fa2f8F7d',
      _tokens: [Array],
      _protocol: '',
      _tokenBalances: [Object]
    },
    UniswappyV2EthPair {
      _marketAddress: '0x524a6261a8449C2500426532F8856E9DDB178856',
      _tokens: [Array],
      _protocol: '',
      _tokenBalances: [Object]
    }
  ],
  '0x4e9FA6C5feDde7701BEeceA63e2D8AaBCE277641': [
    UniswappyV2EthPair {
      _marketAddress: '0xd308dB8ce2C0888270C22deD2dd875EEcFF08c58',
      _tokens: [Array],
      _protocol: '',
      _tokenBalances: [Object]
    },
    UniswappyV2EthPair {
      _marketAddress: '0xD3Aa68D4D213Fd2a967845Fb39Fb56e605a7572C',
      _tokens: [Array],
      _protocol: '',
      _tokenBalances: [Object]
    }
  ],
  '0x4d30731daDEb13b1E2826BEd32815AcF2fBF490D': [
    UniswappyV2EthPair {
      _marketAddress: '0x5C2Fc1Fd8cdcf6fd9E61f9BAC99D2A7B15EfAD80',
      _tokens: [Array],
      _protocol: '',
      _tokenBalances: [Object]
    },
    UniswappyV2EthPair {
      _marketAddress: '0xdE2F653483a77e4682BD5f7A56d9A6814A9eDc11',
      _tokens: [Array],
      _protocol: '',
      _tokenBalances: [Object]
    }
  ],
  '0x7fCf7778d768b33F8e07bC44ef3670EA1D4D8411': [
    UniswappyV2EthPair {
      _marketAddress: '0xe500609F60702ECe887f07a0f9082Fe54FA38F34',
      _tokens: [Array],
      _protocol: '',
      _tokenBalances: [Object]
    },
    UniswappyV2EthPair {
      _marketAddress: '0xc739b9D852d891cae7b154Db753929944e29967C',
      _tokens: [Array],
      _protocol: '',
      _tokenBalances: [Object]
    }
  ],
  '0x36184181FA321E350aaAF88dad723E281365c1Ac': [
    UniswappyV2EthPair {
      _marketAddress: '0x9DA5426Db2E66900Bf78462Dc0dE6746BF624AAe',
      _tokens: [Array],
      _protocol: '',
      _tokenBalances: [Object]
    },
    UniswappyV2EthPair {
      _marketAddress: '0x8719661277659C709f200Ba18b40166E563a426b',
      _tokens: [Array],
      _protocol: '',
      _tokenBalances: [Object]
    }
  ],
  '0x03fF0ff224f904be3118461335064bB48Df47938': [
    UniswappyV2EthPair {
      _marketAddress: '0x9D2296e2Fe3CdBf2EB3e3e2CA8811BaFA42eeDFF',
      _tokens: [Array],
      _protocol: '',
      _tokenBalances: [Object]
    },
    UniswappyV2EthPair {
      _marketAddress: '0xa54e01638923De470a76D3659efc6d517B7e3d9F',
      _tokens: [Array],
      _protocol: '',
      _tokenBalances: [Object]
    }
  ],
  '0x7Aa0f568a5CC0b5395694Cb5aD8C9423F8C41A80': [
    UniswappyV2EthPair {
      _marketAddress: '0x59ea9964da21e440CD0575fC848bA12383f7340d',
      _tokens: [Array],
      _protocol: '',
      _tokenBalances: [Object]
    },
    UniswappyV2EthPair {
      _marketAddress: '0x7D580991D00c89510f699B7b831e7c16315a1483',
      _tokens: [Array],
      _protocol: '',
      _tokenBalances: [Object]
    }
  ],
  '0xADF5Ac9AADd11BA219e3A81a37c376D2b0390a6C': [
    UniswappyV2EthPair {
      _marketAddress: '0xBC3DDC2D4Cd7560D5BBE952a12a6180b50061062',
      _tokens: [Array],
      _protocol: '',
      _tokenBalances: [Object]
    },
    UniswappyV2EthPair {
      _marketAddress: '0x8e4A33c2eBE008391121478932069D929cCEC163',
      _tokens: [Array],
      _protocol: '',
      _tokenBalances: [Object]
    }
  ],
  '0x2eea102F84080f37dADda3feF02308D0B8600330': [
    UniswappyV2EthPair {
      _marketAddress: '0x8189344f6ca540d32f84FDe763ca7198C8b3C1d9',
      _tokens: [Array],
      _protocol: '',
      _tokenBalances: [Object]
    },
    UniswappyV2EthPair {
      _marketAddress: '0x11c76541741618cA392D848506eBc4c21B40C23B',
      _tokens: [Array],
      _protocol: '',
      _tokenBalances: [Object]
    }
  ],
  '0xcB5EDCB7A2aDe21Ae4A695A5c7fFB7Aa01DFaA5d': [
    UniswappyV2EthPair {
      _marketAddress: '0xAb602Af687e1F19aC79bc83911791641A8A16073',
      _tokens: [Array],
      _protocol: '',
      _tokenBalances: [Object]
    },
    UniswappyV2EthPair {
      _marketAddress: '0x0bf1B1d453aEccf034C81eBFffdD2De4FaB3D7b3',
      _tokens: [Array],
      _protocol: '',
      _tokenBalances: [Object]
    }
  ],
  '0x9c945E18Ca5cBe2d3bB047f7C45d376303688dA4': [
    UniswappyV2EthPair {
      _marketAddress: '0xdBE469Ded6234B5CF989080497BEDEA2982E0050',
      _tokens: [Array],
      _protocol: '',
      _tokenBalances: [Object]
    },
    UniswappyV2EthPair {
      _marketAddress: '0x1070eA763B8A8b7D2F87ed869680c2b8F0e24d70',
      _tokens: [Array],
      _protocol: '',
      _tokenBalances: [Object]
    }
  ],
  '0x3Dc8311B7d0FBc88eF600174E079bb0A34D370E6': [
    UniswappyV2EthPair {
      _marketAddress: '0x8AC5c6836D3ffC2C9037e6bD1f4f6B1f495Df792',
      _tokens: [Array],
      _protocol: '',
      _tokenBalances: [Object]
    },
    UniswappyV2EthPair {
      _marketAddress: '0x567e2B16f8Ef147ae62F5d958397eB08974680C1',
      _tokens: [Array],
      _protocol: '',
      _tokenBalances: [Object]
    }
  ],
  '0x59687A62d5070012D65092b2825D021aFB8650E2': [
    UniswappyV2EthPair {
      _marketAddress: '0x1713d92B38EBE7C12Df310068634A6a444C03483',
      _tokens: [Array],
      _protocol: '',
      _tokenBalances: [Object]
    },
    UniswappyV2EthPair {
      _marketAddress: '0x97f0a17e226b98d8A3f69A36c1f609E936b98F3c',
      _tokens: [Array],
      _protocol: '',
      _tokenBalances: [Object]
    }
  ],
  '0xA0Fa38d031682c901a3c0bcaC519adeb0Fedd92f': [
    UniswappyV2EthPair {
      _marketAddress: '0xd0fc7edd1B79E6E48e4Daa09C7f34a2489246603',
      _tokens: [Array],
      _protocol: '',
      _tokenBalances: [Object]
    },
    UniswappyV2EthPair {
      _marketAddress: '0xB79bfbd02Dc63af79E5B10B8A0902744b1A298C4',
      _tokens: [Array],
      _protocol: '',
      _tokenBalances: [Object]
    }
  ],
  '0x896eDE222D3f7f3414e136a2791BDB08AAa25Ce0': [
    UniswappyV2EthPair {
      _marketAddress: '0x0cf63FE5249cc4ed6827D2ab752191ee1636675E',
      _tokens: [Array],
      _protocol: '',
      _tokenBalances: [Object]
    },
    UniswappyV2EthPair {
      _marketAddress: '0xC79173E5f6501D7C1ab2F4E7544B13Fc6562Ce6a',
      _tokens: [Array],
      _protocol: '',
      _tokenBalances: [Object]
    }
  ],
  '0x5E1d6945bd884a8feeb2Ab92A7ADB7e16Fdc69Bb': [
    UniswappyV2EthPair {
      _marketAddress: '0xa35F8066163Bd3158F6C3f1BD7dc8C656BAEB943',
      _tokens: [Array],
      _protocol: '',
      _tokenBalances: [Object]
    },
    UniswappyV2EthPair {
      _marketAddress: '0x1A73b13A212fF4A93e02762dE4227BA6D9933E18',
      _tokens: [Array],
      _protocol: '',
      _tokenBalances: [Object]
    }
  ],
  '0x70164B5aa1ED23559264FB08f0845D0bEd4b0d34': [
    UniswappyV2EthPair {
      _marketAddress: '0x972d18f99B74f5AA31b455fa0fE1Aef4A652b4c0',
      _tokens: [Array],
      _protocol: '',
      _tokenBalances: [Object]
    },
    UniswappyV2EthPair {
      _marketAddress: '0x5e0B3f83B37E8a6861A6FA0dd260FBf9A21F6a90',
      _tokens: [Array],
      _protocol: '',
      _tokenBalances: [Object]
    }
  ],
  '0xB1f198FF6e2bCFc42ddD9234974f7025463230F4': [
    UniswappyV2EthPair {
      _marketAddress: '0x9673Cdc3091b0be2841BE329eC2eFEe04Ac2c12D',
      _tokens: [Array],
      _protocol: '',
      _tokenBalances: [Object]
    },
    UniswappyV2EthPair {
      _marketAddress: '0xeD5754F5159Ca24A1ca6d513bf9F6f124843EdFB',
      _tokens: [Array],
      _protocol: '',
      _tokenBalances: [Object]
    }
  ],
  '0x3ff650bF5EB2Ec1dFB1AE4410839fdA182Ca34ff': [
    UniswappyV2EthPair {
      _marketAddress: '0xf3d41A893057C94cC3Ed24Aa752C5431C4C813eB',
      _tokens: [Array],
      _protocol: '',
      _tokenBalances: [Object]
    },
    UniswappyV2EthPair {
      _marketAddress: '0x07aF09C9CB517292ACfABB9D033855c16142161d',
      _tokens: [Array],
      _protocol: '',
      _tokenBalances: [Object]
    }
  ],
  '0xAb16F9252dFF3F3CFbAAAaa5B556928C9538F218': [
    UniswappyV2EthPair {
      _marketAddress: '0x274Db328455107f24a1a990a96aDB03669e917a8',
      _tokens: [Array],
      _protocol: '',
      _tokenBalances: [Object]
    },
    UniswappyV2EthPair {
      _marketAddress: '0xfF41e45932E6201AFf2BC22384319A511a5c09BC',
      _tokens: [Array],
      _protocol: '',
      _tokenBalances: [Object]
    }
  ],
  '0x82D62d4073eCDcfB650752D73f42834474CaF0cE': [
    UniswappyV2EthPair {
      _marketAddress: '0xF5a9d340c5A5765Ec01B3B1EA0845C6E7bA0601c',
      _tokens: [Array],
      _protocol: '',
      _tokenBalances: [Object]
    },
    UniswappyV2EthPair {
      _marketAddress: '0x7394d73CeFf2640633B7c43D0D91e30645d528aC',
      _tokens: [Array],
      _protocol: '',
      _tokenBalances: [Object]
    }
  ],
  '0xdD5a149740c055bdcdC5C066888f739DBe0bf2d0': [
    UniswappyV2EthPair {
      _marketAddress: '0xdA45f77Abfb84Bed557459247D65B2c3614b8Ee1',
      _tokens: [Array],
      _protocol: '',
      _tokenBalances: [Object]
    },
    UniswappyV2EthPair {
      _marketAddress: '0x76AaC4bd643a02ad1F1b3CaBdF69809F752DA802',
      _tokens: [Array],
      _protocol: '',
      _tokenBalances: [Object]
    }
  ],
  '0x651BfbB26455294408Aabc61a7ADF427bf149898': [
    UniswappyV2EthPair {
      _marketAddress: '0x13467e838F60A7f931f19686b6CFEFD63D78F64f',
      _tokens: [Array],
      _protocol: '',
      _tokenBalances: [Object]
    },
    UniswappyV2EthPair {
      _marketAddress: '0xC131058a1818677aa466470fa4c933268726C9e4',
      _tokens: [Array],
      _protocol: '',
      _tokenBalances: [Object]
    }
  ],
  '0xfC8E68E30350c6603D3d29fCc8E676380C28FCf4': [
    UniswappyV2EthPair {
      _marketAddress: '0xCfd8010223dFa66e80669c803533312C7C102605',
      _tokens: [Array],
      _protocol: '',
      _tokenBalances: [Object]
    },
    UniswappyV2EthPair {
      _marketAddress: '0x87188D72cB8c2C2D275958Ff6417dd89b87691E1',
      _tokens: [Array],
      _protocol: '',
      _tokenBalances: [Object]
    }
  ],
  '0x645748Fa7e54A818310aFDad898410bcB54FC4E0': [
    UniswappyV2EthPair {
      _marketAddress: '0x983B959F4a8D9c4Ad65B669c34a2fE745EeEDeae',
      _tokens: [Array],
      _protocol: '',
      _tokenBalances: [Object]
    },
    UniswappyV2EthPair {
      _marketAddress: '0xa36F4B470D6Be30e90fd60B462fAaf38e052723E',
      _tokens: [Array],
      _protocol: '',
      _tokenBalances: [Object]
    }
  ],
  '0xb7F80a74aaA4FD30a3EE7C03FDe3DC88e6002C12': [
    UniswappyV2EthPair {
      _marketAddress: '0x453EC00A385eA2A1Ef1B278A87BDdE8d9a38Dd97',
      _tokens: [Array],
      _protocol: '',
      _tokenBalances: [Object]
    },
    UniswappyV2EthPair {
      _marketAddress: '0x4191251c15ae5b5B795C0Ed58C33863a3c4aC3C0',
      _tokens: [Array],
      _protocol: '',
      _tokenBalances: [Object]
    }
  ],
  '0x0c80075886d9e64CC33ca701A4Ad1C0D8F0bd651': [
    UniswappyV2EthPair {
      _marketAddress: '0xF3e5f8330bfD926A3FD7eBf65D9Ca1c30E09b9FF',
      _tokens: [Array],
      _protocol: '',
      _tokenBalances: [Object]
    },
    UniswappyV2EthPair {
      _marketAddress: '0x7bfCDF00c728398Af9151D539c5E1c02bC04df34',
      _tokens: [Array],
      _protocol: '',
      _tokenBalances: [Object]
    }
  ],
  '0xd513417D3Ceb6331f21284EBb533952b95620A7E': [
    UniswappyV2EthPair {
      _marketAddress: '0x418D414ADBf8b20B6e2917E8Db9Ee57A941F04B8',
      _tokens: [Array],
      _protocol: '',
      _tokenBalances: [Object]
    },
    UniswappyV2EthPair {
      _marketAddress: '0x02a8deb2cfd3b7907f2357477478aa838b6CE9d4',
      _tokens: [Array],
      _protocol: '',
      _tokenBalances: [Object]
    }
  ],
  '0x954448dc8BbD25C5d0De9688c0640320521a7414': [
    UniswappyV2EthPair {
      _marketAddress: '0x8CA16E58eFeBba7ee3a9145d9B51809540FAFa9C',
      _tokens: [Array],
      _protocol: '',
      _tokenBalances: [Object]
    },
    UniswappyV2EthPair {
      _marketAddress: '0x7b898145F3A3667e8251ADD77dae735aD39BF770',
      _tokens: [Array],
      _protocol: '',
      _tokenBalances: [Object]
    }
  ],
  '0xE3e8cC42DA487d1116D26687856e9FB684817c52': [
    UniswappyV2EthPair {
      _marketAddress: '0x950b7377695E81235397da1B608C2087Bc7002dC',
      _tokens: [Array],
      _protocol: '',
      _tokenBalances: [Object]
    },
    UniswappyV2EthPair {
      _marketAddress: '0xBE33E8140b3a5E627731Afc9F7B9281e628E5d0d',
      _tokens: [Array],
      _protocol: '',
      _tokenBalances: [Object]
    }
  ],
  '0x57bb0f40479D7Dd0caa67f2A579273A8e9c038Ee': [
    UniswappyV2EthPair {
      _marketAddress: '0xBE2272A6D0A63dEE9058A57C1645D72a1ac73c01',
      _tokens: [Array],
      _protocol: '',
      _tokenBalances: [Object]
    },
    UniswappyV2EthPair {
      _marketAddress: '0x71809f39E8592DC3273BA67358bc313ed9325481',
      _tokens: [Array],
      _protocol: '',
      _tokenBalances: [Object]
    }
  ],
  '0x13861C017735d3b2F0678A546948D67AD51AC07B': [
    UniswappyV2EthPair {
      _marketAddress: '0x3581735ce4D03f65E57614f521383E50e1678D98',
      _tokens: [Array],
      _protocol: '',
      _tokenBalances: [Object]
    },
    UniswappyV2EthPair {
      _marketAddress: '0xD9E8a84Bb1CF583410bEd19af437DdD057053d17',
      _tokens: [Array],
      _protocol: '',
      _tokenBalances: [Object]
    }
  ],
  '0x3a5325F0E5Ee4da06a285E988f052D4e45Aa64b4': [
    UniswappyV2EthPair {
      _marketAddress: '0x66034d4D3acF4031DD2408BE41beC0142F94221e',
      _tokens: [Array],
      _protocol: '',
      _tokenBalances: [Object]
    },
    UniswappyV2EthPair {
      _marketAddress: '0x22Ec5e9897A2D6B00FC91936383Cc27aC51aBA22',
      _tokens: [Array],
      _protocol: '',
      _tokenBalances: [Object]
    }
  ],
  '0xc7b470faCf6482B620e4109fE9101BB40626d4e5': [
    UniswappyV2EthPair {
      _marketAddress: '0x59daBB14274e4CFAe96d6C5d8CBdb23c678FED8B',
      _tokens: [Array],
      _protocol: '',
      _tokenBalances: [Object]
    },
    UniswappyV2EthPair {
      _marketAddress: '0xEe1f399d922eE2181412aA2CA2e0Fbaa1D075238',
      _tokens: [Array],
      _protocol: '',
      _tokenBalances: [Object]
    }
  ],
  '0xB7B1bd104645D5A06120d369c63822b2AeAd1598': [
    UniswappyV2EthPair {
      _marketAddress: '0x629dDEaB564Fb5c1FCCD827C393e6fb9B4A1C35B',
      _tokens: [Array],
      _protocol: '',
      _tokenBalances: [Object]
    },
    UniswappyV2EthPair {
      _marketAddress: '0x27A5b0630F1c4d8E9a29927D4B72F279988096E9',
      _tokens: [Array],
      _protocol: '',
      _tokenBalances: [Object]
    }
  ],
  '0xDe65446a52465cF47a3d1a4Ca1D1dEB478e6510D': [
    UniswappyV2EthPair {
      _marketAddress: '0xaEe9B48FD185536c23B6a17D8783acF3751A0c46',
      _tokens: [Array],
      _protocol: '',
      _tokenBalances: [Object]
    },
    UniswappyV2EthPair {
      _marketAddress: '0x95c7289Bf8b636940F2B33842541dd522388F047',
      _tokens: [Array],
      _protocol: '',
      _tokenBalances: [Object]
    }
  ],
  '0xD566e23953E15fDE8e2C2a8aFAf1E779A35f19F8': [
    UniswappyV2EthPair {
      _marketAddress: '0x5C5BA53B0D0Ce698a0A662bE663b4b7D1b56F1AF',
      _tokens: [Array],
      _protocol: '',
      _tokenBalances: [Object]
    },
    UniswappyV2EthPair {
      _marketAddress: '0x269B10ba130437c86Ef6Dd3D82C1F2c6d6b4efF7',
      _tokens: [Array],
      _protocol: '',
      _tokenBalances: [Object]
    }
  ],
  '0x030839000F297a1471f83B568Eeb51C10afEEEfE': [
    UniswappyV2EthPair {
      _marketAddress: '0xF60AA17097D6EBf2B7526b01135b21Ed768B8A97',
      _tokens: [Array],
      _protocol: '',
      _tokenBalances: [Object]
    },
    UniswappyV2EthPair {
      _marketAddress: '0xF266Ca68E454d88ff846B5b28424BE834701b54b',
      _tokens: [Array],
      _protocol: '',
      _tokenBalances: [Object]
    }
  ],
  '0x3fc20a9672b321e66083896B40a567D5Cc65cfAF': [
    UniswappyV2EthPair {
      _marketAddress: '0xD1aA627D6730006ffc9Df725004a8510D9e8BF3f',
      _tokens: [Array],
      _protocol: '',
      _tokenBalances: [Object]
    },
    UniswappyV2EthPair {
      _marketAddress: '0xdd4BC51d41D72ED0fa7212E2F3B7E07c47DADDC2',
      _tokens: [Array],
      _protocol: '',
      _tokenBalances: [Object]
    }
  ],
  '0x8Fab10FDAb928FeDDE0f3dB4A386C9744Aac56e3': [
    UniswappyV2EthPair {
      _marketAddress: '0x0A443ADcdE5c711b927706E009F30c9d41B688a6',
      _tokens: [Array],
      _protocol: '',
      _tokenBalances: [Object]
    },
    UniswappyV2EthPair {
      _marketAddress: '0x6e90fC98712ee8a3B3E714Bad02b491215AFF443',
      _tokens: [Array],
      _protocol: '',
      _tokenBalances: [Object]
    }
  ],
  '0x849233FF1aea15D80EF658B2871664C9Ca994063': [
    UniswappyV2EthPair {
      _marketAddress: '0x019cd1035F46320b5eCD622Fb2acF54dB93a58C9',
      _tokens: [Array],
      _protocol: '',
      _tokenBalances: [Object]
    },
    UniswappyV2EthPair {
      _marketAddress: '0xc8FCBA816eF9B0c5bc03d9178CfCc7EF785B4f2f',
      _tokens: [Array],
      _protocol: '',
      _tokenBalances: [Object]
    }
  ],
  '0x3aabCf53A1930A42E18D938C019E83Ebee50a849': [
    UniswappyV2EthPair {
      _marketAddress: '0x4090b60f2f1532C0696AFd252298EfccccF4871E',
      _tokens: [Array],
      _protocol: '',
      _tokenBalances: [Object]
    },
    UniswappyV2EthPair {
      _marketAddress: '0xBB74572F3C00B4d18fAbeADb7d5984D7b3AE05d1',
      _tokens: [Array],
      _protocol: '',
      _tokenBalances: [Object]
    }
  ],
  '0x072e3D0D4f14dd82a16B0a33678c6104e9009ED9': [
    UniswappyV2EthPair {
      _marketAddress: '0x400C5a53f47C248c377844243B36D49f8008076D',
      _tokens: [Array],
      _protocol: '',
      _tokenBalances: [Object]
    },
    UniswappyV2EthPair {
      _marketAddress: '0x5e797B329e6B82b62442477D976a56864AE4396e',
      _tokens: [Array],
      _protocol: '',
      _tokenBalances: [Object]
    }
  ],
  '0x4d338614FC25aFE6edf3994f331b4BAd32fb3c6A': [
    UniswappyV2EthPair {
      _marketAddress: '0x43c29b167531Fa41A77bAcA4fE1A573C14e928AB',
      _tokens: [Array],
      _protocol: '',
      _tokenBalances: [Object]
    },
    UniswappyV2EthPair {
      _marketAddress: '0x49f06f5cE390A08A152bb44672C78dC0d56b4048',
      _tokens: [Array],
      _protocol: '',
      _tokenBalances: [Object]
    }
  ],
  '0x3C51acebd9e5DBCa970204707A9049912bE1bE44': [
    UniswappyV2EthPair {
      _marketAddress: '0xD6bAAdBB31333AfA641262D74746dB73a5c735ca',
      _tokens: [Array],
      _protocol: '',
      _tokenBalances: [Object]
    },
    UniswappyV2EthPair {
      _marketAddress: '0x8999690578d13A0D18F4A31089c6B6cc6292a80A',
      _tokens: [Array],
      _protocol: '',
      _tokenBalances: [Object]
    }
  ],
  '0x1f534d2B1ee2933f1fdF8e4b63A44b2249d77EAf': [
    UniswappyV2EthPair {
      _marketAddress: '0xd0031B6cD3116aC6cca9734aE75DDb47B04b014C',
      _tokens: [Array],
      _protocol: '',
      _tokenBalances: [Object]
    },
    UniswappyV2EthPair {
      _marketAddress: '0xe9B2A2de08CFD03DffEbc1F1efC8A217C5AAB205',
      _tokens: [Array],
      _protocol: '',
      _tokenBalances: [Object]
    }
  ],
  '0xaDD8A06fd58761A5047426e160B2B88AD3B9D464': [
    UniswappyV2EthPair {
      _marketAddress: '0x9114e71760785179446e44A21c73D5F8b02CF268',
      _tokens: [Array],
      _protocol: '',
      _tokenBalances: [Object]
    },
    UniswappyV2EthPair {
      _marketAddress: '0xD6bBe155B616d3a2147Cc8753344bD686825F116',
      _tokens: [Array],
      _protocol: '',
      _tokenBalances: [Object]
    }
  ],
  '0x0a14B7EC50Aa9Eff79b34BedC280158ebE3cb24c': [
    UniswappyV2EthPair {
      _marketAddress: '0x39cB06D0dc1F0a7aDAE2BDad079D19D1889A2288',
      _tokens: [Array],
      _protocol: '',
      _tokenBalances: [Object]
    },
    UniswappyV2EthPair {
      _marketAddress: '0xCb1258120A7DF02Cb5B0cf304f84Bae6Dfda8635',
      _tokens: [Array],
      _protocol: '',
      _tokenBalances: [Object]
    }
  ],
  '0xAb301DaE71f5B386C566f484e636Aee60318F12F': [
    UniswappyV2EthPair {
      _marketAddress: '0x7Df25381b63E17de7923e369AD58C15b6dFAF86B',
      _tokens: [Array],
      _protocol: '',
      _tokenBalances: [Object]
    },
    UniswappyV2EthPair {
      _marketAddress: '0x6a5789478ffFB8549606EA2C5133072510450956',
      _tokens: [Array],
      _protocol: '',
      _tokenBalances: [Object]
    }
  ],
  '0xC33E0b83D395FBBa0e2E463b10029F8379AD9c7e': [
    UniswappyV2EthPair {
      _marketAddress: '0x98FB3Be3Ceb3d3C2CeBaEDCc6C3494dF0c46Dfc3',
      _tokens: [Array],
      _protocol: '',
      _tokenBalances: [Object]
    },
    UniswappyV2EthPair {
      _marketAddress: '0xD11D9291b75C616B14447844dE81C2608b2C643c',
      _tokens: [Array],
      _protocol: '',
      _tokenBalances: [Object]
    }
  ],
  '0x46c3d9853eF62a68bDecCc110C37c6b207ab733d': [
    UniswappyV2EthPair {
      _marketAddress: '0x78f0Ee8463dd9cfBC13E6BdA9B3807F137e947bf',
      _tokens: [Array],
      _protocol: '',
      _tokenBalances: [Object]
    },
    UniswappyV2EthPair {
      _marketAddress: '0xBD539D678De5aA2bed2681f6AcA8dfD3a73ec49f',
      _tokens: [Array],
      _protocol: '',
      _tokenBalances: [Object]
    }
  ],
  '0x31FFbe9bf84b4d9d02cd40eCcAB4Af1E2877Bbc6': [
    UniswappyV2EthPair {
      _marketAddress: '0x8A71aBf31c52A93Ccb06e56238d6C44007FAE5FB',
      _tokens: [Array],
      _protocol: '',
      _tokenBalances: [Object]
    },
    UniswappyV2EthPair {
      _marketAddress: '0x015081CeCBa29736fBae67b08a9abFc12e0c6A04',
      _tokens: [Array],
      _protocol: '',
      _tokenBalances: [Object]
    }
  ],
  '0xc242b6A3983e90D279ed68aC70f47CFC7e5e1e1C': [
    UniswappyV2EthPair {
      _marketAddress: '0xcC015C2DD904C2729ee265e1BF61D40439DE5DdB',
      _tokens: [Array],
      _protocol: '',
      _tokenBalances: [Object]
    },
    UniswappyV2EthPair {
      _marketAddress: '0x97F547Aa7FDcC091f1636E6b3Fa255bcB586c199',
      _tokens: [Array],
      _protocol: '',
      _tokenBalances: [Object]
    }
  ],
  '0x5b147AD94f3f25f6aA94a58aBCcd6745Df36d7F7': [
    UniswappyV2EthPair {
      _marketAddress: '0x6eb86fc59e4094da26772Be7394E87c1e32E77d7',
      _tokens: [Array],
      _protocol: '',
      _tokenBalances: [Object]
    },
    UniswappyV2EthPair {
      _marketAddress: '0xD8fB0e88609c791ecf55F50CD040AE2638B14BdB',
      _tokens: [Array],
      _protocol: '',
      _tokenBalances: [Object]
    }
  ],
  '0xC40C9A843E1c6D01b7578284a9028854f6683b1B': [
    UniswappyV2EthPair {
      _marketAddress: '0xa906F52d28739D6c18eabE18f9d9492f7a320492',
      _tokens: [Array],
      _protocol: '',
      _tokenBalances: [Object]
    },
    UniswappyV2EthPair {
      _marketAddress: '0x51a2ffa5B7DE506F9a22549E48B33F6Cf0D9030e',
      _tokens: [Array],
      _protocol: '',
      _tokenBalances: [Object]
    }
  ],
  '0x6519cb1F694CcBCc72417570b364F2D051EEfb9d': [
    UniswappyV2EthPair {
      _marketAddress: '0x35fd716c8ee2cc8eB8F8CC8c7d62Ca6E6954D33C',
      _tokens: [Array],
      _protocol: '',
      _tokenBalances: [Object]
    },
    UniswappyV2EthPair {
      _marketAddress: '0x957b8e9EA48879323e9192c5Bb4F77E42Cbab661',
      _tokens: [Array],
      _protocol: '',
      _tokenBalances: [Object]
    }
  ],
  '0x1CFE4495E672c4658690d4875dF6B375592C792B': [
    UniswappyV2EthPair {
      _marketAddress: '0xEac1c781704123b0aB6dC1b6A4210e80072741F6',
      _tokens: [Array],
      _protocol: '',
      _tokenBalances: [Object]
    },
    UniswappyV2EthPair {
      _marketAddress: '0x9ce17e36E025f10d26D07F52234677945a909049',
      _tokens: [Array],
      _protocol: '',
      _tokenBalances: [Object]
    }
  ],
  '0x341e09f0Aa71Cb742537Aa4B946621E2d458a1E9': [
    UniswappyV2EthPair {
      _marketAddress: '0x631DE4d7A16CED64A1e9B2B0164ea2CC5eD7633d',
      _tokens: [Array],
      _protocol: '',
      _tokenBalances: [Object]
    },
    UniswappyV2EthPair {
      _marketAddress: '0xAab66486e6042665dDd255e60b51bb1F546890E0',
      _tokens: [Array],
      _protocol: '',
      _tokenBalances: [Object]
    }
  ],
  '0x140DCd65CF19fb256B1537f3e922Da64c13B7CF5': [
    UniswappyV2EthPair {
      _marketAddress: '0x002393C8954EC7D3416e275D1c635D30d3f686D5',
      _tokens: [Array],
      _protocol: '',
      _tokenBalances: [Object]
    },
    UniswappyV2EthPair {
      _marketAddress: '0x3A5414d200FB17a568ac2322C4153Ef03F8B43E5',
      _tokens: [Array],
      _protocol: '',
      _tokenBalances: [Object]
    }
  ],
  '0x01567bF4BbbC3ba24E4f47e35D96B8A16646b999': [
    UniswappyV2EthPair {
      _marketAddress: '0xE867d511F6946e3c084BaFa405C56885500f5066',
      _tokens: [Array],
      _protocol: '',
      _tokenBalances: [Object]
    },
    UniswappyV2EthPair {
      _marketAddress: '0xDD6b4abA729Ca64F86584e418F225050498014bc',
      _tokens: [Array],
      _protocol: '',
      _tokenBalances: [Object]
    }
  ],
  '0x3f00Bb267775bC700aD2e8548f38Db281309E869': [
    UniswappyV2EthPair {
      _marketAddress: '0x035Cf84786281945d1b3FA5cDD5f2bC3f42971B5',
      _tokens: [Array],
      _protocol: '',
      _tokenBalances: [Object]
    },
    UniswappyV2EthPair {
      _marketAddress: '0x158522925A0fD883D7879E0B2e5522D4519E1bF8',
      _tokens: [Array],
      _protocol: '',
      _tokenBalances: [Object]
    }
  ],
  '0xF78839B9e972Cf15014843A7Ca5ebf1E321A284c': [
    UniswappyV2EthPair {
      _marketAddress: '0xc7d4Bc3FD5FEedFC0Efe97cdB5Bb7Fa79b522550',
      _tokens: [Array],
      _protocol: '',
      _tokenBalances: [Object]
    },
    UniswappyV2EthPair {
      _marketAddress: '0x4E2c21c2cFb0331b4d284d9b9B20EB27625b772A',
      _tokens: [Array],
      _protocol: '',
      _tokenBalances: [Object]
    }
  ],
  '0xAf1261AaCfFFdC2a0a77480FDA3f98Db608e572D': [
    UniswappyV2EthPair {
      _marketAddress: '0xC76219fc42f8FEDa73e1B0D77AbfC06226e6B140',
      _tokens: [Array],
      _protocol: '',
      _tokenBalances: [Object]
    },
    UniswappyV2EthPair {
      _marketAddress: '0x1192bE0af23780eDB26674F1DCfB436f99eA7F12',
      _tokens: [Array],
      _protocol: '',
      _tokenBalances: [Object]
    }
  ],
  '0x6E474BCFB5f9165AE3f264E57e1DBeb6309Ad9FE': [
    UniswappyV2EthPair {
      _marketAddress: '0xADC4BeC7CBE122264F7A67d8Fa016ce773383B85',
      _tokens: [Array],
      _protocol: '',
      _tokenBalances: [Object]
    },
    UniswappyV2EthPair {
      _marketAddress: '0x878BdD1d450809D9d1B897978c1d575c1C3A590C',
      _tokens: [Array],
      _protocol: '',
      _tokenBalances: [Object]
    }
  ],
  '0x9dd8d52629bf35b290dFf525c8Ef8A81C543125a': [
    UniswappyV2EthPair {
      _marketAddress: '0x52bA53dF77D307782a222c718854DaD0Dc326FbC',
      _tokens: [Array],
      _protocol: '',
      _tokenBalances: [Object]
    },
    UniswappyV2EthPair {
      _marketAddress: '0xE740Bd86Ae4D97A2A3066D7AF784d82d58fC356a',
      _tokens: [Array],
      _protocol: '',
      _tokenBalances: [Object]
    }
  ],
  '0xcD7C5025753a49f1881B31C48caA7C517Bb46308': [
    UniswappyV2EthPair {
      _marketAddress: '0x547037D9d7AC11CB2740727A7f4CA41111D7E608',
      _tokens: [Array],
      _protocol: '',
      _tokenBalances: [Object]
    },
    UniswappyV2EthPair {
      _marketAddress: '0x4A27dC931282A029db05F64B9649F71ed3123652',
      _tokens: [Array],
      _protocol: '',
      _tokenBalances: [Object]
    }
  ],
  '0x7E35D0e9180bF3A1fc47b0d110bE7a21A10B41Fe': [
    UniswappyV2EthPair {
      _marketAddress: '0xA73dF2423fF3a165d89024729ec5a62F821831d1',
      _tokens: [Array],
      _protocol: '',
      _tokenBalances: [Object]
    },
    UniswappyV2EthPair {
      _marketAddress: '0xFEAa2894729c86246f7ac998CDbB6E6Ad1511aF3',
      _tokens: [Array],
      _protocol: '',
      _tokenBalances: [Object]
    }
  ],
  '0xd00236869A5D89302Bcc7FDC62E777F7dBa88a85': [
    UniswappyV2EthPair {
      _marketAddress: '0xb7A67b387b2F5793e5c869038C6E3F8337F84BAc',
      _tokens: [Array],
      _protocol: '',
      _tokenBalances: [Object]
    },
    UniswappyV2EthPair {
      _marketAddress: '0x626ad728a0c71F4d7882Fd318b2c46aFCba34417',
      _tokens: [Array],
      _protocol: '',
      _tokenBalances: [Object]
    }
  ],
  '0x829e6691707d8582724Ca863C16D246247793Caf': [
    UniswappyV2EthPair {
      _marketAddress: '0xd8EE20Ec834DcA3034cE60208D68edE5A2a37738',
      _tokens: [Array],
      _protocol: '',
      _tokenBalances: [Object]
    },
    UniswappyV2EthPair {
      _marketAddress: '0x1705759d9F747198448D558b1c20660B073f31b3',
      _tokens: [Array],
      _protocol: '',
      _tokenBalances: [Object]
    }
  ],
  '0x012e77623245f5c7cab63C89Eb82daA459Fb5AEf': [
    UniswappyV2EthPair {
      _marketAddress: '0x3c8F9B8D093aF5d63526e1BB81D08F0E81313f0b',
      _tokens: [Array],
      _protocol: '',
      _tokenBalances: [Object]
    },
    UniswappyV2EthPair {
      _marketAddress: '0xF30De3bc6E9A70783f68E4ad2D8B146B098F02D5',
      _tokens: [Array],
      _protocol: '',
      _tokenBalances: [Object]
    }
  ],
  '0xa042d20aBE198E516d885Da52a633B6D44F339B9': [
    UniswappyV2EthPair {
      _marketAddress: '0x299850eaC96298056c91dcCA7B634DbFDAE8Baf9',
      _tokens: [Array],
      _protocol: '',
      _tokenBalances: [Object]
    },
    UniswappyV2EthPair {
      _marketAddress: '0x5006dB5111101B37dedD3a7027c695A67f573fA0',
      _tokens: [Array],
      _protocol: '',
      _tokenBalances: [Object]
    }
  ],
  '0x666424B4d769B455cb70148076e7DfE14368FbD4': [
    UniswappyV2EthPair {
      _marketAddress: '0x1eEFbcBc9aB2d43Ec24A6fcef116423e043Dc57D',
      _tokens: [Array],
      _protocol: '',
      _tokenBalances: [Object]
    },
    UniswappyV2EthPair {
      _marketAddress: '0xe298E7720DEF5a82b9EbfF2a1443aB28180D86cC',
      _tokens: [Array],
      _protocol: '',
      _tokenBalances: [Object]
    }
  ],
  '0x93af74C2DBD8C6bb2D2914C243e0271781A5F465': [
    UniswappyV2EthPair {
      _marketAddress: '0x25DE0e9d03CCCa088b86d8cd77B0c4D9a6d156b4',
      _tokens: [Array],
      _protocol: '',
      _tokenBalances: [Object]
    },
    UniswappyV2EthPair {
      _marketAddress: '0x43af82A39D70DA3d672Aef56D77AF297f635C163',
      _tokens: [Array],
      _protocol: '',
      _tokenBalances: [Object]
    }
  ],
  '0x564bEf31ec942Ffe1Bff250786f76a5c5141B9f3': [
    UniswappyV2EthPair {
      _marketAddress: '0x523f003De6b8ce5d25985739870A5238d5D64B89',
      _tokens: [Array],
      _protocol: '',
      _tokenBalances: [Object]
    },
    UniswappyV2EthPair {
      _marketAddress: '0x08bCe7e15581607DDe12D8B5B38a157f00F7e68F',
      _tokens: [Array],
      _protocol: '',
      _tokenBalances: [Object]
    }
  ],
  '0x05C6947918f6ac75920bC73bdcbd4D7Ee5b04C50': [
    UniswappyV2EthPair {
      _marketAddress: '0x021d4386EBec03ACd49331b9D83aAebC05806525',
      _tokens: [Array],
      _protocol: '',
      _tokenBalances: [Object]
    },
    UniswappyV2EthPair {
      _marketAddress: '0x6E0F62ab62c64FFFe804BA95C554cfF9D794e6cd',
      _tokens: [Array],
      _protocol: '',
      _tokenBalances: [Object]
    }
  ],
  '0x816e9e589F8C07149dA4E2496C547952338B27e2': [
    UniswappyV2EthPair {
      _marketAddress: '0xF391eDB967aBbadB5D83047787a15f7BcCC3253F',
      _tokens: [Array],
      _protocol: '',
      _tokenBalances: [Object]
    },
    UniswappyV2EthPair {
      _marketAddress: '0x2c6A6027C25c0f80Dc0162bdFCE0fb97DC0Bf1Bd',
      _tokens: [Array],
      _protocol: '',
      _tokenBalances: [Object]
    }
  ],
  '0x15ea89AA87c6F1f50e8eB8B422535b6E7afeC538': [
    UniswappyV2EthPair {
      _marketAddress: '0xa5F055EC0519779419b40B9a3273fea3A957CCd3',
      _tokens: [Array],
      _protocol: '',
      _tokenBalances: [Object]
    },
    UniswappyV2EthPair {
      _marketAddress: '0x84Bc3D3986f0299DA4E1DD3dE6d03a1F20101F38',
      _tokens: [Array],
      _protocol: '',
      _tokenBalances: [Object]
    }
  ],
  '0x5F7605385cf31D29911b40103113cd4642544E9E': [
    UniswappyV2EthPair {
      _marketAddress: '0x62Dd721FbB371Aa511C9de7a261a9b45ff8324f9',
      _tokens: [Array],
      _protocol: '',
      _tokenBalances: [Object]
    },
    UniswappyV2EthPair {
      _marketAddress: '0x8645C18345273046ce3Ea19Afdf63eBA3Ee1c659',
      _tokens: [Array],
      _protocol: '',
      _tokenBalances: [Object]
    }
  ],
  '0x5478a575Ece4FB4768d1d43eDf5826cfe1c6225A': [
    UniswappyV2EthPair {
      _marketAddress: '0x884cB19445d66722e135481d1C320293C96aECFa',
      _tokens: [Array],
      _protocol: '',
      _tokenBalances: [Object]
    },
    UniswappyV2EthPair {
      _marketAddress: '0x85f9D7b701A276faBc98a7cb68d513Eded120291',
      _tokens: [Array],
      _protocol: '',
      _tokenBalances: [Object]
    }
  ],
  '0x393B312C01048b3ed2720bF1B090084C09e408A1': [
    UniswappyV2EthPair {
      _marketAddress: '0x1189AF5F5251a89e6deB476dC978067E6427B717',
      _tokens: [Array],
      _protocol: '',
      _tokenBalances: [Object]
    },
    UniswappyV2EthPair {
      _marketAddress: '0xE4ff29825bFFe847aAD0BB2B00365ac058bbD91C',
      _tokens: [Array],
      _protocol: '',
      _tokenBalances: [Object]
    }
  ],
  '0x2f7b4C618Dc8E0bBA648E54cDADce3D8361f9816': [
    UniswappyV2EthPair {
      _marketAddress: '0x100c0BB48528fE19b024cDb0b21199C67Afc37D1',
      _tokens: [Array],
      _protocol: '',
      _tokenBalances: [Object]
    },
    UniswappyV2EthPair {
      _marketAddress: '0xab5F212D945c6109BE17A61a5598e2dD6F896Bdf',
      _tokens: [Array],
      _protocol: '',
      _tokenBalances: [Object]
    }
  ],
  '0x2746702B8F200dd53D378b004dCF623d46ddAD2D': [
    UniswappyV2EthPair {
      _marketAddress: '0xB0Dab5c55b3E0Fe538f198E55545E56D60619553',
      _tokens: [Array],
      _protocol: '',
      _tokenBalances: [Object]
    },
    UniswappyV2EthPair {
      _marketAddress: '0x6FA97D9C36e64904D91bbb68050C6beC0E976620',
      _tokens: [Array],
      _protocol: '',
      _tokenBalances: [Object]
    }
  ],
  '0x0d9319565be7f53CeFE84Ad201Be3f40feAE2740': [
    UniswappyV2EthPair {
      _marketAddress: '0xFBfF8881c178554E054662a9872B1C6d8C7Fe2c4',
      _tokens: [Array],
      _protocol: '',
      _tokenBalances: [Object]
    },
    UniswappyV2EthPair {
      _marketAddress: '0x9CFB9e41c352892b5594BB12167816603165d1fa',
      _tokens: [Array],
      _protocol: '',
      _tokenBalances: [Object]
    }
  ],
  '0x512c04A9b024E8af15f80215A02f693CC7F15D53': [
    UniswappyV2EthPair {
      _marketAddress: '0xe439376EB76b1E48E1844961f958Bf725dE281c4',
      _tokens: [Array],
      _protocol: '',
      _tokenBalances: [Object]
    },
    UniswappyV2EthPair {
      _marketAddress: '0x8E8b282b3Dac9753881719ED44E66eAAE35D4a94',
      _tokens: [Array],
      _protocol: '',
      _tokenBalances: [Object]
    }
  ],
  '0x99e92123eB77Bc8f999316f622e5222498438784': [
    UniswappyV2EthPair {
      _marketAddress: '0x555cdF665612a60450B3D58fdD670e25A85861DD',
      _tokens: [Array],
      _protocol: '',
      _tokenBalances: [Object]
    },
    UniswappyV2EthPair {
      _marketAddress: '0x41ae292307403b501c7F96571D557308b59c456b',
      _tokens: [Array],
      _protocol: '',
      _tokenBalances: [Object]
    }
  ],
  '0x9ce15E6AC4b22b9163a668747b8D93ceFBAE5099': [
    UniswappyV2EthPair {
      _marketAddress: '0xb74C1B5F0dCCc4DbB9dC02cc0810385518c6183f',
      _tokens: [Array],
      _protocol: '',
      _tokenBalances: [Object]
    },
    UniswappyV2EthPair {
      _marketAddress: '0xc87922169acA933Ec0eb04e2A8b66c8cBa7E1ff5',
      _tokens: [Array],
      _protocol: '',
      _tokenBalances: [Object]
    }
  ],
  '0x32546f3033bf42f84648Da9450424cb5bbfE81C6': [
    UniswappyV2EthPair {
      _marketAddress: '0x6B416e654d43791E4920D503eF86EE4F2cE49c74',
      _tokens: [Array],
      _protocol: '',
      _tokenBalances: [Object]
    },
    UniswappyV2EthPair {
      _marketAddress: '0x9DBe86dDB4D189c8b686F6343311792674A03DD0',
      _tokens: [Array],
      _protocol: '',
      _tokenBalances: [Object]
    }
  ],
  '0x9f0D5f45CE8573f43E0BA17876329784be0fd700': [
    UniswappyV2EthPair {
      _marketAddress: '0xf0153C833FC11f52E9C0949bC220fDa164a19aF5',
      _tokens: [Array],
      _protocol: '',
      _tokenBalances: [Object]
    },
    UniswappyV2EthPair {
      _marketAddress: '0x37b4A5D7e617f8Fab7eF0901A0185AF5bf524994',
      _tokens: [Array],
      _protocol: '',
      _tokenBalances: [Object]
    }
  ],
  '0x182c763a4b2Fbd18C9B5f2D18102a0dDd9D5DF26': [
    UniswappyV2EthPair {
      _marketAddress: '0xb1D1cb1F2Ab5CC8FEb6f78AdAC1F78f30B185479',
      _tokens: [Array],
      _protocol: '',
      _tokenBalances: [Object]
    },
    UniswappyV2EthPair {
      _marketAddress: '0xa4b5F732A570F166E37a1c8Bc6a4a49fcbd0Ee77',
      _tokens: [Array],
      _protocol: '',
      _tokenBalances: [Object]
    }
  ],
  '0x7e624FA0E1c4AbFD309cC15719b7E2580887f570': [
    UniswappyV2EthPair {
      _marketAddress: '0xA11265A58d9f5a2991fe8476a9aFea07031aC5bF',
      _tokens: [Array],
      _protocol: '',
      _tokenBalances: [Object]
    },
    UniswappyV2EthPair {
      _marketAddress: '0x12b370C45c966C273f37B037Ffd426F466916cBC',
      _tokens: [Array],
      _protocol: '',
      _tokenBalances: [Object]
    }
  ],
  '0x19C91764A976aC6C1E2C2E4c5856F2939342a814': [
    UniswappyV2EthPair {
      _marketAddress: '0xce1aE571c03793e07ba666b809cEfFE8338D93Ff',
      _tokens: [Array],
      _protocol: '',
      _tokenBalances: [Object]
    },
    UniswappyV2EthPair {
      _marketAddress: '0x132e1ba6e8FcC17Af046891E059C3Ac79B165b0b',
      _tokens: [Array],
      _protocol: '',
      _tokenBalances: [Object]
    }
  ],
  '0xE665d9abcFe78962385Aa5A8aa0A35E33B8F2C20': [
    UniswappyV2EthPair {
      _marketAddress: '0x6D0705f16b610cC3B8934095749Ed9c60F61D5fd',
      _tokens: [Array],
      _protocol: '',
      _tokenBalances: [Object]
    },
    UniswappyV2EthPair {
      _marketAddress: '0xDefB2d3ad9a26D15579A43C2e78BEA900122f39d',
      _tokens: [Array],
      _protocol: '',
      _tokenBalances: [Object]
    }
  ],
  '0x0ead391AcA47Ccc842cF9142BCB24c39002Ae3A2': [
    UniswappyV2EthPair {
      _marketAddress: '0x0C9B1ff705b018B12aD807A5846653Ff6a75929b',
      _tokens: [Array],
      _protocol: '',
      _tokenBalances: [Object]
    },
    UniswappyV2EthPair {
      _marketAddress: '0xb7887B1E3d72f7113b461D8E1AcB478F9f4Fc931',
      _tokens: [Array],
      _protocol: '',
      _tokenBalances: [Object]
    }
  ],
  '0xFCA4b113308bA3c9c81F6df3886C9F5c770C70D6': [
    UniswappyV2EthPair {
      _marketAddress: '0x1f271FEe31e5b7BeA138C4A38FE8316f22d99148',
      _tokens: [Array],
      _protocol: '',
      _tokenBalances: [Object]
    },
    UniswappyV2EthPair {
      _marketAddress: '0x430c17cD27Dc31e81355976d45685EB1fE3eA605',
      _tokens: [Array],
      _protocol: '',
      _tokenBalances: [Object]
    }
  ],
  '0x97B05d226ae13a2Ba4E1aE14466B671D69020182': [
    UniswappyV2EthPair {
      _marketAddress: '0x511FEdA24a5555DA156e7BfFC45d4405f615D393',
      _tokens: [Array],
      _protocol: '',
      _tokenBalances: [Object]
    },
    UniswappyV2EthPair {
      _marketAddress: '0x5AA02f9A74E2C7355415c3A61c41225C56C0b3a8',
      _tokens: [Array],
      _protocol: '',
      _tokenBalances: [Object]
    }
  ],
  '0x2763B15B36797F9152a6edf8BBe83aB889E2f69C': [
    UniswappyV2EthPair {
      _marketAddress: '0x9D43Ad377cb7B53c6cE774ae6fDCB5b58A93cEbD',
      _tokens: [Array],
      _protocol: '',
      _tokenBalances: [Object]
    },
    UniswappyV2EthPair {
      _marketAddress: '0x17f1A5e734f683F03AEf085A44d5899aE6bDA019',
      _tokens: [Array],
      _protocol: '',
      _tokenBalances: [Object]
    }
  ],
  '0x1188d953aFC697C031851169EEf640F23ac8529C': [
    UniswappyV2EthPair {
      _marketAddress: '0xc20aE90A1cCF43Ac776B9D40ee7465fd34fB668B',
      _tokens: [Array],
      _protocol: '',
      _tokenBalances: [Object]
    },
    UniswappyV2EthPair {
      _marketAddress: '0xd0B53F90A961d4C80919D6F1b1AA850d0Db990B9',
      _tokens: [Array],
      _protocol: '',
      _tokenBalances: [Object]
    }
  ],
  '0xc36810Ad3980c08a40FDde4C47e9f7913bc1f7e4': [
    UniswappyV2EthPair {
      _marketAddress: '0x0Bd30d21602775834Aa3B9D750C751b9de184c8A',
      _tokens: [Array],
      _protocol: '',
      _tokenBalances: [Object]
    },
    UniswappyV2EthPair {
      _marketAddress: '0x3eb7f8C2e38B2d3523e6C76D1bC18A141C35B036',
      _tokens: [Array],
      _protocol: '',
      _tokenBalances: [Object]
    }
  ],
  '0x3B72Ac46888f72dD6a6B2076Ca96fcc18e75a935': [
    UniswappyV2EthPair {
      _marketAddress: '0x04533cEe3FdF190da9dFf61B2358c4198e6AAC04',
      _tokens: [Array],
      _protocol: '',
      _tokenBalances: [Object]
    },
    UniswappyV2EthPair {
      _marketAddress: '0xF9Cf5fe86d2503439E6DBFd6C9f2F7CCbb981B62',
      _tokens: [Array],
      _protocol: '',
      _tokenBalances: [Object]
    }
  ],
  '0x94D79c325268C898d2902050730f27A478C56cC1': [
    UniswappyV2EthPair {
      _marketAddress: '0x0A9072E03E08070FC02e691dCAE8F9d70223D949',
      _tokens: [Array],
      _protocol: '',
      _tokenBalances: [Object]
    },
    UniswappyV2EthPair {
      _marketAddress: '0xf40780c935070B76F77472eBeA2Fb9476A315716',
      _tokens: [Array],
      _protocol: '',
      _tokenBalances: [Object]
    }
  ],
  '0x85e5682Cc4513358f765cb8Df98f1DD140c6cF86': [
    UniswappyV2EthPair {
      _marketAddress: '0x6486F4F9EF4F87D5c51C2c7e589eaDd49467e458',
      _tokens: [Array],
      _protocol: '',
      _tokenBalances: [Object]
    },
    UniswappyV2EthPair {
      _marketAddress: '0x83910D938642f3D8908b8b9A1D54fD65356D88e1',
      _tokens: [Array],
      _protocol: '',
      _tokenBalances: [Object]
    }
  ],
  '0x0eED0ae0b230429Cf2C4eCCf9fA0d8912bc9A392': [
    UniswappyV2EthPair {
      _marketAddress: '0x3d671ff3E5b94dE2De25f1248411F82d9F02C2b1',
      _tokens: [Array],
      _protocol: '',
      _tokenBalances: [Object]
    },
    UniswappyV2EthPair {
      _marketAddress: '0x862356303835340e878B3356be989b58B86D9D75',
      _tokens: [Array],
      _protocol: '',
      _tokenBalances: [Object]
    }
  ],
  '0x3dEB1119c295558c732a3618F04518b9812EC87A': [
    UniswappyV2EthPair {
      _marketAddress: '0xbcfaF4c3215fD1feABfC30B1c91d62416C368B92',
      _tokens: [Array],
      _protocol: '',
      _tokenBalances: [Object]
    },
    UniswappyV2EthPair {
      _marketAddress: '0x3f05729181BA6b5eabc0881f654aD1c1f8177Ff6',
      _tokens: [Array],
      _protocol: '',
      _tokenBalances: [Object]
    }
  ],
  '0x1968098C56b524CF27436a94263d3C219Fd6751D': [
    UniswappyV2EthPair {
      _marketAddress: '0xe3c2cF1761bb94944a53740B32Ce0E4a212C2233',
      _tokens: [Array],
      _protocol: '',
      _tokenBalances: [Object]
    },
    UniswappyV2EthPair {
      _marketAddress: '0x0b1288Aec11a1034f1023C48f051e5d4CC4bcC86',
      _tokens: [Array],
      _protocol: '',
      _tokenBalances: [Object]
    }
  ],
  '0xAe1119B918f971F232FED504D48604D5FeF7277F': [
    UniswappyV2EthPair {
      _marketAddress: '0xCf5079dE99157F8F94Ad676CF23E339a14EA06d3',
      _tokens: [Array],
      _protocol: '',
      _tokenBalances: [Object]
    },
    UniswappyV2EthPair {
      _marketAddress: '0x4219C64218aA71f0bA3A9D4aE35633ad99A47bC7',
      _tokens: [Array],
      _protocol: '',
      _tokenBalances: [Object]
    }
  ],
  '0xa65857c56485C0Cc798d511f99E332b75223335D': [
    UniswappyV2EthPair {
      _marketAddress: '0xD997F2cF9b205F0e2522dE24ac25623BeBa708aF',
      _tokens: [Array],
      _protocol: '',
      _tokenBalances: [Object]
    },
    UniswappyV2EthPair {
      _marketAddress: '0x709209b489E3A2824D7839a731B9c1BA842047Da',
      _tokens: [Array],
      _protocol: '',
      _tokenBalances: [Object]
    }
  ],
  '0x299baC24C8ad5635586fDe6619efF7891a6c8969': [
    UniswappyV2EthPair {
      _marketAddress: '0xb19f89A409FE0FE2934e97A38edaC6ADeA44B98f',
      _tokens: [Array],
      _protocol: '',
      _tokenBalances: [Object]
    },
    UniswappyV2EthPair {
      _marketAddress: '0x4709932b8a9a76187879856e8Fd13eadC6C68B08',
      _tokens: [Array],
      _protocol: '',
      _tokenBalances: [Object]
    }
  ],
  '0x961C8c0B1aaD0c0b10a51FeF6a867E3091BCef17': [
    UniswappyV2EthPair {
      _marketAddress: '0x3fBca1072Fb101e9440Bb97BE9eF763aac312516',
      _tokens: [Array],
      _protocol: '',
      _tokenBalances: [Object]
    },
    UniswappyV2EthPair {
      _marketAddress: '0x2Fcf1B0d83f83135b6e5E2e231e07aE89c235f68',
      _tokens: [Array],
      _protocol: '',
      _tokenBalances: [Object]
    }
  ],
  '0x50bBeeB0Cf4A9AFc6145BA90Ff77001d2c1789D4': [
    UniswappyV2EthPair {
      _marketAddress: '0x53889da4677a2a5b230E4D257a2a0B527Fe94A88',
      _tokens: [Array],
      _protocol: '',
      _tokenBalances: [Object]
    },
    UniswappyV2EthPair {
      _marketAddress: '0x01F8191dB5F10E193919127DE5622186615fb7d7',
      _tokens: [Array],
      _protocol: '',
      _tokenBalances: [Object]
    }
  ],
  '0xfe75cD11E283813eC44B4592476109Ba3706cef6': [
    UniswappyV2EthPair {
      _marketAddress: '0xcBf3819D2502f374d20eB0776672562f991fDde8',
      _tokens: [Array],
      _protocol: '',
      _tokenBalances: [Object]
    },
    UniswappyV2EthPair {
      _marketAddress: '0x6aC37Cb4677d111C07Ab318e243b300f5E54F2cB',
      _tokens: [Array],
      _protocol: '',
      _tokenBalances: [Object]
    }
  ],
  '0xe6f2ACEc4D602B707106CE0D3903d50aa360E35c': [
    UniswappyV2EthPair {
      _marketAddress: '0x59C60B669D3944aad0C661D7Bab8f2367c838E18',
      _tokens: [Array],
      _protocol: '',
      _tokenBalances: [Object]
    },
    UniswappyV2EthPair {
      _marketAddress: '0xDD1814e48940B5Cb46d020A71Ec6CcbF2BBE94D7',
      _tokens: [Array],
      _protocol: '',
      _tokenBalances: [Object]
    }
  ],
  '0x092BBec1342affFd16Cfb41B56343D5A299CDf0D': [
    UniswappyV2EthPair {
      _marketAddress: '0xEBD397BE8aE9eA4c05E3338896eAfb37FC0F75AA',
      _tokens: [Array],
      _protocol: '',
      _tokenBalances: [Object]
    },
    UniswappyV2EthPair {
      _marketAddress: '0xf983c1D1655Dc0e4374cf2711E1d6980Fe6Ea968',
      _tokens: [Array],
      _protocol: '',
      _tokenBalances: [Object]
    }
  ],
  '0xA34447c8627f0b8983413d1fE508d3d0f852C9ca': [
    UniswappyV2EthPair {
      _marketAddress: '0xa9f223F2Ee1B4c4b74F9149Fb05074e6e98FCA2D',
      _tokens: [Array],
      _protocol: '',
      _tokenBalances: [Object]
    },
    UniswappyV2EthPair {
      _marketAddress: '0xe6b4d7E77CB6601adD32F2c0bCcFbcC4F733D1C5',
      _tokens: [Array],
      _protocol: '',
      _tokenBalances: [Object]
    }
  ],
  '0xA5594a2CAF790C8Eeb9037AB18d0Da305bbdC8b6': [
    UniswappyV2EthPair {
      _marketAddress: '0x7DF230277A13ecFDadacA0e4DA6e5D571dbBB9c3',
      _tokens: [Array],
      _protocol: '',
      _tokenBalances: [Object]
    },
    UniswappyV2EthPair {
      _marketAddress: '0xD158589471683815E0E8Ce178E8804f42975D650',
      _tokens: [Array],
      _protocol: '',
      _tokenBalances: [Object]
    }
  ],
  '0x171102AF0436658B28d04B53064C047d1dBba3ce': [
    UniswappyV2EthPair {
      _marketAddress: '0x9a79Bd36F5c89852AC7Cbd005d856CFb8853D962',
      _tokens: [Array],
      _protocol: '',
      _tokenBalances: [Object]
    },
    UniswappyV2EthPair {
      _marketAddress: '0x073e58BC29Ca1E844f6e4e2EB30680C3111Eb34d',
      _tokens: [Array],
      _protocol: '',
      _tokenBalances: [Object]
    }
  ],
  '0xa4FB1f591980e6E4eb4661A0D96df19A13D21aA7': [
    UniswappyV2EthPair {
      _marketAddress: '0xDbb965A5aa839766fEB610586cE45c9c50f8cC5e',
      _tokens: [Array],
      _protocol: '',
      _tokenBalances: [Object]
    },
    UniswappyV2EthPair {
      _marketAddress: '0x45B07689C6a997c41FB5EF881A8A656927A721be',
      _tokens: [Array],
      _protocol: '',
      _tokenBalances: [Object]
    }
  ],
  '0x37F74f525e7BdA86aeC46FbbEdAD806d58De1c9b': [
    UniswappyV2EthPair {
      _marketAddress: '0xf90db6cF14bc863FFA6170b992D75f22c349C0C6',
      _tokens: [Array],
      _protocol: '',
      _tokenBalances: [Object]
    },
    UniswappyV2EthPair {
      _marketAddress: '0x7435Ee39FAB5c7052A2127e8EA9f7b17D41652f5',
      _tokens: [Array],
      _protocol: '',
      _tokenBalances: [Object]
    }
  ],
  '0xD0e924FC4783d2C66932475E9706dbf357017539': [
    UniswappyV2EthPair {
      _marketAddress: '0x1a641f757A6e014831CA8A6B487D288FEE54f11a',
      _tokens: [Array],
      _protocol: '',
      _tokenBalances: [Object]
    },
    UniswappyV2EthPair {
      _marketAddress: '0x658E330b2F85755C0e290c6A26C2799ccDBDe968',
      _tokens: [Array],
      _protocol: '',
      _tokenBalances: [Object]
    }
  ],
  '0x3a6f79CECfA4FafBe7514D4D5fA85D3665939E89': [
    UniswappyV2EthPair {
      _marketAddress: '0xbD3eC9E620cc633836eFc3A0B6CD50D2e1CcAe2b',
      _tokens: [Array],
      _protocol: '',
      _tokenBalances: [Object]
    },
    UniswappyV2EthPair {
      _marketAddress: '0xB596121405942656490e76301Dc31CF82950995D',
      _tokens: [Array],
      _protocol: '',
      _tokenBalances: [Object]
    }
  ],
  '0xd54Fd5D0C349C06373f3FE914151D1555b629fB6': [
    UniswappyV2EthPair {
      _marketAddress: '0xF057e711BC4278d7FA42cadD3576A55cB61BCf3E',
      _tokens: [Array],
      _protocol: '',
      _tokenBalances: [Object]
    },
    UniswappyV2EthPair {
      _marketAddress: '0x6ad2B65b9827293feCe3Ea7c12Ba4CDB0D51BB08',
      _tokens: [Array],
      _protocol: '',
      _tokenBalances: [Object]
    }
  ],
  '0x30a2f5b205420438eB4C9365f845025D1d75417E': [
    UniswappyV2EthPair {
      _marketAddress: '0xd8966b7C87C83565393E7461510A5b93502147C9',
      _tokens: [Array],
      _protocol: '',
      _tokenBalances: [Object]
    },
    UniswappyV2EthPair {
      _marketAddress: '0xb8b9749c69DF2777FDf9f3046432D4fE04442235',
      _tokens: [Array],
      _protocol: '',
      _tokenBalances: [Object]
    }
  ],
  '0x206340f3361404910F45cA0893980EF3f9b418ea': [
    UniswappyV2EthPair {
      _marketAddress: '0x5fbB8d9023700001b1adcE11E435B01243aE48E0',
      _tokens: [Array],
      _protocol: '',
      _tokenBalances: [Object]
    },
    UniswappyV2EthPair {
      _marketAddress: '0x9E6463BB3b6ff6A768290A4eFC452dC92F2CfA2A',
      _tokens: [Array],
      _protocol: '',
      _tokenBalances: [Object]
    }
  ],
  '0x74616598378E1b4836e7e05BdD50675711f5528C': [
    UniswappyV2EthPair {
      _marketAddress: '0x8Ac10f30441545450bcb3F3B561B2712Ae4A0154',
      _tokens: [Array],
      _protocol: '',
      _tokenBalances: [Object]
    },
    UniswappyV2EthPair {
      _marketAddress: '0x9203CF7DcdA6a1E8225E50aeADAd20f8C2b760C6',
      _tokens: [Array],
      _protocol: '',
      _tokenBalances: [Object]
    }
  ],
  '0xFeea0bDd3D07eb6FE305938878C0caDBFa169042': [
    UniswappyV2EthPair {
      _marketAddress: '0x2992bed56A519670eFa04f904801e20C322670Db',
      _tokens: [Array],
      _protocol: '',
      _tokenBalances: [Object]
    },
    UniswappyV2EthPair {
      _marketAddress: '0x348Ca2a85D2d66933A974E2D5E9359a9b44C779A',
      _tokens: [Array],
      _protocol: '',
      _tokenBalances: [Object]
    }
  ],
  '0xbB3837Fa11d4B789717C8f622Ec4f6eee5375C49': [
    UniswappyV2EthPair {
      _marketAddress: '0xc13A534d6CaF1575f9d4B0D71fe0ABBfF0ae31E6',
      _tokens: [Array],
      _protocol: '',
      _tokenBalances: [Object]
    },
    UniswappyV2EthPair {
      _marketAddress: '0x9ef19A4321e466263d763b07cd521BbbECdC2ede',
      _tokens: [Array],
      _protocol: '',
      _tokenBalances: [Object]
    }
  ],
  '0xC5310Dc104473f5E0dD025f1862Bb697b3912296': [
    UniswappyV2EthPair {
      _marketAddress: '0x9e854CB6250E377798d8bc44a24b07c1Cc12D4cE',
      _tokens: [Array],
      _protocol: '',
      _tokenBalances: [Object]
    },
    UniswappyV2EthPair {
      _marketAddress: '0xEF3E55cD43aA6234129733F2cA1eaB9B5B7ec154',
      _tokens: [Array],
      _protocol: '',
      _tokenBalances: [Object]
    }
  ],
  '0xa715B4bcB4dea4DA716988cFD8E07c408DF8A4F4': [
    UniswappyV2EthPair {
      _marketAddress: '0x7026989Cde94b8B41d8298BD95bbdF865bd62e0b',
      _tokens: [Array],
      _protocol: '',
      _tokenBalances: [Object]
    },
    UniswappyV2EthPair {
      _marketAddress: '0xc7f711CF209E8E04FA8360Cc814F7d176D8698f4',
      _tokens: [Array],
      _protocol: '',
      _tokenBalances: [Object]
    }
  ],
  '0x393d87E44C7b1F5Ba521b351532C24ECE253B849': [
    UniswappyV2EthPair {
      _marketAddress: '0xB563Fce9DE726baF5eB845e72499CD87Da5Ac821',
      _tokens: [Array],
      _protocol: '',
      _tokenBalances: [Object]
    },
    UniswappyV2EthPair {
      _marketAddress: '0xd90B8cd5f0658C07940BC238649057F14783E1f0',
      _tokens: [Array],
      _protocol: '',
      _tokenBalances: [Object]
    }
  ],
  '0xB0Cb55Ea7E5a85a1b50407C5EDDD794CB78DDD69': [
    UniswappyV2EthPair {
      _marketAddress: '0x2823d8d9165492e90ad7D4F53c4239E655BbB71C',
      _tokens: [Array],
      _protocol: '',
      _tokenBalances: [Object]
    },
    UniswappyV2EthPair {
      _marketAddress: '0xA47a1C30C0ca358e1823deFe088Bc7f4f797DD87',
      _tokens: [Array],
      _protocol: '',
      _tokenBalances: [Object]
    }
  ],
  '0x8AeD24Bf6E0247bE51c57D68ad32A176bF86F4d9': [
    UniswappyV2EthPair {
      _marketAddress: '0xCf7f58954df31b99825B8E5C8Feec0A80D7eA4A4',
      _tokens: [Array],
      _protocol: '',
      _tokenBalances: [Object]
    },
    UniswappyV2EthPair {
      _marketAddress: '0x03AE442343D3e5962FD3347af332d2dB83530eF1',
      _tokens: [Array],
      _protocol: '',
      _tokenBalances: [Object]
    }
  ],
  '0x5430F1360C1004F7E1713f81659db14627Cb9121': [
    UniswappyV2EthPair {
      _marketAddress: '0x515617A4E03C802980449669244E28Cf40652eBC',
      _tokens: [Array],
      _protocol: '',
      _tokenBalances: [Object]
    },
    UniswappyV2EthPair {
      _marketAddress: '0x9C39E5f9dBBc6A02534114BCd3ED8D47D5A51623',
      _tokens: [Array],
      _protocol: '',
      _tokenBalances: [Object]
    }
  ],
  '0xc77e2DF3B5996cb899cF1a0D74E82f226442d56D': [
    UniswappyV2EthPair {
      _marketAddress: '0x82a20128F0c7e4ad3d9414C597a3F29B4051f53d',
      _tokens: [Array],
      _protocol: '',
      _tokenBalances: [Object]
    },
    UniswappyV2EthPair {
      _marketAddress: '0x395559e662d5006613CAfF35CAcC4B08881C1033',
      _tokens: [Array],
      _protocol: '',
      _tokenBalances: [Object]
    }
  ],
  '0x232FB065D9d24c34708eeDbF03724f2e95ABE768': [
    UniswappyV2EthPair {
      _marketAddress: '0xB31Ecb43645EB273210838e710f2692CC6b30a11',
      _tokens: [Array],
      _protocol: '',
      _tokenBalances: [Object]
    },
    UniswappyV2EthPair {
      _marketAddress: '0x6029396Ff1FA7F59A967763307FfbF62034358ba',
      _tokens: [Array],
      _protocol: '',
      _tokenBalances: [Object]
    }
  ],
  '0x16A62C9955ca1BA52e0ECA9ee4c3992204Eb0915': [
    UniswappyV2EthPair {
      _marketAddress: '0x838bF753DC0EF579F612adA1e6f237B561e38167',
      _tokens: [Array],
      _protocol: '',
      _tokenBalances: [Object]
    },
    UniswappyV2EthPair {
      _marketAddress: '0xff8772c1660DC5758A6E64Ae942010A2f8E709cD',
      _tokens: [Array],
      _protocol: '',
      _tokenBalances: [Object]
    }
  ],
  '0x6c5FE6e99D2484db7E4BF34F365ABA42d0E4dC20': [
    UniswappyV2EthPair {
      _marketAddress: '0x0Fe2612a02d93F5A8Eb3767FF6692486F8d0dABa',
      _tokens: [Array],
      _protocol: '',
      _tokenBalances: [Object]
    },
    UniswappyV2EthPair {
      _marketAddress: '0xC1a37DB3Ac15D6925AF08fADeDAC5D756afFA98D',
      _tokens: [Array],
      _protocol: '',
      _tokenBalances: [Object]
    }
  ],
  '0x5C9A3e08f2bfeb834247CD5D5A1d198AAd72667C': [
    UniswappyV2EthPair {
      _marketAddress: '0x77272Ec24560C41D25EE43eBd9b669Ca9114FC8a',
      _tokens: [Array],
      _protocol: '',
      _tokenBalances: [Object]
    },
    UniswappyV2EthPair {
      _marketAddress: '0x009a85068d9E438e8A7Fe41a227C787E0Fb9109f',
      _tokens: [Array],
      _protocol: '',
      _tokenBalances: [Object]
    }
  ],
  '0xe2EEFBE27b9d67A9aa91cFc497eD72b3D723d4B2': [
    UniswappyV2EthPair {
      _marketAddress: '0xED83f2Bd146e9EDE30d6599Cd4e335430D34E599',
      _tokens: [Array],
      _protocol: '',
      _tokenBalances: [Object]
    },
    UniswappyV2EthPair {
      _marketAddress: '0xbB1808cc7a7300f49ea54b9b6D6c3E05ed0CC7BC',
      _tokens: [Array],
      _protocol: '',
      _tokenBalances: [Object]
    }
  ],
  '0x222FED0878855C608eCd20F77f9013D351182351': [
    UniswappyV2EthPair {
      _marketAddress: '0xe30F60D229eaD75AB8DBC664C087778e38299C78',
      _tokens: [Array],
      _protocol: '',
      _tokenBalances: [Object]
    },
    UniswappyV2EthPair {
      _marketAddress: '0xf66b9f3E58eFf588CDc2dF3279D0bf85A01Ac872',
      _tokens: [Array],
      _protocol: '',
      _tokenBalances: [Object]
    }
  ],
  '0x708Cb02ad77E1B245B1640cee51B3Cc844bcAeF4': [
    UniswappyV2EthPair {
      _marketAddress: '0x1202Be93BFd94681AED5FBd632079A6817B14Ec8',
      _tokens: [Array],
      _protocol: '',
      _tokenBalances: [Object]
    },
    UniswappyV2EthPair {
      _marketAddress: '0x9c75a0F72b56ae9eBd724c588eE91b3Fe318f8Ad',
      _tokens: [Array],
      _protocol: '',
      _tokenBalances: [Object]
    }
  ],
  '0x860bb9B43E7856a691c6E4D9B4C3De098Bd42b1B': [
    UniswappyV2EthPair {
      _marketAddress: '0xA47CE2144BF659b5852aF8b3bEE4873095Ad2230',
      _tokens: [Array],
      _protocol: '',
      _tokenBalances: [Object]
    },
    UniswappyV2EthPair {
      _marketAddress: '0xAa10267E8892a7E1Eb02a8ef5C6c0cC1858E6d1c',
      _tokens: [Array],
      _protocol: '',
      _tokenBalances: [Object]
    }
  ],
  '0x0B20198aae954782848C9D019370C771245f0d48': [
    UniswappyV2EthPair {
      _marketAddress: '0xDF461dDfa61D01D366dA2D62FC7F8CA8e56c0833',
      _tokens: [Array],
      _protocol: '',
      _tokenBalances: [Object]
    },
    UniswappyV2EthPair {
      _marketAddress: '0x7ee9aF64aA5cbE20cD5730ba4307cA36370B0aC5',
      _tokens: [Array],
      _protocol: '',
      _tokenBalances: [Object]
    }
  ],
  '0xeCD372DB37b4Cca10aF973474C564278d62B7888': [
    UniswappyV2EthPair {
      _marketAddress: '0xa58e4e9481b134c49ea07769d5bD3B65459A83f7',
      _tokens: [Array],
      _protocol: '',
      _tokenBalances: [Object]
    },
    UniswappyV2EthPair {
      _marketAddress: '0x1c8145AaBF185fcF1795Fb9F261D7c8a4482d3b2',
      _tokens: [Array],
      _protocol: '',
      _tokenBalances: [Object]
    }
  ],
  '0x007EA5C0Ea75a8DF45D288a4debdD5bb633F9e56': [
    UniswappyV2EthPair {
      _marketAddress: '0xE0E43CD987DC2B976C2Bf433D5eCa517Badef1eC',
      _tokens: [Array],
      _protocol: '',
      _tokenBalances: [Object]
    },
    UniswappyV2EthPair {
      _marketAddress: '0xa9EE5C4491a2C72f498A73ED946d859C6226ED08',
      _tokens: [Array],
      _protocol: '',
      _tokenBalances: [Object]
    }
  ],
  '0x8E8538c75f273aB2dF6AdEEcD3622A9c314fcCf3': [
    UniswappyV2EthPair {
      _marketAddress: '0x8c7a5AaA69DD5e6d06596a3Bf677037b599b8a88',
      _tokens: [Array],
      _protocol: '',
      _tokenBalances: [Object]
    },
    UniswappyV2EthPair {
      _marketAddress: '0xD5F575fCFaE274B4fC65069B3c7E43212812F7E6',
      _tokens: [Array],
      _protocol: '',
      _tokenBalances: [Object]
    }
  ],
  '0x9a4039f68326E7b89A223dF9c98b6Feca94bCc33': [
    UniswappyV2EthPair {
      _marketAddress: '0xd81b99389e377f9A15Ac624875bA18fc2bE85eC0',
      _tokens: [Array],
      _protocol: '',
      _tokenBalances: [Object]
    },
    UniswappyV2EthPair {
      _marketAddress: '0xCBeA0d0a257D0333511b7CF4D1bD9069AAb1F097',
      _tokens: [Array],
      _protocol: '',
      _tokenBalances: [Object]
    }
  ],
  '0x6e72d786bd335af894939f1949516c10e02015Ae': [
    UniswappyV2EthPair {
      _marketAddress: '0xe9E8FDBD144Bd4bAc869fCB6E377d086F68BD71e',
      _tokens: [Array],
      _protocol: '',
      _tokenBalances: [Object]
    },
    UniswappyV2EthPair {
      _marketAddress: '0x6ddfa0554162A3C6F2868925F5A1De21f61727F6',
      _tokens: [Array],
      _protocol: '',
      _tokenBalances: [Object]
    }
  ],
  '0x7Cc46141AB1057b1928de5Ad5Ee78Bb37eFC4868': [
    UniswappyV2EthPair {
      _marketAddress: '0xa81F527fcf9b4DC74aE7C28168237907466c2d7A',
      _tokens: [Array],
      _protocol: '',
      _tokenBalances: [Object]
    },
    UniswappyV2EthPair {
      _marketAddress: '0xE3652C5F32B0EbCa4A7752269837d110fbdCfC06',
      _tokens: [Array],
      _protocol: '',
      _tokenBalances: [Object]
    }
  ],
  '0x5bD0b6a5DcD738da1Cd9d5D3b2aa801F9179B6D8': [
    UniswappyV2EthPair {
      _marketAddress: '0xB7D1eDe74329BfCEF3Bab9F8e83A0460e6a90D14',
      _tokens: [Array],
      _protocol: '',
      _tokenBalances: [Object]
    },
    UniswappyV2EthPair {
      _marketAddress: '0xC9C1559fF7Ec83a69f9E80688B8c68791Ae011A0',
      _tokens: [Array],
      _protocol: '',
      _tokenBalances: [Object]
    }
  ],
  '0x8E3BCC334657560253B83f08331d85267316e08a': [
    UniswappyV2EthPair {
      _marketAddress: '0xa6A422F3fd886A313C42cd45D3669d0F161Fbb0D',
      _tokens: [Array],
      _protocol: '',
      _tokenBalances: [Object]
    },
    UniswappyV2EthPair {
      _marketAddress: '0x441A83263cCce005054B635B6483556D5DD3898C',
      _tokens: [Array],
      _protocol: '',
      _tokenBalances: [Object]
    }
  ],
  '0xFc39b3A361703a663C10587e9b15dEB913a0B08B': [
    UniswappyV2EthPair {
      _marketAddress: '0xaB40660ee1CD91A63671C3920F28F9e314785bD3',
      _tokens: [Array],
      _protocol: '',
      _tokenBalances: [Object]
    },
    UniswappyV2EthPair {
      _marketAddress: '0xc48BeA691e16f5fE09C7E66e51Ae2869d45445b3',
      _tokens: [Array],
      _protocol: '',
      _tokenBalances: [Object]
    }
  ],
  '0xF218184Af829Cf2b0019F8E6F0b2423498a36983': [
    UniswappyV2EthPair {
      _marketAddress: '0x9Efa84173428AF278c7107Ee4C0861DC5D328d29',
      _tokens: [Array],
      _protocol: '',
      _tokenBalances: [Object]
    },
    UniswappyV2EthPair {
      _marketAddress: '0x9F4778b115a9Dd9Fd737fc7A780C41050fE92c0D',
      _tokens: [Array],
      _protocol: '',
      _tokenBalances: [Object]
    }
  ],
  '0x6FFe487A57A60735d10da03a287E0ca0ffa7DD9C': [
    UniswappyV2EthPair {
      _marketAddress: '0x46505929F79bFAB24813a0AF810fBC42cb1aa8C7',
      _tokens: [Array],
      _protocol: '',
      _tokenBalances: [Object]
    },
    UniswappyV2EthPair {
      _marketAddress: '0x9f2e42205f487ff05d0116a8389340cd01fD2395',
      _tokens: [Array],
      _protocol: '',
      _tokenBalances: [Object]
    }
  ],
  '0x3B98bbefe14B98000f10124ca95eD298AC9dB3Ff': [
    UniswappyV2EthPair {
      _marketAddress: '0x9E26EDa9238a9befd2221E4e2Be199c3935e42BF',
      _tokens: [Array],
      _protocol: '',
      _tokenBalances: [Object]
    },
    UniswappyV2EthPair {
      _marketAddress: '0xF68128E9C4365C65a84ed7288856db09EEF5212C',
      _tokens: [Array],
      _protocol: '',
      _tokenBalances: [Object]
    }
  ],
  '0x80D5f92C2c8C682070C95495313dDB680B267320': [
    UniswappyV2EthPair {
      _marketAddress: '0x7e6c953006746088Ad5221172e5F836E5439543E',
      _tokens: [Array],
      _protocol: '',
      _tokenBalances: [Object]
    },
    UniswappyV2EthPair {
      _marketAddress: '0xd6B900D5308356317299dAFe303E661271AA12F1',
      _tokens: [Array],
      _protocol: '',
      _tokenBalances: [Object]
    }
  ],
  '0x34195FD824355aec1BDCeEA97697B35be691bcB3': [
    UniswappyV2EthPair {
      _marketAddress: '0xF3fBb02A5AB0Df88571F5F8938B5B76c4062248f',
      _tokens: [Array],
      _protocol: '',
      _tokenBalances: [Object]
    },
    UniswappyV2EthPair {
      _marketAddress: '0x0CbB01D5d8565795eE1e4748fBDa98741d068f39',
      _tokens: [Array],
      _protocol: '',
      _tokenBalances: [Object]
    }
  ],
  '0x8BC93EBA01682a57AB7C606BB01aba301979C3Bc': [
    UniswappyV2EthPair {
      _marketAddress: '0x54F6484C7758F45A3b36537Df518224F529Dc46e',
      _tokens: [Array],
      _protocol: '',
      _tokenBalances: [Object]
    },
    UniswappyV2EthPair {
      _marketAddress: '0xd56E0Ba705845c7CA408D60aC241C4926025A176',
      _tokens: [Array],
      _protocol: '',
      _tokenBalances: [Object]
    }
  ],
  '0x8A9030c0ED9A5b9C7Ab39EBfEE11D90aF9945f6F': [
    UniswappyV2EthPair {
      _marketAddress: '0x6321674f74d45f70320fE83E1593927C282988D2',
      _tokens: [Array],
      _protocol: '',
      _tokenBalances: [Object]
    },
    UniswappyV2EthPair {
      _marketAddress: '0x1245d6b7Bea273e3eaA2141eB7E942a0cE943922',
      _tokens: [Array],
      _protocol: '',
      _tokenBalances: [Object]
    }
  ],
  '0xd07cB33D1c9D75349EB72359022d7bE5D8350C0a': [
    UniswappyV2EthPair {
      _marketAddress: '0xE3B2a4572a49ed4c88a5EdBaAf39B58eAA55F143',
      _tokens: [Array],
      _protocol: '',
      _tokenBalances: [Object]
    },
    UniswappyV2EthPair {
      _marketAddress: '0x57d4Cceb3E133e1991a8A279eD26cdc65A4DCFA4',
      _tokens: [Array],
      _protocol: '',
      _tokenBalances: [Object]
    }
  ],
  '0x6814dc8f102aDc36c4000cd6AA54EF90994dA20c': [
    UniswappyV2EthPair {
      _marketAddress: '0x211874376071BAdbA54e29C8BA47DD06D597d873',
      _tokens: [Array],
      _protocol: '',
      _tokenBalances: [Object]
    },
    UniswappyV2EthPair {
      _marketAddress: '0x393e01771a13523d6a1eDe3D86035A5Cb6D46f18',
      _tokens: [Array],
      _protocol: '',
      _tokenBalances: [Object]
    }
  ],
  '0x2cc26dd730F548dc4ac291ae7D84a0C96980d2cB': [
    UniswappyV2EthPair {
      _marketAddress: '0x8cd2C478bB529816CC49A0CB38EC9d43543Bc9d7',
      _tokens: [Array],
      _protocol: '',
      _tokenBalances: [Object]
    },
    UniswappyV2EthPair {
      _marketAddress: '0xda3684575afa20309938434F3d40799B12868057',
      _tokens: [Array],
      _protocol: '',
      _tokenBalances: [Object]
    }
  ],
  '0xCfB24d3C3767364391340a2E6d99c64F1CBd7A3D': [
    UniswappyV2EthPair {
      _marketAddress: '0x40C84170D9Db4e7f57638ad989CC215f74ae661D',
      _tokens: [Array],
      _protocol: '',
      _tokenBalances: [Object]
    },
    UniswappyV2EthPair {
      _marketAddress: '0x90057468D7b788fc2353f8B9015a8a5A1711a743',
      _tokens: [Array],
      _protocol: '',
      _tokenBalances: [Object]
    }
  ],
  '0xcE2528c42512a2DC477017Fc390653f4742F2F16': [
    UniswappyV2EthPair {
      _marketAddress: '0x6676b9835E96c66DBFeC53a3448DA2b11D2bB338',
      _tokens: [Array],
      _protocol: '',
      _tokenBalances: [Object]
    },
    UniswappyV2EthPair {
      _marketAddress: '0xA2F031c78f660a7762517B16B7e75479ad1f7aEb',
      _tokens: [Array],
      _protocol: '',
      _tokenBalances: [Object]
    }
  ],
  '0x9A0AF7FDb2065Ce470D72664DE73cAE409dA28Ec': [
    UniswappyV2EthPair {
      _marketAddress: '0x56DeCD7E410dA0713E5d4641Da9A1AB7827D196B',
      _tokens: [Array],
      _protocol: '',
      _tokenBalances: [Object]
    },
    UniswappyV2EthPair {
      _marketAddress: '0xAE0Dc90F4D4429c575dF0D4E6046aea9Da1a5eEa',
      _tokens: [Array],
      _protocol: '',
      _tokenBalances: [Object]
    }
  ],
  '0x3165636B2B0500596A084646feD5B02bc4A94723': [
    UniswappyV2EthPair {
      _marketAddress: '0x8013ab2F74ff8d16d66De52220aD9D9565DBC646',
      _tokens: [Array],
      _protocol: '',
      _tokenBalances: [Object]
    },
    UniswappyV2EthPair {
      _marketAddress: '0x70e59151596e991e3c1cF9CBe06a6529aE5808D8',
      _tokens: [Array],
      _protocol: '',
      _tokenBalances: [Object]
    }
  ],
  '0x6021742fFC3A1f1f9f7fC795E631C6bf06e3D60e': [
    UniswappyV2EthPair {
      _marketAddress: '0xa1bA250Aaf829889389d969Dc8A59Bf981f07EdA',
      _tokens: [Array],
      _protocol: '',
      _tokenBalances: [Object]
    },
    UniswappyV2EthPair {
      _marketAddress: '0xaf5833925e4e27c123004a2ec4c9060021AB628F',
      _tokens: [Array],
      _protocol: '',
      _tokenBalances: [Object]
    }
  ],
  '0x060eF5ea5D37b0Af12Be65C46f11A16D05Ca4e08': [
    UniswappyV2EthPair {
      _marketAddress: '0xf43076186388aCe0b84844d19fdc0085b0a2E197',
      _tokens: [Array],
      _protocol: '',
      _tokenBalances: [Object]
    },
    UniswappyV2EthPair {
      _marketAddress: '0x377593DE3F28e7D80c007a7EadF93631448Cf0a6',
      _tokens: [Array],
      _protocol: '',
      _tokenBalances: [Object]
    }
  ],
  '0x3469438a255b0571E48896055294c3A16C223e4c': [
    UniswappyV2EthPair {
      _marketAddress: '0x66677115dee0a6F43a956945f3Bd45eE938499E8',
      _tokens: [Array],
      _protocol: '',
      _tokenBalances: [Object]
    },
    UniswappyV2EthPair {
      _marketAddress: '0xa1f0e36a8Ff62BF72b98A4f7c2ae83d0Da287998',
      _tokens: [Array],
      _protocol: '',
      _tokenBalances: [Object]
    }
  ],
  '0x37438E5c3845F348913Ca42905431Da8f344acBb': [
    UniswappyV2EthPair {
      _marketAddress: '0xF947c0bb1fCCcf98D8EB34735f2c0E2776c10409',
      _tokens: [Array],
      _protocol: '',
      _tokenBalances: [Object]
    },
    UniswappyV2EthPair {
      _marketAddress: '0x3deBe07d2fDa97bE34262C1263A0B451e7f6B5b1',
      _tokens: [Array],
      _protocol: '',
      _tokenBalances: [Object]
    }
  ],
  '0x841eB1c11F7774D39BD85b7868DF700C0530a2Ea': [
    UniswappyV2EthPair {
      _marketAddress: '0xc49e0C0520Bf46f7fB90C21bAD4dd58FCa328CB0',
      _tokens: [Array],
      _protocol: '',
      _tokenBalances: [Object]
    },
    UniswappyV2EthPair {
      _marketAddress: '0xEf86bC49556c35C65Ca8409255E003520853E535',
      _tokens: [Array],
      _protocol: '',
      _tokenBalances: [Object]
    }
  ],
  '0x83e6f1E41cdd28eAcEB20Cb649155049Fac3D5Aa': [
    UniswappyV2EthPair {
      _marketAddress: '0x5D34626d7c9BDC8832365C5381BcA1983C9acc36',
      _tokens: [Array],
      _protocol: '',
      _tokenBalances: [Object]
    },
    UniswappyV2EthPair {
      _marketAddress: '0x208bb7bC884Cd2365149d05E27713943cDa058D1',
      _tokens: [Array],
      _protocol: '',
      _tokenBalances: [Object]
    }
  ],
  '0xfF4cFd8D04723D9fB24543E2317978644BbA2343': [
    UniswappyV2EthPair {
      _marketAddress: '0xCCC1Fa58A9948cE930E4aBdA3E9C6F6594AC18F5',
      _tokens: [Array],
      _protocol: '',
      _tokenBalances: [Object]
    },
    UniswappyV2EthPair {
      _marketAddress: '0x00F96bd6Bf1F9f9aC58b1A94E178e0384EF1b4A8',
      _tokens: [Array],
      _protocol: '',
      _tokenBalances: [Object]
    }
  ],
  '0x6c31c467E60feE6F3C09C7288FD9cAB95F77af2F': [
    UniswappyV2EthPair {
      _marketAddress: '0xfE3E9E086a7290bDf8fA4FBf128C70760DDe0909',
      _tokens: [Array],
      _protocol: '',
      _tokenBalances: [Object]
    },
    UniswappyV2EthPair {
      _marketAddress: '0x2806dd377E0b87D3144c0BD3fAc4b5b9FE97390b',
      _tokens: [Array],
      _protocol: '',
      _tokenBalances: [Object]
    }
  ],
  '0x8cEAe826D99A8936bC5e2d2e1e7f79afA0408315': [
    UniswappyV2EthPair {
      _marketAddress: '0x2cc1c78d8974631E15ceCb39E7cD81fd582a49c8',
      _tokens: [Array],
      _protocol: '',
      _tokenBalances: [Object]
    },
    UniswappyV2EthPair {
      _marketAddress: '0xA2865782306C26546af644F734CdA8fA4a306514',
      _tokens: [Array],
      _protocol: '',
      _tokenBalances: [Object]
    }
  ],
  '0x03B6A235fAb217a0914C439E5e9A751E5a5D1816': [
    UniswappyV2EthPair {
      _marketAddress: '0x5508CfA75Fd395a8B4AbA37a832d33f6a6F25967',
      _tokens: [Array],
      _protocol: '',
      _tokenBalances: [Object]
    },
    UniswappyV2EthPair {
      _marketAddress: '0x91736F2a8f824Df68A72C8e06D2EF1D764c3146b',
      _tokens: [Array],
      _protocol: '',
      _tokenBalances: [Object]
    }
  ],
  '0x8292C8d520F8dc5904AF0296B070e8d5447C36dd': [
    UniswappyV2EthPair {
      _marketAddress: '0x5a33C9800E736112cf3bc4735efE48304978BC58',
      _tokens: [Array],
      _protocol: '',
      _tokenBalances: [Object]
    },
    UniswappyV2EthPair {
      _marketAddress: '0x3c381185766fEE8c7063A3D734161A9a09784756',
      _tokens: [Array],
      _protocol: '',
      _tokenBalances: [Object]
    }
  ],
  '0xBdb3189412D1B78b46547c27F009eba9D9c83427': [
    UniswappyV2EthPair {
      _marketAddress: '0x539c995601CA19B76b8BC605E250a8a46c9DcA28',
      _tokens: [Array],
      _protocol: '',
      _tokenBalances: [Object]
    },
    UniswappyV2EthPair {
      _marketAddress: '0xc68AfE63301Ea6A3C4229742Bc04CEF9aBE4bAfb',
      _tokens: [Array],
      _protocol: '',
      _tokenBalances: [Object]
    }
  ],
  '0x39b7762BA08463f33A0ecCD3c70dcD9dEfd698e1': [
    UniswappyV2EthPair {
      _marketAddress: '0x5e0C5E8Ef67AE696fe7E9e40d14e36C3ce281d93',
      _tokens: [Array],
      _protocol: '',
      _tokenBalances: [Object]
    },
    UniswappyV2EthPair {
      _marketAddress: '0x1e37Db2f3a02730Ba4aE0ce3A96AA0A42728E4FC',
      _tokens: [Array],
      _protocol: '',
      _tokenBalances: [Object]
    }
  ],
  '0x820ff3659dA2dCB132281f70C08550bFe4358e11': [
    UniswappyV2EthPair {
      _marketAddress: '0x74D14A5aa9562eA3170ef1F507827AaF44dA35F5',
      _tokens: [Array],
      _protocol: '',
      _tokenBalances: [Object]
    },
    UniswappyV2EthPair {
      _marketAddress: '0x8f6420c36a4D222a921AF75Ef20ce93fF8D16102',
      _tokens: [Array],
      _protocol: '',
      _tokenBalances: [Object]
    }
  ],
  '0x9596a56c73CA6f50CBd05cB8D85865F75659dC78': [
    UniswappyV2EthPair {
      _marketAddress: '0x48299339a0963feA221eAaad56484c37efB264Dd',
      _tokens: [Array],
      _protocol: '',
      _tokenBalances: [Object]
    },
    UniswappyV2EthPair {
      _marketAddress: '0xC0E7C8e6FC10f3d52338cdF07988ebd213d87aC9',
      _tokens: [Array],
      _protocol: '',
      _tokenBalances: [Object]
    }
  ],
  '0x54b8a657c75Ee5FFA60dc919BcefA73CC279FF70': [
    UniswappyV2EthPair {
      _marketAddress: '0x373CAF714bad9D51675270D79d687361EAD47Cf1',
      _tokens: [Array],
      _protocol: '',
      _tokenBalances: [Object]
    },
    UniswappyV2EthPair {
      _marketAddress: '0xEB60A35c0Ae0E2382348443F0A223Ad9a67F9F48',
      _tokens: [Array],
      _protocol: '',
      _tokenBalances: [Object]
    }
  ],
  '0x5D0D8eB0D2fF60B4209b5a0c5ea7Dbcb14802935': [
    UniswappyV2EthPair {
      _marketAddress: '0x10032cF0672303F307c9467a58384D43AF3E731E',
      _tokens: [Array],
      _protocol: '',
      _tokenBalances: [Object]
    },
    UniswappyV2EthPair {
      _marketAddress: '0x5a77e6D8038e3046414F958E44dDef7A9cd1f0dc',
      _tokens: [Array],
      _protocol: '',
      _tokenBalances: [Object]
    }
  ],
  '0x9458784486fb00C2D1a8740d5579207c42DBd602': [
    UniswappyV2EthPair {
      _marketAddress: '0xb6D3F482Ed7C7F89BcF90144e188099634D6Ff6F',
      _tokens: [Array],
      _protocol: '',
      _tokenBalances: [Object]
    },
    UniswappyV2EthPair {
      _marketAddress: '0x315ba9DE24997f39f0Ba818F7266f6d01bBCcd9c',
      _tokens: [Array],
      _protocol: '',
      _tokenBalances: [Object]
    }
  ],
  '0x463E737D8F740395ABf44f7aac2D9531D8D539E9': [
    UniswappyV2EthPair {
      _marketAddress: '0x406e830CB196FdCB181160C551803580b4F804eF',
      _tokens: [Array],
      _protocol: '',
      _tokenBalances: [Object]
    },
    UniswappyV2EthPair {
      _marketAddress: '0x20A3DC9C2ac748e3684015209735b7CDd6CA6Ba5',
      _tokens: [Array],
      _protocol: '',
      _tokenBalances: [Object]
    }
  ],
  '0x43f001914C7d347D152f296E8539086fE49F8bD6': [
    UniswappyV2EthPair {
      _marketAddress: '0x4e2b250Eec56f47A3b68b9F15a74C6fc7146A000',
      _tokens: [Array],
      _protocol: '',
      _tokenBalances: [Object]
    },
    UniswappyV2EthPair {
      _marketAddress: '0xAB51b64010Ee0BA562F1F664274a73A47Ce0D2e3',
      _tokens: [Array],
      _protocol: '',
      _tokenBalances: [Object]
    }
  ],
  '0x465a15a3376729E73CD7Ed7Ae65d411DD49f1c7F': [
    UniswappyV2EthPair {
      _marketAddress: '0x345d53021a60A9c377D5619371e09B3BDB090312',
      _tokens: [Array],
      _protocol: '',
      _tokenBalances: [Object]
    },
    UniswappyV2EthPair {
      _marketAddress: '0x26e8a17683caaBe325c74B8C5818DCc11A5164cE',
      _tokens: [Array],
      _protocol: '',
      _tokenBalances: [Object]
    }
  ],
  '0xb54953464c6920c42407bB6Fd5E5Ffc52A85A657': [
    UniswappyV2EthPair {
      _marketAddress: '0x8Ef9Fd09CD7e1102f1bD1C2b22AfDa53e768932B',
      _tokens: [Array],
      _protocol: '',
      _tokenBalances: [Object]
    },
    UniswappyV2EthPair {
      _marketAddress: '0x113f0d19a7B2afa3E5A6528944e2708EE734d36E',
      _tokens: [Array],
      _protocol: '',
      _tokenBalances: [Object]
    }
  ],
  '0xac0C7d9B063eD2C0946982dDB378e03886C064E6': [
    UniswappyV2EthPair {
      _marketAddress: '0xCFeaCFA8F7e0bC24702dC9084c49c7328072D9eD',
      _tokens: [Array],
      _protocol: '',
      _tokenBalances: [Object]
    },
    UniswappyV2EthPair {
      _marketAddress: '0x7D3343BB04D897e928856EB287d2E8E1410EE333',
      _tokens: [Array],
      _protocol: '',
      _tokenBalances: [Object]
    }
  ],
  '0x0FC013E24AE732fcEc9Eb6BF8CAE12782a56bE7E': [
    UniswappyV2EthPair {
      _marketAddress: '0x29aa31907c0cb2ceBeb2BdeC902fb234f41F9D93',
      _tokens: [Array],
      _protocol: '',
      _tokenBalances: [Object]
    },
    UniswappyV2EthPair {
      _marketAddress: '0x078ff84da28ccf740f996E566023ADb29952c33C',
      _tokens: [Array],
      _protocol: '',
      _tokenBalances: [Object]
    }
  ],
  '0x45E4ec2d4e2BA648052F1f08C7c73dFdc0744Fc0': [
    UniswappyV2EthPair {
      _marketAddress: '0x0AF4C338601c8F854C0CF72Bae2052DE03ce857D',
      _tokens: [Array],
      _protocol: '',
      _tokenBalances: [Object]
    },
    UniswappyV2EthPair {
      _marketAddress: '0x3F75f3eCD202C1f1417789C6fc27a5F92330fB35',
      _tokens: [Array],
      _protocol: '',
      _tokenBalances: [Object]
    }
  ],
  '0xc12eCeE46ed65D970EE5C899FCC7AE133AfF9b03': [
    UniswappyV2EthPair {
      _marketAddress: '0xf4F8758Baa31525760f23E572914d7800e82B52D',
      _tokens: [Array],
      _protocol: '',
      _tokenBalances: [Object]
    },
    UniswappyV2EthPair {
      _marketAddress: '0xA1C20579f4eD523060261A2082D011d958D1c77e',
      _tokens: [Array],
      _protocol: '',
      _tokenBalances: [Object]
    }
  ],
  '0xf5E92C325Ea13bBC03bF607c93322A28bf9b7649': [
    UniswappyV2EthPair {
      _marketAddress: '0x30Ea62E18B3Dd9a210F5131981C4e99C393b3658',
      _tokens: [Array],
      _protocol: '',
      _tokenBalances: [Object]
    },
    UniswappyV2EthPair {
      _marketAddress: '0xa3714f6b03683a7382b9bE1eD99C9723D3014111',
      _tokens: [Array],
      _protocol: '',
      _tokenBalances: [Object]
    }
  ],
  '0x16A437Ec46321E674Bf0F9167D44F9e0159E0115': [
    UniswappyV2EthPair {
      _marketAddress: '0x8e1CaE5613eb8327574141b40ca81a91D6c7C24c',
      _tokens: [Array],
      _protocol: '',
      _tokenBalances: [Object]
    },
    UniswappyV2EthPair {
      _marketAddress: '0x633D5c148552906B6a200558F7F800677efED9F8',
      _tokens: [Array],
      _protocol: '',
      _tokenBalances: [Object]
    }
  ],
  '0x4d6d0335E3B715341eB4F10b5751771cbCb7cEa3': [
    UniswappyV2EthPair {
      _marketAddress: '0x7707982FAc6309DA04ece40849aDA998084db76A',
      _tokens: [Array],
      _protocol: '',
      _tokenBalances: [Object]
    },
    UniswappyV2EthPair {
      _marketAddress: '0xdEcA49945Ee4d6F0Da84f59bD13ADdeE2EBAc565',
      _tokens: [Array],
      _protocol: '',
      _tokenBalances: [Object]
    }
  ],
  '0x8F671544a39B2c0905BEaC1C1009389D6922305F': [
    UniswappyV2EthPair {
      _marketAddress: '0x480D35ac1A8B3457F03B094bf1cb020004334b60',
      _tokens: [Array],
      _protocol: '',
      _tokenBalances: [Object]
    },
    UniswappyV2EthPair {
      _marketAddress: '0xeEA0398B41514A8Ce26690C335B6e25aB424e0bE',
      _tokens: [Array],
      _protocol: '',
      _tokenBalances: [Object]
    }
  ],
  '0xfb0d2C64be5cAEAF41BD8C14771C4BB302b52C39': [
    UniswappyV2EthPair {
      _marketAddress: '0x2DfBC4FE4A9aCc3e16f0AbeC5a2915f1E15e57AE',
      _tokens: [Array],
      _protocol: '',
      _tokenBalances: [Object]
    },
    UniswappyV2EthPair {
      _marketAddress: '0x406DfD4A2a5694564D4b181E61EF9ddf63f6f078',
      _tokens: [Array],
      _protocol: '',
      _tokenBalances: [Object]
    }
  ],
  '0xA72a0564d0e887123112e6A4DC1abA7611Ad861d': [
    UniswappyV2EthPair {
      _marketAddress: '0x3c49b4a78fE23A334045ED21D1df35D2f777fA8C',
      _tokens: [Array],
      _protocol: '',
      _tokenBalances: [Object]
    },
    UniswappyV2EthPair {
      _marketAddress: '0xbaFab04E875C36526d878546C10118288296D0bD',
      _tokens: [Array],
      _protocol: '',
      _tokenBalances: [Object]
    }
  ],
  '0x5239fE1A8c0b6ece6AD6009D15315e02B1E7c4Ea': [
    UniswappyV2EthPair {
      _marketAddress: '0xb94d0BC10Ec90bF17738309ff5F2Be0DF8D5613C',
      _tokens: [Array],
      _protocol: '',
      _tokenBalances: [Object]
    },
    UniswappyV2EthPair {
      _marketAddress: '0xe7D530cC866487407d93836194b6b7a47A5C1582',
      _tokens: [Array],
      _protocol: '',
      _tokenBalances: [Object]
    }
  ],
  '0x9bf701E2A701372bD2b1BC43675E0340DbEF555e': [
    UniswappyV2EthPair {
      _marketAddress: '0xAb3255871E1529b071638912F77e1bfE721E4D90',
      _tokens: [Array],
      _protocol: '',
      _tokenBalances: [Object]
    },
    UniswappyV2EthPair {
      _marketAddress: '0x22c20A3dFe8EdBAf501b628251540FBCb1CBF9cA',
      _tokens: [Array],
      _protocol: '',
      _tokenBalances: [Object]
    }
  ],
  '0x117CC8a04eF99FB1cC566919502D7a79dE578EF9': [
    UniswappyV2EthPair {
      _marketAddress: '0x272E2A030d136D55422f54686906F2F3aE9CaB33',
      _tokens: [Array],
      _protocol: '',
      _tokenBalances: [Object]
    },
    UniswappyV2EthPair {
      _marketAddress: '0xABE405Fd4a6eEa2C051d3226Ee5E4bE6Ab80DAd8',
      _tokens: [Array],
      _protocol: '',
      _tokenBalances: [Object]
    }
  ],
  '0xd15CeE1DEaFBad6C0B3Fd7489677Cc102B141464': [
    UniswappyV2EthPair {
      _marketAddress: '0x74bCFB38091731edfe873a8E1d37E00A28aAe8F3',
      _tokens: [Array],
      _protocol: '',
      _tokenBalances: [Object]
    },
    UniswappyV2EthPair {
      _marketAddress: '0xF4232b311c166F00faBE6f5c3294849B589FD9bd',
      _tokens: [Array],
      _protocol: '',
      _tokenBalances: [Object]
    }
  ],
  '0x1311b352467d2B5c296881BaDEA82850bcd8f886': [
    UniswappyV2EthPair {
      _marketAddress: '0xAFd185Ce5efc0AA32DE4539C95E2db1ab3b7b643',
      _tokens: [Array],
      _protocol: '',
      _tokenBalances: [Object]
    },
    UniswappyV2EthPair {
      _marketAddress: '0xFaf877baB8ca8AA75eebAd04aAFb43009f94A645',
      _tokens: [Array],
      _protocol: '',
      _tokenBalances: [Object]
    }
  ],
  '0x893169619461d3ABA810A40b5403c62F27e703F9': [
    UniswappyV2EthPair {
      _marketAddress: '0xeA96C4288A81388AEA21F14B51EE89C6D129B8ED',
      _tokens: [Array],
      _protocol: '',
      _tokenBalances: [Object]
    },
    UniswappyV2EthPair {
      _marketAddress: '0xF76A174BEB64b4773C4442b8c359FCcf5E32a401',
      _tokens: [Array],
      _protocol: '',
      _tokenBalances: [Object]
    }
  ],
  '0x50f4220C82c9325dC99f729C3328FB5c338BEaae': [
    UniswappyV2EthPair {
      _marketAddress: '0x9C1F9A073999981976bDDE2F587713B3966AdD81',
      _tokens: [Array],
      _protocol: '',
      _tokenBalances: [Object]
    },
    UniswappyV2EthPair {
      _marketAddress: '0x45b2eF2ECe32b34D20F6C6caD49043740B05f2A5',
      _tokens: [Array],
      _protocol: '',
      _tokenBalances: [Object]
    }
  ],
  '0x7d2346a977941A193292AE1B6708f37665c603ff': [
    UniswappyV2EthPair {
      _marketAddress: '0x7ee0a5a787951C7686FF79d1f5fAB2E112AA06c0',
      _tokens: [Array],
      _protocol: '',
      _tokenBalances: [Object]
    },
    UniswappyV2EthPair {
      _marketAddress: '0xA801A8558B8Bf19E6970415b04f85743a381fbF2',
      _tokens: [Array],
      _protocol: '',
      _tokenBalances: [Object]
    }
  ],
  '0xe96449817757f928390AFF6F56c6bC6Cd087fF3b': [
    UniswappyV2EthPair {
      _marketAddress: '0xAA70aEF887292df04f731907c208e1C58713c485',
      _tokens: [Array],
      _protocol: '',
      _tokenBalances: [Object]
    },
    UniswappyV2EthPair {
      _marketAddress: '0x293Cab46d4bcC6a55B7e9ce194e4EbcBDEC9e006',
      _tokens: [Array],
      _protocol: '',
      _tokenBalances: [Object]
    }
  ],
  '0x2c41DE2E96aA5EF5807E2D140DB2Ec23316D190D': [
    UniswappyV2EthPair {
      _marketAddress: '0x5444a5212A2fa11e3042aEE06d58C2cac323e8B9',
      _tokens: [Array],
      _protocol: '',
      _tokenBalances: [Object]
    },
    UniswappyV2EthPair {
      _marketAddress: '0x63A3f01f67E22808F717a9b014E4cAB7DD622027',
      _tokens: [Array],
      _protocol: '',
      _tokenBalances: [Object]
    }
  ],
  '0x5a6e04877b457C22c1BDc025DCfAb7e2b3cdF762': [
    UniswappyV2EthPair {
      _marketAddress: '0x2e8C448D87b0C3Af1fF038508b245486E76176A2',
      _tokens: [Array],
      _protocol: '',
      _tokenBalances: [Object]
    },
    UniswappyV2EthPair {
      _marketAddress: '0x88EEd0a487d043298198225A17a7b41FA7621707',
      _tokens: [Array],
      _protocol: '',
      _tokenBalances: [Object]
    }
  ],
  '0x3c592c181Da76c4b98Ec0B8209164392e31a68fF': [
    UniswappyV2EthPair {
      _marketAddress: '0xCab0f0Fe17Dd03A5ada58BA7f78bb763Bf055E71',
      _tokens: [Array],
      _protocol: '',
      _tokenBalances: [Object]
    },
    UniswappyV2EthPair {
      _marketAddress: '0xd75fcEc90D9c6a165b279e4CD9f210630A58243A',
      _tokens: [Array],
      _protocol: '',
      _tokenBalances: [Object]
    }
  ],
  '0x9DB64eF2b05c39015DAFaD5e5563cb9359faE899': [
    UniswappyV2EthPair {
      _marketAddress: '0x862FBe5173B670690DCe9Ce6c302a8Ed67F03b5B',
      _tokens: [Array],
      _protocol: '',
      _tokenBalances: [Object]
    },
    UniswappyV2EthPair {
      _marketAddress: '0xA1CB511EEFF98c2b15C9e3424F376500e0B8d53f',
      _tokens: [Array],
      _protocol: '',
      _tokenBalances: [Object]
    }
  ],
  '0xfBF27FEfc9ce7a46635b1cA74b76C36C4fef8C43': [
    UniswappyV2EthPair {
      _marketAddress: '0x670D6CEc1794DCeFf4659954AA22EB488ea0e093',
      _tokens: [Array],
      _protocol: '',
      _tokenBalances: [Object]
    },
    UniswappyV2EthPair {
      _marketAddress: '0x503bcF27172EA48C564588B49dfb8b653a340601',
      _tokens: [Array],
      _protocol: '',
      _tokenBalances: [Object]
    }
  ],
  '0xf93Bf375d759fc3E37B165411a6cC3C7D1b28078': [
    UniswappyV2EthPair {
      _marketAddress: '0x1e6BC36aCc0907F75057bD2d345041cfA6283310',
      _tokens: [Array],
      _protocol: '',
      _tokenBalances: [Object]
    },
    UniswappyV2EthPair {
      _marketAddress: '0xae692178698DF13C949D1b17279a8712958C63c9',
      _tokens: [Array],
      _protocol: '',
      _tokenBalances: [Object]
    }
  ],
  '0x24112564723B3DfaA016aB3f7CC351fC8e405766': [
    UniswappyV2EthPair {
      _marketAddress: '0xc7Afe2bf524ffaA383771BC655b651c906bD49b8',
      _tokens: [Array],
      _protocol: '',
      _tokenBalances: [Object]
    },
    UniswappyV2EthPair {
      _marketAddress: '0xE0498cC56762306bA5e60a59109726B578B4634d',
      _tokens: [Array],
      _protocol: '',
      _tokenBalances: [Object]
    }
  ],
  '0x70b07c239EDA4C3ea514CaBba0B2e69d1406E281': [
    UniswappyV2EthPair {
      _marketAddress: '0x86CAD57eEFAfc9224cc203895dc687a354eDa00d',
      _tokens: [Array],
      _protocol: '',
      _tokenBalances: [Object]
    },
    UniswappyV2EthPair {
      _marketAddress: '0xA93405C97375ecA51Ec7E6fF3B8F24D71FB81793',
      _tokens: [Array],
      _protocol: '',
      _tokenBalances: [Object]
    }
  ],
  '0xeC0457846b122a74bE6A37FBf93E14f442978072': [
    UniswappyV2EthPair {
      _marketAddress: '0x38E1437c2036e67548a2A420A14251970894b234',
      _tokens: [Array],
      _protocol: '',
      _tokenBalances: [Object]
    },
    UniswappyV2EthPair {
      _marketAddress: '0xb59788AcCc264500cA27a7DE40E4fe6A5504D03c',
      _tokens: [Array],
      _protocol: '',
      _tokenBalances: [Object]
    }
  ],
  '0x17bc015607Fdf93e7C949e9Ca22f96907cFBeF88': [
    UniswappyV2EthPair {
      _marketAddress: '0x8085103290FBd04529Dd6721764a7E4577e82eE8',
      _tokens: [Array],
      _protocol: '',
      _tokenBalances: [Object]
    },
    UniswappyV2EthPair {
      _marketAddress: '0x69777b6E37b2da9b60746E6A269c113f3ddfd5A3',
      _tokens: [Array],
      _protocol: '',
      _tokenBalances: [Object]
    }
  ],
  '0x0E900AA6ed4244c43d597E6d2F8Fb3994303ED99': [
    UniswappyV2EthPair {
      _marketAddress: '0x621B971599211fFA33D80AB779d172157E7ce355',
      _tokens: [Array],
      _protocol: '',
      _tokenBalances: [Object]
    },
    UniswappyV2EthPair {
      _marketAddress: '0x4eF3Dd1df7A02f6F562ED6cc9f56Fb67C18dE8AE',
      _tokens: [Array],
      _protocol: '',
      _tokenBalances: [Object]
    }
  ],
  '0xd59288e070C7E37dBC343E219cefb33e33BAD656': [
    UniswappyV2EthPair {
      _marketAddress: '0x8B2e6f135d0a1B5f781ac49938a7786E5e32250A',
      _tokens: [Array],
      _protocol: '',
      _tokenBalances: [Object]
    },
    UniswappyV2EthPair {
      _marketAddress: '0xBa5DA00FD53AA84C2CF8B6101a63D3A31E5b50F9',
      _tokens: [Array],
      _protocol: '',
      _tokenBalances: [Object]
    }
  ],
  '0x397A73E4af08604253eA1b7B17Cb5D8a9b93c9fb': [
    UniswappyV2EthPair {
      _marketAddress: '0xf4DDedF24217A22096D4129c14731A895b07801F',
      _tokens: [Array],
      _protocol: '',
      _tokenBalances: [Object]
    },
    UniswappyV2EthPair {
      _marketAddress: '0x601F811F259dFC73B68dADa8b6D84cAa840A7795',
      _tokens: [Array],
      _protocol: '',
      _tokenBalances: [Object]
    }
  ],
  '0x7755295CD23362826fCab5772e9F56AB43dE31D0': [
    UniswappyV2EthPair {
      _marketAddress: '0x63147ddfAa79BAB3C8B58e6917d324843eae4F71',
      _tokens: [Array],
      _protocol: '',
      _tokenBalances: [Object]
    },
    UniswappyV2EthPair {
      _marketAddress: '0x1dAD71014928354231a6013Dc9C8038C94DDC848',
      _tokens: [Array],
      _protocol: '',
      _tokenBalances: [Object]
    }
  ],
  '0x3ebb316D8c387ef235BAa38978cbB9B97C8C3017': [
    UniswappyV2EthPair {
      _marketAddress: '0x875f42201986541b9B8A5f97d818ba38EaD21074',
      _tokens: [Array],
      _protocol: '',
      _tokenBalances: [Object]
    },
    UniswappyV2EthPair {
      _marketAddress: '0x8B200cb3b510fce85E53f54E287FdFcBA9F96be9',
      _tokens: [Array],
      _protocol: '',
      _tokenBalances: [Object]
    }
  ],
  '0xe2D5FC44773D8704Afb0b1e64A6588155c121d8B': [
    UniswappyV2EthPair {
      _marketAddress: '0xC409f20a08d5Df924A199bdA08C2d17d3BBE33C9',
      _tokens: [Array],
      _protocol: '',
      _tokenBalances: [Object]
    },
    UniswappyV2EthPair {
      _marketAddress: '0x796c54258512b9B90bC0C1EBCc7D002a14A4936c',
      _tokens: [Array],
      _protocol: '',
      _tokenBalances: [Object]
    }
  ],
  '0xA3294a571b4526310332A6602A3dec110125aF61': [
    UniswappyV2EthPair {
      _marketAddress: '0xb36d71D6737a40eAd222a8045a06100314Ac6F43',
      _tokens: [Array],
      _protocol: '',
      _tokenBalances: [Object]
    },
    UniswappyV2EthPair {
      _marketAddress: '0xE34f4c92D6c652115837e1dEE72cBC2EB9cf693a',
      _tokens: [Array],
      _protocol: '',
      _tokenBalances: [Object]
    }
  ],
  '0x4208D8d500B1643DcA98dD27bA6C0060BcA311c5': [
    UniswappyV2EthPair {
      _marketAddress: '0x5ad900965560F25d68A5006911dC060C09f06934',
      _tokens: [Array],
      _protocol: '',
      _tokenBalances: [Object]
    },
    UniswappyV2EthPair {
      _marketAddress: '0xab3184A3992b3079539581b7F47f5b5A8bb816AA',
      _tokens: [Array],
      _protocol: '',
      _tokenBalances: [Object]
    }
  ],
  '0x50D370cc853217099Bef3815FaaBfc563139eC2A': [
    UniswappyV2EthPair {
      _marketAddress: '0xec4dEb5cE28CE3d9E97eF03011C5d9BdD13Fe346',
      _tokens: [Array],
      _protocol: '',
      _tokenBalances: [Object]
    },
    UniswappyV2EthPair {
      _marketAddress: '0x38232dCDF2d42e201Cef3d3825674418273564D1',
      _tokens: [Array],
      _protocol: '',
      _tokenBalances: [Object]
    }
  ],
  '0x9065fcbb5f73B908aC4B05BdB81601Eec2065522': [
    UniswappyV2EthPair {
      _marketAddress: '0x4C494c56344CE358ab9dFC6127cF8d876ef6D74f',
      _tokens: [Array],
      _protocol: '',
      _tokenBalances: [Object]
    },
    UniswappyV2EthPair {
      _marketAddress: '0xdc9255e49B6828B34C92deBef597723eabc31Edf',
      _tokens: [Array],
      _protocol: '',
      _tokenBalances: [Object]
    }
  ],
  '0xF87B5c7F7061FC261F176F23683a67D8dA44AeF3': [
    UniswappyV2EthPair {
      _marketAddress: '0x970614F2667075c4E1C5976A7B0850AA15701419',
      _tokens: [Array],
      _protocol: '',
      _tokenBalances: [Object]
    },
    UniswappyV2EthPair {
      _marketAddress: '0x84d4c5b582b33BEA115e5BD0D5e97b540BFE6B8E',
      _tokens: [Array],
      _protocol: '',
      _tokenBalances: [Object]
    }
  ],
  '0xa58968A07b9fc6F53dEc772486C8309320765Ab3': [
    UniswappyV2EthPair {
      _marketAddress: '0xc17E888DBCB039141325AFfA015375483e63129F',
      _tokens: [Array],
      _protocol: '',
      _tokenBalances: [Object]
    },
    UniswappyV2EthPair {
      _marketAddress: '0x18de4E9563a370f929FdE61e28c904E6B1C5980c',
      _tokens: [Array],
      _protocol: '',
      _tokenBalances: [Object]
    }
  ],
  '0x18aCf236eB40c0d4824Fb8f2582EBbEcD325Ef6a': [
    UniswappyV2EthPair {
      _marketAddress: '0xbB3d79bCFb5b41b6250668bec5624bD1C99BFb6c',
      _tokens: [Array],
      _protocol: '',
      _tokenBalances: [Object]
    },
    UniswappyV2EthPair {
      _marketAddress: '0x68CF7E43551156B8c8A4fA59fa8B6941AF55aE5B',
      _tokens: [Array],
      _protocol: '',
      _tokenBalances: [Object]
    }
  ],
  '0xE4207E378Ff9Aa805729ce36415dA13373fa0e35': [
    UniswappyV2EthPair {
      _marketAddress: '0x7552927b229446D300D371294e41ADA0eeb911E0',
      _tokens: [Array],
      _protocol: '',
      _tokenBalances: [Object]
    },
    UniswappyV2EthPair {
      _marketAddress: '0xD2985D6265E21f3f47A89Ff9a8E14F7f79e680a0',
      _tokens: [Array],
      _protocol: '',
      _tokenBalances: [Object]
    }
  ],
  '0x9510b145010f0eAc5a3aefd9a5A07A0a14B2241d': [
    UniswappyV2EthPair {
      _marketAddress: '0x3952faC2F2C54b9770eD373e686E6348f82A4249',
      _tokens: [Array],
      _protocol: '',
      _tokenBalances: [Object]
    },
    UniswappyV2EthPair {
      _marketAddress: '0xE6BDEa4578329b908461EB76A6705fa18b22a1C6',
      _tokens: [Array],
      _protocol: '',
      _tokenBalances: [Object]
    }
  ],
  '0x9130Ae8e2826947cf8B6a06333890b4E8A1667c7': [
    UniswappyV2EthPair {
      _marketAddress: '0x1de2f2723e8f69401654de7097CAC8C5ceC352f9',
      _tokens: [Array],
      _protocol: '',
      _tokenBalances: [Object]
    },
    UniswappyV2EthPair {
      _marketAddress: '0xf1D3be287E15512b29609fD7c107C572A1b3880A',
      _tokens: [Array],
      _protocol: '',
      _tokenBalances: [Object]
    }
  ],
  '0x98369d5e8fDEc381e340d9a835898cA8Bf5ADdE6': [
    UniswappyV2EthPair {
      _marketAddress: '0x217Fb825eaBFd7a82Cb32289a00B48Ee7CA7f565',
      _tokens: [Array],
      _protocol: '',
      _tokenBalances: [Object]
    },
    UniswappyV2EthPair {
      _marketAddress: '0x6a6AaD3e91a6d51D5CE808A54665CC28E164078F',
      _tokens: [Array],
      _protocol: '',
      _tokenBalances: [Object]
    }
  ],
  '0x40B34cC972908060D6d527276e17c105d224559d': [
    UniswappyV2EthPair {
      _marketAddress: '0x4876c251F5A5456c3d0a9064514004598e0d8Bc7',
      _tokens: [Array],
      _protocol: '',
      _tokenBalances: [Object]
    },
    UniswappyV2EthPair {
      _marketAddress: '0x957811B37e74E1A140F7cCedf1935E9a6a82C33c',
      _tokens: [Array],
      _protocol: '',
      _tokenBalances: [Object]
    }
  ],
  '0xD3BDA597E17764F099983eb118607cC02D05cefe': [
    UniswappyV2EthPair {
      _marketAddress: '0x4790d529911B716C29FfA72423451d7239BE5A98',
      _tokens: [Array],
      _protocol: '',
      _tokenBalances: [Object]
    },
    UniswappyV2EthPair {
      _marketAddress: '0x159CC1410D2757F34189A6731D1E4bC5d4fad7E7',
      _tokens: [Array],
      _protocol: '',
      _tokenBalances: [Object]
    }
  ],
  '0x5f7f83B51f26CC277D20738B7099B5a5caA356A0': [
    UniswappyV2EthPair {
      _marketAddress: '0x2354ef624c5a471A86Ff019ef32Baf2d758F4Bd5',
      _tokens: [Array],
      _protocol: '',
      _tokenBalances: [Object]
    },
    UniswappyV2EthPair {
      _marketAddress: '0x1012c3bE742f1EB345Bd9a16661873158EB758a5',
      _tokens: [Array],
      _protocol: '',
      _tokenBalances: [Object]
    }
  ],
  '0x0D1A15b277d25598144593836E5C6C20d427b61D': [
    UniswappyV2EthPair {
      _marketAddress: '0x27a31115c58b207A7fa87D3C6e19ff62152BbF42',
      _tokens: [Array],
      _protocol: '',
      _tokenBalances: [Object]
    },
    UniswappyV2EthPair {
      _marketAddress: '0xf1a825c397A43b7c42832887e962e5E708EbdA08',
      _tokens: [Array],
      _protocol: '',
      _tokenBalances: [Object]
    }
  ],
  '0xce39EA13F2F934C9D75987A080449C790Cd64e6a': [
    UniswappyV2EthPair {
      _marketAddress: '0xECdb49224D3A3aEC84983445f3C9B486f3473658',
      _tokens: [Array],
      _protocol: '',
      _tokenBalances: [Object]
    },
    UniswappyV2EthPair {
      _marketAddress: '0xD7Ce278C5Cbe41D8307510c4CF816462491CBBE5',
      _tokens: [Array],
      _protocol: '',
      _tokenBalances: [Object]
    }
  ],
  '0xb75d611a50d52e0BC827Cd1579a158914A324351': [
    UniswappyV2EthPair {
      _marketAddress: '0x78AB1E13DB758d56C62daA4b7096Ef0C9B2aeF6F',
      _tokens: [Array],
      _protocol: '',
      _tokenBalances: [Object]
    },
    UniswappyV2EthPair {
      _marketAddress: '0x37190e154f9aDA21fA92dd3944023766EB7f8A39',
      _tokens: [Array],
      _protocol: '',
      _tokenBalances: [Object]
    }
  ],
  '0x0A232cb2005Bda62D3DE7Ab5DEb3ffe4c456165a': [
    UniswappyV2EthPair {
      _marketAddress: '0x668765Fd5Ce2F9f66a27BBBCa76c129aA8C45D90',
      _tokens: [Array],
      _protocol: '',
      _tokenBalances: [Object]
    },
    UniswappyV2EthPair {
      _marketAddress: '0x33a23558EB1ef3139dcf3a0484ad59C6e9755bEb',
      _tokens: [Array],
      _protocol: '',
      _tokenBalances: [Object]
    }
  ],
  '0xA527a61703D82139F8a06Bc30097cC9CAA2df5A6': [
    UniswappyV2EthPair {
      _marketAddress: '0x44a67D9CAc0cddB6d9fE29F035D248b31e639E2d',
      _tokens: [Array],
      _protocol: '',
      _tokenBalances: [Object]
    },
    UniswappyV2EthPair {
      _marketAddress: '0x86EB83750eB474E8e5506A57F288A92d70777487',
      _tokens: [Array],
      _protocol: '',
      _tokenBalances: [Object]
    }
  ],
  '0xd8711D1Df177Eb8A64846DA70a587611024ce5f5': [
    UniswappyV2EthPair {
      _marketAddress: '0x08F465dD140aafbD662b5c57180c4B1746362Fe2',
      _tokens: [Array],
      _protocol: '',
      _tokenBalances: [Object]
    },
    UniswappyV2EthPair {
      _marketAddress: '0xA04A57856fE35A97D26591a50D250692628e8A22',
      _tokens: [Array],
      _protocol: '',
      _tokenBalances: [Object]
    }
  ],
  '0xbe3E4CFD929156F612DF36042D79201Ecf5344D7': [
    UniswappyV2EthPair {
      _marketAddress: '0xA116fB7cF3B5fc7d02d31A0604A4Dfbb0b54eA96',
      _tokens: [Array],
      _protocol: '',
      _tokenBalances: [Object]
    },
    UniswappyV2EthPair {
      _marketAddress: '0x01Ac721cb5D518F7ed58C1F4Aa9820A31649cdf5',
      _tokens: [Array],
      _protocol: '',
      _tokenBalances: [Object]
    }
  ],
  '0x2AE7Bf2937F47FEDbDcE48db8aCa4c5e0b814632': [
    UniswappyV2EthPair {
      _marketAddress: '0xE238dF45B7fE61463AEffc1cF415bC39da9647e6',
      _tokens: [Array],
      _protocol: '',
      _tokenBalances: [Object]
    },
    UniswappyV2EthPair {
      _marketAddress: '0xb8099d8d76321BFa98e82A4E89347053fA699d20',
      _tokens: [Array],
      _protocol: '',
      _tokenBalances: [Object]
    }
  ],
  '0x4B4c5D87fa1aFE3365Fa1ee9cb6c38cC6FAB8fEf': [
    UniswappyV2EthPair {
      _marketAddress: '0x6D687c0f6CB276406b9b6f6A88E49BD09aA4D2de',
      _tokens: [Array],
      _protocol: '',
      _tokenBalances: [Object]
    },
    UniswappyV2EthPair {
      _marketAddress: '0x04820Cb26E4927415Ae8f835716Ef85220d659d5',
      _tokens: [Array],
      _protocol: '',
      _tokenBalances: [Object]
    }
  ],
  '0xf3DBB49999B25c9D6641a9423C7ad84168D00071': [
    UniswappyV2EthPair {
      _marketAddress: '0x2Aec0b613DF9A978f3D95c4188792952Ce1A5023',
      _tokens: [Array],
      _protocol: '',
      _tokenBalances: [Object]
    },
    UniswappyV2EthPair {
      _marketAddress: '0x1DF6579Daef94723b82902a964605092386662bA',
      _tokens: [Array],
      _protocol: '',
      _tokenBalances: [Object]
    }
  ],
  '0xad53995865543e1aFD11B17C94C63E33feD5aC8E': [
    UniswappyV2EthPair {
      _marketAddress: '0x2fF9a5C2cBab30d16eD376Ef0df8241Ea2A35b43',
      _tokens: [Array],
      _protocol: '',
      _tokenBalances: [Object]
    },
    UniswappyV2EthPair {
      _marketAddress: '0x61580C6fCA0C20060F6f723AdeECF7B2c4c6a83B',
      _tokens: [Array],
      _protocol: '',
      _tokenBalances: [Object]
    }
  ],
  '0x8E9f5173e16Ff93F81579d73A7f9723324d6B6aF': [
    UniswappyV2EthPair {
      _marketAddress: '0x1382e333a437143a03037A95b86048b1702b7887',
      _tokens: [Array],
      _protocol: '',
      _tokenBalances: [Object]
    },
    UniswappyV2EthPair {
      _marketAddress: '0x8425224C679FC7E864453d2cd5fE5414CacF46c0',
      _tokens: [Array],
      _protocol: '',
      _tokenBalances: [Object]
    }
  ],
  '0xE55bcc7B12294Dd11F02b554566ef6e7BBa7d14c': [
    UniswappyV2EthPair {
      _marketAddress: '0x319C58CF3b7576b407104a5A7973A6108FAb0D3D',
      _tokens: [Array],
      _protocol: '',
      _tokenBalances: [Object]
    },
    UniswappyV2EthPair {
      _marketAddress: '0xCc1Ca32b9F075720E5633f77aecDde1A3017708E',
      _tokens: [Array],
      _protocol: '',
      _tokenBalances: [Object]
    }
  ],
  '0x119Bea1c1CfCf6aB6245E51bb51753a5Acc1B395': [
    UniswappyV2EthPair {
      _marketAddress: '0x7D26a42189958A0ec4BFfD7311ce44f248118378',
      _tokens: [Array],
      _protocol: '',
      _tokenBalances: [Object]
    },
    UniswappyV2EthPair {
      _marketAddress: '0x4343Bd19f82F2f6752D1a3402AedA7a186747e20',
      _tokens: [Array],
      _protocol: '',
      _tokenBalances: [Object]
    }
  ],
  '0xfAEce5aCc269774Eb1D544Ee8D45671A55516296': [
    UniswappyV2EthPair {
      _marketAddress: '0xd216A66eCCeb2c9f19d5d156F057C0348187a17D',
      _tokens: [Array],
      _protocol: '',
      _tokenBalances: [Object]
    },
    UniswappyV2EthPair {
      _marketAddress: '0xf0Ad357f0342826f9D44558AFa87847E78e4465C',
      _tokens: [Array],
      _protocol: '',
      _tokenBalances: [Object]
    }
  ],
  '0xBc999d8B9DDB8dcE4Db4383114E68e1650439416': [
    UniswappyV2EthPair {
      _marketAddress: '0xF3CCBa50f0386929C4847010234D25c3201E8223',
      _tokens: [Array],
      _protocol: '',
      _tokenBalances: [Object]
    },
    UniswappyV2EthPair {
      _marketAddress: '0x55c947D98Fd28c564b6beA84C8A06d5e16d9506f',
      _tokens: [Array],
      _protocol: '',
      _tokenBalances: [Object]
    }
  ],
  '0x2F0D21f1B84F03fB9D60004fc206C86Be6902a32': [
    UniswappyV2EthPair {
      _marketAddress: '0xC78b1dC5cA3a6f71f2B5e2f4B9874d1578C6Ae90',
      _tokens: [Array],
      _protocol: '',
      _tokenBalances: [Object]
    },
    UniswappyV2EthPair {
      _marketAddress: '0x1ef4674486E066515Fa57E9c75e372e7E4F10fdc',
      _tokens: [Array],
      _protocol: '',
      _tokenBalances: [Object]
    }
  ],
  '0x7EF548Ee7cA0855B18cC5372BD9A34678da43658': [
    UniswappyV2EthPair {
      _marketAddress: '0xD78507c397FE66043a3cFAF9921164BD2015b7be',
      _tokens: [Array],
      _protocol: '',
      _tokenBalances: [Object]
    },
    UniswappyV2EthPair {
      _marketAddress: '0xA103A01A841061AD8e09B1B43819C89D843B91A8',
      _tokens: [Array],
      _protocol: '',
      _tokenBalances: [Object]
    }
  ],
  '0xe3E1FabEaBD48491bD6902B0c32FDEee8D2Ff12b': [
    UniswappyV2EthPair {
      _marketAddress: '0xce7f96a376f7Ade0E447273E86774df886FA4C90',
      _tokens: [Array],
      _protocol: '',
      _tokenBalances: [Object]
    },
    UniswappyV2EthPair {
      _marketAddress: '0xD8A8B959c2C570aF0CA53a6118Df192e6e1b00c6',
      _tokens: [Array],
      _protocol: '',
      _tokenBalances: [Object]
    }
  ],
  '0x2bf5b0Df27F31388D5b825B39Bd752BEd6C7f7e9': [
    UniswappyV2EthPair {
      _marketAddress: '0xc36BA8354c5CC1CE79BfbE7b25e6bC392F79213a',
      _tokens: [Array],
      _protocol: '',
      _tokenBalances: [Object]
    },
    UniswappyV2EthPair {
      _marketAddress: '0x2C16687c659790994450987a710067794E4ac520',
      _tokens: [Array],
      _protocol: '',
      _tokenBalances: [Object]
    }
  ],
  '0x780207B8C0Fdc32cF60E957415bFa1f2d4d9718c': [
    UniswappyV2EthPair {
      _marketAddress: '0xbcDF24534FC7614754143537029BDAC227593ADc',
      _tokens: [Array],
      _protocol: '',
      _tokenBalances: [Object]
    },
    UniswappyV2EthPair {
      _marketAddress: '0xAD9501D37F7d919b38fDBF60d193F3E64a843B20',
      _tokens: [Array],
      _protocol: '',
      _tokenBalances: [Object]
    }
  ],
  '0xDc661984735b535210CB1f52f86cc58616024192': [
    UniswappyV2EthPair {
      _marketAddress: '0xbDb7B14DFeE5E36B61159DD1bDf12ddDC68FAb85',
      _tokens: [Array],
      _protocol: '',
      _tokenBalances: [Object]
    },
    UniswappyV2EthPair {
      _marketAddress: '0x3D2BB5e65EB6D54f36791e242d726db1d5041f59',
      _tokens: [Array],
      _protocol: '',
      _tokenBalances: [Object]
    }
  ],
  '0x26F399fD3Bd1C52cdE04C24Bdc60d5B193E73B79': [
    UniswappyV2EthPair {
      _marketAddress: '0xBf2caff1f543032B5f43E8Ad4db1890F3D219EbE',
      _tokens: [Array],
      _protocol: '',
      _tokenBalances: [Object]
    },
    UniswappyV2EthPair {
      _marketAddress: '0xE145D193370D687FD642EE5E0bDC621B0631e8Ce',
      _tokens: [Array],
      _protocol: '',
      _tokenBalances: [Object]
    }
  ],
  '0x406eC933Bd493D12da040f3F4a97ee3f5F8711AF': [
    UniswappyV2EthPair {
      _marketAddress: '0xEAa920740Bce1652e5af182a83a15E1714669e65',
      _tokens: [Array],
      _protocol: '',
      _tokenBalances: [Object]
    },
    UniswappyV2EthPair {
      _marketAddress: '0x04fe4715fCc51df854CC0183369f15c0a5b7C851',
      _tokens: [Array],
      _protocol: '',
      _tokenBalances: [Object]
    }
  ],
  '0x709792Ad37107cd45f79873d7532216C14a36F33': [
    UniswappyV2EthPair {
      _marketAddress: '0xA9cEA67A7b9183Be40b7b2197Ec88c6BB5904851',
      _tokens: [Array],
      _protocol: '',
      _tokenBalances: [Object]
    },
    UniswappyV2EthPair {
      _marketAddress: '0x2e2946d0b99eDc71a3186D1E6F18b89935A3A490',
      _tokens: [Array],
      _protocol: '',
      _tokenBalances: [Object]
    }
  ],
  '0xbbD93F306d195455A278A271FC21C82EBdCa67cd': [
    UniswappyV2EthPair {
      _marketAddress: '0x052B75Cc1dBB713FAB13C89597965453555d4fA1',
      _tokens: [Array],
      _protocol: '',
      _tokenBalances: [Object]
    },
    UniswappyV2EthPair {
      _marketAddress: '0xC7B92Bd4B0eee0c2B892c40B5b86c83B07Bd5837',
      _tokens: [Array],
      _protocol: '',
      _tokenBalances: [Object]
    }
  ],
  '0xE5fC8F5ab8574D26D6Af6bE84A7cf4C3c2B4a456': [
    UniswappyV2EthPair {
      _marketAddress: '0x1A9517CAD0e8789cf392FEE4a27a149ea58Ff118',
      _tokens: [Array],
      _protocol: '',
      _tokenBalances: [Object]
    },
    UniswappyV2EthPair {
      _marketAddress: '0xA2814a2d59C16d5E59bE675b5b7df4e439954BF0',
      _tokens: [Array],
      _protocol: '',
      _tokenBalances: [Object]
    }
  ],
  '0x88afd496d5497a65DC590Cd156d50D3867094e66': [
    UniswappyV2EthPair {
      _marketAddress: '0xBeEC499594845F0D0b1F0531C4fD60bc7b08d894',
      _tokens: [Array],
      _protocol: '',
      _tokenBalances: [Object]
    },
    UniswappyV2EthPair {
      _marketAddress: '0x48910E03FDfb7Df8d07d01Db0C80E21C5e04DC8e',
      _tokens: [Array],
      _protocol: '',
      _tokenBalances: [Object]
    }
  ],
  '0x593d6431a8932e2226C073012b46402d6a1495f2': [
    UniswappyV2EthPair {
      _marketAddress: '0x97781A4b74Ba6B22d3F8b979eDeeF8C9a840Bff4',
      _tokens: [Array],
      _protocol: '',
      _tokenBalances: [Object]
    },
    UniswappyV2EthPair {
      _marketAddress: '0x59FD764907F926D2b24CB922248B6b88D1dDF8C6',
      _tokens: [Array],
      _protocol: '',
      _tokenBalances: [Object]
    }
  ],
  '0xD9c2D319Cd7e6177336b0a9c93c21cb48d84Fb54': [
    UniswappyV2EthPair {
      _marketAddress: '0x156658415Ea23fee627255260b2e52db4E765124',
      _tokens: [Array],
      _protocol: '',
      _tokenBalances: [Object]
    },
    UniswappyV2EthPair {
      _marketAddress: '0x286384f741ecfa2311A9517051534cA1d4a34289',
      _tokens: [Array],
      _protocol: '',
      _tokenBalances: [Object]
    }
  ],
  '0xAC6941d2FA22732E8D6253C0Eac208574C9DCA2e': [
    UniswappyV2EthPair {
      _marketAddress: '0x6fF67fa69428454F641309457b7bc848641F23F3',
      _tokens: [Array],
      _protocol: '',
      _tokenBalances: [Object]
    },
    UniswappyV2EthPair {
      _marketAddress: '0x6bC7A4D31a136CBA63A243ed65b5816fcD0272b1',
      _tokens: [Array],
      _protocol: '',
      _tokenBalances: [Object]
    }
  ],
  '0x16C2EB8f4dE2C31B6CD802f77396e73538a67aD4': [
    UniswappyV2EthPair {
      _marketAddress: '0x2EFB2071a334E9b95c5FBEE7A78f9aE87D321585',
      _tokens: [Array],
      _protocol: '',
      _tokenBalances: [Object]
    },
    UniswappyV2EthPair {
      _marketAddress: '0x5f66D6a1419B864782332D9f25D6282714bf546a',
      _tokens: [Array],
      _protocol: '',
      _tokenBalances: [Object]
    }
  ],
  '0xde6699e4175650e56A5CA164d55cf941b4cF0f31': [
    UniswappyV2EthPair {
      _marketAddress: '0xF858476446d90a16109A52ab42d5c4F7E34EB789',
      _tokens: [Array],
      _protocol: '',
      _tokenBalances: [Object]
    },
    UniswappyV2EthPair {
      _marketAddress: '0x0dBaa06624aFCFACc479065bb39De469499D5C5B',
      _tokens: [Array],
      _protocol: '',
      _tokenBalances: [Object]
    }
  ],
  '0x37302c8E66C5b7Cd401268Ba3BB6BDE2b694Fcc7': [
    UniswappyV2EthPair {
      _marketAddress: '0x60C75ADCBCeAA3aF3A4f85438Ae3D303B163c73D',
      _tokens: [Array],
      _protocol: '',
      _tokenBalances: [Object]
    },
    UniswappyV2EthPair {
      _marketAddress: '0x903B26d05B659B0E4E8FA848cc304d849097C180',
      _tokens: [Array],
      _protocol: '',
      _tokenBalances: [Object]
    }
  ],
  '0x11d22a87Cf41f28F52082e3babfC6222c17Ee265': [
    UniswappyV2EthPair {
      _marketAddress: '0x41925fde2891241e0eD77a5C8D1F8a2384D3e951',
      _tokens: [Array],
      _protocol: '',
      _tokenBalances: [Object]
    },
    UniswappyV2EthPair {
      _marketAddress: '0x0b22a74080dc4DA9b37611b49fa380150AA8bfcF',
      _tokens: [Array],
      _protocol: '',
      _tokenBalances: [Object]
    }
  ],
  '0x03D6BD3d48F956D783456695698C407A46ecD54d': [
    UniswappyV2EthPair {
      _marketAddress: '0x8D907ABa2E5A778F74f905DE0c3e4F08b2971937',
      _tokens: [Array],
      _protocol: '',
      _tokenBalances: [Object]
    },
    UniswappyV2EthPair {
      _marketAddress: '0x3e34F237470b6cbD27Ed4901E27104600D376137',
      _tokens: [Array],
      _protocol: '',
      _tokenBalances: [Object]
    }
  ],
  '0x459AF65245d0E40eFa29c95d394c1E90c69c22B9': [
    UniswappyV2EthPair {
      _marketAddress: '0x3EFb1e37094F11f36d579FE44De28235C60dfd41',
      _tokens: [Array],
      _protocol: '',
      _tokenBalances: [Object]
    },
    UniswappyV2EthPair {
      _marketAddress: '0xBbb20Dc6b232993d9916Af41f43de476afd9bf49',
      _tokens: [Array],
      _protocol: '',
      _tokenBalances: [Object]
    }
  ],
  '0x6284B49544c8900B4612f8450DCE8D484E5c2631': [
    UniswappyV2EthPair {
      _marketAddress: '0x2a03aaE56De236DbF4E6E1cDAAE907d6Ca22607C',
      _tokens: [Array],
      _protocol: '',
      _tokenBalances: [Object]
    },
    UniswappyV2EthPair {
      _marketAddress: '0x9DA223360aBC58854abeCf0936F6bEAB9138BC6f',
      _tokens: [Array],
      _protocol: '',
      _tokenBalances: [Object]
    }
  ],
  '0x2849b1aE7E04A3D9Bc288673A92477CF63F28aF4': [
    UniswappyV2EthPair {
      _marketAddress: '0xA3A64a4dc2DCAFEccb6DE276219C3c79FeEB252a',
      _tokens: [Array],
      _protocol: '',
      _tokenBalances: [Object]
    },
    UniswappyV2EthPair {
      _marketAddress: '0x6284B49544c8900B4612f8450DCE8D484E5c2631',
      _tokens: [Array],
      _protocol: '',
      _tokenBalances: [Object]
    }
  ],
  '0x565D931cBa7C7E1af3925f77124D5e2d68311BBE': [
    UniswappyV2EthPair {
      _marketAddress: '0x387EBC2c7A024Da73ccFA8C9959438b65e4a417a',
      _tokens: [Array],
      _protocol: '',
      _tokenBalances: [Object]
    },
    UniswappyV2EthPair {
      _marketAddress: '0xFd485038390791E18e5BB7CB4239c11e7966e4a3',
      _tokens: [Array],
      _protocol: '',
      _tokenBalances: [Object]
    }
  ],
  '0xc643a3c22Ec79bE05Bb242dFe31D3C08e9Ad3775': [
    UniswappyV2EthPair {
      _marketAddress: '0xe9F968754b7b2dc93D90b4507534af3B9c0Ce973',
      _tokens: [Array],
      _protocol: '',
      _tokenBalances: [Object]
    },
    UniswappyV2EthPair {
      _marketAddress: '0xCc6aa405cE19Ce6Ef9115025c0D64273525e4018',
      _tokens: [Array],
      _protocol: '',
      _tokenBalances: [Object]
    }
  ],
  '0xC3440c10c4F36f354eB591B19FafB4906d449B75': [
    UniswappyV2EthPair {
      _marketAddress: '0x4A7D8a8987f576183B98C0C58F81a646f1105f67',
      _tokens: [Array],
      _protocol: '',
      _tokenBalances: [Object]
    },
    UniswappyV2EthPair {
      _marketAddress: '0x42135F59A335600862d0C58e27D4FEE479d5971b',
      _tokens: [Array],
      _protocol: '',
      _tokenBalances: [Object]
    }
  ],
  '0x9768E5b2d8e761905BC81Dfc554f9437A46CdCC6': [
    UniswappyV2EthPair {
      _marketAddress: '0x624fD198cC1025BB0B6951b67F2304322963b4e3',
      _tokens: [Array],
      _protocol: '',
      _tokenBalances: [Object]
    },
    UniswappyV2EthPair {
      _marketAddress: '0x6Fc4c985559233D0b69410316911E5C6e096cCB6',
      _tokens: [Array],
      _protocol: '',
      _tokenBalances: [Object]
    }
  ],
  '0xd32d01A43c869EdcD1117C640fBDcfCFD97d9d65': [
    UniswappyV2EthPair {
      _marketAddress: '0xeD327ae9fc201f62b10Fee3C497459C25455cCE1',
      _tokens: [Array],
      _protocol: '',
      _tokenBalances: [Object]
    },
    UniswappyV2EthPair {
      _marketAddress: '0xd3F4Cf361166e3a57da38c80A5E8Dff75Ee520c1',
      _tokens: [Array],
      _protocol: '',
      _tokenBalances: [Object]
    }
  ],
  '0x74E7e54caB868987457CAaEF039BE41F00522ced': [
    UniswappyV2EthPair {
      _marketAddress: '0x2A31b20248f982dbEa7DA443fb98082963DEa9Ad',
      _tokens: [Array],
      _protocol: '',
      _tokenBalances: [Object]
    },
    UniswappyV2EthPair {
      _marketAddress: '0x94F4613Db003cF079024a0440361E13430eA724a',
      _tokens: [Array],
      _protocol: '',
      _tokenBalances: [Object]
    }
  ],
  '0x129D049BCeaff83D8fbf4d9e386CeA4d7d19F1D7': [
    UniswappyV2EthPair {
      _marketAddress: '0xdd0fefe610AA7C2DD865A335948c5301fCC95B78',
      _tokens: [Array],
      _protocol: '',
      _tokenBalances: [Object]
    },
    UniswappyV2EthPair {
      _marketAddress: '0x80FecCb8FE363C7B1a8A455Af946F81D0275bB9E',
      _tokens: [Array],
      _protocol: '',
      _tokenBalances: [Object]
    }
  ],
  '0x9b9D617D3445f0147Ece2322BaCe8db2768D2770': [
    UniswappyV2EthPair {
      _marketAddress: '0xDB02c75A172A4500b27810978727dDD0905EFE73',
      _tokens: [Array],
      _protocol: '',
      _tokenBalances: [Object]
    },
    UniswappyV2EthPair {
      _marketAddress: '0xCBDc58aFb2d6a6801de731EA5D5aed4D312FC77D',
      _tokens: [Array],
      _protocol: '',
      _tokenBalances: [Object]
    }
  ],
  '0x323375884c2bd6E8cd5989cABDCA112881fd1f61': [
    UniswappyV2EthPair {
      _marketAddress: '0xFd5Fa03953888246A7ad06Dbcd5019A7CC7B01c5',
      _tokens: [Array],
      _protocol: '',
      _tokenBalances: [Object]
    },
    UniswappyV2EthPair {
      _marketAddress: '0x3595019cbbcE7364C5E35e265B8dFBEDbf0e6297',
      _tokens: [Array],
      _protocol: '',
      _tokenBalances: [Object]
    }
  ],
  '0xc59824a2AB5DB97B8202E283fd1b8584c69348d0': [
    UniswappyV2EthPair {
      _marketAddress: '0xEe8E39008EE3A12cd944bd17Bb90D12463322455',
      _tokens: [Array],
      _protocol: '',
      _tokenBalances: [Object]
    },
    UniswappyV2EthPair {
      _marketAddress: '0xe4Ea7FCFc9d34bC2Cf4c852C48210653922ef043',
      _tokens: [Array],
      _protocol: '',
      _tokenBalances: [Object]
    }
  ],
  '0xbDa8D53fe0F164915b46cd2EcfFD94254b6086a2': [
    UniswappyV2EthPair {
      _marketAddress: '0xBB2Cfda680773E6B64B2349ac9DB693Bb4a9B038',
      _tokens: [Array],
      _protocol: '',
      _tokenBalances: [Object]
    },
    UniswappyV2EthPair {
      _marketAddress: '0x1Cb667Fe903DBdcbd27D8B35E82FbCEF4Ca0f621',
      _tokens: [Array],
      _protocol: '',
      _tokenBalances: [Object]
    }
  ],
  '0xfA90d5d5Ff08D9A06C9fDF89B4B22217b9dbc418': [
    UniswappyV2EthPair {
      _marketAddress: '0x11d2883d061260a8576794fe959E428202De1924',
      _tokens: [Array],
      _protocol: '',
      _tokenBalances: [Object]
    },
    UniswappyV2EthPair {
      _marketAddress: '0x1Ce5BF823Caa2EB0dc1aE452c27c14934C8C82a8',
      _tokens: [Array],
      _protocol: '',
      _tokenBalances: [Object]
    }
  ],
  '0x5b17b4d5e4009B5C43e3e3d63A5229F794cBA389': [
    UniswappyV2EthPair {
      _marketAddress: '0xDfEfA1A0AE2BeFE21DCd80103D74B1b8AC1Ca563',
      _tokens: [Array],
      _protocol: '',
      _tokenBalances: [Object]
    },
    UniswappyV2EthPair {
      _marketAddress: '0xcFFc5DceEc827d07168bdC113E92b8161aD1847c',
      _tokens: [Array],
      _protocol: '',
      _tokenBalances: [Object]
    }
  ],
  '0xcbe73dd7E8FC74011136b837a59205801c45e6A1': [
    UniswappyV2EthPair {
      _marketAddress: '0xb6320c8E808b961aC015eD4E801eE999a0Bb23FE',
      _tokens: [Array],
      _protocol: '',
      _tokenBalances: [Object]
    },
    UniswappyV2EthPair {
      _marketAddress: '0xb9120b8881F577dB430966C6A8DdD0f993518295',
      _tokens: [Array],
      _protocol: '',
      _tokenBalances: [Object]
    }
  ],
  '0x7595bb34Bf391C3de0a6878A36D06223b2BFd404': [
    UniswappyV2EthPair {
      _marketAddress: '0xC97B05f916a851df01049b804Ceea6A8fDcda848',
      _tokens: [Array],
      _protocol: '',
      _tokenBalances: [Object]
    },
    UniswappyV2EthPair {
      _marketAddress: '0x3F8F14Dd4Ef2a2DBD3C1B87f96EdD028663c76b1',
      _tokens: [Array],
      _protocol: '',
      _tokenBalances: [Object]
    }
  ],
  '0x5A377A7fE16133479304a94592831d750e9c02fa': [
    UniswappyV2EthPair {
      _marketAddress: '0xcfd07AE7E2D23AdF7527775eE07220Ef3bA36932',
      _tokens: [Array],
      _protocol: '',
      _tokenBalances: [Object]
    },
    UniswappyV2EthPair {
      _marketAddress: '0x0c9311A28cd9Ef870567c9B1B924615aA9616697',
      _tokens: [Array],
      _protocol: '',
      _tokenBalances: [Object]
    }
  ],
  '0x7ce1e651374ec5324e6f37c4ff312D53428F0D50': [
    UniswappyV2EthPair {
      _marketAddress: '0x2c4Dbc88855780557548324aA7A0Fb39e7789a98',
      _tokens: [Array],
      _protocol: '',
      _tokenBalances: [Object]
    },
    UniswappyV2EthPair {
      _marketAddress: '0x36d74B0F66C5b4FC85913F59C88189B613EF93E6',
      _tokens: [Array],
      _protocol: '',
      _tokenBalances: [Object]
    }
  ],
  '0x96bbE4376802eCc0eFD330AF76B8873183270671': [
    UniswappyV2EthPair {
      _marketAddress: '0x5699203cd9B31Fb98b43FC4e3C98FCce29A33d95',
      _tokens: [Array],
      _protocol: '',
      _tokenBalances: [Object]
    },
    UniswappyV2EthPair {
      _marketAddress: '0x463807B2e399016d13a9A378f4BF2e7B5e5f1851',
      _tokens: [Array],
      _protocol: '',
      _tokenBalances: [Object]
    }
  ],
  '0x6471816A6BFDf89BfE021003950fac7B11A40861': [
    UniswappyV2EthPair {
      _marketAddress: '0x25290bf1B4bD7bf606D1cA08569A18DeA316E68d',
      _tokens: [Array],
      _protocol: '',
      _tokenBalances: [Object]
    },
    UniswappyV2EthPair {
      _marketAddress: '0xFB0b326b77929bE6253BeF0099c5FA394eA1d9a4',
      _tokens: [Array],
      _protocol: '',
      _tokenBalances: [Object]
    }
  ],
  '0xaFa2219bc6998575d2E5fd3EE602EAd4Ca9d7A65': [
    UniswappyV2EthPair {
      _marketAddress: '0x02528766444D2B2cE5076289C32610191a520545',
      _tokens: [Array],
      _protocol: '',
      _tokenBalances: [Object]
    },
    UniswappyV2EthPair {
      _marketAddress: '0xCC9056208f5B1944a7eeA50BeC039333524635A7',
      _tokens: [Array],
      _protocol: '',
      _tokenBalances: [Object]
    }
  ],
  '0x2C125b09C2DBed3d1669a3183298285e5cf46154': [
    UniswappyV2EthPair {
      _marketAddress: '0xd31d169b7bB414c8bC6225b1909A80e6B4453D6B',
      _tokens: [Array],
      _protocol: '',
      _tokenBalances: [Object]
    },
    UniswappyV2EthPair {
      _marketAddress: '0x9781dbE0786e763eE15Ad6fFD8157f0dB8A0F985',
      _tokens: [Array],
      _protocol: '',
      _tokenBalances: [Object]
    }
  ],
  '0x901e58695306B5C33c5169334E921a4cF4841571': [
    UniswappyV2EthPair {
      _marketAddress: '0xa7FE9920B838E9eC97e04f564c169436bEE41146',
      _tokens: [Array],
      _protocol: '',
      _tokenBalances: [Object]
    },
    UniswappyV2EthPair {
      _marketAddress: '0x573063C62b6fA86e60fA275Ba0d24FdDDf820353',
      _tokens: [Array],
      _protocol: '',
      _tokenBalances: [Object]
    }
  ],
  '0xDb5084383e9524D112B7eeDe002778124c2144bc': [
    UniswappyV2EthPair {
      _marketAddress: '0xB1D0e0E405571872aD693F30Fe29765d30329423',
      _tokens: [Array],
      _protocol: '',
      _tokenBalances: [Object]
    },
    UniswappyV2EthPair {
      _marketAddress: '0xef7CbbE5298518a317EB96aD27c7B88223eEB970',
      _tokens: [Array],
      _protocol: '',
      _tokenBalances: [Object]
    }
  ],
  '0x4550F9C9e198F06AE62ab6e98183328caA9ae239': [
    UniswappyV2EthPair {
      _marketAddress: '0x0fF45D8A124003fcFf2ec019075642954b745370',
      _tokens: [Array],
      _protocol: '',
      _tokenBalances: [Object]
    },
    UniswappyV2EthPair {
      _marketAddress: '0xfD52E44Cc510ad780B84fA90EC2A55D39725564d',
      _tokens: [Array],
      _protocol: '',
      _tokenBalances: [Object]
    }
  ],
  '0x51F35073FF7cF54c9e86b7042E59A8cC9709FC46': [
    UniswappyV2EthPair {
      _marketAddress: '0xA2FACc7286E621C63a81a817Dba57a3c4dcC5ff2',
      _tokens: [Array],
      _protocol: '',
      _tokenBalances: [Object]
    },
    UniswappyV2EthPair {
      _marketAddress: '0x3CC9801E423b7D2A5e6a5213e2F998e078e0AaA9',
      _tokens: [Array],
      _protocol: '',
      _tokenBalances: [Object]
    }
  ],
  '0xD0759956faE5F5E55C84fdFF2341b93d0303A62D': [
    UniswappyV2EthPair {
      _marketAddress: '0x41cF62F8f160521273f66A7195cE4FF09d53398c',
      _tokens: [Array],
      _protocol: '',
      _tokenBalances: [Object]
    },
    UniswappyV2EthPair {
      _marketAddress: '0xDcB83313f6cCfcCBEFAa6D6fbacCDf8Fb4F0Ed8E',
      _tokens: [Array],
      _protocol: '',
      _tokenBalances: [Object]
    }
  ],
  '0x49B22ef0859420183Eacae8920269eA52Be8a8C5': [
    UniswappyV2EthPair {
      _marketAddress: '0x5bd84e74e630D014a9e7107c46F95560460C712a',
      _tokens: [Array],
      _protocol: '',
      _tokenBalances: [Object]
    },
    UniswappyV2EthPair {
      _marketAddress: '0x663B6e6E4287528f5acA686642E3C92296EAC521',
      _tokens: [Array],
      _protocol: '',
      _tokenBalances: [Object]
    }
  ],
  '0x7f4959528D4C9c7379b3437C7Eea40376fD96B8a': [
    UniswappyV2EthPair {
      _marketAddress: '0xb5a017Ac690E1FF3fE62Ba13aD94cf4B1dED3B9b',
      _tokens: [Array],
      _protocol: '',
      _tokenBalances: [Object]
    },
    UniswappyV2EthPair {
      _marketAddress: '0xeA0aa0cDFF7F52237C1e3359055E252BA300c16d',
      _tokens: [Array],
      _protocol: '',
      _tokenBalances: [Object]
    }
  ],
  '0x1e44681E763E54e770ADFf4B26ea60Fb57625B14': [
    UniswappyV2EthPair {
      _marketAddress: '0x93fD845dAE4D763c62Fd67d51Be63604395D7dE6',
      _tokens: [Array],
      _protocol: '',
      _tokenBalances: [Object]
    },
    UniswappyV2EthPair {
      _marketAddress: '0x86cEE58e3fE868e15072f00427108422d8EACDb5',
      _tokens: [Array],
      _protocol: '',
      _tokenBalances: [Object]
    }
  ],
  '0x3758428802FBEAB2858D58aEc5ff5176df464EDd': [
    UniswappyV2EthPair {
      _marketAddress: '0x4099eFeD9bcAc06ddC1dd83AA39c5CDAE5c0b1DF',
      _tokens: [Array],
      _protocol: '',
      _tokenBalances: [Object]
    },
    UniswappyV2EthPair {
      _marketAddress: '0x7F8834abb146C0ab203F2E4c68cf8B5b0321A1c4',
      _tokens: [Array],
      _protocol: '',
      _tokenBalances: [Object]
    }
  ],
  '0x6180D382913e0585062336e5FD5E85cEc5ac6C78': [
    UniswappyV2EthPair {
      _marketAddress: '0xe8FfB27aAabEa022e435Fb8c4709Dac6953322C2',
      _tokens: [Array],
      _protocol: '',
      _tokenBalances: [Object]
    },
    UniswappyV2EthPair {
      _marketAddress: '0x176D09b7651DDDd47B0a7C0a28810f439C5cA77E',
      _tokens: [Array],
      _protocol: '',
      _tokenBalances: [Object]
    }
  ],
  '0x3F180a7494B2b72aaA81C64229DD27E8E3fd9Ca7': [
    UniswappyV2EthPair {
      _marketAddress: '0x8b47f10E4Ed97e905610D02BfD773c06C1aac3AD',
      _tokens: [Array],
      _protocol: '',
      _tokenBalances: [Object]
    },
    UniswappyV2EthPair {
      _marketAddress: '0x37D96dD5d51FDBf7D9f82Ba3409412a25A900775',
      _tokens: [Array],
      _protocol: '',
      _tokenBalances: [Object]
    }
  ],
  '0xA7Fcb2BAaBDA9dB593e24B25A1a32bfb5168018b': [
    UniswappyV2EthPair {
      _marketAddress: '0x818547d646497E5B86DdDAdcb3d17F5BB40E0D5e',
      _tokens: [Array],
      _protocol: '',
      _tokenBalances: [Object]
    },
    UniswappyV2EthPair {
      _marketAddress: '0x0D503becb3e0F32623d0EA3EFe0373c39Df5657D',
      _tokens: [Array],
      _protocol: '',
      _tokenBalances: [Object]
    }
  ],
  '0x619b20C554Df4f915173a0f4F34C82e6c2CD944D': [
    UniswappyV2EthPair {
      _marketAddress: '0xc9de02937C4b098De48c9F65dFb59e0f80F5Ef21',
      _tokens: [Array],
      _protocol: '',
      _tokenBalances: [Object]
    },
    UniswappyV2EthPair {
      _marketAddress: '0x60b6Bd76c63c5a6a5f4a40896b1593AbBA7e8145',
      _tokens: [Array],
      _protocol: '',
      _tokenBalances: [Object]
    }
  ],
  '0xA9776B590bfc2f956711b3419910A5Ec1F63153E': [
    UniswappyV2EthPair {
      _marketAddress: '0xA66bF7938193c392FDeA5464c1FBFcf0b851dA60',
      _tokens: [Array],
      _protocol: '',
      _tokenBalances: [Object]
    },
    UniswappyV2EthPair {
      _marketAddress: '0xF9444C39BbdcC3673033609204f8Da00d1AE3F52',
      _tokens: [Array],
      _protocol: '',
      _tokenBalances: [Object]
    }
  ],
  '0x730c50dA214F24fcfbD3da348D9F99F93A3470bb': [
    UniswappyV2EthPair {
      _marketAddress: '0x8B9bEaBc2d8A6E244Ea778BC649Dabf4e74Bca5e',
      _tokens: [Array],
      _protocol: '',
      _tokenBalances: [Object]
    },
    UniswappyV2EthPair {
      _marketAddress: '0x7afB611dfB72E3b0F0f7e5a97e4B26Ddc8450B26',
      _tokens: [Array],
      _protocol: '',
      _tokenBalances: [Object]
    }
  ],
  '0x68a66a7C35e037192F6E38C766D6692D54219E6D': [
    UniswappyV2EthPair {
      _marketAddress: '0x74e1E943528c2E1093e6917229b3150fCDe19235',
      _tokens: [Array],
      _protocol: '',
      _tokenBalances: [Object]
    },
    UniswappyV2EthPair {
      _marketAddress: '0x25D1E73f6dBc906b077cb0a630Ee4F14a99B48A7',
      _tokens: [Array],
      _protocol: '',
      _tokenBalances: [Object]
    }
  ],
  '0x286a61a9B193F1b92d3A0FaB4Fd16028786273f3': [
    UniswappyV2EthPair {
      _marketAddress: '0xC345d44eabE06fd0da934d0ccac985Acdd8CAd82',
      _tokens: [Array],
      _protocol: '',
      _tokenBalances: [Object]
    },
    UniswappyV2EthPair {
      _marketAddress: '0x5Bf93f6dE1E9F08F740f520d07CF50b20442bEf5',
      _tokens: [Array],
      _protocol: '',
      _tokenBalances: [Object]
    }
  ],
  '0x8C4B3DeA4247F066f3aAfF7273dC97e7d4187b04': [
    UniswappyV2EthPair {
      _marketAddress: '0x9a6D951bA99f582E2407C11033C1E8bEdC7346Fc',
      _tokens: [Array],
      _protocol: '',
      _tokenBalances: [Object]
    },
    UniswappyV2EthPair {
      _marketAddress: '0xa38A87AD5B772ed874048da1D43C61341B97FD59',
      _tokens: [Array],
      _protocol: '',
      _tokenBalances: [Object]
    }
  ],
  '0x4Ae2f11Df681eEC979bD93085Dd1A05E9593c8C6': [
    UniswappyV2EthPair {
      _marketAddress: '0x0A773F133188892CE436e1a26DeB645c7041591b',
      _tokens: [Array],
      _protocol: '',
      _tokenBalances: [Object]
    },
    UniswappyV2EthPair {
      _marketAddress: '0xAcebCD6C50556033E59d0E441Bedb935B070f6BA',
      _tokens: [Array],
      _protocol: '',
      _tokenBalances: [Object]
    }
  ],
  '0x1C7381F12E376bfa470bCa6410ace8cb3f2454aE': [
    UniswappyV2EthPair {
      _marketAddress: '0x0b3dA74885a23e7A1ed0d4b93289D735Bdb613C3',
      _tokens: [Array],
      _protocol: '',
      _tokenBalances: [Object]
    },
    UniswappyV2EthPair {
      _marketAddress: '0x793055476edf5D972E3e5F78e7Ec1ddd8d0abF77',
      _tokens: [Array],
      _protocol: '',
      _tokenBalances: [Object]
    }
  ],
  '0x2155E0be421655B3F92a02c85894E04A27097fcc': [
    UniswappyV2EthPair {
      _marketAddress: '0x54E28F6660cf921814d850c0bA5BB63BbA7bE30C',
      _tokens: [Array],
      _protocol: '',
      _tokenBalances: [Object]
    },
    UniswappyV2EthPair {
      _marketAddress: '0xD7bE4dd22d8f45a76c6076A61990887461df5A2b',
      _tokens: [Array],
      _protocol: '',
      _tokenBalances: [Object]
    }
  ],
  '0xc3fEd6eB39178A541D274e6Fc748d48f0Ca01CC3': [
    UniswappyV2EthPair {
      _marketAddress: '0x52520F0712Ac6c5D45F517A2Ca2695DbAdDbE375',
      _tokens: [Array],
      _protocol: '',
      _tokenBalances: [Object]
    },
    UniswappyV2EthPair {
      _marketAddress: '0x2e86A4Df4E7318Db9C72c66F7270b85b7Af2d4B1',
      _tokens: [Array],
      _protocol: '',
      _tokenBalances: [Object]
    }
  ],
  '0xB90E4532D23180b67fCBE10AD581e34519b2987C': [
    UniswappyV2EthPair {
      _marketAddress: '0xF8F0e54ADAaDa17CC236bB1fb9a303a942faD987',
      _tokens: [Array],
      _protocol: '',
      _tokenBalances: [Object]
    },
    UniswappyV2EthPair {
      _marketAddress: '0xa07263F998Cde31a93FC164A1f59eaa644423ACE',
      _tokens: [Array],
      _protocol: '',
      _tokenBalances: [Object]
    }
  ],
  '0xc82C80E03E491B252Cae745575ea2d1c2fDDe25A': [
    UniswappyV2EthPair {
      _marketAddress: '0xCD35d95C16d15Eb45351219BfE89d1C5Cc8fC92E',
      _tokens: [Array],
      _protocol: '',
      _tokenBalances: [Object]
    },
    UniswappyV2EthPair {
      _marketAddress: '0x9e763B371b1083Abc185579488C0ce095129619d',
      _tokens: [Array],
      _protocol: '',
      _tokenBalances: [Object]
    }
  ],
  '0xBE2a26889CE30a1515055a192797083B1FDe8844': [
    UniswappyV2EthPair {
      _marketAddress: '0x8CFF41560c9C2747a08d4a59cE3C2897E23623da',
      _tokens: [Array],
      _protocol: '',
      _tokenBalances: [Object]
    },
    UniswappyV2EthPair {
      _marketAddress: '0x7faf61e7b7495242078B36704767813D451210B1',
      _tokens: [Array],
      _protocol: '',
      _tokenBalances: [Object]
    }
  ],
  '0xfe192D17979d26fa5E6203Cb04b7c5c6C9704771': [
    UniswappyV2EthPair {
      _marketAddress: '0x8c379225f79C6176De951B376d74Db1ce15CbE88',
      _tokens: [Array],
      _protocol: '',
      _tokenBalances: [Object]
    },
    UniswappyV2EthPair {
      _marketAddress: '0xc3209551884F30B159d407Dbd78D1ec7cB3e824A',
      _tokens: [Array],
      _protocol: '',
      _tokenBalances: [Object]
    }
  ],
  '0xDB08e31FFC5878d16009bf9C7AcB5D73C3756950': [
    UniswappyV2EthPair {
      _marketAddress: '0x539E63820D814886690a68EbA31B14Ef23aa53a3',
      _tokens: [Array],
      _protocol: '',
      _tokenBalances: [Object]
    },
    UniswappyV2EthPair {
      _marketAddress: '0x343E015C9c8b0f365d1F7d2061F04BcDB662123D',
      _tokens: [Array],
      _protocol: '',
      _tokenBalances: [Object]
    }
  ],
  '0x40c1b6f93901733629605d271268a6935f323748': [
    UniswappyV2EthPair {
      _marketAddress: '0x0d3840A6bE521C21aD6162E30DBC8A1375319a4c',
      _tokens: [Array],
      _protocol: '',
      _tokenBalances: [Object]
    },
    UniswappyV2EthPair {
      _marketAddress: '0xAcD19662f702F15d91D662516C6BD452CdCefDf5',
      _tokens: [Array],
      _protocol: '',
      _tokenBalances: [Object]
    }
  ],
  '0x9001eE054F1692feF3A48330cB543b6FEc6287eb': [
    UniswappyV2EthPair {
      _marketAddress: '0xcB7aA7F125DD9c237f6Df8f6D149DbBE779692E5',
      _tokens: [Array],
      _protocol: '',
      _tokenBalances: [Object]
    },
    UniswappyV2EthPair {
      _marketAddress: '0x81c9506cF252cbb083CFD1F533307145FCADbeFA',
      _tokens: [Array],
      _protocol: '',
      _tokenBalances: [Object]
    }
  ],
  '0x5ed934d24EBa708E04b910d21828beA2DC919246': [
    UniswappyV2EthPair {
      _marketAddress: '0x9fdBB7efB978b23B914D62F0ed283350222d8754',
      _tokens: [Array],
      _protocol: '',
      _tokenBalances: [Object]
    },
    UniswappyV2EthPair {
      _marketAddress: '0x6C65edD584C16E21E8856E35978eE214eA988354',
      _tokens: [Array],
      _protocol: '',
      _tokenBalances: [Object]
    }
  ],
  '0x9A34f0562000dD24A5B877D30A60b2AefA47483F': [
    UniswappyV2EthPair {
      _marketAddress: '0xc232c3f6308a90b3F590aa32d69adAf3C845E208',
      _tokens: [Array],
      _protocol: '',
      _tokenBalances: [Object]
    },
    UniswappyV2EthPair {
      _marketAddress: '0xd67f4e2c8BFCF7287c718f1D2543b579E60EC5A8',
      _tokens: [Array],
      _protocol: '',
      _tokenBalances: [Object]
    }
  ],
  '0x2345a80C52762F70ACF28878Aba2853227fFBa14': [
    UniswappyV2EthPair {
      _marketAddress: '0x618893422D3e704271DE4B04b980B24A9602EEad',
      _tokens: [Array],
      _protocol: '',
      _tokenBalances: [Object]
    },
    UniswappyV2EthPair {
      _marketAddress: '0xF55273320408ffA3FAAF240FD6158091c02d7AeB',
      _tokens: [Array],
      _protocol: '',
      _tokenBalances: [Object]
    }
  ],
  '0x5B48Ee4D84c530D19527Dd733cEDA740FdC61a68': [
    UniswappyV2EthPair {
      _marketAddress: '0x0a1d47e82807B8d43BFa654239a09d24F47b6fa6',
      _tokens: [Array],
      _protocol: '',
      _tokenBalances: [Object]
    },
    UniswappyV2EthPair {
      _marketAddress: '0x29540289eE11F7484e7CCf62A3117Bd03B404537',
      _tokens: [Array],
      _protocol: '',
      _tokenBalances: [Object]
    }
  ],
  '0xB052fAe68caC6abfBd07Bc0F52E2046b8735B28c': [
    UniswappyV2EthPair {
      _marketAddress: '0x321550DFB2FAAb70929abE77Af836F0e065fa607',
      _tokens: [Array],
      _protocol: '',
      _tokenBalances: [Object]
    },
    UniswappyV2EthPair {
      _marketAddress: '0x3030183A3A4CD7715391054957477964cB9e80ae',
      _tokens: [Array],
      _protocol: '',
      _tokenBalances: [Object]
    }
  ],
  '0x314593fa9a2fa16432913dBcCC96104541d32D11': [
    UniswappyV2EthPair {
      _marketAddress: '0xc4b469902f229F9936F04b500f41656257381627',
      _tokens: [Array],
      _protocol: '',
      _tokenBalances: [Object]
    },
    UniswappyV2EthPair {
      _marketAddress: '0xe5d15a25819Cc31a796Cd9A28a708Aa09b75a3f4',
      _tokens: [Array],
      _protocol: '',
      _tokenBalances: [Object]
    }
  ],
  '0xFd91Fa8fab5cA11569E256fa8844Bc2abecc331D': [
    UniswappyV2EthPair {
      _marketAddress: '0x7F9f18a30DEE2Ba13284b6B1cc20D932BE1897D8',
      _tokens: [Array],
      _protocol: '',
      _tokenBalances: [Object]
    },
    UniswappyV2EthPair {
      _marketAddress: '0x964dDbA1d0E097f0ac077F95977AEdB46e6C1E80',
      _tokens: [Array],
      _protocol: '',
      _tokenBalances: [Object]
    }
  ],
  '0x1c213179C2c08906fB759878860652a61727Ed14': [
    UniswappyV2EthPair {
      _marketAddress: '0xB0611c9836447954C14A03f9a16E31566C62feC5',
      _tokens: [Array],
      _protocol: '',
      _tokenBalances: [Object]
    },
    UniswappyV2EthPair {
      _marketAddress: '0xb9729C1ec74CaD850B4b868DD798711Bd91DA95B',
      _tokens: [Array],
      _protocol: '',
      _tokenBalances: [Object]
    }
  ],
  '0x93d5a19a993D195cfC75AcdD736A994428290a59': [
    UniswappyV2EthPair {
      _marketAddress: '0x696d16539Dd3eB00C19103f7d8cfA2cb32d66086',
      _tokens: [Array],
      _protocol: '',
      _tokenBalances: [Object]
    },
    UniswappyV2EthPair {
      _marketAddress: '0x2eD0C209dE0Bb2166a52Bf2d0A89754cfe42ED92',
      _tokens: [Array],
      _protocol: '',
      _tokenBalances: [Object]
    }
  ],
  '0xEDc07F63291a6f7E6922f6e4d809F7b36Bc3B9E5': [
    UniswappyV2EthPair {
      _marketAddress: '0x09Eb51D6372C69029425EfF3B9E08874a9644D1a',
      _tokens: [Array],
      _protocol: '',
      _tokenBalances: [Object]
    },
    UniswappyV2EthPair {
      _marketAddress: '0xC7031cc83d344a31F89f70d0A6e91c43A6b482Bd',
      _tokens: [Array],
      _protocol: '',
      _tokenBalances: [Object]
    }
  ],
  '0xf0eebaB492D4E3c7500F30401534fb1eb9635e2d': [
    UniswappyV2EthPair {
      _marketAddress: '0x38D0B6428f870A7153b0BaD497Eff7Af36c35A44',
      _tokens: [Array],
      _protocol: '',
      _tokenBalances: [Object]
    },
    UniswappyV2EthPair {
      _marketAddress: '0x137621AfFDBEf36840BB03833F53EfF52a93B67D',
      _tokens: [Array],
      _protocol: '',
      _tokenBalances: [Object]
    }
  ]
}
Updating markets, count: 4134
